[2026-05-13 10:11:44] ==== loop 1/∞ | seed=1092575179203424412 archetype=turtle personality=defensor focus=mil actions_per_loop=4 ====
[10:11:46] planet 42: queued ship_colony_ship +1
[10:11:46] planet 85: queued building_metal_mine to 1
[10:11:46] planet 42: queued ship_heavy_fighter +5
[10:11:46] planet 42: skipped duplicate ship_heavy_fighter this loop
[10:11:46] research: blocked research_plasma_technology (research_laser_technology 8/10)
[2026-05-13 10:12:25] ==== loop 2/∞ | seed=1092575179203424412 archetype=turtle personality=defensor focus=mil actions_per_loop=4 ====
[10:12:26] planet 42: queued ship_heavy_fighter +5
[10:12:26] planet 85: queued building_solar_plant to 1
[10:12:26] planet 42: skipped duplicate ship_heavy_fighter this loop
[10:12:26] planet 42: skipped duplicate ship_heavy_fighter this loop
[10:12:26] colonize: 1:5:10 -> 1:179:5 (eta 139s, fuel 2189)
[2026-05-13 10:13:05] ==== loop 3/∞ | seed=1092575179203424412 archetype=turtle personality=defensor focus=mil actions_per_loop=4 ====
[10:13:08] planet 42: queued ship_colony_ship +1
[10:13:08] planet 85: queued building_metal_mine to 2
[10:13:08] planet 42: queued ship_heavy_fighter +5
[2026-05-13 10:13:46] ==== loop 4/∞ | seed=1092575179203424412 archetype=turtle personality=defensor focus=mil actions_per_loop=4 ====
[10:13:47] planet 42: queued ship_heavy_fighter +5
[10:13:47] planet 85: queued building_solar_plant to 2
[10:13:47] planet 42: skipped duplicate ship_heavy_fighter this loop
[2026-05-13 10:14:29] ==== loop 5/∞ | seed=1092575179203424412 archetype=turtle personality=defensor focus=mil actions_per_loop=4 ====
[10:14:31] planet 42: queued ship_heavy_fighter +5
[10:14:31] planet 85: queued building_metal_mine to 3
[10:14:31] planet 42: skipped duplicate ship_heavy_fighter this loop
[2026-05-13 10:15:08] ==== loop 6/∞ | seed=1092575179203424412 archetype=turtle personality=defensor focus=mil actions_per_loop=4 ====
[10:15:10] planet 42: queued ship_heavy_fighter +5
[10:15:10] planet 85: queued building_metal_mine to 4
[10:15:10] planet 42: skipped duplicate ship_heavy_fighter this loop
[10:15:10] planet 42: skipped duplicate ship_heavy_fighter this loop
[2026-05-13 10:15:52] ==== loop 7/∞ | seed=1092575179203424412 archetype=turtle personality=defensor focus=mil actions_per_loop=4 ====
[10:15:54] planet 42: queued ship_heavy_fighter +5
[10:15:54] planet 85: queued building_solar_plant to 3
[10:15:54] planet 42: skipped duplicate ship_heavy_fighter this loop
[10:15:54] planet 42: skipped duplicate ship_heavy_fighter this loop
[10:15:54] research: blocked research_plasma_technology (research_laser_technology 8/10)
[2026-05-13 10:16:37] ==== loop 8/∞ | seed=1092575179203424412 archetype=turtle personality=defensor focus=mil actions_per_loop=4 ====
[10:16:38] planet 42: queued ship_heavy_fighter +5
[10:16:38] planet 85: queued building_metal_mine to 5
[10:16:38] planet 42: skipped duplicate ship_heavy_fighter this loop
[10:16:38] planet 42: skipped duplicate ship_heavy_fighter this loop
[10:16:38] research: blocked research_plasma_technology (research_laser_technology 8/10)
[2026-05-13 10:17:20] ==== loop 9/∞ | seed=1092575179203424412 archetype=turtle personality=defensor focus=mil actions_per_loop=4 ====
[10:17:22] planet 42: queued ship_heavy_fighter +5
[10:17:22] planet 85: queued building_metal_mine to 6
[10:17:22] planet 42: skipped duplicate ship_heavy_fighter this loop
[10:17:22] planet 42: skipped duplicate ship_heavy_fighter this loop
[10:17:22] research: blocked research_plasma_technology (research_laser_technology 8/10)
[2026-05-13 10:18:04] ==== loop 10/∞ | seed=1092575179203424412 archetype=turtle personality=defensor focus=mil actions_per_loop=4 ====
[10:18:05] planet 42: queued ship_heavy_fighter +5
[10:18:05] planet 85: queued building_solar_plant to 4
[10:18:05] planet 42: skipped duplicate ship_heavy_fighter this loop
[2026-05-13 10:18:49] ==== loop 11/∞ | seed=1092575179203424412 archetype=turtle personality=defensor focus=mil actions_per_loop=4 ====
[10:18:51] planet 42: queued ship_heavy_fighter +5
[10:18:51] planet 85: queued building_metal_mine to 7
[10:18:51] planet 94: queued building_metal_mine to 1
[10:18:51] planet 42: skipped duplicate ship_heavy_fighter this loop
[10:18:51] research: blocked research_plasma_technology (research_laser_technology 8/10)
[2026-05-13 10:19:35] ==== loop 12/∞ | seed=1092575179203424412 archetype=turtle personality=defensor focus=mil actions_per_loop=4 ====
[10:19:37] planet 42: queued ship_heavy_fighter +5
[10:19:37] planet 85: queued building_solar_plant to 5
[10:19:37] planet 94: queued building_solar_plant to 1
[10:19:37] planet 42: skipped duplicate ship_heavy_fighter this loop
[10:19:37] research: blocked research_plasma_technology (research_laser_technology 8/10)
[2026-05-13 10:20:16] ==== loop 13/∞ | seed=1092575179203424412 archetype=turtle personality=defensor focus=mil actions_per_loop=4 ====
[10:20:17] planet 42: queued building_metal_store to 17
[10:20:17] planet 85: queued defense_gauss_cannon +5
[10:20:17] planet 94: queued building_crystal_mine to 1
[10:20:17] planet 85: queued defense_heavy_laser +4
[10:20:17] research: blocked research_plasma_technology (research_laser_technology 8/10)
[2026-05-13 10:20:57] ==== loop 14/∞ | seed=1092575179203424412 archetype=turtle personality=defensor focus=mil actions_per_loop=4 ====
[10:21:00] planet 42: queued building_robot_factory to 9
[10:21:00] planet 85: queued defense_gauss_cannon +4
[10:21:00] planet 94: queued building_crystal_mine to 2
[10:21:00] planet 85: queued defense_light_laser +5
[2026-05-13 10:21:43] ==== loop 15/∞ | seed=1092575179203424412 archetype=turtle personality=defensor focus=mil actions_per_loop=4 ====
[10:21:47] planet 42: building queue full (5)
[10:21:47] planet 85: queued defense_gauss_cannon +1
[10:21:47] planet 94: queued building_solar_plant to 2
[10:21:47] planet 42: building queue full (5)
[10:21:47] planet 85: queued defense_rocket_launcher +8
[2026-05-13 10:22:29] ==== loop 16/∞ | seed=1092575179203424412 archetype=turtle personality=defensor focus=mil actions_per_loop=4 ====
[10:22:32] planet 42: building queue full (5)
[10:22:32] planet 85: no resources for defense_gauss_cannon+3
[10:22:32] planet 94: queued building_crystal_mine to 3
[10:22:32] planet 42: building queue full (5)
[10:22:32] research: blocked research_plasma_technology (research_laser_technology 8/10)
[2026-05-13 10:23:15] ==== loop 17/∞ | seed=1092575179203424412 archetype=turtle personality=defensor focus=mil actions_per_loop=4 ====
[10:23:17] planet 42: building queue full (5)
[10:23:17] planet 85: no resources for defense_gauss_cannon+5
[10:23:17] planet 94: queued building_solar_plant to 3
[10:23:17] planet 42: building queue full (5)
[2026-05-13 10:24:02] ==== loop 18/∞ | seed=1092575179203424412 archetype=turtle personality=defensor focus=mil actions_per_loop=4 ====
[10:24:06] planet 42: building queue full (5)
[10:24:06] planet 85: no resources for defense_gauss_cannon+5
[10:24:06] planet 94: queued building_crystal_mine to 4
[10:24:06] planet 42: building queue full (5)
[2026-05-13 10:24:51] ==== loop 19/∞ | seed=1092575179203424412 archetype=turtle personality=defensor focus=mil actions_per_loop=4 ====
[10:24:55] planet 42: building queue full (5)
[10:24:55] planet 85: no resources for defense_gauss_cannon+5
[10:24:55] planet 94: queued building_crystal_mine to 5
[10:24:55] planet 42: building queue full (5)
[2026-05-13 10:25:38] ==== loop 20/∞ | seed=1092575179203424412 archetype=turtle personality=defensor focus=mil actions_per_loop=4 ====
[10:25:41] planet 42: building queue full (5)
[10:25:41] planet 85: no resources for defense_gauss_cannon+5
[10:25:41] planet 94: queued building_solar_plant to 4
[10:25:41] planet 42: building queue full (5)
[10:25:41] research: blocked research_plasma_technology (research_laser_technology 8/10)
[2026-05-13 10:26:23] ==== loop 21/∞ | seed=1092575179203424412 archetype=turtle personality=defensor focus=mil actions_per_loop=4 ====
[10:26:26] planet 42: building queue full (5)
[10:26:26] planet 85: no resources for defense_gauss_cannon+5
[10:26:26] planet 94: queued building_crystal_mine to 6
[10:26:26] planet 42: building queue full (5)
[2026-05-13 10:27:12] ==== loop 22/∞ | seed=1092575179203424412 archetype=turtle personality=defensor focus=mil actions_per_loop=4 ====
[10:27:14] planet 42: building queue full (5)
[10:27:14] planet 85: no resources for defense_gauss_cannon+5
[10:27:14] planet 94: queued building_solar_plant to 5
[10:27:14] planet 42: building queue full (5)
[2026-05-13 10:27:53] ==== loop 23/∞ | seed=1092575179203424412 archetype=turtle personality=defensor focus=mil actions_per_loop=4 ====
[10:27:56] planet 42: building queue full (5)
[10:27:56] planet 85: no resources for defense_gauss_cannon+5
[10:27:56] planet 94: queued building_crystal_mine to 7
[10:27:56] planet 42: building queue full (5)
[2026-05-13 10:28:43] ==== loop 24/∞ | seed=1092575179203424412 archetype=turtle personality=defensor focus=mil actions_per_loop=4 ====
[10:28:46] planet 42: building queue full (5)
[10:28:46] planet 85: no resources for defense_gauss_cannon+5
[10:28:46] planet 94: queued building_deuterium_sintetizer to 1
[10:28:46] planet 42: building queue full (5)
[2026-05-13 10:29:31] ==== loop 25/∞ | seed=1092575179203424412 archetype=turtle personality=defensor focus=mil actions_per_loop=4 ====
[10:29:34] planet 42: building queue full (5)
[10:29:34] planet 85: no resources for defense_gauss_cannon+5
[10:29:34] planet 94: queued building_solar_plant to 6
[10:29:34] planet 42: building queue full (5)
[10:29:34] research: blocked research_plasma_technology (research_laser_technology 8/10)
[2026-05-13 10:30:13] ==== loop 26/∞ | seed=1092575179203424412 archetype=turtle personality=defensor focus=mil actions_per_loop=4 ====
[10:30:16] planet 42: building queue full (5)
[10:30:16] planet 85: queued defense_rocket_launcher +8
[10:30:16] planet 94: queued building_hangar to 1
[10:30:16] planet 42: building queue full (5)
[10:30:16] planet 85: skipped duplicate defense_rocket_launcher this loop
[10:30:16] research: blocked research_plasma_technology (research_laser_technology 8/10)
[2026-05-13 10:30:54] ==== loop 27/∞ | seed=1092575179203424412 archetype=turtle personality=defensor focus=mil actions_per_loop=4 ====
[10:30:57] planet 42: building queue full (5)
[10:30:57] planet 85: queued defense_rocket_launcher +8
[10:30:57] planet 94: no resources for ship_light_fighter+5
[10:30:57] planet 42: building queue full (5)
[10:30:57] planet 85: no resources for defense_gauss_cannon+5
[2026-05-13 10:31:34] ==== loop 28/∞ | seed=1092575179203424412 archetype=turtle personality=defensor focus=mil actions_per_loop=4 ====
[10:31:37] planet 42: building queue full (5)
[10:31:37] planet 85: no resources for defense_gauss_cannon+5
[10:31:37] planet 94: no resources for ship_light_fighter+5
[10:31:37] planet 42: building queue full (5)
[10:31:37] research: blocked research_plasma_technology (research_laser_technology 8/10)
[2026-05-13 10:32:19] ==== loop 29/∞ | seed=1092575179203424412 archetype=turtle personality=defensor focus=mil actions_per_loop=4 ====
[10:32:21] planet 42: building queue full (5)
[10:32:21] planet 85: no resources for defense_gauss_cannon+5
[10:32:21] planet 94: no resources for ship_light_fighter+5
[10:32:21] planet 42: building queue full (5)
[10:32:21] research: blocked research_plasma_technology (research_laser_technology 8/10)
[2026-05-13 10:33:02] ==== loop 30/∞ | seed=1092575179203424412 archetype=turtle personality=defensor focus=mil actions_per_loop=4 ====
[10:33:05] planet 42: building queue full (5)
[10:33:05] planet 85: no resources for defense_gauss_cannon+5
[10:33:05] planet 94: no resources for ship_light_fighter+5
[10:33:05] planet 42: building queue full (5)
[2026-05-13 10:33:46] ==== loop 31/∞ | seed=1092575179203424412 archetype=turtle personality=defensor focus=mil actions_per_loop=4 ====
[10:33:48] planet 42: building queue full (5)
[10:33:48] planet 85: no resources for defense_gauss_cannon+5
[10:33:48] planet 94: no resources for ship_light_fighter+5
[10:33:48] planet 42: building queue full (5)
[10:33:48] research: blocked research_plasma_technology (research_laser_technology 8/10)
[2026-05-13 10:34:29] ==== loop 32/∞ | seed=1092575179203424412 archetype=turtle personality=defensor focus=mil actions_per_loop=4 ====
[10:34:32] planet 42: building queue full (5)
[10:34:32] planet 85: no resources for defense_gauss_cannon+5
[10:34:32] planet 94: no resources for ship_light_fighter+5
[10:34:32] planet 42: building queue full (5)
[10:34:32] research: blocked research_plasma_technology (research_laser_technology 8/10)
[2026-05-13 10:35:13] ==== loop 33/∞ | seed=1092575179203424412 archetype=turtle personality=defensor focus=mil actions_per_loop=4 ====
[10:35:15] planet 42: building queue full (5)
[10:35:15] planet 85: no resources for defense_gauss_cannon+5
[10:35:15] planet 94: no resources for ship_light_fighter+5
[10:35:15] planet 42: building queue full (5)
[10:35:15] research: blocked research_plasma_technology (research_laser_technology 8/10)
[2026-05-13 10:35:58] ==== loop 34/∞ | seed=1092575179203424412 archetype=turtle personality=defensor focus=mil actions_per_loop=4 ====
[10:36:00] planet 42: building queue full (5)
[10:36:00] planet 85: no resources for defense_gauss_cannon+5
[10:36:00] planet 94: no resources for ship_light_fighter+5
[10:36:00] planet 42: building queue full (5)
[10:36:00] research: blocked research_plasma_technology (research_laser_technology 8/10)
[2026-05-13 10:36:41] ==== loop 35/∞ | seed=1092575179203424412 archetype=turtle personality=defensor focus=mil actions_per_loop=4 ====
[10:36:44] planet 42: building queue full (5)
[10:36:44] planet 85: no resources for defense_gauss_cannon+5
[10:36:44] planet 94: no resources for ship_light_fighter+5
[10:36:44] planet 42: building queue full (5)
[2026-05-13 10:37:19] ==== loop 36/∞ | seed=1092575179203424412 archetype=turtle personality=defensor focus=mil actions_per_loop=4 ====
[10:37:21] planet 42: building queue full (5)
[10:37:21] planet 85: no resources for defense_gauss_cannon+5
[10:37:21] planet 94: no resources for ship_light_fighter+5
[10:37:21] planet 42: building queue full (5)
[2026-05-13 10:37:59] ==== loop 37/∞ | seed=1092575179203424412 archetype=turtle personality=defensor focus=mil actions_per_loop=4 ====
[10:38:01] planet 42: building queue full (5)
[10:38:01] planet 85: no resources for defense_gauss_cannon+5
[10:38:01] planet 94: no resources for ship_light_fighter+5
[10:38:01] planet 42: building queue full (5)
[10:38:01] research: blocked research_plasma_technology (research_laser_technology 8/10)
[2026-05-13 10:38:43] ==== loop 38/∞ | seed=1092575179203424412 archetype=turtle personality=defensor focus=mil actions_per_loop=4 ====
[10:38:44] planet 42: building queue full (5)
[10:38:44] planet 85: no resources for defense_gauss_cannon+5
[10:38:44] planet 94: no resources for ship_light_fighter+5
[10:38:44] planet 42: building queue full (5)
[10:38:44] research: blocked research_plasma_technology (research_laser_technology 8/10)
[2026-05-13 10:39:23] ==== loop 39/∞ | seed=1092575179203424412 archetype=turtle personality=defensor focus=mil actions_per_loop=4 ====
[10:39:25] planet 42: building queue full (5)
[10:39:25] planet 85: no resources for defense_gauss_cannon+5
[10:39:25] planet 94: no resources for ship_light_fighter+5
[10:39:25] planet 42: building queue full (5)
[10:39:25] research: blocked research_plasma_technology (research_laser_technology 8/10)
[2026-05-13 10:40:07] ==== loop 40/∞ | seed=1092575179203424412 archetype=turtle personality=defensor focus=mil actions_per_loop=4 ====
[10:40:10] planet 42: building queue full (5)
[10:40:10] planet 85: no resources for ship_small_cargo_ship+8
[10:40:10] planet 94: no resources for defense_gauss_cannon+5
[10:40:10] planet 42: building queue full (5)
[2026-05-13 10:40:48] ==== loop 41/∞ | seed=1092575179203424412 archetype=turtle personality=defensor focus=mil actions_per_loop=4 ====
[10:40:50] planet 42: building queue full (5)
[10:40:50] planet 85: no resources for ship_small_cargo_ship+8
[10:40:50] planet 94: no resources for defense_gauss_cannon+5
[10:40:50] planet 42: building queue full (5)
[10:40:50] research: blocked research_plasma_technology (research_laser_technology 8/10)
[2026-05-13 10:41:31] ==== loop 42/∞ | seed=1092575179203424412 archetype=turtle personality=defensor focus=mil actions_per_loop=4 ====
[10:41:35] planet 42: building queue full (5)
[10:41:35] planet 85: no resources for ship_small_cargo_ship+8
[10:41:35] planet 94: no resources for defense_gauss_cannon+5
[10:41:35] planet 42: building queue full (5)
[2026-05-13 10:42:21] ==== loop 43/∞ | seed=1092575179203424412 archetype=turtle personality=defensor focus=mil actions_per_loop=4 ====
[10:42:24] planet 42: building queue full (5)
[10:42:24] planet 85: no resources for ship_small_cargo_ship+8
[10:42:24] planet 94: no resources for defense_gauss_cannon+5
[10:42:24] planet 42: building queue full (5)
[10:42:24] research: blocked research_plasma_technology (research_laser_technology 8/10)
[2026-05-13 10:43:03] ==== loop 44/∞ | seed=1092575179203424412 archetype=turtle personality=defensor focus=mil actions_per_loop=4 ====
[10:43:06] planet 42: building queue full (5)
[10:43:06] planet 85: no resources for ship_small_cargo_ship+8
[10:43:06] planet 94: no resources for defense_gauss_cannon+5
[10:43:06] planet 42: building queue full (5)
[10:43:06] research: blocked research_plasma_technology (research_laser_technology 8/10)
[2026-05-13 10:43:49] ==== loop 45/∞ | seed=1092575179203424412 archetype=turtle personality=defensor focus=mil actions_per_loop=4 ====
[10:43:52] planet 42: building queue full (5)
[10:43:52] planet 85: no resources for ship_small_cargo_ship+8
[10:43:52] planet 94: no resources for defense_gauss_cannon+5
[10:43:52] planet 42: building queue full (5)
[2026-05-13 10:44:34] ==== loop 46/∞ | seed=1092575179203424412 archetype=turtle personality=defensor focus=mil actions_per_loop=4 ====
[10:44:37] planet 42: building queue full (5)
[10:44:37] planet 85: no resources for ship_small_cargo_ship+8
[10:44:37] planet 94: no resources for defense_gauss_cannon+5
[10:44:37] planet 42: building queue full (5)
[10:44:37] research: blocked research_plasma_technology (research_laser_technology 8/10)
[2026-05-13 10:45:17] ==== loop 47/∞ | seed=1092575179203424412 archetype=turtle personality=defensor focus=mil actions_per_loop=4 ====
[10:45:20] planet 42: building queue full (5)
[10:45:20] planet 85: no resources for ship_small_cargo_ship+8
[10:45:20] planet 94: no resources for defense_gauss_cannon+5
[10:45:20] planet 42: building queue full (5)
[10:45:20] research: blocked research_plasma_technology (research_laser_technology 8/10)
[2026-05-13 10:46:04] ==== loop 48/∞ | seed=1092575179203424412 archetype=turtle personality=defensor focus=mil actions_per_loop=4 ====
[10:46:07] planet 42: building queue full (5)
[10:46:07] planet 85: no resources for ship_small_cargo_ship+8
[10:46:07] planet 94: no resources for defense_gauss_cannon+5
[10:46:07] planet 42: building queue full (5)
[10:46:07] research: blocked research_plasma_technology (research_laser_technology 8/10)
[2026-05-13 10:46:53] ==== loop 49/∞ | seed=1092575179203424412 archetype=turtle personality=defensor focus=mil actions_per_loop=4 ====
[10:46:57] planet 42: building queue full (5)
[10:46:57] planet 85: no resources for ship_small_cargo_ship+8
[10:46:57] planet 94: no resources for defense_gauss_cannon+5
[10:46:57] planet 42: building queue full (5)
[10:46:57] research: blocked research_plasma_technology (research_laser_technology 8/10)
[2026-05-13 10:47:44] ==== loop 50/∞ | seed=1092575179203424412 archetype=turtle personality=defensor focus=mil actions_per_loop=4 ====
[10:47:47] planet 42: building queue full (5)
[10:47:47] planet 85: no resources for ship_small_cargo_ship+8
[10:47:47] planet 94: no resources for defense_gauss_cannon+5
[10:47:47] planet 42: building queue full (5)
[10:47:47] research: blocked research_plasma_technology (research_laser_technology 8/10)
[2026-05-13 10:48:34] ==== loop 51/∞ | seed=1092575179203424412 archetype=turtle personality=defensor focus=mil actions_per_loop=4 ====
[10:48:37] planet 42: building queue full (5)
[10:48:37] planet 85: no resources for ship_small_cargo_ship+8
[10:48:37] planet 94: no resources for defense_gauss_cannon+5
[10:48:37] planet 42: building queue full (5)
[10:48:37] research: blocked research_plasma_technology (research_laser_technology 8/10)
[2026-05-13 10:49:21] ==== loop 52/∞ | seed=1092575179203424412 archetype=turtle personality=defensor focus=mil actions_per_loop=4 ====
[10:49:25] planet 42: building queue full (5)
[10:49:25] planet 85: no resources for ship_small_cargo_ship+8
[10:49:25] planet 94: no resources for defense_gauss_cannon+5
[10:49:25] planet 42: building queue full (5)
[2026-05-13 10:50:14] ==== loop 53/∞ | seed=1092575179203424412 archetype=turtle personality=defensor focus=mil actions_per_loop=4 ====
[10:50:17] planet 42: building queue full (5)
[10:50:17] planet 85: queued building_metal_mine to 8
[10:50:17] planet 94: queued building_metal_mine to 2
[10:50:17] planet 42: building queue full (5)
[10:50:17] research: blocked research_plasma_technology (research_laser_technology 8/10)
[2026-05-13 10:51:04] ==== loop 54/∞ | seed=1092575179203424412 archetype=turtle personality=defensor focus=mil actions_per_loop=4 ====
[10:51:07] planet 42: building queue full (5)
[10:51:07] planet 85: queued building_solar_plant to 6
[10:51:07] planet 94: queued building_metal_mine to 3
[10:51:07] planet 42: building queue full (5)
[10:51:07] research: blocked research_plasma_technology (research_laser_technology 8/10)
[2026-05-13 10:51:53] ==== loop 55/∞ | seed=1092575179203424412 archetype=turtle personality=defensor focus=mil actions_per_loop=4 ====
[10:51:55] planet 42: building queue full (5)
[10:51:55] planet 85: queued building_metal_mine to 9
[10:51:55] planet 94: queued building_metal_mine to 4
[10:51:55] planet 42: building queue full (5)
[10:51:55] ally: transport: 1:5:10 -> 1:282:9 [ally_bot] m=0 c=0 d=58167 ships=0B+10S eta=85s fuel=671
[10:51:55] research: blocked research_plasma_technology (research_laser_technology 8/10)
[2026-05-13 10:52:41] ==== loop 56/∞ | seed=1092575179203424412 archetype=turtle personality=defensor focus=mil actions_per_loop=4 ====
[10:52:43] planet 42: building queue full (5)
[10:52:43] planet 85: queued building_crystal_mine to 1
[10:52:43] planet 94: queued building_solar_plant to 7
[10:52:43] planet 42: building queue full (5)
[10:52:43] research: blocked research_plasma_technology (research_laser_technology 8/10)
[2026-05-13 10:53:25] ==== loop 57/∞ | seed=1092575179203424412 archetype=turtle personality=defensor focus=mil actions_per_loop=4 ====
[10:53:27] planet 42: building queue full (5)
[10:53:27] planet 85: queued building_solar_plant to 7
[10:53:27] planet 94: queued building_metal_mine to 5
[10:53:27] planet 42: building queue full (5)
[2026-05-13 10:54:12] ==== loop 58/∞ | seed=1092575179203424412 archetype=turtle personality=defensor focus=mil actions_per_loop=4 ====
[10:54:15] planet 42: building queue full (5)
[10:54:15] planet 85: queued building_metal_mine to 10
[10:54:15] planet 94: queued building_metal_mine to 6
[10:54:15] planet 42: building queue full (5)
[10:54:15] research: blocked research_plasma_technology (research_laser_technology 8/10)
[2026-05-13 10:55:01] ==== loop 59/∞ | seed=1092575179203424412 archetype=turtle personality=defensor focus=mil actions_per_loop=4 ====
[10:55:04] planet 42: building queue full (5)
[10:55:04] planet 85: queued building_metal_mine to 11
[10:55:04] planet 94: queued building_metal_mine to 7
[10:55:04] planet 42: building queue full (5)
[10:55:04] research: blocked research_plasma_technology (research_laser_technology 8/10)
[2026-05-13 10:55:48] ==== loop 60/∞ | seed=1092575179203424412 archetype=turtle personality=defensor focus=mil actions_per_loop=4 ====
[10:55:50] planet 42: building queue full (5)
[10:55:50] planet 85: queued building_solar_plant to 8
[10:55:50] planet 94: queued building_solar_plant to 8
[10:55:50] planet 42: building queue full (5)
[2026-05-13 10:56:37] ==== loop 61/∞ | seed=1092575179203424412 archetype=turtle personality=defensor focus=mil actions_per_loop=4 ====
[10:56:39] planet 42: building queue full (5)
[10:56:39] planet 85: queued building_metal_mine to 12
[10:56:39] planet 94: queued building_metal_mine to 8
[10:56:39] planet 42: building queue full (5)
[10:56:39] research: blocked research_plasma_technology (research_laser_technology 8/10)
[2026-05-13 10:57:18] ==== loop 62/∞ | seed=1092575179203424412 archetype=turtle personality=defensor focus=mil actions_per_loop=4 ====
[10:57:20] planet 42: building queue full (5)
[10:57:20] planet 85: building queue full (5)
[10:57:20] planet 94: queued building_metal_mine to 9
[10:57:20] planet 42: building queue full (5)
[10:57:20] planet 85: building queue full (5)
[2026-05-13 10:58:06] ==== loop 63/∞ | seed=1092575179203424412 archetype=turtle personality=defensor focus=mil actions_per_loop=4 ====
[10:58:09] planet 42: building queue full (5)
[10:58:09] planet 85: queued building_solar_plant to 9
[10:58:09] planet 94: queued building_solar_plant to 9
[10:58:09] planet 42: building queue full (5)
[10:58:09] research: blocked research_plasma_technology (research_laser_technology 8/10)
[2026-05-13 10:58:50] ==== loop 64/∞ | seed=1092575179203424412 archetype=turtle personality=defensor focus=mil actions_per_loop=4 ====
[10:58:52] planet 42: building queue full (5)
[10:58:52] planet 85: queued building_metal_mine to 13
[10:58:52] planet 94: queued building_metal_mine to 10
[10:58:52] planet 42: building queue full (5)
[2026-05-13 10:59:37] ==== loop 65/∞ | seed=1092575179203424412 archetype=turtle personality=defensor focus=mil actions_per_loop=4 ====
[10:59:40] planet 42: building queue full (5)
[10:59:40] planet 85: building queue full (5)
[10:59:40] planet 94: queued building_metal_mine to 11
[10:59:40] planet 42: building queue full (5)
[10:59:40] planet 85: building queue full (5)
[10:59:40] research: blocked research_plasma_technology (research_laser_technology 8/10)
[2026-05-13 11:00:28] ==== loop 66/∞ | seed=1092575179203424412 archetype=turtle personality=defensor focus=mil actions_per_loop=4 ====
[11:00:30] planet 42: building queue full (5)
[11:00:30] planet 85: queued building_solar_plant to 10
[11:00:30] planet 94: queued building_solar_plant to 10
[11:00:30] planet 42: building queue full (5)
[11:00:30] research: blocked research_plasma_technology (research_laser_technology 8/10)
[2026-05-13 11:01:18] ==== loop 67/∞ | seed=1092575179203424412 archetype=turtle personality=defensor focus=mil actions_per_loop=4 ====
[11:01:19] planet 42: building queue full (5)
[11:01:19] planet 85: no resources for defense_gauss_cannon+7
[11:01:19] planet 94: queued defense_light_laser +8
[11:01:19] planet 42: building queue full (5)
[2026-05-13 11:02:04] ==== loop 68/∞ | seed=1092575179203424412 archetype=turtle personality=defensor focus=mil actions_per_loop=4 ====
[11:02:06] planet 42: building queue full (5)
[11:02:06] planet 85: no resources for defense_gauss_cannon+7
[11:02:06] planet 94: queued defense_rocket_launcher +8
[11:02:06] planet 42: building queue full (5)
[11:02:06] planet 94: skipped duplicate defense_rocket_launcher this loop
[11:02:06] research: blocked research_plasma_technology (research_laser_technology 8/10)
[2026-05-13 11:02:54] ==== loop 69/∞ | seed=1092575179203424412 archetype=turtle personality=defensor focus=mil actions_per_loop=4 ====
[11:02:57] planet 42: building queue full (5)
[11:02:57] planet 85: no resources for defense_gauss_cannon+7
[11:02:57] planet 94: no resources for defense_rocket_launcher+8
[11:02:57] planet 42: building queue full (5)
[11:02:57] research: blocked research_plasma_technology (research_laser_technology 8/10)
[2026-05-13 11:03:42] ==== loop 70/∞ | seed=1092575179203424412 archetype=turtle personality=defensor focus=mil actions_per_loop=4 ====
[11:03:45] planet 42: building queue full (5)
[11:03:45] planet 85: no resources for defense_gauss_cannon+7
[11:03:45] planet 94: no resources for defense_rocket_launcher+8
[11:03:45] planet 42: building queue full (5)
[11:03:45] research: blocked research_plasma_technology (research_laser_technology 8/10)
[2026-05-13 11:04:33] ==== loop 71/∞ | seed=1092575179203424412 archetype=turtle personality=defensor focus=mil actions_per_loop=4 ====
[11:04:36] planet 42: building queue full (5)
[11:04:36] planet 85: no resources for defense_gauss_cannon+7
[11:04:36] planet 94: queued defense_rocket_launcher +8
[11:04:36] planet 42: building queue full (5)
[11:04:36] planet 94: skipped duplicate defense_rocket_launcher this loop
[11:04:36] research: blocked research_plasma_technology (research_laser_technology 8/10)
[2026-05-13 11:05:21] ==== loop 72/∞ | seed=1092575179203424412 archetype=turtle personality=defensor focus=mil actions_per_loop=4 ====
[11:05:24] planet 42: building queue full (5)
[11:05:24] planet 85: no resources for defense_gauss_cannon+7
[11:05:24] planet 94: no resources for defense_rocket_launcher+8
[11:05:24] planet 42: building queue full (5)
[11:05:24] research: blocked research_plasma_technology (research_laser_technology 8/10)
[2026-05-13 11:06:07] ==== loop 73/∞ | seed=1092575179203424412 archetype=turtle personality=defensor focus=mil actions_per_loop=4 ====
[11:06:08] planet 42: building queue full (5)
[11:06:08] planet 85: no resources for defense_gauss_cannon+7
[11:06:08] planet 94: no resources for defense_rocket_launcher+8
[11:06:08] planet 42: building queue full (5)
[11:06:08] research: blocked research_plasma_technology (research_laser_technology 8/10)
[2026-05-13 11:06:52] ==== loop 74/∞ | seed=1092575179203424412 archetype=turtle personality=defensor focus=mil actions_per_loop=4 ====
[11:06:55] planet 42: building queue full (5)
[11:06:55] planet 85: no resources for defense_gauss_cannon+7
[11:06:55] planet 94: no resources for defense_rocket_launcher+8
[11:06:55] planet 42: building queue full (5)
[11:06:55] research: blocked research_plasma_technology (research_laser_technology 8/10)
[2026-05-13 11:07:40] ==== loop 75/∞ | seed=1092575179203424412 archetype=turtle personality=defensor focus=mil actions_per_loop=4 ====
[11:07:43] planet 42: building queue full (5)
[11:07:43] planet 85: no resources for defense_gauss_cannon+7
[11:07:43] planet 94: queued defense_rocket_launcher +8
[11:07:43] planet 42: building queue full (5)
[11:07:43] research: blocked research_plasma_technology (research_laser_technology 8/10)
[2026-05-13 11:08:31] ==== loop 76/∞ | seed=1092575179203424412 archetype=turtle personality=defensor focus=mil actions_per_loop=4 ====
[11:08:34] planet 42: building queue full (5)
[11:08:34] planet 85: no resources for defense_gauss_cannon+7
[11:08:34] planet 94: queued defense_light_laser +3
[11:08:34] planet 42: building queue full (5)
[2026-05-13 11:09:18] ==== loop 77/∞ | seed=1092575179203424412 archetype=turtle personality=defensor focus=mil actions_per_loop=4 ====
[11:09:22] planet 42: building queue full (5)
[11:09:22] planet 85: no resources for defense_gauss_cannon+7
[11:09:22] planet 94: no resources for defense_rocket_launcher+8
[11:09:22] planet 42: building queue full (5)
[11:09:22] research: blocked research_plasma_technology (research_laser_technology 8/10)
[2026-05-13 11:10:02] ==== loop 78/∞ | seed=1092575179203424412 archetype=turtle personality=defensor focus=mil actions_per_loop=4 ====
[11:10:04] planet 42: building queue full (5)
[11:10:04] planet 85: queued building_deuterium_sintetizer to 1
[11:10:04] planet 94: no resources for defense_heavy_laser+8
[11:10:04] planet 42: building queue full (5)
[11:10:04] research: blocked research_plasma_technology (research_laser_technology 8/10)
[2026-05-13 11:10:48] ==== loop 79/∞ | seed=1092575179203424412 archetype=turtle personality=defensor focus=mil actions_per_loop=4 ====
[11:10:51] planet 42: building queue full (5)
[11:10:51] planet 85: queued building_deuterium_sintetizer to 2
[11:10:51] planet 94: no resources for defense_heavy_laser+8
[11:10:51] planet 42: building queue full (5)
[11:10:51] research: blocked research_plasma_technology (research_laser_technology 8/10)
[2026-05-13 11:11:36] ==== loop 80/∞ | seed=1092575179203424412 archetype=turtle personality=defensor focus=mil actions_per_loop=4 ====
[11:11:37] planet 42: building queue full (5)
[11:11:37] planet 85: queued building_deuterium_sintetizer to 3
[11:11:37] planet 94: no resources for defense_heavy_laser+8
[11:11:37] planet 42: building queue full (5)
[2026-05-13 11:12:16] ==== loop 81/∞ | seed=1092575179203424412 archetype=turtle personality=defensor focus=mil actions_per_loop=4 ====
[11:12:20] planet 42: building queue full (5)
[11:12:20] planet 85: queued building_solar_plant to 11
[11:12:20] planet 94: no resources for defense_heavy_laser+8
[11:12:20] planet 42: building queue full (5)
[2026-05-13 11:12:59] ==== loop 82/∞ | seed=1092575179203424412 archetype=turtle personality=defensor focus=mil actions_per_loop=4 ====
[11:13:02] planet 42: building queue full (5)
[11:13:02] planet 85: building queue full (5)
[11:13:02] planet 94: no resources for defense_heavy_laser+8
[11:13:02] planet 42: building queue full (5)
[11:13:02] planet 85: building queue full (5)
[2026-05-13 11:13:45] ==== loop 83/∞ | seed=1092575179203424412 archetype=turtle personality=defensor focus=mil actions_per_loop=4 ====
[11:13:48] planet 42: building queue full (5)
[11:13:48] planet 85: queued building_deuterium_sintetizer to 4
[11:13:48] planet 94: no resources for defense_heavy_laser+8
[11:13:48] planet 42: building queue full (5)
[2026-05-13 11:14:26] ==== loop 84/∞ | seed=1092575179203424412 archetype=turtle personality=defensor focus=mil actions_per_loop=4 ====
[11:14:28] planet 42: building queue full (5)
[11:14:28] planet 85: queued building_deuterium_sintetizer to 5
[11:14:28] planet 94: no resources for defense_heavy_laser+8
[11:14:28] planet 42: building queue full (5)
[2026-05-13 11:15:09] ==== loop 85/∞ | seed=1092575179203424412 archetype=turtle personality=defensor focus=mil actions_per_loop=4 ====
[11:15:12] planet 42: building queue full (5)
[11:15:12] planet 85: queued building_metal_store to 1
[11:15:12] planet 94: no resources for defense_heavy_laser+8
[11:15:12] planet 42: building queue full (5)
[2026-05-13 11:15:55] ==== loop 86/∞ | seed=1092575179203424412 archetype=turtle personality=defensor focus=mil actions_per_loop=4 ====
[11:15:57] planet 42: building queue full (5)
[11:15:57] planet 85: queued building_metal_store to 2
[11:15:57] planet 94: no resources for defense_heavy_laser+8
[11:15:57] planet 42: building queue full (5)
[2026-05-13 11:16:38] ==== loop 87/∞ | seed=1092575179203424412 archetype=turtle personality=defensor focus=mil actions_per_loop=4 ====
[11:16:42] planet 42: building queue full (5)
[11:16:42] planet 85: queued building_deuterium_sintetizer to 6
[11:16:42] planet 94: no resources for defense_heavy_laser+8
[11:16:42] planet 42: building queue full (5)
[2026-05-13 11:17:28] ==== loop 88/∞ | seed=1092575179203424412 archetype=turtle personality=defensor focus=mil actions_per_loop=4 ====
[11:17:30] planet 42: building queue full (5)
[11:17:30] planet 85: queued building_solar_plant to 12
[11:17:30] planet 94: no resources for defense_heavy_laser+8
[11:17:30] planet 42: building queue full (5)
[2026-05-13 11:18:18] ==== loop 89/∞ | seed=1092575179203424412 archetype=turtle personality=defensor focus=mil actions_per_loop=4 ====
[11:18:21] planet 42: building queue full (5)
[11:18:21] planet 85: building queue full (5)
[11:18:21] planet 94: no resources for defense_heavy_laser+8
[11:18:21] planet 42: building queue full (5)
[11:18:21] planet 85: building queue full (5)
[11:18:21] research: blocked research_plasma_technology (research_laser_technology 8/10)
[2026-05-13 11:19:07] ==== loop 90/∞ | seed=1092575179203424412 archetype=turtle personality=defensor focus=mil actions_per_loop=4 ====
[11:19:10] planet 42: building queue full (5)
[11:19:10] planet 85: queued building_deuterium_sintetizer to 7
[11:19:10] planet 94: queued defense_heavy_laser +8
[11:19:10] planet 42: building queue full (5)
[11:19:10] planet 94: no resources for defense_rocket_launcher+8
[11:19:10] research: blocked research_plasma_technology (research_laser_technology 8/10)
[2026-05-13 11:19:53] ==== loop 91/∞ | seed=1092575179203424412 archetype=turtle personality=defensor focus=mil actions_per_loop=4 ====
[11:19:57] planet 42: building queue full (5)
[11:19:57] planet 85: queued building_deuterium_sintetizer to 8
[11:19:57] planet 94: no resources for defense_rocket_launcher+8
[11:19:57] planet 42: building queue full (5)
[11:19:57] research: blocked research_plasma_technology (research_laser_technology 8/10)
[2026-05-13 11:20:38] ==== loop 92/∞ | seed=1092575179203424412 archetype=turtle personality=defensor focus=mil actions_per_loop=4 ====
[11:20:41] planet 42: building queue full (5)
[11:20:41] planet 94: queued defense_gauss_cannon +8
[11:20:41] planet 85: queued building_metal_mine to 14
[11:20:41] planet 42: building queue full (5)
[11:20:41] planet 94: skipped duplicate defense_gauss_cannon this loop
[2026-05-13 11:21:23] ==== loop 93/∞ | seed=1092575179203424412 archetype=turtle personality=defensor focus=mil actions_per_loop=4 ====
[11:21:26] planet 42: building queue full (5)
[11:21:26] planet 94: queued defense_gauss_cannon +1
[11:21:26] planet 85: queued ship_solar_satellite +2
[11:21:26] planet 42: building queue full (5)
[11:21:26] planet 94: queued defense_heavy_laser +1
[11:21:26] planet 85: skipped duplicate ship_solar_satellite this loop
[2026-05-13 11:22:06] ==== loop 94/∞ | seed=1092575179203424412 archetype=turtle personality=defensor focus=mil actions_per_loop=4 ====
[11:22:09] planet 42: building queue full (5)
[11:22:09] planet 94: queued defense_rocket_launcher +8
[11:22:09] planet 85: no resources for building_metal_mine+1
[11:22:09] planet 42: building queue full (5)
[11:22:09] planet 94: skipped duplicate defense_rocket_launcher this loop
[2026-05-13 11:22:51] ==== loop 95/∞ | seed=1092575179203424412 archetype=turtle personality=defensor focus=mil actions_per_loop=4 ====
[11:22:55] planet 42: building queue full (5)
[11:22:55] planet 94: queued defense_rocket_launcher +8
[11:22:55] planet 85: building queue full (5)
[11:22:55] planet 42: building queue full (5)
[11:22:55] planet 94: skipped duplicate defense_rocket_launcher this loop
[11:22:55] planet 85: building queue full (5)
[2026-05-13 11:23:36] ==== loop 96/∞ | seed=1092575179203424412 archetype=turtle personality=defensor focus=mil actions_per_loop=4 ====
[11:23:40] planet 42: building queue full (5)
[11:23:40] planet 94: queued defense_rocket_launcher +5
[11:23:40] planet 85: queued ship_solar_satellite +2
[11:23:40] planet 42: building queue full (5)
[11:23:40] planet 94: no resources for ship_small_cargo_ship+8
[11:23:40] planet 85: no resources for building_metal_mine+1
[11:23:40] transport: 1:5:10 -> 1:179:5 [queue:hangar] m=0 c=42629 d=0 ships=0B+8S eta=70s fuel=353
[11:23:40] research: blocked research_plasma_technology (research_laser_technology 8/10)
[2026-05-13 11:24:19] ==== loop 97/∞ | seed=1092575179203424412 archetype=turtle personality=defensor focus=mil actions_per_loop=4 ====
[11:24:23] planet 42: building queue full (5)
[11:24:23] planet 94: queued defense_gauss_cannon +1
[11:24:23] planet 85: no resources for building_metal_mine+1
[11:24:23] planet 42: building queue full (5)
[11:24:23] planet 94: no resources for ship_small_cargo_ship+8
[11:24:23] research: blocked research_plasma_technology (research_laser_technology 8/10)
[2026-05-13 11:25:06] ==== loop 98/∞ | seed=1092575179203424412 archetype=turtle personality=defensor focus=mil actions_per_loop=4 ====
[11:25:10] planet 42: building queue full (5)
[11:25:10] planet 94: queued defense_gauss_cannon +2
[11:25:10] planet 85: no resources for building_metal_mine+1
[11:25:10] planet 42: building queue full (5)
[11:25:10] planet 94: queued ship_small_cargo_ship +8
[11:25:10] research: blocked research_plasma_technology (research_laser_technology 8/10)
[2026-05-13 11:25:56] ==== loop 99/∞ | seed=1092575179203424412 archetype=turtle personality=defensor focus=mil actions_per_loop=4 ====
[11:25:59] planet 42: building queue full (5)
[11:25:59] planet 94: queued defense_gauss_cannon +1
[11:25:59] planet 85: no resources for building_metal_mine+1
[11:25:59] planet 42: building queue full (5)
[11:25:59] planet 94: queued ship_small_cargo_ship +8
[2026-05-13 11:26:45] ==== loop 100/∞ | seed=1092575179203424412 archetype=turtle personality=defensor focus=mil actions_per_loop=4 ====
[11:26:48] planet 42: building queue full (5)
[11:26:48] planet 94: queued defense_gauss_cannon +1
[11:26:48] planet 85: no resources for building_metal_mine+1
[11:26:48] planet 42: building queue full (5)
[11:26:48] planet 94: queued ship_small_cargo_ship +4
[2026-05-13 11:27:31] ==== loop 101/∞ | seed=1092575179203424412 archetype=turtle personality=defensor focus=mil actions_per_loop=4 ====
[11:27:35] planet 42: building queue full (5)
[11:27:35] planet 85: no resources for building_metal_mine+1
[11:27:35] planet 94: queued defense_gauss_cannon +2
[11:27:35] planet 42: building queue full (5)
[11:27:35] planet 94: queued building_laboratory to 1
[11:27:35] research: blocked research_plasma_technology (research_laser_technology 8/10)
[2026-05-13 11:28:19] ==== loop 102/∞ | seed=1092575179203424412 archetype=turtle personality=defensor focus=mil actions_per_loop=4 ====
[11:28:22] planet 42: building queue full (5)
[11:28:22] planet 85: no resources for building_metal_mine+1
[11:28:22] planet 94: queued defense_gauss_cannon +1
[11:28:22] planet 42: building queue full (5)
[11:28:22] planet 94: queued building_laboratory to 2
[2026-05-13 11:29:02] ==== loop 103/∞ | seed=1092575179203424412 archetype=turtle personality=defensor focus=mil actions_per_loop=4 ====
[11:29:03] planet 42: building queue full (5)
[11:29:03] planet 85: no resources for building_metal_mine+1
[11:29:03] planet 94: queued defense_gauss_cannon +1
[11:29:03] planet 42: building queue full (5)
[11:29:03] planet 94: queued building_laboratory to 3
[2026-05-13 11:29:44] ==== loop 104/∞ | seed=1092575179203424412 archetype=turtle personality=defensor focus=mil actions_per_loop=4 ====
[11:29:46] planet 42: building queue full (5)
[11:29:46] planet 85: no resources for building_metal_mine+1
[11:29:46] planet 94: queued building_laboratory to 4
[11:29:46] planet 42: building queue full (5)
[2026-05-13 11:30:25] ==== loop 105/∞ | seed=1092575179203424412 archetype=turtle personality=defensor focus=mil actions_per_loop=4 ====
[11:30:28] planet 42: building queue full (5)
[11:30:28] planet 85: no resources for ship_espionage_probe+5
[11:30:28] planet 94: queued building_deuterium_sintetizer to 2
[11:30:28] planet 42: building queue full (5)
[11:30:28] research: blocked research_plasma_technology (research_laser_technology 8/10)
[2026-05-13 11:31:10] ==== loop 106/∞ | seed=1092575179203424412 archetype=turtle personality=defensor focus=mil actions_per_loop=4 ====
[11:31:13] planet 42: building queue full (5)
[11:31:13] planet 85: no resources for ship_espionage_probe+5
[11:31:13] planet 94: queued building_metal_store to 1
[11:31:13] planet 42: building queue full (5)
[2026-05-13 11:31:52] ==== loop 107/∞ | seed=1092575179203424412 archetype=turtle personality=defensor focus=mil actions_per_loop=4 ====
[11:31:55] planet 42: building queue full (5)
[11:31:55] planet 85: no resources for ship_espionage_probe+5
[11:31:55] planet 94: queued building_deuterium_sintetizer to 3
[11:31:55] planet 42: building queue full (5)
[2026-05-13 11:32:36] ==== loop 108/∞ | seed=1092575179203424412 archetype=turtle personality=defensor focus=mil actions_per_loop=4 ====
[11:32:38] planet 42: building queue full (5)
[11:32:38] planet 85: no resources for ship_espionage_probe+5
[11:32:38] planet 94: queued building_solar_plant to 11
[11:32:38] planet 42: building queue full (5)
[11:32:38] research: blocked research_plasma_technology (research_laser_technology 8/10)
[2026-05-13 11:33:20] ==== loop 109/∞ | seed=1092575179203424412 archetype=turtle personality=defensor focus=mil actions_per_loop=4 ====
[11:33:23] planet 42: building queue full (5)
[11:33:23] planet 85: no resources for ship_espionage_probe+5
[11:33:23] planet 94: building queue full (5)
[11:33:23] planet 42: building queue full (5)
[2026-05-13 11:34:05] ==== loop 110/∞ | seed=1092575179203424412 archetype=turtle personality=defensor focus=mil actions_per_loop=4 ====
[11:34:08] planet 42: building queue full (5)
[11:34:08] planet 85: no resources for ship_espionage_probe+5
[11:34:08] planet 94: queued building_metal_store to 2
[11:34:08] planet 42: building queue full (5)
[11:34:08] research: blocked research_plasma_technology (research_laser_technology 8/10)
[2026-05-13 11:34:51] ==== loop 111/∞ | seed=1092575179203424412 archetype=turtle personality=defensor focus=mil actions_per_loop=4 ====
[11:34:53] planet 42: building queue full (5)
[11:34:53] planet 85: no resources for ship_espionage_probe+5
[11:34:53] planet 94: queued building_metal_store to 3
[11:34:53] planet 42: building queue full (5)
[11:34:53] research: blocked research_plasma_technology (research_laser_technology 8/10)
[2026-05-13 11:35:34] ==== loop 112/∞ | seed=1092575179203424412 archetype=turtle personality=defensor focus=mil actions_per_loop=4 ====
[11:35:36] planet 42: building queue full (5)
[11:35:36] planet 85: no resources for ship_espionage_probe+5
[11:35:36] planet 94: queued building_metal_store to 4
[11:35:36] planet 42: building queue full (5)
[11:35:36] transport: 1:179:5 -> 1:5:10 [consolidate_home] m=30000 c=0 d=0 ships=0B+5S eta=70s fuel=223
[11:35:36] research: blocked research_plasma_technology (research_laser_technology 8/10)
[2026-05-13 11:36:16] ==== loop 113/∞ | seed=1092575179203424412 archetype=turtle personality=defensor focus=mil actions_per_loop=4 ====
[11:36:19] planet 42: building queue full (5)
[11:36:19] planet 85: no resources for ship_espionage_probe+5
[11:36:19] planet 94: queued building_metal_store to 5
[11:36:19] planet 42: building queue full (5)
[11:36:19] research: blocked research_plasma_technology (research_laser_technology 8/10)
[2026-05-13 11:36:59] ==== loop 114/∞ | seed=1092575179203424412 archetype=turtle personality=defensor focus=mil actions_per_loop=4 ====
[11:37:03] planet 42: building queue full (5)
[11:37:03] planet 85: no resources for ship_espionage_probe+5
[11:37:03] planet 94: building queue full (5)
[11:37:03] planet 42: building queue full (5)
[11:37:03] planet 94: building queue full (5)
[11:37:03] research: blocked research_plasma_technology (research_laser_technology 8/10)
[2026-05-13 11:37:42] ==== loop 115/∞ | seed=1092575179203424412 archetype=turtle personality=defensor focus=mil actions_per_loop=4 ====
[11:37:47] planet 42: building queue full (5)
[11:37:47] planet 85: no resources for ship_espionage_probe+5
[11:37:47] planet 94: building queue full (5)
[11:37:47] planet 42: building queue full (5)
[11:37:47] planet 94: building queue full (5)
[2026-05-13 11:38:29] ==== loop 116/∞ | seed=1092575179203424412 archetype=turtle personality=defensor focus=mil actions_per_loop=4 ====
[11:38:31] planet 42: building queue full (5)
[11:38:31] planet 85: no resources for ship_espionage_probe+5
[11:38:31] planet 94: queued building_metal_store to 6
[11:38:31] planet 42: building queue full (5)
[11:38:31] research: blocked research_plasma_technology (research_laser_technology 8/10)
[2026-05-13 11:39:18] ==== loop 117/∞ | seed=1092575179203424412 archetype=turtle personality=defensor focus=mil actions_per_loop=4 ====
[11:39:21] planet 42: building queue full (5)
[11:39:21] planet 85: no resources for ship_espionage_probe+5
[11:39:21] planet 94: building queue full (5)
[11:39:21] planet 42: building queue full (5)
[11:39:21] planet 94: building queue full (5)
[2026-05-13 11:40:06] ==== loop 118/∞ | seed=1092575179203424412 archetype=turtle personality=defensor focus=mil actions_per_loop=4 ====
[11:40:09] planet 42: building queue full (5)
[11:40:09] planet 85: no resources for defense_gauss_cannon+8
[11:40:09] planet 94: queued building_crystal_store to 1
[11:40:09] planet 42: building queue full (5)
[2026-05-13 11:40:48] ==== loop 119/∞ | seed=1092575179203424412 archetype=turtle personality=defensor focus=mil actions_per_loop=4 ====
[11:40:50] planet 42: building queue full (5)
[11:40:50] planet 85: no resources for defense_gauss_cannon+8
[11:40:50] planet 94: building queue full (5)
[11:40:50] planet 42: building queue full (5)
[11:40:50] research: blocked research_plasma_technology (research_laser_technology 8/10)
[2026-05-13 11:41:34] ==== loop 120/∞ | seed=1092575179203424412 archetype=turtle personality=defensor focus=mil actions_per_loop=4 ====
[11:41:36] planet 42: building queue full (5)
[11:41:36] planet 85: no resources for defense_gauss_cannon+8
[11:41:36] planet 94: building queue full (5)
[11:41:36] planet 42: building queue full (5)
[11:41:36] planet 94: building queue full (5)
[2026-05-13 11:42:25] ==== loop 121/∞ | seed=1092575179203424412 archetype=turtle personality=defensor focus=mil actions_per_loop=4 ====
[11:42:28] planet 42: building queue full (5)
[11:42:28] planet 85: no resources for defense_gauss_cannon+8
[11:42:28] planet 94: building queue full (5)
[11:42:28] planet 42: building queue full (5)
[11:42:28] planet 94: building queue full (5)
[2026-05-13 11:43:15] ==== loop 122/∞ | seed=1092575179203424412 archetype=turtle personality=defensor focus=mil actions_per_loop=4 ====
[11:43:17] planet 42: building queue full (5)
[11:43:17] planet 85: no resources for defense_gauss_cannon+8
[11:43:17] planet 94: building queue full (5)
[11:43:17] planet 42: building queue full (5)
[11:43:17] planet 94: building queue full (5)
[2026-05-13 11:44:04] ==== loop 123/∞ | seed=1092575179203424412 archetype=turtle personality=defensor focus=mil actions_per_loop=4 ====
[11:44:07] planet 42: building queue full (5)
[11:44:07] planet 85: no resources for defense_gauss_cannon+8
[11:44:07] planet 94: queued building_crystal_store to 2
[11:44:07] planet 42: building queue full (5)
[11:44:07] research: blocked research_plasma_technology (research_laser_technology 8/10)
[2026-05-13 11:44:50] ==== loop 124/∞ | seed=1092575179203424412 archetype=turtle personality=defensor focus=mil actions_per_loop=4 ====
[11:44:52] planet 42: building queue full (5)
[11:44:52] planet 85: no resources for defense_gauss_cannon+8
[11:44:52] planet 94: queued building_crystal_store to 3
[11:44:52] planet 42: building queue full (5)
[11:44:52] research: blocked research_plasma_technology (research_laser_technology 8/10)
[2026-05-13 11:45:36] ==== loop 125/∞ | seed=1092575179203424412 archetype=turtle personality=defensor focus=mil actions_per_loop=4 ====
[11:45:40] planet 42: building queue full (5)
[11:45:40] planet 85: no resources for defense_gauss_cannon+8
[11:45:40] planet 94: queued building_solar_plant to 12
[11:45:40] planet 42: building queue full (5)
[2026-05-13 11:46:21] ==== loop 126/∞ | seed=1092575179203424412 archetype=turtle personality=defensor focus=mil actions_per_loop=4 ====
[11:46:24] planet 42: building queue full (5)
[11:46:24] planet 85: no resources for defense_gauss_cannon+8
[11:46:24] planet 94: building queue full (5)
[11:46:24] planet 42: building queue full (5)
[11:46:24] research: blocked research_plasma_technology (research_laser_technology 8/10)
[2026-05-13 11:47:09] ==== loop 127/∞ | seed=1092575179203424412 archetype=turtle personality=defensor focus=mil actions_per_loop=4 ====
[11:47:12] planet 42: building queue full (5)
[11:47:12] planet 85: no resources for defense_gauss_cannon+8
[11:47:12] planet 94: queued building_robot_factory to 1
[11:47:12] planet 42: building queue full (5)
[2026-05-13 11:47:54] ==== loop 128/∞ | seed=1092575179203424412 archetype=turtle personality=defensor focus=mil actions_per_loop=4 ====
[11:47:57] planet 42: building queue full (5)
[11:47:57] planet 85: no resources for defense_gauss_cannon+8
[11:47:57] planet 94: queued building_robot_factory to 2
[11:47:57] planet 42: building queue full (5)
[11:47:57] research: blocked research_plasma_technology (research_laser_technology 8/10)
[2026-05-13 11:48:44] ==== loop 129/∞ | seed=1092575179203424412 archetype=turtle personality=defensor focus=mil actions_per_loop=4 ====
[11:48:46] planet 42: building queue full (5)
[11:48:46] planet 85: no resources for defense_gauss_cannon+8
[11:48:46] planet 94: queued building_robot_factory to 3
[11:48:46] planet 42: building queue full (5)
[11:48:46] research: blocked research_plasma_technology (research_laser_technology 8/10)
[2026-05-13 11:49:36] ==== loop 130/∞ | seed=1092575179203424412 archetype=turtle personality=defensor focus=mil actions_per_loop=4 ====
[11:49:39] planet 42: building queue full (5)
[11:49:39] planet 85: no resources for defense_gauss_cannon+8
[11:49:39] planet 94: queued building_robot_factory to 4
[11:49:39] planet 42: building queue full (5)
[11:49:39] research: blocked research_plasma_technology (research_laser_technology 8/10)
[2026-05-13 11:50:24] ==== loop 131/∞ | seed=1092575179203424412 archetype=turtle personality=defensor focus=mil actions_per_loop=4 ====
[11:50:27] planet 42: building queue full (5)
[11:50:27] planet 85: queued defense_rocket_launcher +8
[11:50:27] planet 94: queued defense_rocket_launcher +5
[11:50:27] planet 42: building queue full (5)
[11:50:27] planet 85: skipped duplicate defense_rocket_launcher this loop
[11:50:27] research: blocked research_plasma_technology (research_laser_technology 8/10)
[2026-05-13 11:51:12] ==== loop 132/∞ | seed=1092575179203424412 archetype=turtle personality=defensor focus=mil actions_per_loop=4 ====
[11:51:16] planet 42: building queue full (5)
[11:51:16] planet 85: queued defense_rocket_launcher +8
[11:51:16] planet 94: queued defense_light_laser +1
[11:51:16] planet 42: building queue full (5)
[11:51:16] planet 85: queued building_laboratory to 1
[11:51:16] planet 94: queued building_hangar to 2
[2026-05-13 11:52:00] ==== loop 133/∞ | seed=1092575179203424412 archetype=turtle personality=defensor focus=mil actions_per_loop=4 ====
[11:52:03] planet 42: building queue full (5)
[11:52:03] planet 85: queued building_laboratory to 2
[11:52:03] planet 94: queued building_hangar to 3
[11:52:03] planet 42: building queue full (5)
[11:52:03] research: blocked research_plasma_technology (research_laser_technology 8/10)
[2026-05-13 11:52:50] ==== loop 134/∞ | seed=1092575179203424412 archetype=turtle personality=defensor focus=mil actions_per_loop=4 ====
[11:52:53] planet 42: building queue full (5)
[11:52:53] planet 94: queued building_hangar to 4
[11:52:53] planet 85: queued building_laboratory to 3
[11:52:53] planet 42: building queue full (5)
[2026-05-13 11:53:32] ==== loop 135/∞ | seed=1092575179203424412 archetype=turtle personality=defensor focus=mil actions_per_loop=4 ====
[11:53:36] planet 42: building queue full (5)
[11:53:36] planet 85: queued building_laboratory to 4
[11:53:36] planet 94: queued building_hangar to 5
[11:53:36] planet 42: building queue full (5)
[11:53:36] research: blocked research_plasma_technology (research_laser_technology 8/10)
[2026-05-13 11:54:15] ==== loop 136/∞ | seed=1092575179203424412 archetype=turtle personality=defensor focus=mil actions_per_loop=4 ====
[11:54:16] planet 42: building queue full (5)
[11:54:16] planet 85: no resources for building_laboratory+1
[11:54:16] planet 94: queued building_hangar to 6
[11:54:16] planet 42: building queue full (5)
[2026-05-13 11:54:53] ==== loop 137/∞ | seed=1092575179203424412 archetype=turtle personality=defensor focus=mil actions_per_loop=4 ====
[11:54:55] planet 42: building queue full (5)
[11:54:55] planet 85: no resources for building_laboratory+1
[11:54:55] planet 94: queued building_hangar to 7
[11:54:55] planet 42: building queue full (5)
[2026-05-13 11:55:42] ==== loop 138/∞ | seed=1092575179203424412 archetype=turtle personality=defensor focus=mil actions_per_loop=4 ====
[11:55:45] planet 42: building queue full (5)
[11:55:45] planet 85: no resources for building_laboratory+1
[11:55:45] planet 94: queued building_crystal_mine to 8
[11:55:45] planet 42: building queue full (5)
[2026-05-13 11:56:31] ==== loop 139/∞ | seed=1092575179203424412 archetype=turtle personality=defensor focus=mil actions_per_loop=4 ====
[11:56:33] planet 42: building queue full (5)
[11:56:33] planet 85: no resources for building_laboratory+1
[11:56:33] planet 94: queued building_laboratory to 5
[11:56:33] planet 42: building queue full (5)
[11:56:33] research: blocked research_plasma_technology (research_laser_technology 8/10)
[2026-05-13 11:57:16] ==== loop 140/∞ | seed=1092575179203424412 archetype=turtle personality=defensor focus=mil actions_per_loop=4 ====
[11:57:19] planet 42: building queue full (5)
[11:57:19] planet 85: no resources for building_laboratory+1
[11:57:19] planet 94: queued building_laboratory to 6
[11:57:19] planet 42: building queue full (5)
[2026-05-13 11:58:05] ==== loop 141/∞ | seed=1092575179203424412 archetype=turtle personality=defensor focus=mil actions_per_loop=4 ====
[11:58:08] planet 42: building queue full (5)
[11:58:08] planet 85: no resources for building_laboratory+1
[11:58:08] planet 94: no resources for building_laboratory+1
[11:58:08] planet 42: building queue full (5)
[11:58:08] research: blocked research_plasma_technology (research_laser_technology 8/10)
[2026-05-13 11:58:44] ==== loop 142/∞ | seed=1092575179203424412 archetype=turtle personality=defensor focus=mil actions_per_loop=4 ====
[11:58:46] planet 42: building queue full (5)
[11:58:46] planet 85: no resources for building_laboratory+1
[11:58:46] planet 94: queued building_laboratory to 7
[11:58:46] planet 42: building queue full (5)
[11:58:46] research: blocked research_plasma_technology (research_laser_technology 8/10)
[2026-05-13 11:59:28] ==== loop 143/∞ | seed=1092575179203424412 archetype=turtle personality=defensor focus=mil actions_per_loop=4 ====
[11:59:29] planet 42: building queue full (5)
[11:59:29] planet 85: no resources for building_laboratory+1
[11:59:29] planet 94: no resources for building_laboratory+1
[11:59:29] planet 42: building queue full (5)
[11:59:29] research: blocked research_plasma_technology (research_laser_technology 8/10)
[2026-05-13 12:00:12] ==== loop 144/∞ | seed=1092575179203424412 archetype=turtle personality=defensor focus=mil actions_per_loop=4 ====
[12:00:14] planet 42: building queue full (5)
[12:00:14] planet 85: queued building_deuterium_sintetizer to 9
[12:00:14] planet 94: queued ship_heavy_fighter +5
[12:00:14] planet 42: building queue full (5)
[12:00:14] planet 94: skipped duplicate ship_heavy_fighter this loop
[12:00:14] research: blocked research_plasma_technology (research_laser_technology 8/10)
[2026-05-13 12:00:56] ==== loop 145/∞ | seed=1092575179203424412 archetype=turtle personality=defensor focus=mil actions_per_loop=4 ====
[12:01:00] planet 42: building queue full (5)
[12:01:00] planet 94: queued ship_heavy_fighter +5
[12:01:00] planet 85: building queue full (5)
[12:01:00] planet 42: building queue full (5)
[12:01:00] planet 94: skipped duplicate ship_heavy_fighter this loop
[2026-05-13 12:01:43] ==== loop 146/∞ | seed=1092575179203424412 archetype=turtle personality=defensor focus=mil actions_per_loop=4 ====
[12:01:45] planet 42: building queue full (5)
[12:01:45] planet 94: no resources for ship_heavy_fighter+5
[12:01:45] planet 85: queued ship_solar_satellite +2
[12:01:45] planet 42: building queue full (5)
[12:01:45] research: blocked research_plasma_technology (research_laser_technology 8/10)
[2026-05-13 12:02:31] ==== loop 147/∞ | seed=1092575179203424412 archetype=turtle personality=defensor focus=mil actions_per_loop=4 ====
[12:02:33] planet 42: building queue full (5)
[12:02:33] planet 85: no resources for building_deuterium_sintetizer+1
[12:02:33] planet 94: no resources for ship_heavy_fighter+5
[12:02:33] planet 42: building queue full (5)
[12:02:33] research: blocked research_plasma_technology (research_laser_technology 8/10)
[2026-05-13 12:03:18] ==== loop 148/∞ | seed=1092575179203424412 archetype=turtle personality=defensor focus=mil actions_per_loop=4 ====
[12:03:21] planet 42: building queue full (5)
[12:03:21] planet 85: queued building_deuterium_sintetizer to 10
[12:03:21] planet 94: no resources for ship_heavy_fighter+5
[12:03:21] planet 42: building queue full (5)
[12:03:21] research: blocked research_plasma_technology (research_laser_technology 8/10)
[2026-05-13 12:04:06] ==== loop 149/∞ | seed=1092575179203424412 archetype=turtle personality=defensor focus=mil actions_per_loop=4 ====
[12:04:08] planet 42: building queue full (5)
[12:04:08] planet 94: no resources for ship_heavy_fighter+5
[12:04:08] planet 85: no resources for building_deuterium_sintetizer+1
[12:04:08] planet 42: building queue full (5)
[2026-05-13 12:04:52] ==== loop 150/∞ | seed=1092575179203424412 archetype=turtle personality=defensor focus=mil actions_per_loop=4 ====
[12:04:54] planet 42: building queue full (5)
[12:04:54] planet 94: no resources for ship_heavy_fighter+5
[12:04:54] planet 85: no resources for building_deuterium_sintetizer+1
[12:04:54] planet 42: building queue full (5)
[2026-05-13 12:05:42] ==== loop 151/∞ | seed=1092575179203424412 archetype=turtle personality=defensor focus=mil actions_per_loop=4 ====
[12:05:45] planet 42: building queue full (5)
[12:05:45] planet 94: no resources for ship_heavy_fighter+5
[12:05:45] planet 85: no resources for ship_solar_satellite+3
[12:05:45] planet 42: building queue full (5)
[12:05:45] transport: 1:179:5 -> 1:5:10 [consolidate_home] m=49078 c=0 d=0 ships=0B+9S eta=70s fuel=397
[12:05:45] research: blocked research_plasma_technology (research_laser_technology 8/10)
[2026-05-13 12:06:31] ==== loop 152/∞ | seed=1092575179203424412 archetype=turtle personality=defensor focus=mil actions_per_loop=4 ====
[12:06:34] planet 42: building queue full (5)
[12:06:34] planet 85: no resources for ship_solar_satellite+3
[12:06:34] planet 94: queued ship_heavy_fighter +5
[12:06:34] planet 42: building queue full (5)
[12:06:34] planet 94: skipped duplicate ship_heavy_fighter this loop
[2026-05-13 12:07:19] ==== loop 153/∞ | seed=1092575179203424412 archetype=turtle personality=defensor focus=mil actions_per_loop=4 ====
[12:07:21] planet 42: building queue full (5)
[12:07:21] planet 85: no resources for ship_solar_satellite+3
[12:07:21] planet 94: no resources for ship_heavy_fighter+5
[12:07:21] planet 42: building queue full (5)
[12:07:21] research: blocked research_plasma_technology (research_laser_technology 8/10)
[2026-05-13 12:08:12] ==== loop 154/∞ | seed=1092575179203424412 archetype=turtle personality=defensor focus=mil actions_per_loop=4 ====
[12:08:15] planet 42: building queue full (5)
[12:08:15] planet 85: no resources for ship_solar_satellite+3
[12:08:15] planet 94: no resources for ship_heavy_fighter+5
[12:08:15] planet 42: building queue full (5)
[2026-05-13 12:09:07] ==== loop 155/∞ | seed=1092575179203424412 archetype=turtle personality=defensor focus=mil actions_per_loop=4 ====
[12:09:09] planet 42: building queue full (5)
[12:09:09] planet 85: no resources for ship_solar_satellite+3
[12:09:09] planet 94: no resources for ship_heavy_fighter+5
[12:09:09] planet 42: building queue full (5)
[12:09:09] research: blocked research_plasma_technology (research_laser_technology 8/10)
[2026-05-13 12:09:51] ==== loop 156/∞ | seed=1092575179203424412 archetype=turtle personality=defensor focus=mil actions_per_loop=4 ====
[12:09:55] planet 42: building queue full (5)
[12:09:55] planet 85: no resources for ship_solar_satellite+3
[12:09:55] planet 94: no resources for ship_heavy_fighter+5
[12:09:55] planet 42: building queue full (5)
[12:09:55] research: blocked research_plasma_technology (research_laser_technology 8/10)
[2026-05-13 12:10:37] ==== loop 157/∞ | seed=1092575179203424412 archetype=turtle personality=defensor focus=mil actions_per_loop=4 ====
[12:10:41] planet 42: building queue full (5)
[12:10:41] planet 85: no resources for ship_solar_satellite+3
[12:10:41] planet 94: queued building_deuterium_sintetizer to 4
[12:10:41] planet 42: building queue full (5)
[12:10:41] research: blocked research_plasma_technology (research_laser_technology 8/10)
[2026-05-13 12:11:21] ==== loop 158/∞ | seed=1092575179203424412 archetype=turtle personality=defensor focus=mil actions_per_loop=4 ====
[12:11:24] planet 42: building queue full (5)
[12:11:24] planet 85: no resources for ship_solar_satellite+3
[12:11:24] planet 94: queued building_metal_store to 7
[12:11:24] planet 42: building queue full (5)
