[2026-05-11 10:31:55] ==== loop 3/∞ | seed=968175026105938324 archetype=turbo personality=flotero focus=eco actions_per_loop=1 ====
[10:31:55] planet 53: queued defense_heavy_laser +8
[10:31:55] research: blocked research_espionage_technology (building_laboratory 1/3)
[2026-05-11 10:32:32] ==== loop 4/∞ | seed=968175026105938324 archetype=turbo personality=flotero focus=eco actions_per_loop=1 ====
[10:32:32] planet 53: queued defense_heavy_laser +8
[2026-05-11 10:33:13] ==== loop 5/∞ | seed=968175026105938324 archetype=turbo personality=flotero focus=eco actions_per_loop=1 ====
[10:33:14] planet 53: queued defense_heavy_laser +3
[10:33:14] research: blocked research_espionage_technology (building_laboratory 1/3)
[2026-05-11 10:33:53] ==== loop 6/∞ | seed=968175026105938324 archetype=turbo personality=flotero focus=eco actions_per_loop=1 ====
[10:33:53] planet 53: queued defense_rocket_launcher +8
[10:33:53] research: blocked research_espionage_technology (building_laboratory 1/3)
[2026-05-11 10:34:37] ==== loop 7/∞ | seed=968175026105938324 archetype=turbo personality=flotero focus=eco actions_per_loop=1 ====
[10:34:38] planet 53: queued defense_rocket_launcher +8
[2026-05-11 10:35:17] ==== loop 8/∞ | seed=968175026105938324 archetype=turbo personality=flotero focus=eco actions_per_loop=1 ====
[10:35:19] planet 53: queued defense_rocket_launcher +8
[2026-05-11 10:35:51] ==== loop 9/∞ | seed=968175026105938324 archetype=turbo personality=flotero focus=eco actions_per_loop=1 ====
[10:35:52] planet 53: queued defense_rocket_launcher +8
[10:35:52] research: blocked research_espionage_technology (building_laboratory 1/3)
[2026-05-11 10:36:30] ==== loop 10/∞ | seed=968175026105938324 archetype=turbo personality=flotero focus=eco actions_per_loop=1 ====
[10:36:31] planet 53: queued defense_rocket_launcher +8
[2026-05-11 10:37:53] ==== loop 12/∞ | seed=968175026105938324 archetype=turbo personality=flotero focus=eco actions_per_loop=1 ====
[10:37:53] planet 53: queued defense_rocket_launcher +8
[2026-05-11 10:38:31] ==== loop 13/∞ | seed=968175026105938324 archetype=turbo personality=flotero focus=eco actions_per_loop=1 ====
[10:38:32] planet 53: queued defense_rocket_launcher +6
[2026-05-11 10:40:29] ==== loop 16/∞ | seed=968175026105938324 archetype=turbo personality=flotero focus=eco actions_per_loop=1 ====
[10:40:30] planet 53: queued ship_cruiser +5
[2026-05-11 10:41:13] ==== loop 17/∞ | seed=968175026105938324 archetype=turbo personality=flotero focus=eco actions_per_loop=1 ====
[10:41:14] planet 53: queued ship_cruiser +5
[2026-05-11 10:43:13] ==== loop 2/∞ | seed=968175026105938324 archetype=turbo personality=flotero focus=eco actions_per_loop=1 ====
[10:43:14] planet 53: queued ship_cruiser +5
[10:43:14] research: blocked research_espionage_technology (building_laboratory 1/3)
[2026-05-11 10:43:54] ==== loop 3/∞ | seed=968175026105938324 archetype=turbo personality=flotero focus=eco actions_per_loop=1 ====
[10:43:54] planet 53: queued ship_cruiser +5
[2026-05-11 10:44:37] ==== loop 4/∞ | seed=968175026105938324 archetype=turbo personality=flotero focus=eco actions_per_loop=1 ====
[10:44:38] planet 53: queued ship_cruiser +5
[2026-05-11 10:45:25] ==== loop 5/∞ | seed=968175026105938324 archetype=turbo personality=flotero focus=eco actions_per_loop=1 ====
[10:45:26] planet 53: queued ship_cruiser +5
[10:45:26] research: blocked research_espionage_technology (building_laboratory 1/3)
[2026-05-11 10:46:22] ==== loop 1/∞ | seed=968175026105938324 archetype=turbo personality=flotero focus=eco actions_per_loop=1 ====
[10:46:23] planet 53: queued ship_cruiser +5
[10:46:23] research: blocked research_espionage_technology (building_laboratory 1/3)
[2026-05-11 10:47:04] ==== loop 2/∞ | seed=968175026105938324 archetype=turbo personality=flotero focus=eco actions_per_loop=1 ====
[10:47:05] planet 53: queued ship_cruiser +5
[10:47:05] research: blocked research_espionage_technology (building_laboratory 1/3)
[2026-05-11 10:47:56] ==== loop 3/∞ | seed=968175026105938324 archetype=turbo personality=flotero focus=eco actions_per_loop=1 ====
[10:47:57] planet 53: queued ship_cruiser +5
[2026-05-11 10:48:40] ==== loop 4/∞ | seed=968175026105938324 archetype=turbo personality=flotero focus=eco actions_per_loop=1 ====
[10:48:41] planet 53: queued ship_cruiser +5
[2026-05-11 10:49:27] ==== loop 5/∞ | seed=968175026105938324 archetype=turbo personality=flotero focus=eco actions_per_loop=1 ====
[10:49:28] planet 53: queued ship_cruiser +5
[2026-05-11 10:50:12] ==== loop 6/∞ | seed=968175026105938324 archetype=turbo personality=flotero focus=eco actions_per_loop=1 ====
[10:50:12] planet 53: building queue full (5)
[10:50:12] research: blocked research_espionage_technology (building_laboratory 1/3)
[2026-05-11 10:51:00] ==== loop 7/∞ | seed=968175026105938324 archetype=turbo personality=flotero focus=eco actions_per_loop=1 ====
[10:51:01] planet 53: building queue full (5)
[10:51:01] research: blocked research_espionage_technology (building_laboratory 1/3)
[2026-05-11 10:51:41] ==== loop 8/∞ | seed=968175026105938324 archetype=turbo personality=flotero focus=eco actions_per_loop=1 ====
[10:51:42] planet 53: building queue full (5)
[2026-05-11 10:52:22] ==== loop 9/∞ | seed=968175026105938324 archetype=turbo personality=flotero focus=eco actions_per_loop=1 ====
[10:52:22] planet 53: building queue full (5)
[2026-05-11 10:53:44] ==== loop 11/∞ | seed=968175026105938324 archetype=turbo personality=flotero focus=eco actions_per_loop=1 ====
[10:53:45] planet 53: building queue full (5)
[2026-05-11 10:54:31] ==== loop 12/∞ | seed=968175026105938324 archetype=turbo personality=flotero focus=eco actions_per_loop=1 ====
[10:54:32] planet 53: building queue full (5)
[2026-05-11 10:55:15] ==== loop 13/∞ | seed=968175026105938324 archetype=turbo personality=flotero focus=eco actions_per_loop=1 ====
[10:55:16] planet 53: building queue full (5)
[10:55:16] research: blocked research_espionage_technology (building_laboratory 1/3)
[2026-05-11 10:56:01] ==== loop 14/∞ | seed=968175026105938324 archetype=turbo personality=flotero focus=eco actions_per_loop=1 ====
[10:56:02] planet 53: building queue full (5)
[10:56:02] research: blocked research_espionage_technology (building_laboratory 1/3)
[2026-05-11 10:56:44] ==== loop 15/∞ | seed=968175026105938324 archetype=turbo personality=flotero focus=eco actions_per_loop=1 ====
[10:56:46] planet 53: building queue full (5)
[2026-05-11 10:57:29] ==== loop 16/∞ | seed=968175026105938324 archetype=turbo personality=flotero focus=eco actions_per_loop=1 ====
[10:57:30] planet 53: building queue full (5)
[2026-05-11 10:58:13] ==== loop 17/∞ | seed=968175026105938324 archetype=turbo personality=flotero focus=eco actions_per_loop=1 ====
[10:58:13] planet 53: building queue full (5)
[2026-05-11 10:59:39] ==== loop 19/∞ | seed=968175026105938324 archetype=turbo personality=flotero focus=eco actions_per_loop=1 ====
[10:59:39] planet 53: building queue full (5)
[2026-05-11 11:01:11] ==== loop 21/∞ | seed=968175026105938324 archetype=turbo personality=flotero focus=eco actions_per_loop=1 ====
[11:01:12] planet 53: building queue full (5)
[11:01:12] research: blocked research_espionage_technology (building_laboratory 1/3)
[2026-05-11 11:01:57] ==== loop 22/∞ | seed=968175026105938324 archetype=turbo personality=flotero focus=eco actions_per_loop=1 ====
[11:01:58] planet 53: building queue full (5)
[2026-05-11 11:03:21] ==== loop 24/∞ | seed=968175026105938324 archetype=turbo personality=flotero focus=eco actions_per_loop=1 ====
[11:03:21] planet 53: building queue full (5)
[11:03:21] research: blocked research_espionage_technology (building_laboratory 1/3)
[2026-05-11 11:05:26] ==== loop 27/∞ | seed=968175026105938324 archetype=turbo personality=flotero focus=eco actions_per_loop=1 ====
[11:05:26] planet 53: building queue full (5)
[2026-05-11 11:06:13] ==== loop 28/∞ | seed=968175026105938324 archetype=turbo personality=flotero focus=eco actions_per_loop=1 ====
[11:06:14] planet 53: building queue full (5)
[2026-05-11 11:06:54] ==== loop 29/∞ | seed=968175026105938324 archetype=turbo personality=flotero focus=eco actions_per_loop=1 ====
[11:06:55] planet 53: building queue full (5)
[2026-05-11 11:07:38] ==== loop 30/∞ | seed=968175026105938324 archetype=turbo personality=flotero focus=eco actions_per_loop=1 ====
[11:07:39] planet 53: building queue full (5)
[2026-05-11 11:08:18] ==== loop 31/∞ | seed=968175026105938324 archetype=turbo personality=flotero focus=eco actions_per_loop=1 ====
[11:08:19] planet 53: building queue full (5)
[11:08:19] research: blocked research_espionage_technology (building_laboratory 1/3)
[2026-05-11 11:09:02] ==== loop 32/∞ | seed=968175026105938324 archetype=turbo personality=flotero focus=eco actions_per_loop=1 ====
[11:09:03] planet 53: building queue full (5)
[11:09:03] research: blocked research_espionage_technology (building_laboratory 1/3)
[2026-05-11 11:09:46] ==== loop 33/∞ | seed=968175026105938324 archetype=turbo personality=flotero focus=eco actions_per_loop=1 ====
[11:09:47] planet 53: building queue full (5)
[2026-05-11 11:10:37] ==== loop 34/∞ | seed=968175026105938324 archetype=turbo personality=flotero focus=eco actions_per_loop=1 ====
[11:10:37] planet 53: building queue full (5)
[2026-05-11 11:12:08] ==== loop 36/∞ | seed=968175026105938324 archetype=turbo personality=flotero focus=eco actions_per_loop=1 ====
[11:12:09] planet 53: building queue full (5)
[2026-05-11 11:12:55] ==== loop 37/∞ | seed=968175026105938324 archetype=turbo personality=flotero focus=eco actions_per_loop=1 ====
[11:12:56] planet 53: building queue full (5)
[11:12:56] research: blocked research_espionage_technology (building_laboratory 1/3)
[2026-05-11 11:13:37] ==== loop 38/∞ | seed=968175026105938324 archetype=turbo personality=flotero focus=eco actions_per_loop=1 ====
[11:13:37] planet 53: building queue full (5)
[2026-05-11 11:14:26] ==== loop 39/∞ | seed=968175026105938324 archetype=turbo personality=flotero focus=eco actions_per_loop=1 ====
[11:14:26] planet 53: building queue full (5)
[2026-05-11 11:15:13] ==== loop 40/∞ | seed=968175026105938324 archetype=turbo personality=flotero focus=eco actions_per_loop=1 ====
[11:15:13] planet 53: building queue full (5)
[2026-05-11 11:15:50] ==== loop 41/∞ | seed=968175026105938324 archetype=turbo personality=flotero focus=eco actions_per_loop=1 ====
[11:15:51] planet 53: building queue full (5)
[11:15:51] research: blocked research_espionage_technology (building_laboratory 1/3)
[2026-05-11 11:16:37] ==== loop 42/∞ | seed=968175026105938324 archetype=turbo personality=flotero focus=eco actions_per_loop=1 ====
[11:16:38] planet 53: building queue full (5)
[11:16:38] research: blocked research_espionage_technology (building_laboratory 1/3)
[2026-05-11 11:18:01] ==== loop 44/∞ | seed=968175026105938324 archetype=turbo personality=flotero focus=eco actions_per_loop=1 ====
[11:18:02] planet 53: building queue full (5)
[11:18:02] research: blocked research_espionage_technology (building_laboratory 1/3)
[2026-05-11 11:18:50] ==== loop 45/∞ | seed=968175026105938324 archetype=turbo personality=flotero focus=eco actions_per_loop=1 ====
[11:18:51] planet 53: building queue full (5)
[2026-05-11 11:19:41] ==== loop 46/∞ | seed=968175026105938324 archetype=turbo personality=flotero focus=eco actions_per_loop=1 ====
[11:19:42] planet 53: building queue full (5)
[2026-05-11 11:20:22] ==== loop 47/∞ | seed=968175026105938324 archetype=turbo personality=flotero focus=eco actions_per_loop=1 ====
[11:20:23] planet 53: building queue full (5)
[2026-05-11 11:20:58] ==== loop 48/∞ | seed=968175026105938324 archetype=turbo personality=flotero focus=eco actions_per_loop=1 ====
[11:20:59] planet 53: building queue full (5)
[11:20:59] research: blocked research_espionage_technology (building_laboratory 1/3)
[2026-05-11 11:21:34] ==== loop 49/∞ | seed=968175026105938324 archetype=turbo personality=flotero focus=eco actions_per_loop=1 ====
[11:21:35] planet 53: building queue full (5)
[2026-05-11 11:22:09] ==== loop 50/∞ | seed=968175026105938324 archetype=turbo personality=flotero focus=eco actions_per_loop=1 ====
[11:22:09] planet 53: building queue full (5)
[11:22:09] research: blocked research_espionage_technology (building_laboratory 1/3)
[2026-05-11 11:22:49] ==== loop 51/∞ | seed=968175026105938324 archetype=turbo personality=flotero focus=eco actions_per_loop=1 ====
[11:22:49] planet 53: building queue full (5)
[2026-05-11 11:23:26] ==== loop 52/∞ | seed=968175026105938324 archetype=turbo personality=flotero focus=eco actions_per_loop=1 ====
[11:23:27] planet 53: building queue full (5)
[11:23:27] research: blocked research_espionage_technology (building_laboratory 1/3)
[2026-05-11 11:24:04] ==== loop 53/∞ | seed=968175026105938324 archetype=turbo personality=flotero focus=eco actions_per_loop=1 ====
[11:24:05] planet 53: building queue full (5)
[11:24:05] research: blocked research_espionage_technology (building_laboratory 1/3)
[2026-05-11 11:24:42] ==== loop 54/∞ | seed=968175026105938324 archetype=turbo personality=flotero focus=eco actions_per_loop=1 ====
[11:24:43] planet 53: building queue full (5)
[2026-05-11 11:25:52] ==== loop 56/∞ | seed=968175026105938324 archetype=turbo personality=flotero focus=eco actions_per_loop=1 ====
[11:25:53] planet 53: building queue full (5)
[2026-05-11 11:27:37] ==== loop 1/∞ | seed=968175026105938324 archetype=turbo personality=flotero focus=eco actions_per_loop=1 ====
[11:27:38] alliance: apply ally=1
[11:27:38] planet 53: building queue full (5)
[11:27:38] research: blocked research_espionage_technology (building_laboratory 1/3)
[2026-05-11 11:28:14] ==== loop 2/∞ | seed=968175026105938324 archetype=turbo personality=flotero focus=eco actions_per_loop=1 ====
[11:28:15] planet 53: building queue full (5)
[2026-05-11 11:28:49] ==== loop 3/∞ | seed=968175026105938324 archetype=turbo personality=flotero focus=eco actions_per_loop=1 ====
[11:28:50] planet 53: building queue full (5)
[11:28:50] research: blocked research_espionage_technology (building_laboratory 1/3)
[2026-05-11 11:29:28] ==== loop 4/∞ | seed=968175026105938324 archetype=turbo personality=flotero focus=eco actions_per_loop=1 ====
[11:29:28] planet 53: queued building_crystal_mine to 19
[11:29:28] research: blocked research_espionage_technology (building_laboratory 1/3)
[2026-05-11 11:29:59] ==== loop 5/∞ | seed=968175026105938324 archetype=turbo personality=flotero focus=eco actions_per_loop=1 ====
[11:29:59] planet 53: queued building_crystal_mine to 20
[2026-05-11 11:30:44] ==== loop 6/∞ | seed=968175026105938324 archetype=turbo personality=flotero focus=eco actions_per_loop=1 ====
[11:30:45] planet 53: queued building_metal_mine to 10
[11:30:45] research: blocked research_espionage_technology (building_laboratory 1/3)
[2026-05-11 11:31:32] ==== loop 7/∞ | seed=968175026105938324 archetype=turbo personality=flotero focus=eco actions_per_loop=1 ====
[11:31:32] alliance: application cleared (rejected or cancelled) ally=1
[11:31:32] alliance: create id=4 tag=BOT231
[11:31:32] planet 53: queued building_metal_mine to 11
[2026-05-11 11:32:26] ==== loop 8/∞ | seed=968175026105938324 archetype=turbo personality=flotero focus=eco actions_per_loop=1 ====
[11:32:27] planet 53: queued building_metal_mine to 12
[11:32:27] research: blocked research_espionage_technology (building_laboratory 1/3)
[2026-05-11 11:33:14] ==== loop 9/∞ | seed=968175026105938324 archetype=turbo personality=flotero focus=eco actions_per_loop=1 ====
[11:33:15] planet 53: building queue full (5)
[11:33:15] research: blocked research_espionage_technology (building_laboratory 1/3)
[2026-05-11 11:33:58] ==== loop 10/∞ | seed=968175026105938324 archetype=turbo personality=flotero focus=eco actions_per_loop=1 ====
[11:33:59] planet 53: building queue full (5)
[2026-05-11 11:36:07] ==== loop 2/∞ | seed=968175026105938324 archetype=turbo personality=flotero focus=eco actions_per_loop=1 ====
[11:36:07] planet 53: queued building_metal_mine to 13
[2026-05-11 11:36:57] ==== loop 3/∞ | seed=968175026105938324 archetype=turbo personality=flotero focus=eco actions_per_loop=1 ====
[11:36:58] planet 53: building queue full (5)
[2026-05-11 11:37:51] ==== loop 1/∞ | seed=968175026105938324 archetype=turbo personality=flotero focus=eco actions_per_loop=1 ====
[11:37:52] alliance: dissolve
[11:37:52] planet 53: building queue full (5)
[11:37:52] research: blocked research_espionage_technology (building_laboratory 1/3)
[2026-05-11 11:39:27] ==== loop 3/∞ | seed=968175026105938324 archetype=turbo personality=flotero focus=eco actions_per_loop=1 ====
[11:39:28] planet 53: building queue full (5)
[2026-05-11 11:40:12] ==== loop 4/∞ | seed=968175026105938324 archetype=turbo personality=flotero focus=eco actions_per_loop=1 ====
[11:40:12] planet 53: queued ship_solar_satellite +12
[11:40:12] research: blocked research_espionage_technology (building_laboratory 1/3)
[2026-05-11 11:41:00] ==== loop 5/∞ | seed=968175026105938324 archetype=turbo personality=flotero focus=eco actions_per_loop=1 ====
[11:41:00] planet 53: queued building_deuterium_sintetizer to 16
[11:41:00] research: blocked research_espionage_technology (building_laboratory 1/3)
[2026-05-11 11:41:42] ==== loop 6/∞ | seed=968175026105938324 archetype=turbo personality=flotero focus=eco actions_per_loop=1 ====
[11:41:43] planet 53: queued building_deuterium_sintetizer to 17
[11:41:43] research: blocked research_espionage_technology (building_laboratory 1/3)
[2026-05-11 11:42:55] ==== loop 1/∞ | seed=968175026105938324 archetype=turbo personality=flotero focus=eco actions_per_loop=1 ====
[11:42:56] planet 53: queued building_deuterium_sintetizer to 18
[2026-05-11 11:43:40] ==== loop 2/∞ | seed=968175026105938324 archetype=turbo personality=flotero focus=eco actions_per_loop=1 ====
[11:43:40] planet 53: queued building_deuterium_sintetizer to 19
[11:43:40] research: blocked research_espionage_technology (building_laboratory 1/3)
[2026-05-11 11:44:23] ==== loop 3/∞ | seed=968175026105938324 archetype=turbo personality=flotero focus=eco actions_per_loop=1 ====
[11:44:23] planet 53: queued ship_solar_satellite +4
[11:44:23] research: blocked research_espionage_technology (building_laboratory 1/3)
[2026-05-11 11:45:30] ==== loop 1/∞ | seed=968175026105938324 archetype=turbo personality=flotero focus=eco actions_per_loop=1 ====
[11:45:31] planet 53: queued building_deuterium_sintetizer to 20
[2026-05-11 11:46:11] ==== loop 2/∞ | seed=968175026105938324 archetype=turbo personality=flotero focus=eco actions_per_loop=1 ====
[11:46:12] alliance: create id=5 tag=BOT231
[11:46:12] planet 53: queued building_deuterium_sintetizer to 21
[11:46:12] research: blocked research_espionage_technology (building_laboratory 1/3)
[2026-05-11 11:47:30] ==== loop 4/∞ | seed=968175026105938324 archetype=turbo personality=flotero focus=eco actions_per_loop=1 ====
[11:47:30] planet 53: queued ship_solar_satellite +5
[2026-05-11 11:48:10] ==== loop 5/∞ | seed=968175026105938324 archetype=turbo personality=flotero focus=eco actions_per_loop=1 ====
[11:48:11] planet 53: queued building_deuterium_sintetizer to 22
[11:48:11] research: blocked research_espionage_technology (building_laboratory 1/3)
[2026-05-11 11:49:29] ==== loop 7/∞ | seed=968175026105938324 archetype=turbo personality=flotero focus=eco actions_per_loop=1 ====
[11:49:30] planet 53: queued building_deuterium_sintetizer to 23
[2026-05-11 11:50:12] ==== loop 8/∞ | seed=968175026105938324 archetype=turbo personality=flotero focus=eco actions_per_loop=1 ====
[11:50:13] planet 53: queued ship_heavy_fighter +5
[2026-05-11 11:51:33] ==== loop 10/∞ | seed=968175026105938324 archetype=turbo personality=flotero focus=eco actions_per_loop=1 ====
[11:51:34] planet 53: queued ship_heavy_fighter +5
[11:51:34] research: blocked research_espionage_technology (building_laboratory 1/3)
[2026-05-11 11:52:17] ==== loop 11/∞ | seed=968175026105938324 archetype=turbo personality=flotero focus=eco actions_per_loop=1 ====
[11:52:18] planet 53: queued ship_solar_satellite +6
[11:52:18] research: blocked research_espionage_technology (building_laboratory 1/3)
[2026-05-11 11:53:02] ==== loop 12/∞ | seed=968175026105938324 archetype=turbo personality=flotero focus=eco actions_per_loop=1 ====
[11:53:02] planet 53: queued ship_heavy_fighter +5
[11:53:02] research: blocked research_espionage_technology (building_laboratory 1/3)
[2026-05-11 11:53:41] ==== loop 13/∞ | seed=968175026105938324 archetype=turbo personality=flotero focus=eco actions_per_loop=1 ====
[11:53:42] planet 53: queued ship_heavy_fighter +5
[11:53:42] research: blocked research_espionage_technology (building_laboratory 1/3)
[2026-05-11 11:54:20] ==== loop 14/∞ | seed=968175026105938324 archetype=turbo personality=flotero focus=eco actions_per_loop=1 ====
[11:54:21] planet 53: queued ship_heavy_fighter +5
[11:54:21] research: blocked research_espionage_technology (building_laboratory 1/3)
[2026-05-11 11:55:09] ==== loop 15/∞ | seed=968175026105938324 archetype=turbo personality=flotero focus=eco actions_per_loop=1 ====
[11:55:10] planet 53: queued ship_heavy_fighter +5
[11:55:10] research: blocked research_espionage_technology (building_laboratory 1/3)
[2026-05-11 11:55:52] ==== loop 16/∞ | seed=968175026105938324 archetype=turbo personality=flotero focus=eco actions_per_loop=1 ====
[11:55:53] planet 53: queued ship_heavy_fighter +5
[11:55:53] research: blocked research_espionage_technology (building_laboratory 1/3)
[2026-05-11 11:57:15] ==== loop 18/∞ | seed=968175026105938324 archetype=turbo personality=flotero focus=eco actions_per_loop=1 ====
[11:57:15] planet 53: queued ship_heavy_fighter +5
[2026-05-11 11:57:59] ==== loop 19/∞ | seed=968175026105938324 archetype=turbo personality=flotero focus=eco actions_per_loop=1 ====
[11:58:00] planet 53: queued ship_heavy_fighter +5
[11:58:00] research: blocked research_espionage_technology (building_laboratory 1/3)
[2026-05-11 11:58:42] ==== loop 20/∞ | seed=968175026105938324 archetype=turbo personality=flotero focus=eco actions_per_loop=1 ====
[11:58:42] planet 53: queued ship_heavy_fighter +5
[11:58:42] research: blocked research_espionage_technology (building_laboratory 1/3)
[2026-05-11 11:59:27] ==== loop 21/∞ | seed=968175026105938324 archetype=turbo personality=flotero focus=eco actions_per_loop=1 ====
[11:59:28] planet 53: queued ship_solar_satellite +6
[11:59:28] research: blocked research_espionage_technology (building_laboratory 1/3)
[2026-05-11 12:00:14] ==== loop 22/∞ | seed=968175026105938324 archetype=turbo personality=flotero focus=eco actions_per_loop=1 ====
[12:00:14] planet 53: queue busy, throttled building_hangar
[2026-05-11 12:01:01] ==== loop 23/∞ | seed=968175026105938324 archetype=turbo personality=flotero focus=eco actions_per_loop=1 ====
[12:01:01] planet 53: queue busy, throttled building_hangar
[2026-05-11 12:01:42] ==== loop 24/∞ | seed=968175026105938324 archetype=turbo personality=flotero focus=eco actions_per_loop=1 ====
[12:01:42] planet 53: queue busy, throttled building_hangar
[12:01:42] research: blocked research_espionage_technology (building_laboratory 1/3)
[2026-05-11 12:02:27] ==== loop 25/∞ | seed=968175026105938324 archetype=turbo personality=flotero focus=eco actions_per_loop=1 ====
[12:02:27] planet 53: queue busy, throttled building_hangar
[12:02:27] research: blocked research_espionage_technology (building_laboratory 1/3)
[2026-05-11 12:03:03] ==== loop 26/∞ | seed=968175026105938324 archetype=turbo personality=flotero focus=eco actions_per_loop=1 ====
[12:03:03] planet 53: queue busy, throttled building_hangar
[12:03:03] research: blocked research_espionage_technology (building_laboratory 1/3)
[2026-05-11 12:03:42] ==== loop 27/∞ | seed=968175026105938324 archetype=turbo personality=flotero focus=eco actions_per_loop=1 ====
[12:03:42] planet 53: queue busy, throttled building_hangar
[12:03:42] research: blocked research_espionage_technology (building_laboratory 1/3)
[2026-05-11 12:05:48] ==== loop 30/∞ | seed=968175026105938324 archetype=turbo personality=flotero focus=eco actions_per_loop=1 ====
[12:05:48] planet 53: queue busy, throttled building_hangar
[2026-05-11 12:06:31] ==== loop 31/∞ | seed=968175026105938324 archetype=turbo personality=flotero focus=eco actions_per_loop=1 ====
[12:06:31] planet 53: queue busy, throttled building_hangar
[2026-05-11 12:07:59] ==== loop 33/∞ | seed=968175026105938324 archetype=turbo personality=flotero focus=eco actions_per_loop=1 ====
[12:07:59] planet 53: queue busy, throttled building_hangar
[12:07:59] research: blocked research_espionage_technology (building_laboratory 1/3)
[2026-05-11 12:08:43] ==== loop 34/∞ | seed=968175026105938324 archetype=turbo personality=flotero focus=eco actions_per_loop=1 ====
[12:08:43] planet 53: queue busy, throttled building_hangar
[2026-05-11 12:09:25] ==== loop 35/∞ | seed=968175026105938324 archetype=turbo personality=flotero focus=eco actions_per_loop=1 ====
[12:09:26] planet 53: queued ship_solar_satellite +7
[12:09:26] research: blocked research_espionage_technology (building_laboratory 1/3)
[2026-05-11 12:10:54] ==== loop 37/∞ | seed=968175026105938324 archetype=turbo personality=flotero focus=eco actions_per_loop=1 ====
[12:10:54] planet 53: queued building_metal_mine to 14
[12:10:54] research: blocked research_espionage_technology (building_laboratory 1/3)
[2026-05-11 12:11:51] ==== loop 1/∞ | seed=968175026105938324 archetype=turbo personality=flotero focus=eco actions_per_loop=1 ====
[12:11:52] planet 53: queued building_metal_mine to 15
[2026-05-11 12:12:31] ==== loop 2/∞ | seed=968175026105938324 archetype=turbo personality=flotero focus=eco actions_per_loop=1 ====
[12:12:31] planet 53: queued building_metal_mine to 16
[12:12:31] research: blocked research_espionage_technology (building_laboratory 1/3)
[2026-05-11 12:17:22] ==== loop 1/∞ | seed=968175026105938324 archetype=turbo personality=flotero focus=eco actions_per_loop=1 ====
[12:17:22] planet 53: building queue full (5)
[12:17:22] research: blocked research_espionage_technology (building_laboratory 1/3)
[2026-05-11 12:18:03] ==== loop 2/∞ | seed=968175026105938324 archetype=turbo personality=flotero focus=eco actions_per_loop=1 ====
[12:18:04] planet 53: building queue full (5)
[2026-05-11 12:18:41] ==== loop 3/∞ | seed=968175026105938324 archetype=turbo personality=flotero focus=eco actions_per_loop=1 ====
[12:18:41] planet 53: building queue full (5)
[12:18:41] research: blocked research_espionage_technology (building_laboratory 1/3)
[2026-05-11 12:19:18] ==== loop 4/∞ | seed=968175026105938324 archetype=turbo personality=flotero focus=eco actions_per_loop=1 ====
[12:19:19] planet 53: building queue full (5)
[12:19:19] research: blocked research_espionage_technology (building_laboratory 1/3)
[2026-05-11 12:20:33] ==== loop 6/∞ | seed=968175026105938324 archetype=turbo personality=flotero focus=eco actions_per_loop=1 ====
[12:20:33] planet 53: building queue full (5)
[12:20:33] research: blocked research_espionage_technology (building_laboratory 1/3)
[2026-05-11 12:21:06] ==== loop 7/∞ | seed=968175026105938324 archetype=turbo personality=flotero focus=eco actions_per_loop=1 ====
[12:21:06] planet 53: building queue full (5)
[2026-05-11 12:21:42] ==== loop 8/∞ | seed=968175026105938324 archetype=turbo personality=flotero focus=eco actions_per_loop=1 ====
[12:21:43] planet 53: building queue full (5)
[2026-05-11 12:22:20] ==== loop 9/∞ | seed=968175026105938324 archetype=turbo personality=flotero focus=eco actions_per_loop=1 ====
[12:22:21] planet 53: building queue full (5)
[2026-05-11 12:22:56] ==== loop 10/∞ | seed=968175026105938324 archetype=turbo personality=flotero focus=eco actions_per_loop=1 ====
[12:22:57] planet 53: building queue full (5)
[2026-05-11 12:23:31] ==== loop 11/∞ | seed=968175026105938324 archetype=turbo personality=flotero focus=eco actions_per_loop=1 ====
[12:23:31] planet 53: building queue full (5)
[2026-05-11 12:24:09] ==== loop 12/∞ | seed=968175026105938324 archetype=turbo personality=flotero focus=eco actions_per_loop=1 ====
[12:24:09] planet 53: building queue full (5)
[2026-05-11 12:24:43] ==== loop 13/∞ | seed=968175026105938324 archetype=turbo personality=flotero focus=eco actions_per_loop=1 ====
[12:24:43] planet 53: queued ship_solar_satellite +9
[2026-05-11 12:25:22] ==== loop 14/∞ | seed=968175026105938324 archetype=turbo personality=flotero focus=eco actions_per_loop=1 ====
[12:25:23] planet 53: queued building_deuterium_tank to 8
[12:25:23] research: blocked research_espionage_technology (building_laboratory 1/3)
[2026-05-11 12:26:01] ==== loop 15/∞ | seed=968175026105938324 archetype=turbo personality=flotero focus=eco actions_per_loop=1 ====
[12:26:01] planet 53: building queue full (5)
[12:26:01] research: blocked research_espionage_technology (building_laboratory 1/3)
[2026-05-11 12:28:32] ==== loop 19/∞ | seed=968175026105938324 archetype=turbo personality=flotero focus=eco actions_per_loop=1 ====
[12:28:32] planet 53: building queue full (5)
[12:28:32] research: blocked research_espionage_technology (building_laboratory 1/3)
[2026-05-11 12:29:13] ==== loop 20/∞ | seed=968175026105938324 archetype=turbo personality=flotero focus=eco actions_per_loop=1 ====
[12:29:14] planet 53: building queue full (5)
[12:29:14] research: blocked research_espionage_technology (building_laboratory 1/3)
[2026-05-11 12:29:53] ==== loop 21/∞ | seed=968175026105938324 archetype=turbo personality=flotero focus=eco actions_per_loop=1 ====
[12:29:54] planet 53: building queue full (5)
[2026-05-11 12:30:34] ==== loop 22/∞ | seed=968175026105938324 archetype=turbo personality=flotero focus=eco actions_per_loop=1 ====
[12:30:34] planet 53: building queue full (5)
[12:30:34] research: blocked research_espionage_technology (building_laboratory 1/3)
[2026-05-11 12:31:19] ==== loop 23/∞ | seed=968175026105938324 archetype=turbo personality=flotero focus=eco actions_per_loop=1 ====
[12:31:20] planet 53: building queue full (5)
[12:31:20] research: blocked research_espionage_technology (building_laboratory 1/3)
[2026-05-11 12:32:05] ==== loop 24/∞ | seed=968175026105938324 archetype=turbo personality=flotero focus=eco actions_per_loop=1 ====
[12:32:05] planet 53: building queue full (5)
[12:32:05] research: blocked research_espionage_technology (building_laboratory 1/3)
[2026-05-11 12:33:37] ==== loop 26/∞ | seed=968175026105938324 archetype=turbo personality=flotero focus=eco actions_per_loop=1 ====
[12:33:37] planet 53: building queue full (5)
[12:33:37] research: blocked research_espionage_technology (building_laboratory 1/3)
[2026-05-11 12:34:19] ==== loop 27/∞ | seed=968175026105938324 archetype=turbo personality=flotero focus=eco actions_per_loop=1 ====
[12:34:19] planet 53: building queue full (5)
[12:34:19] research: blocked research_espionage_technology (building_laboratory 1/3)
[2026-05-11 12:35:03] ==== loop 28/∞ | seed=968175026105938324 archetype=turbo personality=flotero focus=eco actions_per_loop=1 ====
[12:35:04] planet 53: building queue full (5)
[12:35:04] research: blocked research_espionage_technology (building_laboratory 1/3)
[2026-05-11 12:35:47] ==== loop 29/∞ | seed=968175026105938324 archetype=turbo personality=flotero focus=eco actions_per_loop=1 ====
[12:35:48] planet 53: building queue full (5)
[2026-05-11 12:36:33] ==== loop 30/∞ | seed=968175026105938324 archetype=turbo personality=flotero focus=eco actions_per_loop=1 ====
[12:36:34] planet 53: building queue full (5)
[2026-05-11 12:38:01] ==== loop 32/∞ | seed=968175026105938324 archetype=turbo personality=flotero focus=eco actions_per_loop=1 ====
[12:38:02] planet 53: building queue full (5)
[2026-05-11 12:38:45] ==== loop 33/∞ | seed=968175026105938324 archetype=turbo personality=flotero focus=eco actions_per_loop=1 ====
[12:38:45] planet 53: building queue full (5)
[2026-05-11 12:40:09] ==== loop 35/∞ | seed=968175026105938324 archetype=turbo personality=flotero focus=eco actions_per_loop=1 ====
[12:40:10] planet 53: building queue full (5)
[2026-05-11 12:40:49] ==== loop 36/∞ | seed=968175026105938324 archetype=turbo personality=flotero focus=eco actions_per_loop=1 ====
[12:40:49] planet 53: building queue full (5)
[2026-05-11 12:41:24] ==== loop 37/∞ | seed=968175026105938324 archetype=turbo personality=flotero focus=eco actions_per_loop=1 ====
[12:41:24] planet 53: building queue full (5)
[12:41:24] research: blocked research_espionage_technology (building_laboratory 1/3)
[2026-05-11 12:42:00] ==== loop 38/∞ | seed=968175026105938324 archetype=turbo personality=flotero focus=eco actions_per_loop=1 ====
[12:42:01] planet 53: building queue full (5)
[2026-05-11 12:42:42] ==== loop 39/∞ | seed=968175026105938324 archetype=turbo personality=flotero focus=mil actions_per_loop=1 ====
[12:42:43] planet 53: building queue full (5)
[12:42:43] research: blocked research_espionage_technology (building_laboratory 1/3)
[2026-05-11 12:43:17] ==== loop 40/∞ | seed=968175026105938324 archetype=turbo personality=flotero focus=mil actions_per_loop=1 ====
[12:43:17] planet 53: building queue full (5)
[2026-05-11 12:44:35] ==== loop 42/∞ | seed=968175026105938324 archetype=turbo personality=flotero focus=mil actions_per_loop=1 ====
[12:44:35] planet 53: building queue full (5)
[2026-05-11 12:45:12] ==== loop 43/∞ | seed=968175026105938324 archetype=turbo personality=flotero focus=mil actions_per_loop=1 ====
[12:45:12] planet 53: building queue full (5)
[12:45:12] research: blocked research_espionage_technology (building_laboratory 1/3)
[2026-05-11 12:45:47] ==== loop 44/∞ | seed=968175026105938324 archetype=turbo personality=flotero focus=mil actions_per_loop=1 ====
[12:45:48] planet 53: building queue full (5)
[2026-05-11 12:46:25] ==== loop 45/∞ | seed=968175026105938324 archetype=turbo personality=flotero focus=mil actions_per_loop=1 ====
[12:46:25] planet 53: building queue full (5)
[12:46:25] research: blocked research_espionage_technology (building_laboratory 1/3)
[2026-05-11 12:47:04] ==== loop 46/∞ | seed=968175026105938324 archetype=turbo personality=flotero focus=mil actions_per_loop=1 ====
[12:47:04] planet 53: building queue full (5)
[2026-05-11 12:47:40] ==== loop 47/∞ | seed=968175026105938324 archetype=turbo personality=flotero focus=mil actions_per_loop=1 ====
[12:47:40] planet 53: queued ship_solar_satellite +11
[12:47:40] research: blocked research_espionage_technology (building_laboratory 1/3)
[2026-05-11 12:48:13] ==== loop 48/∞ | seed=968175026105938324 archetype=turbo personality=flotero focus=mil actions_per_loop=1 ====
[12:48:14] planet 53: queued building_deuterium_tank to 9
[2026-05-11 12:48:50] ==== loop 49/∞ | seed=968175026105938324 archetype=turbo personality=flotero focus=mil actions_per_loop=1 ====
[12:48:50] planet 53: queued building_deuterium_tank to 10
[2026-05-11 12:50:49] ==== loop 52/∞ | seed=968175026105938324 archetype=turbo personality=flotero focus=mil actions_per_loop=1 ====
[12:50:49] planet 53: queued defense_heavy_laser +8
[12:50:49] research: blocked research_espionage_technology (building_laboratory 1/3)
[2026-05-11 12:51:22] ==== loop 53/∞ | seed=968175026105938324 archetype=turbo personality=flotero focus=mil actions_per_loop=1 ====
[12:51:23] planet 53: queued defense_heavy_laser +5
[2026-05-11 12:52:35] ==== loop 55/∞ | seed=968175026105938324 archetype=turbo personality=flotero focus=mil actions_per_loop=1 ====
[12:52:36] planet 53: queued defense_rocket_launcher +8
[12:52:36] research: blocked research_espionage_technology (building_laboratory 1/3)
[2026-05-11 12:53:14] ==== loop 56/∞ | seed=968175026105938324 archetype=turbo personality=flotero focus=mil actions_per_loop=1 ====
[12:53:15] planet 53: queued defense_rocket_launcher +8
[12:53:15] research: blocked research_espionage_technology (building_laboratory 1/3)
[2026-05-11 12:53:47] ==== loop 57/∞ | seed=968175026105938324 archetype=turbo personality=flotero focus=mil actions_per_loop=1 ====
[12:53:47] planet 53: queued defense_rocket_launcher +8
[12:53:47] research: blocked research_espionage_technology (building_laboratory 1/3)
[2026-05-11 12:54:57] ==== loop 59/∞ | seed=968175026105938324 archetype=turbo personality=flotero focus=mil actions_per_loop=1 ====
[12:54:57] planet 53: queued defense_rocket_launcher +8
[2026-05-11 12:55:33] ==== loop 60/∞ | seed=968175026105938324 archetype=turbo personality=flotero focus=mil actions_per_loop=1 ====
[12:55:34] planet 53: queued defense_rocket_launcher +8
[12:55:34] research: blocked research_espionage_technology (building_laboratory 1/3)
[2026-05-11 12:56:05] ==== loop 61/∞ | seed=968175026105938324 archetype=turbo personality=flotero focus=mil actions_per_loop=1 ====
[12:56:06] planet 53: queued defense_rocket_launcher +8
[12:56:06] research: blocked research_espionage_technology (building_laboratory 1/3)
[2026-05-11 12:56:40] ==== loop 62/∞ | seed=968175026105938324 archetype=turbo personality=flotero focus=mil actions_per_loop=1 ====
[12:56:41] planet 53: queued defense_rocket_launcher +4
[2026-05-11 12:57:19] ==== loop 63/∞ | seed=968175026105938324 archetype=turbo personality=flotero focus=mil actions_per_loop=1 ====
[12:57:19] planet 53: queued building_laboratory to 2
[2026-05-11 12:57:54] ==== loop 64/∞ | seed=968175026105938324 archetype=turbo personality=flotero focus=mil actions_per_loop=1 ====
[12:57:55] planet 53: queued building_laboratory to 3
[2026-05-11 12:58:30] ==== loop 65/∞ | seed=968175026105938324 archetype=turbo personality=flotero focus=mil actions_per_loop=1 ====
[12:58:30] planet 53: queue busy, throttled building_laboratory
[12:58:30] research: blocked research_espionage_technology (building_laboratory 1/3)
[2026-05-11 12:59:09] ==== loop 66/∞ | seed=968175026105938324 archetype=turbo personality=flotero focus=mil actions_per_loop=1 ====
[12:59:09] planet 53: queue busy, throttled building_laboratory
[12:59:09] research: blocked research_espionage_technology (building_laboratory 1/3)
[2026-05-11 13:00:18] ==== loop 68/∞ | seed=968175026105938324 archetype=turbo personality=flotero focus=mil actions_per_loop=1 ====
[13:00:19] planet 53: queued building_metal_store to 7
[2026-05-11 13:00:58] ==== loop 69/∞ | seed=968175026105938324 archetype=turbo personality=flotero focus=mil actions_per_loop=1 ====
[13:00:59] planet 53: queued building_metal_store to 8
[13:00:59] research: blocked research_espionage_technology (building_laboratory 1/3)
[2026-05-11 13:01:33] ==== loop 70/∞ | seed=968175026105938324 archetype=turbo personality=flotero focus=mil actions_per_loop=1 ====
[13:01:34] planet 53: building queue full (5)
[2026-05-11 13:02:43] ==== loop 72/∞ | seed=968175026105938324 archetype=turbo personality=flotero focus=mil actions_per_loop=1 ====
[13:02:43] planet 53: building queue full (5)
[2026-05-11 13:03:19] ==== loop 73/∞ | seed=968175026105938324 archetype=turbo personality=flotero focus=mil actions_per_loop=1 ====
[13:03:20] planet 53: building queue full (5)
[2026-05-11 13:03:54] ==== loop 74/∞ | seed=968175026105938324 archetype=turbo personality=flotero focus=mil actions_per_loop=1 ====
[13:03:55] planet 53: building queue full (5)
[2026-05-11 13:04:28] ==== loop 75/∞ | seed=968175026105938324 archetype=turbo personality=flotero focus=mil actions_per_loop=1 ====
[13:04:29] planet 53: building queue full (5)
[13:04:29] research: blocked research_espionage_technology (building_laboratory 1/3)
[2026-05-11 13:05:04] ==== loop 76/∞ | seed=968175026105938324 archetype=turbo personality=flotero focus=mil actions_per_loop=1 ====
[13:05:04] planet 53: building queue full (5)
[2026-05-11 13:05:40] ==== loop 77/∞ | seed=968175026105938324 archetype=turbo personality=flotero focus=mil actions_per_loop=1 ====
[13:05:41] planet 53: building queue full (5)
[2026-05-11 13:06:14] ==== loop 78/∞ | seed=968175026105938324 archetype=turbo personality=flotero focus=mil actions_per_loop=1 ====
[13:06:14] planet 53: building queue full (5)
[13:06:14] research: blocked research_espionage_technology (building_laboratory 1/3)
[2026-05-11 13:06:47] ==== loop 79/∞ | seed=968175026105938324 archetype=turbo personality=flotero focus=mil actions_per_loop=1 ====
[13:06:48] planet 53: queued building_metal_store to 9
[13:06:48] research: blocked research_espionage_technology (building_laboratory 1/3)
[2026-05-11 13:07:27] ==== loop 80/∞ | seed=968175026105938324 archetype=turbo personality=flotero focus=mil actions_per_loop=1 ====
[13:07:28] planet 53: queued building_metal_store to 10
[13:07:28] research: upgraded research_espionage_technology to 1
[2026-05-11 13:07:58] ==== loop 81/∞ | seed=968175026105938324 archetype=turbo personality=flotero focus=mil actions_per_loop=1 ====
[13:07:59] planet 53: queued building_metal_store to 11
[13:07:59] research: upgraded research_espionage_technology to 2
[2026-05-11 13:08:28] ==== loop 82/∞ | seed=968175026105938324 archetype=turbo personality=flotero focus=mil actions_per_loop=1 ====
[13:08:28] planet 53: no resources for building_crystal_store+1
[13:08:28] research: upgraded research_espionage_technology to 3
[2026-05-11 13:09:39] ==== loop 84/∞ | seed=968175026105938324 archetype=turbo personality=flotero focus=mil actions_per_loop=1 ====
[13:09:40] planet 53: no resources for building_crystal_store+1
[2026-05-11 13:10:24] ==== loop 85/∞ | seed=968175026105938324 archetype=turbo personality=flotero focus=mil actions_per_loop=1 ====
[13:10:24] planet 53: queued defense_gauss_cannon +8
[2026-05-11 13:11:06] ==== loop 86/∞ | seed=968175026105938324 archetype=turbo personality=flotero focus=mil actions_per_loop=1 ====
[13:11:07] planet 53: queued ship_small_cargo_ship +8
[2026-05-11 13:11:51] ==== loop 87/∞ | seed=968175026105938324 archetype=turbo personality=flotero focus=mil actions_per_loop=1 ====
[13:11:52] planet 53: queued ship_small_cargo_ship +8
[2026-05-11 13:12:34] ==== loop 88/∞ | seed=968175026105938324 archetype=turbo personality=flotero focus=mil actions_per_loop=1 ====
[13:12:34] planet 53: queued ship_small_cargo_ship +8
[2026-05-11 13:13:14] ==== loop 89/∞ | seed=968175026105938324 archetype=turbo personality=flotero focus=mil actions_per_loop=1 ====
[13:13:15] planet 53: queued ship_small_cargo_ship +8
[13:13:15] research: upgraded research_espionage_technology to 4
[2026-05-11 13:13:56] ==== loop 90/∞ | seed=968175026105938324 archetype=turbo personality=flotero focus=mil actions_per_loop=1 ====
[13:13:57] planet 53: queued ship_small_cargo_ship +8
[2026-05-11 13:14:41] ==== loop 91/∞ | seed=968175026105938324 archetype=turbo personality=flotero focus=mil actions_per_loop=1 ====
[13:14:41] planet 53: queued ship_small_cargo_ship +8
[2026-05-11 13:15:27] ==== loop 92/∞ | seed=968175026105938324 archetype=turbo personality=flotero focus=mil actions_per_loop=1 ====
[13:15:28] planet 53: queued ship_small_cargo_ship +8
[13:15:28] research: upgraded research_impulse_drive to 1
[2026-05-11 13:16:12] ==== loop 93/∞ | seed=968175026105938324 archetype=turbo personality=flotero focus=mil actions_per_loop=1 ====
[13:16:12] planet 53: queued ship_small_cargo_ship +8
[2026-05-11 13:17:02] ==== loop 94/∞ | seed=968175026105938324 archetype=turbo personality=flotero focus=mil actions_per_loop=1 ====
[13:17:03] planet 53: queued ship_small_cargo_ship +8
[13:17:03] research: upgraded research_impulse_drive to 2
[2026-05-11 13:18:32] ==== loop 96/∞ | seed=968175026105938324 archetype=turbo personality=flotero focus=mil actions_per_loop=1 ====
[13:18:33] planet 53: queued ship_small_cargo_ship +8
[13:18:33] research: upgraded research_impulse_drive to 3
[2026-05-11 13:19:21] ==== loop 97/∞ | seed=968175026105938324 archetype=turbo personality=flotero focus=mil actions_per_loop=1 ====
[13:19:21] planet 53: queued ship_small_cargo_ship +8
[13:19:21] research: upgraded research_impulse_drive to 4
[2026-05-11 13:20:00] ==== loop 98/∞ | seed=968175026105938324 archetype=turbo personality=flotero focus=mil actions_per_loop=1 ====
[13:20:01] planet 53: queued building_deuterium_tank to 11
[2026-05-11 13:20:42] ==== loop 99/∞ | seed=968175026105938324 archetype=turbo personality=flotero focus=mil actions_per_loop=1 ====
[13:20:43] planet 53: queued building_deuterium_tank to 12
[2026-05-11 13:21:25] ==== loop 100/∞ | seed=968175026105938324 archetype=turbo personality=flotero focus=mil actions_per_loop=1 ====
[13:21:26] planet 53: queued building_deuterium_tank to 13
[2026-05-11 13:22:32] ==== loop 1/∞ | seed=968175026105938324 archetype=turbo personality=flotero focus=mil actions_per_loop=1 ====
[13:22:32] planet 53: queued building_deuterium_tank to 14
[2026-05-11 13:23:15] ==== loop 2/∞ | seed=968175026105938324 archetype=turbo personality=flotero focus=mil actions_per_loop=1 ====
[13:23:15] planet 53: no resources for building_deuterium_tank+1
[2026-05-11 13:24:02] ==== loop 3/∞ | seed=968175026105938324 archetype=turbo personality=flotero focus=mil actions_per_loop=1 ====
[13:24:03] planet 53: no resources for building_deuterium_tank+1
[13:24:03] research: upgraded research_impulse_drive to 5
[2026-05-11 13:24:47] ==== loop 4/∞ | seed=968175026105938324 archetype=turbo personality=flotero focus=mil actions_per_loop=1 ====
[13:24:48] planet 53: no resources for building_deuterium_tank+1
[2026-05-11 13:26:14] ==== loop 6/∞ | seed=968175026105938324 archetype=turbo personality=flotero focus=mil actions_per_loop=1 ====
[13:26:15] planet 53: no resources for building_deuterium_tank+1
[2026-05-11 13:26:54] ==== loop 7/∞ | seed=968175026105938324 archetype=turbo personality=flotero focus=mil actions_per_loop=1 ====
[13:26:55] planet 53: no resources for building_deuterium_tank+1
[2026-05-11 13:27:35] ==== loop 8/∞ | seed=968175026105938324 archetype=turbo personality=flotero focus=mil actions_per_loop=1 ====
[13:27:36] planet 53: no resources for building_deuterium_tank+1
[13:27:36] research: upgraded research_impulse_drive to 6
[2026-05-11 13:28:22] ==== loop 9/∞ | seed=968175026105938324 archetype=turbo personality=flotero focus=mil actions_per_loop=1 ====
[13:28:23] planet 53: no resources for building_deuterium_tank+1
[2026-05-11 13:29:03] ==== loop 10/∞ | seed=968175026105938324 archetype=turbo personality=flotero focus=mil actions_per_loop=1 ====
[13:29:03] planet 53: no resources for building_deuterium_tank+1
[13:29:03] research: upgraded research_armour_technology to 1
[2026-05-11 13:29:43] ==== loop 11/∞ | seed=968175026105938324 archetype=turbo personality=flotero focus=mil actions_per_loop=1 ====
[13:29:43] planet 53: no resources for building_deuterium_tank+1
[13:29:43] research: upgraded research_armour_technology to 2
[2026-05-11 13:30:21] ==== loop 12/∞ | seed=968175026105938324 archetype=turbo personality=flotero focus=mil actions_per_loop=1 ====
[13:30:21] planet 53: queued ship_light_fighter +5
[13:30:21] research: upgraded research_armour_technology to 3
[2026-05-11 13:31:04] ==== loop 13/∞ | seed=968175026105938324 archetype=turbo personality=flotero focus=mil actions_per_loop=1 ====
[13:31:05] planet 53: queued ship_light_fighter +5
[13:31:05] research: upgraded research_armour_technology to 4
[2026-05-11 13:31:48] ==== loop 14/∞ | seed=968175026105938324 archetype=turbo personality=flotero focus=mil actions_per_loop=1 ====
[13:31:49] planet 53: queued ship_light_fighter +5
[2026-05-11 13:32:32] ==== loop 15/∞ | seed=968175026105938324 archetype=turbo personality=flotero focus=mil actions_per_loop=1 ====
[13:32:33] planet 53: queued ship_light_fighter +5
[2026-05-11 13:33:18] ==== loop 16/∞ | seed=968175026105938324 archetype=turbo personality=flotero focus=mil actions_per_loop=1 ====
[13:33:19] planet 53: queued ship_light_fighter +5
[2026-05-11 13:34:50] ==== loop 18/∞ | seed=968175026105938324 archetype=turbo personality=flotero focus=mil actions_per_loop=1 ====
[13:34:51] planet 53: queued ship_light_fighter +5
[13:34:51] research: upgraded research_armour_technology to 5
[2026-05-11 13:35:39] ==== loop 19/∞ | seed=968175026105938324 archetype=turbo personality=flotero focus=mil actions_per_loop=1 ====
[13:35:40] planet 53: queued ship_light_fighter +5
[2026-05-11 13:36:30] ==== loop 20/∞ | seed=968175026105938324 archetype=turbo personality=flotero focus=mil actions_per_loop=1 ====
[13:36:31] planet 53: queued ship_light_fighter +5
[13:36:31] research: upgraded research_armour_technology to 6
[2026-05-11 13:37:16] ==== loop 21/∞ | seed=968175026105938324 archetype=turbo personality=flotero focus=mil actions_per_loop=1 ====
[13:37:17] planet 53: queued ship_light_fighter +5
[13:37:17] research: upgraded research_armour_technology to 7
[2026-05-11 13:38:06] ==== loop 22/∞ | seed=968175026105938324 archetype=turbo personality=flotero focus=mil actions_per_loop=1 ====
[13:38:07] planet 53: queued ship_light_fighter +5
[13:38:07] research: upgraded research_armour_technology to 8
[2026-05-11 13:38:53] ==== loop 23/∞ | seed=968175026105938324 archetype=turbo personality=flotero focus=mil actions_per_loop=1 ====
[13:38:54] planet 53: queued ship_light_fighter +5
[2026-05-11 13:39:40] ==== loop 24/∞ | seed=968175026105938324 archetype=turbo personality=flotero focus=mil actions_per_loop=1 ====
[13:39:41] planet 53: queued ship_light_fighter +5
[13:39:41] research: upgraded research_armour_technology to 9
[2026-05-11 13:40:30] ==== loop 25/∞ | seed=968175026105938324 archetype=turbo personality=flotero focus=mil actions_per_loop=1 ====
[13:40:30] planet 53: no resources for building_deuterium_tank+1
[13:40:30] research: upgraded research_armour_technology to 10
[2026-05-11 13:42:04] ==== loop 27/∞ | seed=968175026105938324 archetype=turbo personality=flotero focus=mil actions_per_loop=1 ====
[13:42:04] planet 53: no resources for building_deuterium_tank+1
[13:42:04] research: upgraded research_astrophysics to 1
[2026-05-11 13:42:44] ==== loop 28/∞ | seed=968175026105938324 archetype=turbo personality=flotero focus=mil actions_per_loop=1 ====
[13:42:44] planet 53: no resources for building_deuterium_tank+1
[2026-05-11 13:43:28] ==== loop 29/∞ | seed=968175026105938324 archetype=turbo personality=flotero focus=mil actions_per_loop=1 ====
[13:43:29] planet 53: no resources for building_deuterium_tank+1
[13:43:29] research: upgraded research_astrophysics to 2
[2026-05-11 13:44:12] ==== loop 30/∞ | seed=968175026105938324 archetype=turbo personality=flotero focus=mil actions_per_loop=1 ====
[13:44:13] planet 53: no resources for building_deuterium_tank+1
[13:44:13] research: upgraded research_astrophysics to 3
[2026-05-11 13:45:02] ==== loop 31/∞ | seed=968175026105938324 archetype=turbo personality=flotero focus=mil actions_per_loop=1 ====
[13:45:02] planet 53: no resources for building_deuterium_tank+1
[2026-05-11 13:45:48] ==== loop 32/∞ | seed=968175026105938324 archetype=turbo personality=flotero focus=mil actions_per_loop=1 ====
[13:45:49] planet 53: no resources for building_deuterium_tank+1
[2026-05-11 13:47:15] ==== loop 34/∞ | seed=968175026105938324 archetype=turbo personality=flotero focus=mil actions_per_loop=1 ====
[13:47:16] planet 53: no resources for building_deuterium_tank+1
[13:47:16] research: upgraded research_astrophysics to 4
[2026-05-11 13:48:00] ==== loop 35/∞ | seed=968175026105938324 archetype=turbo personality=flotero focus=mil actions_per_loop=1 ====
[13:48:02] planet 53: no resources for building_deuterium_tank+1
[13:48:02] research: upgraded research_astrophysics to 5
[2026-05-11 13:48:52] ==== loop 36/∞ | seed=968175026105938324 archetype=turbo personality=flotero focus=mil actions_per_loop=1 ====
[13:48:53] planet 53: no resources for building_deuterium_tank+1
[13:48:53] research: upgraded research_astrophysics to 6
[2026-05-11 13:51:04] ==== loop 39/∞ | seed=968175026105938324 archetype=turbo personality=flotero focus=mil actions_per_loop=1 ====
[13:51:05] planet 53: no resources for building_deuterium_tank+1
[13:51:05] research: blocked research_weapons_technology (building_laboratory 3/4)
[2026-05-11 13:51:43] ==== loop 40/∞ | seed=968175026105938324 archetype=turbo personality=flotero focus=mil actions_per_loop=1 ====
[13:51:45] planet 53: no resources for building_deuterium_tank+1
[13:51:45] research: blocked research_weapons_technology (building_laboratory 3/4)
[2026-05-11 13:54:04] ==== loop 2/∞ | seed=968175026105938324 archetype=turbo personality=flotero focus=mil actions_per_loop=1 ====
[13:54:05] planet 53: no resources for building_deuterium_tank+1
[2026-05-11 13:54:44] ==== loop 3/∞ | seed=968175026105938324 archetype=turbo personality=flotero focus=mil actions_per_loop=1 ====
[13:54:45] planet 53: no resources for building_deuterium_tank+1
[13:54:45] research: blocked research_weapons_technology (building_laboratory 3/4)
[2026-05-11 13:55:31] ==== loop 4/∞ | seed=968175026105938324 archetype=turbo personality=flotero focus=mil actions_per_loop=1 ====
[13:55:32] planet 53: no resources for building_deuterium_tank+1
[13:55:32] research: blocked research_weapons_technology (building_laboratory 3/4)
[2026-05-11 13:56:17] ==== loop 5/∞ | seed=968175026105938324 archetype=turbo personality=flotero focus=mil actions_per_loop=1 ====
[13:56:18] planet 53: no resources for building_deuterium_tank+1
[2026-05-11 13:57:41] ==== loop 7/∞ | seed=968175026105938324 archetype=turbo personality=flotero focus=mil actions_per_loop=1 ====
[13:57:41] planet 53: no resources for building_deuterium_tank+1
[2026-05-11 13:58:21] ==== loop 8/∞ | seed=968175026105938324 archetype=turbo personality=flotero focus=mil actions_per_loop=1 ====
[13:58:22] planet 53: no resources for building_deuterium_tank+1
[2026-05-11 13:59:05] ==== loop 9/∞ | seed=968175026105938324 archetype=turbo personality=flotero focus=mil actions_per_loop=1 ====
[13:59:05] planet 53: no resources for building_deuterium_tank+1
[13:59:05] research: blocked research_weapons_technology (building_laboratory 3/4)
[2026-05-11 13:59:47] ==== loop 10/∞ | seed=968175026105938324 archetype=turbo personality=flotero focus=mil actions_per_loop=1 ====
[13:59:47] planet 53: no resources for building_deuterium_tank+1
[13:59:47] research: blocked research_weapons_technology (building_laboratory 3/4)
[2026-05-11 14:01:01] ==== loop 12/∞ | seed=968175026105938324 archetype=turbo personality=flotero focus=mil actions_per_loop=1 ====
[14:01:02] planet 53: queued building_metal_mine to 17
[2026-05-11 14:02:16] ==== loop 14/∞ | seed=968175026105938324 archetype=turbo personality=flotero focus=mil actions_per_loop=1 ====
[14:02:17] planet 53: queued building_metal_mine to 18
[14:02:17] research: blocked research_weapons_technology (building_laboratory 3/4)
[2026-05-11 14:03:00] ==== loop 15/∞ | seed=968175026105938324 archetype=turbo personality=flotero focus=mil actions_per_loop=1 ====
[14:03:00] planet 53: building queue full (5)
[14:03:00] research: blocked research_weapons_technology (building_laboratory 3/4)
[2026-05-11 14:03:39] ==== loop 16/∞ | seed=968175026105938324 archetype=turbo personality=flotero focus=mil actions_per_loop=1 ====
[14:03:40] planet 53: building queue full (5)
[2026-05-11 14:04:18] ==== loop 17/∞ | seed=968175026105938324 archetype=turbo personality=flotero focus=mil actions_per_loop=1 ====
[14:04:19] planet 53: building queue full (5)
[14:04:19] research: blocked research_weapons_technology (building_laboratory 3/4)
[2026-05-11 14:04:55] ==== loop 18/∞ | seed=968175026105938324 archetype=turbo personality=flotero focus=mil actions_per_loop=1 ====
[14:04:56] planet 53: building queue full (5)
[14:04:56] research: blocked research_weapons_technology (building_laboratory 3/4)
[2026-05-11 14:05:30] ==== loop 19/∞ | seed=968175026105938324 archetype=turbo personality=flotero focus=mil actions_per_loop=1 ====
[14:05:31] planet 53: building queue full (5)
[14:05:31] research: blocked research_weapons_technology (building_laboratory 3/4)
[2026-05-11 14:06:12] ==== loop 20/∞ | seed=968175026105938324 archetype=turbo personality=flotero focus=mil actions_per_loop=1 ====
[14:06:13] planet 53: building queue full (5)
[2026-05-11 14:07:24] ==== loop 22/∞ | seed=968175026105938324 archetype=turbo personality=flotero focus=mil actions_per_loop=1 ====
[14:07:24] planet 53: building queue full (5)
[2026-05-11 14:08:02] ==== loop 23/∞ | seed=968175026105938324 archetype=turbo personality=flotero focus=mil actions_per_loop=1 ====
[14:08:02] planet 53: building queue full (5)
[2026-05-11 14:08:40] ==== loop 24/∞ | seed=968175026105938324 archetype=turbo personality=flotero focus=mil actions_per_loop=1 ====
[14:08:40] planet 53: building queue full (5)
[14:08:40] research: blocked research_weapons_technology (building_laboratory 3/4)
[2026-05-11 14:09:17] ==== loop 25/∞ | seed=968175026105938324 archetype=turbo personality=flotero focus=mil actions_per_loop=1 ====
[14:09:18] planet 53: building queue full (5)
[14:09:18] research: blocked research_weapons_technology (building_laboratory 3/4)
[2026-05-11 14:09:53] ==== loop 26/∞ | seed=968175026105938324 archetype=turbo personality=flotero focus=mil actions_per_loop=1 ====
[14:09:54] planet 53: building queue full (5)
[2026-05-11 14:11:12] ==== loop 28/∞ | seed=968175026105938324 archetype=turbo personality=flotero focus=mil actions_per_loop=1 ====
[14:11:13] planet 53: no resources for building_deuterium_tank+1
[2026-05-11 14:11:55] ==== loop 29/∞ | seed=968175026105938324 archetype=turbo personality=flotero focus=mil actions_per_loop=1 ====
[14:11:56] planet 53: no resources for building_deuterium_tank+1
[2026-05-11 14:12:32] ==== loop 30/∞ | seed=968175026105938324 archetype=turbo personality=flotero focus=mil actions_per_loop=1 ====
[14:12:32] planet 53: no resources for building_deuterium_tank+1
[14:12:32] research: blocked research_weapons_technology (building_laboratory 3/4)
[2026-05-11 14:13:14] ==== loop 31/∞ | seed=968175026105938324 archetype=turbo personality=flotero focus=mil actions_per_loop=1 ====
[14:13:15] planet 53: no resources for building_deuterium_tank+1
[14:13:15] research: blocked research_weapons_technology (building_laboratory 3/4)
[2026-05-11 14:13:58] ==== loop 32/∞ | seed=968175026105938324 archetype=turbo personality=flotero focus=mil actions_per_loop=1 ====
[14:13:58] planet 53: no resources for building_deuterium_tank+1
[2026-05-11 14:14:40] ==== loop 33/∞ | seed=968175026105938324 archetype=turbo personality=flotero focus=mil actions_per_loop=1 ====
[14:14:41] planet 53: no resources for building_deuterium_tank+1
[14:14:41] research: blocked research_weapons_technology (building_laboratory 3/4)
[2026-05-11 14:16:46] ==== loop 36/∞ | seed=968175026105938324 archetype=turbo personality=flotero focus=mil actions_per_loop=1 ====
[14:16:46] planet 53: no resources for building_deuterium_tank+1
[2026-05-11 14:17:25] ==== loop 37/∞ | seed=968175026105938324 archetype=turbo personality=flotero focus=mil actions_per_loop=1 ====
[14:17:26] planet 53: no resources for building_deuterium_tank+1
[2026-05-11 14:18:05] ==== loop 38/∞ | seed=968175026105938324 archetype=turbo personality=flotero focus=mil actions_per_loop=1 ====
[14:18:06] planet 53: no resources for building_deuterium_tank+1
[2026-05-11 14:18:43] ==== loop 39/∞ | seed=968175026105938324 archetype=turbo personality=flotero focus=mil actions_per_loop=1 ====
[14:18:44] planet 53: no resources for building_deuterium_tank+1
[2026-05-11 14:19:23] ==== loop 40/∞ | seed=968175026105938324 archetype=turbo personality=flotero focus=mil actions_per_loop=1 ====
[14:19:24] planet 53: no resources for building_deuterium_tank+1
[14:19:24] research: blocked research_weapons_technology (building_laboratory 3/4)
[2026-05-11 14:20:37] ==== loop 42/∞ | seed=968175026105938324 archetype=turbo personality=flotero focus=mil actions_per_loop=1 ====
[14:20:37] planet 53: no resources for building_deuterium_tank+1
[14:20:37] research: blocked research_weapons_technology (building_laboratory 3/4)
[2026-05-11 14:21:54] ==== loop 44/∞ | seed=968175026105938324 archetype=turbo personality=flotero focus=mil actions_per_loop=1 ====
[14:21:55] planet 53: no resources for building_deuterium_tank+1
[2026-05-11 14:22:29] ==== loop 45/∞ | seed=968175026105938324 archetype=turbo personality=flotero focus=mil actions_per_loop=1 ====
[14:22:30] planet 53: no resources for building_deuterium_tank+1
[14:22:30] research: blocked research_weapons_technology (building_laboratory 3/4)
[2026-05-11 14:23:04] ==== loop 46/∞ | seed=968175026105938324 archetype=turbo personality=flotero focus=mil actions_per_loop=1 ====
[14:23:04] planet 53: no resources for building_deuterium_tank+1
[14:23:04] research: blocked research_weapons_technology (building_laboratory 3/4)
[2026-05-11 14:23:35] ==== loop 47/∞ | seed=968175026105938324 archetype=turbo personality=flotero focus=mil actions_per_loop=1 ====
[14:23:36] planet 53: no resources for building_deuterium_tank+1
[2026-05-11 14:24:41] ==== loop 49/∞ | seed=968175026105938324 archetype=turbo personality=flotero focus=mil actions_per_loop=1 ====
[14:24:42] planet 53: no resources for building_deuterium_tank+1
[14:24:42] research: blocked research_weapons_technology (building_laboratory 3/4)
[2026-05-11 14:25:47] ==== loop 51/∞ | seed=968175026105938324 archetype=turbo personality=flotero focus=mil actions_per_loop=1 ====
[14:25:48] planet 53: no resources for building_deuterium_tank+1
[14:25:48] research: blocked research_weapons_technology (building_laboratory 3/4)
[2026-05-11 14:26:20] ==== loop 52/∞ | seed=968175026105938324 archetype=turbo personality=flotero focus=mil actions_per_loop=1 ====
[14:26:20] planet 53: no resources for building_deuterium_tank+1
[2026-05-11 14:26:54] ==== loop 53/∞ | seed=968175026105938324 archetype=turbo personality=flotero focus=mil actions_per_loop=1 ====
[14:26:55] planet 53: no resources for building_deuterium_tank+1
[14:26:55] research: blocked research_weapons_technology (building_laboratory 3/4)
[2026-05-11 14:27:31] ==== loop 54/∞ | seed=968175026105938324 archetype=turbo personality=flotero focus=mil actions_per_loop=1 ====
[14:27:31] planet 53: no resources for building_deuterium_tank+1
[2026-05-11 14:28:07] ==== loop 55/∞ | seed=968175026105938324 archetype=turbo personality=flotero focus=mil actions_per_loop=1 ====
[14:28:08] planet 53: no resources for building_deuterium_tank+1
[14:28:08] research: blocked research_weapons_technology (building_laboratory 3/4)
[2026-05-11 14:28:41] ==== loop 56/∞ | seed=968175026105938324 archetype=turbo personality=flotero focus=mil actions_per_loop=1 ====
[14:28:42] planet 53: no resources for building_deuterium_tank+1
[2026-05-11 14:29:15] ==== loop 57/∞ | seed=968175026105938324 archetype=turbo personality=flotero focus=mil actions_per_loop=1 ====
[14:29:16] planet 53: no resources for building_deuterium_tank+1
[2026-05-11 14:29:46] ==== loop 58/∞ | seed=968175026105938324 archetype=turbo personality=flotero focus=mil actions_per_loop=1 ====
[14:29:47] planet 53: no resources for building_deuterium_tank+1
[14:29:47] research: blocked research_weapons_technology (building_laboratory 3/4)
[2026-05-11 14:30:22] ==== loop 59/∞ | seed=968175026105938324 archetype=turbo personality=flotero focus=mil actions_per_loop=1 ====
[14:30:23] planet 53: queued ship_light_fighter +5
[14:30:23] research: blocked research_weapons_technology (building_laboratory 3/4)
[2026-05-11 14:31:46] ==== loop 61/∞ | seed=968175026105938324 archetype=turbo personality=flotero focus=mil actions_per_loop=1 ====
[14:31:46] planet 53: queued ship_light_fighter +5
[2026-05-11 14:32:27] ==== loop 62/∞ | seed=968175026105938324 archetype=turbo personality=flotero focus=mil actions_per_loop=1 ====
[14:32:28] planet 53: queued ship_light_fighter +5
[2026-05-11 14:33:51] ==== loop 64/∞ | seed=968175026105938324 archetype=turbo personality=flotero focus=mil actions_per_loop=1 ====
[14:33:51] planet 53: queued ship_light_fighter +5
[2026-05-11 14:35:13] ==== loop 66/∞ | seed=968175026105938324 archetype=turbo personality=flotero focus=mil actions_per_loop=1 ====
[14:35:14] planet 53: queued ship_light_fighter +5
[14:35:14] research: blocked research_weapons_technology (building_laboratory 3/4)
[2026-05-11 14:35:59] ==== loop 67/∞ | seed=968175026105938324 archetype=turbo personality=flotero focus=mil actions_per_loop=1 ====
[14:36:00] planet 53: queued ship_light_fighter +5
[14:36:00] research: blocked research_weapons_technology (building_laboratory 3/4)
[2026-05-11 14:36:41] ==== loop 68/∞ | seed=968175026105938324 archetype=turbo personality=flotero focus=mil actions_per_loop=1 ====
[14:36:42] planet 53: queued ship_light_fighter +5
[2026-05-11 14:37:18] ==== loop 69/∞ | seed=968175026105938324 archetype=turbo personality=flotero focus=mil actions_per_loop=1 ====
[14:37:19] planet 53: queued ship_light_fighter +5
[2026-05-11 14:38:05] ==== loop 70/∞ | seed=968175026105938324 archetype=turbo personality=flotero focus=mil actions_per_loop=1 ====
[14:38:06] planet 53: queued ship_light_fighter +5
[2026-05-11 14:38:46] ==== loop 71/∞ | seed=968175026105938324 archetype=turbo personality=flotero focus=mil actions_per_loop=1 ====
[14:38:47] planet 53: queued ship_light_fighter +5
[14:38:47] research: blocked research_weapons_technology (building_laboratory 3/4)
[2026-05-11 14:40:14] ==== loop 73/∞ | seed=968175026105938324 archetype=turbo personality=flotero focus=mil actions_per_loop=1 ====
[14:40:15] planet 53: no resources for building_deuterium_tank+1
[2026-05-11 14:40:58] ==== loop 1/1 | seed=968175026105938324 archetype=turbo personality=flotero focus=mil actions_per_loop=1 ====
[14:40:58] planet 53: no resources for building_deuterium_tank+1
[2026-05-11 14:40:59] ==== loop 74/∞ | seed=968175026105938324 archetype=turbo personality=flotero focus=mil actions_per_loop=1 ====
[14:41:00] planet 53: no resources for building_deuterium_tank+1
[14:41:00] research: blocked research_weapons_technology (building_laboratory 3/4)
[2026-05-11 14:41:47] ==== loop 75/∞ | seed=968175026105938324 archetype=turbo personality=flotero focus=mil actions_per_loop=1 ====
[14:41:48] planet 53: no resources for building_deuterium_tank+1
[14:41:48] research: blocked research_weapons_technology (building_laboratory 3/4)
[2026-05-11 14:42:31] ==== loop 76/∞ | seed=968175026105938324 archetype=turbo personality=flotero focus=mil actions_per_loop=1 ====
[14:42:32] planet 53: no resources for building_deuterium_tank+1
[14:42:32] research: blocked research_weapons_technology (building_laboratory 3/4)
[2026-05-11 14:43:13] ==== loop 77/∞ | seed=968175026105938324 archetype=turbo personality=flotero focus=mil actions_per_loop=1 ====
[14:43:13] planet 53: no resources for building_deuterium_tank+1
[14:43:13] research: blocked research_weapons_technology (building_laboratory 3/4)
[2026-05-11 14:43:54] ==== loop 78/∞ | seed=968175026105938324 archetype=turbo personality=flotero focus=mil actions_per_loop=1 ====
[14:43:54] planet 53: no resources for building_deuterium_tank+1
[14:43:54] research: blocked research_weapons_technology (building_laboratory 3/4)
[2026-05-11 14:44:29] ==== loop 79/∞ | seed=968175026105938324 archetype=turbo personality=flotero focus=mil actions_per_loop=1 ====
[14:44:30] planet 53: no resources for building_deuterium_tank+1
[2026-05-11 14:45:13] ==== loop 80/∞ | seed=968175026105938324 archetype=turbo personality=flotero focus=mil actions_per_loop=1 ====
[14:45:13] planet 53: no resources for building_deuterium_tank+1
