[2026-05-13 10:11:57] ==== loop 1/∞ | seed=1082114626775815843 archetype=turbo personality=minero focus=eco actions_per_loop=3 ====
[10:11:58] planet 76: queued ship_mining_drill +5
[10:11:58] planet 76: skipped duplicate ship_mining_drill this loop
[10:11:58] planet 76: skipped duplicate ship_mining_drill this loop
[10:11:58] research: already in progress
[2026-05-13 10:12:36] ==== loop 2/∞ | seed=1082114626775815843 archetype=turbo personality=minero focus=eco actions_per_loop=3 ====
[10:12:37] planet 76: queued ship_mining_drill +5
[10:12:37] planet 76: skipped duplicate ship_mining_drill this loop
[10:12:37] planet 76: skipped duplicate ship_mining_drill this loop
[10:12:37] research: already in progress
[2026-05-13 10:13:18] ==== loop 3/∞ | seed=1082114626775815843 archetype=turbo personality=minero focus=eco actions_per_loop=3 ====
[10:13:19] planet 76: queued ship_mining_drill +5
[10:13:19] planet 76: skipped duplicate ship_mining_drill this loop
[10:13:19] planet 76: skipped duplicate ship_mining_drill this loop
[2026-05-13 10:13:57] ==== loop 4/∞ | seed=1082114626775815843 archetype=turbo personality=minero focus=eco actions_per_loop=3 ====
[10:13:57] planet 76: queued ship_mining_drill +5
[10:13:57] planet 76: skipped duplicate ship_mining_drill this loop
[10:13:57] planet 76: skipped duplicate ship_mining_drill this loop
[10:13:57] research: already in progress
[2026-05-13 10:14:39] ==== loop 5/∞ | seed=1082114626775815843 archetype=turbo personality=minero focus=eco actions_per_loop=3 ====
[10:14:40] planet 76: queued ship_mining_drill +5
[10:14:40] planet 76: skipped duplicate ship_mining_drill this loop
[10:14:40] planet 76: skipped duplicate ship_mining_drill this loop
[10:14:40] research: already in progress
[2026-05-13 10:15:20] ==== loop 6/∞ | seed=1082114626775815843 archetype=turbo personality=minero focus=eco actions_per_loop=3 ====
[10:15:20] planet 76: queued ship_mining_drill +5
[10:15:20] planet 76: skipped duplicate ship_mining_drill this loop
[10:15:20] planet 76: skipped duplicate ship_mining_drill this loop
[10:15:20] research: already in progress
[2026-05-13 10:16:05] ==== loop 7/∞ | seed=1082114626775815843 archetype=turbo personality=minero focus=eco actions_per_loop=3 ====
[10:16:05] planet 76: queued ship_mining_drill +5
[10:16:05] planet 76: skipped duplicate ship_mining_drill this loop
[10:16:05] planet 76: skipped duplicate ship_mining_drill this loop
[10:16:05] research: already in progress
[2026-05-13 10:16:46] ==== loop 8/∞ | seed=1082114626775815843 archetype=turbo personality=minero focus=eco actions_per_loop=3 ====
[10:16:47] planet 76: queued ship_mining_drill +5
[10:16:47] planet 76: skipped duplicate ship_mining_drill this loop
[10:16:47] planet 76: skipped duplicate ship_mining_drill this loop
[10:16:47] research: already in progress
[2026-05-13 10:17:32] ==== loop 9/∞ | seed=1082114626775815843 archetype=turbo personality=minero focus=eco actions_per_loop=3 ====
[10:17:33] planet 76: queued ship_mining_drill +5
[10:17:33] planet 76: skipped duplicate ship_mining_drill this loop
[10:17:33] planet 76: skipped duplicate ship_mining_drill this loop
[2026-05-13 10:18:16] ==== loop 10/∞ | seed=1082114626775815843 archetype=turbo personality=minero focus=eco actions_per_loop=3 ====
[10:18:16] planet 76: queued ship_mining_drill +5
[10:18:16] planet 76: skipped duplicate ship_mining_drill this loop
[10:18:16] planet 76: skipped duplicate ship_mining_drill this loop
[10:18:16] research: already in progress
[2026-05-13 10:19:04] ==== loop 11/∞ | seed=1082114626775815843 archetype=turbo personality=minero focus=eco actions_per_loop=3 ====
[10:19:04] planet 76: queued ship_mining_drill +5
[10:19:04] planet 76: skipped duplicate ship_mining_drill this loop
[10:19:04] planet 76: skipped duplicate ship_mining_drill this loop
[2026-05-13 10:19:52] ==== loop 12/∞ | seed=1082114626775815843 archetype=turbo personality=minero focus=eco actions_per_loop=3 ====
[10:19:52] planet 76: queued ship_mining_drill +5
[10:19:52] planet 76: skipped duplicate ship_mining_drill this loop
[10:19:52] planet 76: skipped duplicate ship_mining_drill this loop
[10:19:52] research: already in progress
[2026-05-13 10:20:28] ==== loop 13/∞ | seed=1082114626775815843 archetype=turbo personality=minero focus=eco actions_per_loop=3 ====
[10:20:29] planet 76: queued building_metal_store to 10
[2026-05-13 10:21:16] ==== loop 14/∞ | seed=1082114626775815843 archetype=turbo personality=minero focus=eco actions_per_loop=3 ====
[10:21:17] planet 76: building queue full (5)
[10:21:17] planet 76: building queue full (5)
[10:21:17] planet 76: building queue full (5)
[10:21:17] research: already in progress
[2026-05-13 10:21:59] ==== loop 15/∞ | seed=1082114626775815843 archetype=turbo personality=minero focus=eco actions_per_loop=3 ====
[10:22:00] planet 76: building queue full (5)
[10:22:00] planet 76: building queue full (5)
[10:22:00] planet 76: building queue full (5)
[2026-05-13 10:22:47] ==== loop 16/∞ | seed=1082114626775815843 archetype=turbo personality=minero focus=eco actions_per_loop=3 ====
[10:22:49] planet 76: building queue full (5)
[10:22:49] planet 76: building queue full (5)
[10:22:49] planet 76: building queue full (5)
[10:22:49] research: already in progress
[2026-05-13 10:23:31] ==== loop 17/∞ | seed=1082114626775815843 archetype=turbo personality=minero focus=eco actions_per_loop=3 ====
[10:23:34] alliance: idle no_candidate
[10:23:34] planet 76: building queue full (5)
[10:23:34] planet 76: building queue full (5)
[10:23:34] planet 76: building queue full (5)
[10:23:34] research: already in progress
[2026-05-13 10:24:19] ==== loop 18/∞ | seed=1082114626775815843 archetype=turbo personality=minero focus=eco actions_per_loop=3 ====
[10:24:21] planet 76: building queue full (5)
[10:24:21] planet 76: building queue full (5)
[10:24:21] planet 76: building queue full (5)
[2026-05-13 10:25:09] ==== loop 19/∞ | seed=1082114626775815843 archetype=turbo personality=minero focus=eco actions_per_loop=3 ====
[10:25:11] planet 76: building queue full (5)
[10:25:11] planet 76: building queue full (5)
[10:25:11] planet 76: building queue full (5)
[10:25:11] research: already in progress
[2026-05-13 10:25:55] ==== loop 20/∞ | seed=1082114626775815843 archetype=turbo personality=minero focus=eco actions_per_loop=3 ====
[10:25:56] planet 76: building queue full (5)
[10:25:56] planet 76: building queue full (5)
[10:25:56] planet 76: building queue full (5)
[10:25:56] research: already in progress
[2026-05-13 10:26:41] ==== loop 21/∞ | seed=1082114626775815843 archetype=turbo personality=minero focus=eco actions_per_loop=3 ====
[10:26:44] planet 76: building queue full (5)
[10:26:44] planet 76: building queue full (5)
[10:26:44] planet 76: building queue full (5)
[2026-05-13 10:27:24] ==== loop 22/∞ | seed=1082114626775815843 archetype=turbo personality=minero focus=eco actions_per_loop=3 ====
[10:27:27] planet 76: building queue full (5)
[10:27:27] planet 76: building queue full (5)
[10:27:27] planet 76: building queue full (5)
[10:27:27] research: already in progress
[2026-05-13 10:28:12] ==== loop 23/∞ | seed=1082114626775815843 archetype=turbo personality=minero focus=eco actions_per_loop=3 ====
[10:28:14] planet 76: building queue full (5)
[10:28:14] planet 76: building queue full (5)
[10:28:14] planet 76: building queue full (5)
[10:28:14] research: already in progress
[2026-05-13 10:29:00] ==== loop 24/∞ | seed=1082114626775815843 archetype=turbo personality=minero focus=eco actions_per_loop=3 ====
[10:29:02] planet 76: building queue full (5)
[10:29:02] planet 76: building queue full (5)
[10:29:02] planet 76: building queue full (5)
[2026-05-13 10:29:46] ==== loop 25/∞ | seed=1082114626775815843 archetype=turbo personality=minero focus=eco actions_per_loop=3 ====
[10:29:48] planet 76: building queue full (5)
[10:29:48] planet 76: building queue full (5)
[10:29:48] planet 76: building queue full (5)
[10:29:48] research: already in progress
[2026-05-13 10:30:29] ==== loop 26/∞ | seed=1082114626775815843 archetype=turbo personality=minero focus=eco actions_per_loop=3 ====
[10:30:30] planet 76: queued building_deuterium_tank to 2
[10:30:30] research: already in progress
[2026-05-13 10:31:09] ==== loop 27/∞ | seed=1082114626775815843 archetype=turbo personality=minero focus=eco actions_per_loop=3 ====
[10:31:11] planet 76: building queue full (5)
[10:31:11] planet 76: building queue full (5)
[10:31:11] planet 76: building queue full (5)
[10:31:11] research: already in progress
[2026-05-13 10:31:50] ==== loop 28/∞ | seed=1082114626775815843 archetype=turbo personality=minero focus=eco actions_per_loop=3 ====
[10:31:52] planet 76: building queue full (5)
[10:31:52] planet 76: building queue full (5)
[10:31:52] planet 76: building queue full (5)
[10:31:52] research: already in progress
[2026-05-13 10:32:33] ==== loop 29/∞ | seed=1082114626775815843 archetype=turbo personality=minero focus=eco actions_per_loop=3 ====
[10:32:34] planet 76: building queue full (5)
[10:32:34] planet 76: building queue full (5)
[10:32:34] research: already in progress
[2026-05-13 10:33:17] ==== loop 30/∞ | seed=1082114626775815843 archetype=turbo personality=minero focus=eco actions_per_loop=3 ====
[10:33:19] planet 76: building queue full (5)
[10:33:19] planet 76: building queue full (5)
[10:33:19] planet 76: building queue full (5)
[2026-05-13 10:34:02] ==== loop 31/∞ | seed=1082114626775815843 archetype=turbo personality=minero focus=eco actions_per_loop=3 ====
[10:34:03] planet 76: building queue full (5)
[10:34:03] planet 76: building queue full (5)
[10:34:03] planet 76: building queue full (5)
[10:34:03] research: already in progress
[2026-05-13 10:34:45] ==== loop 32/∞ | seed=1082114626775815843 archetype=turbo personality=minero focus=eco actions_per_loop=3 ====
[10:34:47] planet 76: building queue full (5)
[10:34:47] planet 76: building queue full (5)
[10:34:47] planet 76: building queue full (5)
[2026-05-13 10:35:28] ==== loop 33/∞ | seed=1082114626775815843 archetype=turbo personality=minero focus=eco actions_per_loop=3 ====
[10:35:31] planet 76: building queue full (5)
[10:35:31] planet 76: building queue full (5)
[10:35:31] planet 76: building queue full (5)
[10:35:31] research: already in progress
[2026-05-13 10:36:14] ==== loop 34/∞ | seed=1082114626775815843 archetype=turbo personality=minero focus=eco actions_per_loop=3 ====
[10:36:16] planet 76: building queue full (5)
[10:36:16] planet 76: building queue full (5)
[10:36:16] planet 76: building queue full (5)
[2026-05-13 10:36:53] ==== loop 35/∞ | seed=1082114626775815843 archetype=turbo personality=minero focus=eco actions_per_loop=3 ====
[10:36:55] planet 76: building queue full (5)
[10:36:55] planet 76: building queue full (5)
[10:36:55] planet 76: building queue full (5)
[2026-05-13 10:37:30] ==== loop 36/∞ | seed=1082114626775815843 archetype=turbo personality=minero focus=eco actions_per_loop=3 ====
[10:37:32] planet 76: building queue full (5)
[10:37:32] planet 76: building queue full (5)
[10:37:32] planet 76: building queue full (5)
[10:37:32] research: already in progress
[2026-05-13 10:38:13] ==== loop 37/∞ | seed=1082114626775815843 archetype=turbo personality=minero focus=eco actions_per_loop=3 ====
[10:38:14] alliance: idle no_candidate
[10:38:14] planet 76: building queue full (5)
[10:38:14] planet 76: building queue full (5)
[10:38:14] planet 76: building queue full (5)
[2026-05-13 10:38:55] ==== loop 38/∞ | seed=1082114626775815843 archetype=turbo personality=minero focus=eco actions_per_loop=3 ====
[10:38:57] planet 76: building queue full (5)
[10:38:57] planet 76: building queue full (5)
[10:38:57] planet 76: building queue full (5)
[10:38:57] research: already in progress
[2026-05-13 10:39:38] ==== loop 39/∞ | seed=1082114626775815843 archetype=turbo personality=minero focus=eco actions_per_loop=3 ====
[10:39:40] planet 76: building queue full (5)
[10:39:40] planet 76: building queue full (5)
[10:39:40] planet 76: building queue full (5)
[2026-05-13 10:40:19] ==== loop 40/∞ | seed=1082114626775815843 archetype=turbo personality=minero focus=eco actions_per_loop=3 ====
[10:40:19] planet 76: queued building_metal_mine to 25
[2026-05-13 10:41:01] ==== loop 41/∞ | seed=1082114626775815843 archetype=turbo personality=minero focus=eco actions_per_loop=3 ====
[10:41:04] planet 76: building queue full (5)
[10:41:04] planet 76: building queue full (5)
[10:41:04] planet 76: building queue full (5)
[10:41:04] research: already in progress
[2026-05-13 10:41:48] ==== loop 42/∞ | seed=1082114626775815843 archetype=turbo personality=minero focus=eco actions_per_loop=3 ====
[10:41:51] planet 76: building queue full (5)
[10:41:51] planet 76: building queue full (5)
[10:41:51] planet 76: building queue full (5)
[2026-05-13 10:42:33] ==== loop 43/∞ | seed=1082114626775815843 archetype=turbo personality=minero focus=eco actions_per_loop=3 ====
[10:42:35] planet 76: building queue full (5)
[10:42:35] planet 76: building queue full (5)
[2026-05-13 10:43:20] ==== loop 44/∞ | seed=1082114626775815843 archetype=turbo personality=minero focus=eco actions_per_loop=3 ====
[10:43:22] planet 76: building queue full (5)
[10:43:22] planet 76: building queue full (5)
[10:43:22] planet 76: building queue full (5)
[10:43:22] research: already in progress
[2026-05-13 10:44:05] ==== loop 45/∞ | seed=1082114626775815843 archetype=turbo personality=minero focus=eco actions_per_loop=3 ====
[10:44:07] planet 76: building queue full (5)
[10:44:07] planet 76: building queue full (5)
[10:44:07] planet 76: building queue full (5)
[2026-05-13 10:44:47] ==== loop 46/∞ | seed=1082114626775815843 archetype=turbo personality=minero focus=eco actions_per_loop=3 ====
[10:44:49] planet 76: building queue full (5)
[10:44:49] planet 76: building queue full (5)
[10:44:49] planet 76: building queue full (5)
[2026-05-13 10:45:35] ==== loop 47/∞ | seed=1082114626775815843 archetype=turbo personality=minero focus=eco actions_per_loop=3 ====
[10:45:37] planet 76: building queue full (5)
[10:45:37] planet 76: building queue full (5)
[10:45:37] planet 76: building queue full (5)
[10:45:37] research: queued research_energy_technology on planet 76 (14s)
[2026-05-13 10:46:20] ==== loop 48/∞ | seed=1082114626775815843 archetype=turbo personality=minero focus=eco actions_per_loop=3 ====
[10:46:23] planet 76: building queue full (5)
[10:46:23] planet 76: building queue full (5)
[10:46:23] planet 76: building queue full (5)
[10:46:23] research: already in progress
[2026-05-13 10:47:15] ==== loop 49/∞ | seed=1082114626775815843 archetype=turbo personality=minero focus=eco actions_per_loop=3 ====
[10:47:17] planet 76: building queue full (5)
[10:47:17] planet 76: building queue full (5)
[10:47:17] planet 76: building queue full (5)
[10:47:17] research: already in progress
[2026-05-13 10:48:01] ==== loop 50/∞ | seed=1082114626775815843 archetype=turbo personality=minero focus=eco actions_per_loop=3 ====
[10:48:02] planet 76: building queue full (5)
[10:48:02] planet 76: building queue full (5)
[10:48:02] planet 76: building queue full (5)
[10:48:02] research: already in progress
[2026-05-13 10:48:48] ==== loop 51/∞ | seed=1082114626775815843 archetype=turbo personality=minero focus=eco actions_per_loop=3 ====
[10:48:50] planet 76: building queue full (5)
[10:48:50] planet 76: building queue full (5)
[10:48:50] planet 76: building queue full (5)
[10:48:50] research: already in progress
[2026-05-13 10:49:42] ==== loop 52/∞ | seed=1082114626775815843 archetype=turbo personality=minero focus=eco actions_per_loop=3 ====
[10:49:43] planet 76: building queue full (5)
[10:49:43] planet 76: building queue full (5)
[10:49:43] planet 76: building queue full (5)
[2026-05-13 10:50:32] ==== loop 53/∞ | seed=1082114626775815843 archetype=turbo personality=minero focus=eco actions_per_loop=3 ====
[10:50:33] planet 76: queued building_metal_store to 11
[10:50:33] research: already in progress
[2026-05-13 10:51:22] ==== loop 54/∞ | seed=1082114626775815843 archetype=turbo personality=minero focus=eco actions_per_loop=3 ====
[10:51:23] planet 76: queued building_robot_factory to 3
[10:51:23] research: already in progress
[2026-05-13 10:52:10] ==== loop 55/∞ | seed=1082114626775815843 archetype=turbo personality=minero focus=eco actions_per_loop=3 ====
[10:52:10] planet 76: queue busy, throttled building_robot_factory
[10:52:10] planet 76: queue busy, throttled building_robot_factory
[10:52:10] planet 76: queue busy, throttled building_robot_factory
[2026-05-13 10:52:54] ==== loop 56/∞ | seed=1082114626775815843 archetype=turbo personality=minero focus=eco actions_per_loop=3 ====
[10:52:54] planet 76: queue busy, throttled building_robot_factory
[10:52:54] planet 76: queue busy, throttled building_robot_factory
[10:52:54] planet 76: queue busy, throttled building_robot_factory
[10:52:54] research: already in progress
[2026-05-13 10:53:38] ==== loop 57/∞ | seed=1082114626775815843 archetype=turbo personality=minero focus=eco actions_per_loop=3 ====
[10:53:38] alliance: idle no_candidate
[10:53:38] planet 76: queue busy, throttled building_robot_factory
[10:53:38] planet 76: queue busy, throttled building_robot_factory
[10:53:38] planet 76: queue busy, throttled building_robot_factory
[2026-05-13 10:54:26] ==== loop 58/∞ | seed=1082114626775815843 archetype=turbo personality=minero focus=eco actions_per_loop=3 ====
[10:54:26] planet 76: queue busy, throttled building_robot_factory
[10:54:26] planet 76: queue busy, throttled building_robot_factory
[10:54:26] planet 76: queue busy, throttled building_robot_factory
[2026-05-13 10:55:14] ==== loop 59/∞ | seed=1082114626775815843 archetype=turbo personality=minero focus=eco actions_per_loop=3 ====
[10:55:14] planet 76: queue busy, throttled building_robot_factory
[10:55:14] planet 76: queue busy, throttled building_robot_factory
[10:55:14] planet 76: queue busy, throttled building_robot_factory
[10:55:14] research: already in progress
[2026-05-13 10:56:01] ==== loop 60/∞ | seed=1082114626775815843 archetype=turbo personality=minero focus=eco actions_per_loop=3 ====
[10:56:01] planet 76: queue busy, throttled building_robot_factory
[10:56:01] planet 76: queue busy, throttled building_robot_factory
[10:56:01] planet 76: queue busy, throttled building_robot_factory
[10:56:01] research: already in progress
[2026-05-13 10:56:49] ==== loop 61/∞ | seed=1082114626775815843 archetype=turbo personality=minero focus=eco actions_per_loop=3 ====
[10:56:49] planet 76: queue busy, throttled building_robot_factory
[10:56:49] planet 76: queue busy, throttled building_robot_factory
[10:56:49] planet 76: queue busy, throttled building_robot_factory
[10:56:49] research: already in progress
[2026-05-13 10:57:34] ==== loop 62/∞ | seed=1082114626775815843 archetype=turbo personality=minero focus=eco actions_per_loop=3 ====
[10:57:35] planet 76: queue busy, throttled building_robot_factory
[10:57:35] planet 76: queue busy, throttled building_robot_factory
[10:57:35] planet 76: queue busy, throttled building_robot_factory
[10:57:35] research: already in progress
[2026-05-13 10:58:18] ==== loop 63/∞ | seed=1082114626775815843 archetype=turbo personality=minero focus=eco actions_per_loop=3 ====
[10:58:18] planet 76: queue busy, throttled building_robot_factory
[10:58:18] planet 76: queue busy, throttled building_robot_factory
[10:58:18] planet 76: queue busy, throttled building_robot_factory
[10:58:18] research: already in progress
[2026-05-13 10:59:04] ==== loop 64/∞ | seed=1082114626775815843 archetype=turbo personality=minero focus=eco actions_per_loop=3 ====
[10:59:04] planet 76: queue busy, throttled building_robot_factory
[10:59:04] planet 76: queue busy, throttled building_robot_factory
[10:59:04] planet 76: queue busy, throttled building_robot_factory
[10:59:04] research: already in progress
[2026-05-13 10:59:53] ==== loop 65/∞ | seed=1082114626775815843 archetype=turbo personality=minero focus=eco actions_per_loop=3 ====
[10:59:53] planet 76: queue busy, throttled building_robot_factory
[10:59:53] planet 76: queue busy, throttled building_robot_factory
[10:59:53] planet 76: queue busy, throttled building_robot_factory
[10:59:53] research: already in progress
[2026-05-13 11:00:46] ==== loop 66/∞ | seed=1082114626775815843 archetype=turbo personality=minero focus=eco actions_per_loop=3 ====
[11:00:46] planet 76: queue busy, throttled building_robot_factory
[11:00:46] planet 76: queue busy, throttled building_robot_factory
[11:00:46] planet 76: queue busy, throttled building_robot_factory
[11:00:46] research: already in progress
[2026-05-13 11:01:30] ==== loop 67/∞ | seed=1082114626775815843 archetype=turbo personality=minero focus=eco actions_per_loop=3 ====
[11:01:30] planet 76: queue busy, throttled building_robot_factory
[11:01:30] planet 76: queue busy, throttled building_robot_factory
[11:01:30] planet 76: queue busy, throttled building_robot_factory
[2026-05-13 11:02:23] ==== loop 68/∞ | seed=1082114626775815843 archetype=turbo personality=minero focus=eco actions_per_loop=3 ====
[11:02:23] planet 76: queue busy, throttled building_robot_factory
[11:02:23] planet 76: queue busy, throttled building_robot_factory
[11:02:23] planet 76: queue busy, throttled building_robot_factory
[2026-05-13 11:03:12] ==== loop 69/∞ | seed=1082114626775815843 archetype=turbo personality=minero focus=eco actions_per_loop=3 ====
[11:03:12] planet 76: queue busy, throttled building_robot_factory
[11:03:12] planet 76: queue busy, throttled building_robot_factory
[11:03:12] planet 76: queue busy, throttled building_robot_factory
[2026-05-13 11:04:00] ==== loop 70/∞ | seed=1082114626775815843 archetype=turbo personality=minero focus=eco actions_per_loop=3 ====
[11:04:00] planet 76: queue busy, throttled building_robot_factory
[11:04:00] planet 76: queue busy, throttled building_robot_factory
[11:04:00] research: already in progress
[2026-05-13 11:04:51] ==== loop 71/∞ | seed=1082114626775815843 archetype=turbo personality=minero focus=eco actions_per_loop=3 ====
[11:04:51] planet 76: queue busy, throttled building_robot_factory
[11:04:51] planet 76: queue busy, throttled building_robot_factory
[11:04:51] planet 76: queue busy, throttled building_robot_factory
[2026-05-13 11:05:38] ==== loop 72/∞ | seed=1082114626775815843 archetype=turbo personality=minero focus=eco actions_per_loop=3 ====
[11:05:38] planet 76: queue busy, throttled building_robot_factory
[11:05:38] planet 76: queue busy, throttled building_robot_factory
[11:05:38] planet 76: queue busy, throttled building_robot_factory
[11:05:38] research: already in progress
[2026-05-13 11:06:22] ==== loop 73/∞ | seed=1082114626775815843 archetype=turbo personality=minero focus=eco actions_per_loop=3 ====
[11:06:22] planet 76: queue busy, throttled building_robot_factory
[11:06:22] planet 76: queue busy, throttled building_robot_factory
[11:06:22] planet 76: queue busy, throttled building_robot_factory
[11:06:22] research: already in progress
[2026-05-13 11:07:10] ==== loop 74/∞ | seed=1082114626775815843 archetype=turbo personality=minero focus=eco actions_per_loop=3 ====
[11:07:10] planet 76: queue busy, throttled building_robot_factory
[11:07:10] planet 76: queue busy, throttled building_robot_factory
[11:07:10] planet 76: queue busy, throttled building_robot_factory
[11:07:10] research: already in progress
[2026-05-13 11:07:57] ==== loop 75/∞ | seed=1082114626775815843 archetype=turbo personality=minero focus=eco actions_per_loop=3 ====
[11:07:58] planet 76: queue busy, throttled building_robot_factory
[11:07:58] planet 76: queue busy, throttled building_robot_factory
[11:07:58] planet 76: queue busy, throttled building_robot_factory
[2026-05-13 11:08:48] ==== loop 76/∞ | seed=1082114626775815843 archetype=turbo personality=minero focus=eco actions_per_loop=3 ====
[11:08:48] planet 76: queue busy, throttled building_robot_factory
[11:08:48] planet 76: queue busy, throttled building_robot_factory
[11:08:48] planet 76: queue busy, throttled building_robot_factory
[11:08:48] research: already in progress
[2026-05-13 11:09:36] ==== loop 77/∞ | seed=1082114626775815843 archetype=turbo personality=minero focus=eco actions_per_loop=3 ====
[11:09:36] alliance: idle no_candidate
[11:09:36] planet 76: queue busy, throttled building_robot_factory
[11:09:36] planet 76: queue busy, throttled building_robot_factory
[11:09:36] planet 76: queue busy, throttled building_robot_factory
[2026-05-13 11:10:17] ==== loop 78/∞ | seed=1082114626775815843 archetype=turbo personality=minero focus=eco actions_per_loop=3 ====
[11:10:17] planet 76: queue busy, throttled building_robot_factory
[11:10:17] planet 76: queue busy, throttled building_robot_factory
[11:10:17] planet 76: queue busy, throttled building_robot_factory
[2026-05-13 11:11:06] ==== loop 79/∞ | seed=1082114626775815843 archetype=turbo personality=minero focus=eco actions_per_loop=3 ====
[11:11:06] planet 76: queue busy, throttled building_robot_factory
[11:11:06] planet 76: queue busy, throttled building_robot_factory
[11:11:06] planet 76: queue busy, throttled building_robot_factory
[11:11:06] research: already in progress
[2026-05-13 11:11:51] ==== loop 80/∞ | seed=1082114626775815843 archetype=turbo personality=minero focus=eco actions_per_loop=3 ====
[11:11:51] planet 76: queue busy, throttled building_robot_factory
[11:11:51] planet 76: queue busy, throttled building_robot_factory
[11:11:51] planet 76: queue busy, throttled building_robot_factory
[11:11:51] research: already in progress
[2026-05-13 11:12:31] ==== loop 81/∞ | seed=1082114626775815843 archetype=turbo personality=minero focus=eco actions_per_loop=3 ====
[11:12:31] planet 76: queue busy, throttled building_robot_factory
[11:12:31] planet 76: queue busy, throttled building_robot_factory
[11:12:31] planet 76: queue busy, throttled building_robot_factory
[11:12:31] research: already in progress
[2026-05-13 11:13:16] ==== loop 82/∞ | seed=1082114626775815843 archetype=turbo personality=minero focus=eco actions_per_loop=3 ====
[11:13:16] planet 76: queue busy, throttled building_robot_factory
[11:13:16] planet 76: queue busy, throttled building_robot_factory
[11:13:16] planet 76: queue busy, throttled building_robot_factory
[2026-05-13 11:13:58] ==== loop 83/∞ | seed=1082114626775815843 archetype=turbo personality=minero focus=eco actions_per_loop=3 ====
[11:13:58] planet 76: queue busy, throttled building_robot_factory
[11:13:58] planet 76: queue busy, throttled building_robot_factory
[11:13:58] planet 76: queue busy, throttled building_robot_factory
[2026-05-13 11:14:40] ==== loop 84/∞ | seed=1082114626775815843 archetype=turbo personality=minero focus=eco actions_per_loop=3 ====
[11:14:40] planet 76: queue busy, throttled building_robot_factory
[11:14:40] planet 76: queue busy, throttled building_robot_factory
[11:14:40] planet 76: queue busy, throttled building_robot_factory
[2026-05-13 11:15:24] ==== loop 85/∞ | seed=1082114626775815843 archetype=turbo personality=minero focus=eco actions_per_loop=3 ====
[11:15:24] planet 76: queue busy, throttled building_robot_factory
[11:15:24] planet 76: queue busy, throttled building_robot_factory
[11:15:24] planet 76: queue busy, throttled building_robot_factory
[11:15:24] research: already in progress
[2026-05-13 11:16:08] ==== loop 86/∞ | seed=1082114626775815843 archetype=turbo personality=minero focus=eco actions_per_loop=3 ====
[11:16:08] planet 76: queue busy, throttled building_robot_factory
[11:16:08] planet 76: queue busy, throttled building_robot_factory
[11:16:08] planet 76: queue busy, throttled building_robot_factory
[2026-05-13 11:16:57] ==== loop 87/∞ | seed=1082114626775815843 archetype=turbo personality=minero focus=eco actions_per_loop=3 ====
[11:16:57] planet 76: queue busy, throttled building_robot_factory
[11:16:57] planet 76: queue busy, throttled building_robot_factory
[11:16:57] planet 76: queue busy, throttled building_robot_factory
[11:16:57] research: already in progress
[2026-05-13 11:17:44] ==== loop 88/∞ | seed=1082114626775815843 archetype=turbo personality=minero focus=eco actions_per_loop=3 ====
[11:17:44] planet 76: queue busy, throttled building_robot_factory
[11:17:44] planet 76: queue busy, throttled building_robot_factory
[11:17:44] planet 76: queue busy, throttled building_robot_factory
[2026-05-13 11:18:36] ==== loop 89/∞ | seed=1082114626775815843 archetype=turbo personality=minero focus=eco actions_per_loop=3 ====
[11:18:37] planet 76: queue busy, throttled building_robot_factory
[11:18:37] planet 76: queue busy, throttled building_robot_factory
[11:18:37] planet 76: queue busy, throttled building_robot_factory
[2026-05-13 11:19:22] ==== loop 90/∞ | seed=1082114626775815843 archetype=turbo personality=minero focus=eco actions_per_loop=3 ====
[11:19:22] planet 76: queue busy, throttled building_robot_factory
[11:19:22] planet 76: queue busy, throttled building_robot_factory
[11:19:22] planet 76: queue busy, throttled building_robot_factory
[11:19:22] research: already in progress
[2026-05-13 11:20:10] ==== loop 91/∞ | seed=1082114626775815843 archetype=turbo personality=minero focus=eco actions_per_loop=3 ====
[11:20:10] planet 76: queue busy, throttled building_robot_factory
[11:20:10] planet 76: queue busy, throttled building_robot_factory
[11:20:10] planet 76: queue busy, throttled building_robot_factory
[2026-05-13 11:20:57] ==== loop 92/∞ | seed=1082114626775815843 archetype=turbo personality=minero focus=eco actions_per_loop=3 ====
[11:20:57] planet 76: queue busy, throttled building_robot_factory
[11:20:57] planet 76: queue busy, throttled building_robot_factory
[11:20:57] planet 76: queue busy, throttled building_robot_factory
[11:20:57] research: already in progress
[2026-05-13 11:21:43] ==== loop 93/∞ | seed=1082114626775815843 archetype=turbo personality=minero focus=eco actions_per_loop=3 ====
[11:21:43] planet 76: queue busy, throttled building_robot_factory
[11:21:43] planet 76: queue busy, throttled building_robot_factory
[11:21:43] planet 76: queue busy, throttled building_robot_factory
[2026-05-13 11:22:23] ==== loop 94/∞ | seed=1082114626775815843 archetype=turbo personality=minero focus=eco actions_per_loop=3 ====
[11:22:23] planet 76: queue busy, throttled building_robot_factory
[11:22:23] planet 76: queue busy, throttled building_robot_factory
[11:22:23] planet 76: queue busy, throttled building_robot_factory
[11:22:23] research: already in progress
[2026-05-13 11:23:07] ==== loop 95/∞ | seed=1082114626775815843 archetype=turbo personality=minero focus=eco actions_per_loop=3 ====
[11:23:07] planet 76: queue busy, throttled building_robot_factory
[11:23:07] planet 76: queue busy, throttled building_robot_factory
[11:23:07] planet 76: queue busy, throttled building_robot_factory
[11:23:07] research: already in progress
[2026-05-13 11:23:53] ==== loop 96/∞ | seed=1082114626775815843 archetype=turbo personality=minero focus=eco actions_per_loop=3 ====
[11:23:53] planet 76: queue busy, throttled building_robot_factory
[11:23:53] planet 76: queue busy, throttled building_robot_factory
[11:23:53] planet 76: queue busy, throttled building_robot_factory
[2026-05-13 11:24:36] ==== loop 97/∞ | seed=1082114626775815843 archetype=turbo personality=minero focus=eco actions_per_loop=3 ====
[11:24:38] alliance: idle no_candidate
[11:24:38] planet 76: building queue full (5)
[11:24:38] planet 76: building queue full (5)
[11:24:38] planet 76: building queue full (5)
[2026-05-13 11:25:23] ==== loop 98/∞ | seed=1082114626775815843 archetype=turbo personality=minero focus=eco actions_per_loop=3 ====
[11:25:25] planet 76: building queue full (5)
[11:25:25] planet 76: building queue full (5)
[11:25:25] planet 76: building queue full (5)
[2026-05-13 11:26:15] ==== loop 99/∞ | seed=1082114626775815843 archetype=turbo personality=minero focus=eco actions_per_loop=3 ====
[11:26:16] planet 76: building queue full (5)
[11:26:16] planet 76: building queue full (5)
[11:26:16] planet 76: building queue full (5)
[11:26:16] research: already in progress
[2026-05-13 11:27:02] ==== loop 100/∞ | seed=1082114626775815843 archetype=turbo personality=minero focus=eco actions_per_loop=3 ====
[11:27:03] planet 76: building queue full (5)
[11:27:03] planet 76: building queue full (5)
[11:27:03] planet 76: building queue full (5)
[11:27:03] research: already in progress
[2026-05-13 11:27:47] ==== loop 101/∞ | seed=1082114626775815843 archetype=turbo personality=minero focus=eco actions_per_loop=3 ====
[11:27:49] planet 76: building queue full (5)
[11:27:49] planet 76: building queue full (5)
[11:27:49] planet 76: building queue full (5)
[11:27:49] research: already in progress
[2026-05-13 11:28:35] ==== loop 102/∞ | seed=1082114626775815843 archetype=turbo personality=minero focus=eco actions_per_loop=3 ====
[11:28:37] planet 76: building queue full (5)
[11:28:37] planet 76: building queue full (5)
[11:28:37] planet 76: building queue full (5)
[11:28:37] research: already in progress
[2026-05-13 11:29:17] ==== loop 103/∞ | seed=1082114626775815843 archetype=turbo personality=minero focus=eco actions_per_loop=3 ====
[11:29:17] planet 76: building queue full (5)
[11:29:17] planet 76: building queue full (5)
[11:29:17] planet 76: building queue full (5)
[11:29:17] research: already in progress
[2026-05-13 11:30:00] ==== loop 104/∞ | seed=1082114626775815843 archetype=turbo personality=minero focus=eco actions_per_loop=3 ====
[11:30:00] planet 76: queue busy, throttled building_laboratory
[11:30:00] planet 76: queue busy, throttled building_laboratory
[11:30:00] planet 76: queue busy, throttled building_laboratory
[2026-05-13 11:30:43] ==== loop 105/∞ | seed=1082114626775815843 archetype=turbo personality=minero focus=eco actions_per_loop=3 ====
[11:30:43] planet 76: queue busy, throttled building_laboratory
[11:30:43] planet 76: queue busy, throttled building_laboratory
[11:30:43] planet 76: queue busy, throttled building_laboratory
[11:30:43] research: already in progress
[2026-05-13 11:31:25] ==== loop 106/∞ | seed=1082114626775815843 archetype=turbo personality=minero focus=eco actions_per_loop=3 ====
[11:31:25] planet 76: queue busy, throttled building_laboratory
[11:31:25] planet 76: queue busy, throttled building_laboratory
[11:31:25] planet 76: queue busy, throttled building_laboratory
[2026-05-13 11:32:10] ==== loop 107/∞ | seed=1082114626775815843 archetype=turbo personality=minero focus=eco actions_per_loop=3 ====
[11:32:10] planet 76: queue busy, throttled building_laboratory
[11:32:10] planet 76: queue busy, throttled building_laboratory
[11:32:10] planet 76: queue busy, throttled building_laboratory
[11:32:10] research: already in progress
[2026-05-13 11:32:52] ==== loop 108/∞ | seed=1082114626775815843 archetype=turbo personality=minero focus=eco actions_per_loop=3 ====
[11:32:52] planet 76: queue busy, throttled building_laboratory
[11:32:52] planet 76: queue busy, throttled building_laboratory
[11:32:52] planet 76: queue busy, throttled building_laboratory
[2026-05-13 11:33:35] ==== loop 109/∞ | seed=1082114626775815843 archetype=turbo personality=minero focus=eco actions_per_loop=3 ====
[11:33:35] planet 76: queue busy, throttled building_laboratory
[11:33:35] planet 76: queue busy, throttled building_laboratory
[11:33:35] planet 76: queue busy, throttled building_laboratory
[2026-05-13 11:34:24] ==== loop 110/∞ | seed=1082114626775815843 archetype=turbo personality=minero focus=eco actions_per_loop=3 ====
[11:34:24] planet 76: queue busy, throttled building_laboratory
[11:34:24] planet 76: queue busy, throttled building_laboratory
[11:34:24] planet 76: queue busy, throttled building_laboratory
[11:34:24] research: already in progress
[2026-05-13 11:35:07] ==== loop 111/∞ | seed=1082114626775815843 archetype=turbo personality=minero focus=eco actions_per_loop=3 ====
[11:35:07] planet 76: queue busy, throttled building_laboratory
[11:35:07] planet 76: queue busy, throttled building_laboratory
[11:35:07] planet 76: queue busy, throttled building_laboratory
[2026-05-13 11:35:50] ==== loop 112/∞ | seed=1082114626775815843 archetype=turbo personality=minero focus=eco actions_per_loop=3 ====
[11:35:50] planet 76: queue busy, throttled building_laboratory
[11:35:50] planet 76: queue busy, throttled building_laboratory
[11:35:50] planet 76: queue busy, throttled building_laboratory
[2026-05-13 11:36:30] ==== loop 113/∞ | seed=1082114626775815843 archetype=turbo personality=minero focus=eco actions_per_loop=3 ====
[11:36:30] planet 76: queue busy, throttled building_laboratory
[11:36:30] planet 76: queue busy, throttled building_laboratory
[11:36:30] planet 76: queue busy, throttled building_laboratory
[11:36:30] research: already in progress
[2026-05-13 11:37:13] ==== loop 114/∞ | seed=1082114626775815843 archetype=turbo personality=minero focus=eco actions_per_loop=3 ====
[11:37:13] planet 76: queue busy, throttled building_laboratory
[11:37:13] planet 76: queue busy, throttled building_laboratory
[11:37:13] planet 76: queue busy, throttled building_laboratory
[11:37:13] research: already in progress
[2026-05-13 11:37:58] ==== loop 115/∞ | seed=1082114626775815843 archetype=turbo personality=minero focus=eco actions_per_loop=3 ====
[11:37:58] planet 76: queue busy, throttled building_laboratory
[11:37:58] planet 76: queue busy, throttled building_laboratory
[11:37:58] planet 76: queue busy, throttled building_laboratory
[11:37:58] research: already in progress
[2026-05-13 11:38:47] ==== loop 116/∞ | seed=1082114626775815843 archetype=turbo personality=minero focus=eco actions_per_loop=3 ====
[11:38:48] planet 76: queued building_solar_plant to 23
[11:38:48] research: already in progress
[2026-05-13 11:39:35] ==== loop 117/∞ | seed=1082114626775815843 archetype=turbo personality=minero focus=eco actions_per_loop=3 ====
[11:39:37] alliance: idle no_candidate
[11:39:37] planet 76: building queue full (5)
[11:39:37] planet 76: building queue full (5)
[11:39:37] planet 76: building queue full (5)
[11:39:37] research: already in progress
[2026-05-13 11:40:22] ==== loop 118/∞ | seed=1082114626775815843 archetype=turbo personality=minero focus=eco actions_per_loop=3 ====
[11:40:24] planet 76: building queue full (5)
[11:40:24] planet 76: building queue full (5)
[11:40:24] planet 76: building queue full (5)
[11:40:24] research: already in progress
[2026-05-13 11:41:05] ==== loop 119/∞ | seed=1082114626775815843 archetype=turbo personality=minero focus=eco actions_per_loop=3 ====
[11:41:07] planet 76: building queue full (5)
[11:41:07] planet 76: building queue full (5)
[11:41:07] planet 76: building queue full (5)
[2026-05-13 11:41:53] ==== loop 120/∞ | seed=1082114626775815843 archetype=turbo personality=minero focus=eco actions_per_loop=3 ====
[11:41:56] planet 76: building queue full (5)
[11:41:56] planet 76: building queue full (5)
[11:41:56] planet 76: building queue full (5)
[11:41:56] research: already in progress
[2026-05-13 11:42:45] ==== loop 121/∞ | seed=1082114626775815843 archetype=turbo personality=minero focus=eco actions_per_loop=3 ====
[11:42:47] planet 76: building queue full (5)
[11:42:47] planet 76: building queue full (5)
[11:42:47] planet 76: building queue full (5)
[2026-05-13 11:43:30] ==== loop 122/∞ | seed=1082114626775815843 archetype=turbo personality=minero focus=eco actions_per_loop=3 ====
[11:43:33] planet 76: building queue full (5)
[11:43:33] planet 76: building queue full (5)
[11:43:33] planet 76: building queue full (5)
[2026-05-13 11:44:21] ==== loop 123/∞ | seed=1082114626775815843 archetype=turbo personality=minero focus=eco actions_per_loop=3 ====
[11:44:23] planet 76: building queue full (5)
[11:44:23] planet 76: building queue full (5)
[11:44:23] planet 76: building queue full (5)
[2026-05-13 11:45:09] ==== loop 124/∞ | seed=1082114626775815843 archetype=turbo personality=minero focus=eco actions_per_loop=3 ====
[11:45:11] planet 76: building queue full (5)
[11:45:11] planet 76: building queue full (5)
[11:45:11] planet 76: building queue full (5)
[11:45:11] research: already in progress
[2026-05-13 11:45:54] ==== loop 125/∞ | seed=1082114626775815843 archetype=turbo personality=minero focus=eco actions_per_loop=3 ====
[11:45:56] planet 76: building queue full (5)
[11:45:56] planet 76: building queue full (5)
[11:45:56] planet 76: building queue full (5)
[2026-05-13 11:46:37] ==== loop 126/∞ | seed=1082114626775815843 archetype=turbo personality=minero focus=eco actions_per_loop=3 ====
[11:46:40] planet 76: building queue full (5)
[11:46:40] planet 76: building queue full (5)
[11:46:40] planet 76: building queue full (5)
[11:46:40] research: already in progress
[2026-05-13 11:47:29] ==== loop 127/∞ | seed=1082114626775815843 archetype=turbo personality=minero focus=eco actions_per_loop=3 ====
[11:47:31] planet 76: building queue full (5)
[11:47:31] planet 76: building queue full (5)
[11:47:31] planet 76: building queue full (5)
[11:47:31] research: already in progress
[2026-05-13 11:48:12] ==== loop 128/∞ | seed=1082114626775815843 archetype=turbo personality=minero focus=eco actions_per_loop=3 ====
[11:48:14] planet 76: building queue full (5)
[11:48:14] planet 76: building queue full (5)
[11:48:14] planet 76: building queue full (5)
[11:48:14] research: already in progress
[2026-05-13 11:49:01] ==== loop 129/∞ | seed=1082114626775815843 archetype=turbo personality=minero focus=eco actions_per_loop=3 ====
[11:49:03] planet 76: building queue full (5)
[11:49:03] planet 76: building queue full (5)
[11:49:03] planet 76: building queue full (5)
[11:49:03] research: already in progress
[2026-05-13 11:49:53] ==== loop 130/∞ | seed=1082114626775815843 archetype=turbo personality=minero focus=eco actions_per_loop=3 ====
[11:49:55] planet 76: building queue full (5)
[11:49:55] planet 76: building queue full (5)
[11:49:55] planet 76: building queue full (5)
[2026-05-13 11:50:41] ==== loop 131/∞ | seed=1082114626775815843 archetype=turbo personality=minero focus=eco actions_per_loop=3 ====
[11:50:43] planet 76: building queue full (5)
[11:50:43] planet 76: building queue full (5)
[11:50:43] planet 76: building queue full (5)
[11:50:43] research: already in progress
[2026-05-13 11:51:30] ==== loop 132/∞ | seed=1082114626775815843 archetype=turbo personality=minero focus=eco actions_per_loop=3 ====
[11:51:32] planet 76: building queue full (5)
[11:51:32] planet 76: building queue full (5)
[11:51:32] planet 76: building queue full (5)
[11:51:32] research: already in progress
[2026-05-13 11:52:18] ==== loop 133/∞ | seed=1082114626775815843 archetype=turbo personality=minero focus=eco actions_per_loop=3 ====
[11:52:20] planet 76: building queue full (5)
[11:52:20] planet 76: building queue full (5)
[11:52:20] planet 76: building queue full (5)
[11:52:20] research: already in progress
[2026-05-13 11:53:04] ==== loop 134/∞ | seed=1082114626775815843 archetype=turbo personality=minero focus=eco actions_per_loop=3 ====
[11:53:06] planet 76: building queue full (5)
[11:53:06] planet 76: building queue full (5)
[11:53:06] planet 76: building queue full (5)
[11:53:06] research: already in progress
[2026-05-13 11:53:47] ==== loop 135/∞ | seed=1082114626775815843 archetype=turbo personality=minero focus=eco actions_per_loop=3 ====
[11:53:48] planet 76: building queue full (5)
[11:53:48] planet 76: building queue full (5)
[11:53:48] planet 76: building queue full (5)
[11:53:48] research: already in progress
[2026-05-13 11:54:27] ==== loop 136/∞ | seed=1082114626775815843 archetype=turbo personality=minero focus=eco actions_per_loop=3 ====
[11:54:28] planet 76: building queue full (5)
[11:54:28] planet 76: building queue full (5)
[11:54:28] planet 76: building queue full (5)
[2026-05-13 11:55:08] ==== loop 137/∞ | seed=1082114626775815843 archetype=turbo personality=minero focus=eco actions_per_loop=3 ====
[11:55:11] alliance: idle no_candidate
[11:55:11] planet 76: building queue full (5)
[11:55:11] planet 76: building queue full (5)
[11:55:11] planet 76: building queue full (5)
[11:55:11] research: already in progress
[2026-05-13 11:56:01] ==== loop 138/∞ | seed=1082114626775815843 archetype=turbo personality=minero focus=eco actions_per_loop=3 ====
[11:56:04] planet 76: building queue full (5)
[11:56:04] planet 76: building queue full (5)
[11:56:04] planet 76: building queue full (5)
[11:56:04] research: already in progress
[2026-05-13 11:56:44] ==== loop 139/∞ | seed=1082114626775815843 archetype=turbo personality=minero focus=eco actions_per_loop=3 ====
[11:56:47] planet 76: building queue full (5)
[11:56:47] planet 76: building queue full (5)
[11:56:47] planet 76: building queue full (5)
[2026-05-13 11:57:35] ==== loop 140/∞ | seed=1082114626775815843 archetype=turbo personality=minero focus=eco actions_per_loop=3 ====
[11:57:36] planet 76: building queue full (5)
[11:57:36] planet 76: building queue full (5)
[11:57:36] planet 76: building queue full (5)
[11:57:36] research: already in progress
[2026-05-13 11:58:17] ==== loop 141/∞ | seed=1082114626775815843 archetype=turbo personality=minero focus=eco actions_per_loop=3 ====
[11:58:19] planet 76: building queue full (5)
[11:58:19] planet 76: building queue full (5)
[11:58:19] planet 76: building queue full (5)
[11:58:19] research: already in progress
[2026-05-13 11:59:00] ==== loop 142/∞ | seed=1082114626775815843 archetype=turbo personality=minero focus=eco actions_per_loop=3 ====
[11:59:02] planet 76: building queue full (5)
[11:59:02] planet 76: building queue full (5)
[11:59:02] planet 76: building queue full (5)
[11:59:02] research: already in progress
[2026-05-13 11:59:41] ==== loop 143/∞ | seed=1082114626775815843 archetype=turbo personality=minero focus=eco actions_per_loop=3 ====
[11:59:43] planet 76: building queue full (5)
[11:59:43] planet 76: building queue full (5)
[11:59:43] planet 76: building queue full (5)
[11:59:43] research: already in progress
[2026-05-13 12:00:28] ==== loop 144/∞ | seed=1082114626775815843 archetype=turbo personality=minero focus=eco actions_per_loop=3 ====
[12:00:30] planet 76: building queue full (5)
[12:00:30] planet 76: building queue full (5)
[12:00:30] planet 76: building queue full (5)
[12:00:30] research: already in progress
[2026-05-13 12:01:15] ==== loop 145/∞ | seed=1082114626775815843 archetype=turbo personality=minero focus=eco actions_per_loop=3 ====
[12:01:17] planet 76: building queue full (5)
[12:01:17] planet 76: building queue full (5)
[12:01:17] planet 76: building queue full (5)
[2026-05-13 12:02:00] ==== loop 146/∞ | seed=1082114626775815843 archetype=turbo personality=minero focus=eco actions_per_loop=3 ====
[12:02:03] planet 76: building queue full (5)
[12:02:03] planet 76: building queue full (5)
[12:02:03] planet 76: building queue full (5)
[12:02:03] research: already in progress
[2026-05-13 12:02:46] ==== loop 147/∞ | seed=1082114626775815843 archetype=turbo personality=minero focus=eco actions_per_loop=3 ====
[12:02:49] planet 76: building queue full (5)
[12:02:49] planet 76: building queue full (5)
[12:02:49] planet 76: building queue full (5)
[2026-05-13 12:03:34] ==== loop 148/∞ | seed=1082114626775815843 archetype=turbo personality=minero focus=eco actions_per_loop=3 ====
[12:03:37] planet 76: building queue full (5)
[12:03:37] planet 76: building queue full (5)
[12:03:37] planet 76: building queue full (5)
[2026-05-13 12:04:23] ==== loop 149/∞ | seed=1082114626775815843 archetype=turbo personality=minero focus=eco actions_per_loop=3 ====
[12:04:25] planet 76: building queue full (5)
[12:04:25] planet 76: building queue full (5)
[12:04:25] planet 76: building queue full (5)
[12:04:25] research: already in progress
[2026-05-13 12:05:08] ==== loop 150/∞ | seed=1082114626775815843 archetype=turbo personality=minero focus=eco actions_per_loop=3 ====
[12:05:11] planet 76: building queue full (5)
[12:05:11] planet 76: building queue full (5)
[12:05:11] planet 76: building queue full (5)
[12:05:11] research: already in progress
[2026-05-13 12:05:59] ==== loop 151/∞ | seed=1082114626775815843 archetype=turbo personality=minero focus=eco actions_per_loop=3 ====
[12:06:00] planet 76: building queue full (5)
[12:06:00] planet 76: building queue full (5)
[12:06:00] planet 76: building queue full (5)
[12:06:00] research: already in progress
[2026-05-13 12:06:49] ==== loop 152/∞ | seed=1082114626775815843 archetype=turbo personality=minero focus=eco actions_per_loop=3 ====
[12:06:50] planet 76: building queue full (5)
[12:06:50] planet 76: building queue full (5)
[12:06:50] planet 76: building queue full (5)
[12:06:50] research: already in progress
[2026-05-13 12:07:37] ==== loop 153/∞ | seed=1082114626775815843 archetype=turbo personality=minero focus=eco actions_per_loop=3 ====
[12:07:39] planet 76: building queue full (5)
[12:07:39] planet 76: building queue full (5)
[12:07:39] planet 76: building queue full (5)
[2026-05-13 12:08:32] ==== loop 154/∞ | seed=1082114626775815843 archetype=turbo personality=minero focus=eco actions_per_loop=3 ====
[12:08:34] planet 76: building queue full (5)
[12:08:34] planet 76: building queue full (5)
[12:08:34] planet 76: building queue full (5)
[2026-05-13 12:09:23] ==== loop 155/∞ | seed=1082114626775815843 archetype=turbo personality=minero focus=eco actions_per_loop=3 ====
[12:09:24] planet 76: building queue full (5)
[12:09:24] planet 76: building queue full (5)
[12:09:24] planet 76: building queue full (5)
[2026-05-13 12:10:05] ==== loop 156/∞ | seed=1082114626775815843 archetype=turbo personality=minero focus=eco actions_per_loop=3 ====
[12:10:07] planet 76: building queue full (5)
[12:10:07] planet 76: building queue full (5)
[12:10:07] planet 76: building queue full (5)
[2026-05-13 12:10:53] ==== loop 157/∞ | seed=1082114626775815843 archetype=turbo personality=minero focus=eco actions_per_loop=3 ====
[12:10:56] alliance: idle no_candidate
[12:10:56] planet 76: building queue full (5)
[12:10:56] planet 76: building queue full (5)
[12:10:56] planet 76: building queue full (5)
[2026-05-13 12:11:41] ==== loop 158/∞ | seed=1082114626775815843 archetype=turbo personality=minero focus=eco actions_per_loop=3 ====
[12:11:42] planet 76: building queue full (5)
[12:11:42] planet 76: building queue full (5)
[12:11:42] planet 76: building queue full (5)
