[2026-05-08 12:42:44] ==== loop 2/∞ | seed=968175026105938324 archetype=turbo personality=flotero focus=eco actions_per_loop=1 ====
[12:42:45] planet 53: queued building_crystal_mine to 1
[2026-05-08 12:44:00] ==== loop 4/∞ | seed=968175026105938324 archetype=turbo personality=flotero focus=eco actions_per_loop=1 ====
[12:44:00] planet 53: queued building_crystal_mine to 2
[2026-05-08 12:44:38] ==== loop 5/∞ | seed=968175026105938324 archetype=turbo personality=flotero focus=eco actions_per_loop=1 ====
[12:44:39] planet 53: queued building_crystal_mine to 3
[12:44:39] research: blocked research_energy_technology (building_laboratory 0/1)
[2026-05-08 12:45:14] ==== loop 6/∞ | seed=968175026105938324 archetype=turbo personality=flotero focus=eco actions_per_loop=1 ====
[12:45:15] planet 53: queued building_crystal_mine to 4
[12:45:15] research: blocked research_energy_technology (building_laboratory 0/1)
[2026-05-08 12:45:52] ==== loop 7/∞ | seed=968175026105938324 archetype=turbo personality=flotero focus=eco actions_per_loop=1 ====
[12:45:53] planet 53: queued building_crystal_mine to 5
[12:45:53] research: blocked research_energy_technology (building_laboratory 0/1)
[2026-05-08 12:47:06] ==== loop 9/∞ | seed=968175026105938324 archetype=turbo personality=flotero focus=eco actions_per_loop=1 ====
[12:47:07] planet 53: queued building_crystal_mine to 6
[2026-05-08 12:47:46] ==== loop 10/∞ | seed=968175026105938324 archetype=turbo personality=flotero focus=eco actions_per_loop=1 ====
[12:47:46] planet 53: queued building_crystal_mine to 7
[2026-05-08 12:48:24] ==== loop 11/∞ | seed=968175026105938324 archetype=turbo personality=flotero focus=eco actions_per_loop=1 ====
[12:48:25] planet 53: no resources for building_crystal_mine+1
[2026-05-08 12:49:02] ==== loop 12/∞ | seed=968175026105938324 archetype=turbo personality=flotero focus=eco actions_per_loop=1 ====
[12:49:02] planet 53: no resources for building_crystal_mine+1
[12:49:02] research: blocked research_energy_technology (building_laboratory 0/1)
[2026-05-08 12:49:38] ==== loop 13/∞ | seed=968175026105938324 archetype=turbo personality=flotero focus=eco actions_per_loop=1 ====
[12:49:39] planet 53: no resources for building_crystal_mine+1
[2026-05-08 12:50:14] ==== loop 14/∞ | seed=968175026105938324 archetype=turbo personality=flotero focus=eco actions_per_loop=1 ====
[12:50:14] planet 53: queued building_laboratory to 1
[12:50:14] research: blocked research_energy_technology (building_laboratory 0/1)
[2026-05-08 12:51:52] ==== loop 1/∞ | seed=968175026105938324 archetype=turbo personality=flotero focus=eco actions_per_loop=1 ====
[12:51:53] planet 53: queued building_solar_plant to 1
[12:51:53] research: blocked research_energy_technology (building_laboratory 0/1)
[2026-05-08 12:53:07] ==== loop 3/∞ | seed=968175026105938324 archetype=turbo personality=flotero focus=eco actions_per_loop=1 ====
[12:53:08] planet 53: queued building_solar_plant to 2
[12:53:08] research: blocked research_espionage_technology (building_laboratory 1/3)
[2026-05-08 12:53:45] ==== loop 4/∞ | seed=968175026105938324 archetype=turbo personality=flotero focus=eco actions_per_loop=1 ====
[12:53:46] planet 53: queued building_solar_plant to 3
[2026-05-08 12:54:26] ==== loop 5/∞ | seed=968175026105938324 archetype=turbo personality=flotero focus=eco actions_per_loop=1 ====
[12:54:26] planet 53: queued building_solar_plant to 4
[12:54:26] research: upgraded research_energy_technology to 1
[2026-05-08 12:55:05] ==== loop 6/∞ | seed=968175026105938324 archetype=turbo personality=flotero focus=eco actions_per_loop=1 ====
[12:55:05] planet 53: queued building_solar_plant to 5
[2026-05-08 12:55:39] ==== loop 7/∞ | seed=968175026105938324 archetype=turbo personality=flotero focus=eco actions_per_loop=1 ====
[12:55:40] planet 53: no resources for building_laboratory+1
[12:55:40] research: blocked research_espionage_technology (building_laboratory 1/3)
[2026-05-08 12:56:18] ==== loop 8/∞ | seed=968175026105938324 archetype=turbo personality=flotero focus=eco actions_per_loop=1 ====
[12:56:19] planet 53: no resources for building_laboratory+1
[2026-05-08 12:56:53] ==== loop 9/∞ | seed=968175026105938324 archetype=turbo personality=flotero focus=eco actions_per_loop=1 ====
[12:56:55] planet 53: no resources for building_laboratory+1
[2026-05-08 12:57:33] ==== loop 10/∞ | seed=968175026105938324 archetype=turbo personality=flotero focus=eco actions_per_loop=1 ====
[12:57:33] planet 53: no resources for building_laboratory+1
[2026-05-08 12:58:05] ==== loop 11/∞ | seed=968175026105938324 archetype=turbo personality=flotero focus=eco actions_per_loop=1 ====
[12:58:06] planet 53: no resources for building_laboratory+1
[2026-05-08 12:58:42] ==== loop 12/∞ | seed=968175026105938324 archetype=turbo personality=flotero focus=eco actions_per_loop=1 ====
[12:58:43] planet 53: no resources for building_laboratory+1
[2026-05-08 12:59:19] ==== loop 13/∞ | seed=968175026105938324 archetype=turbo personality=flotero focus=eco actions_per_loop=1 ====
[12:59:19] planet 53: no resources for building_laboratory+1
[2026-05-08 12:59:54] ==== loop 14/∞ | seed=968175026105938324 archetype=turbo personality=flotero focus=eco actions_per_loop=1 ====
[12:59:55] planet 53: no resources for building_laboratory+1
[12:59:55] research: blocked research_espionage_technology (building_laboratory 1/3)
[2026-05-08 13:00:32] ==== loop 15/∞ | seed=968175026105938324 archetype=turbo personality=flotero focus=eco actions_per_loop=1 ====
[13:00:33] planet 53: queued building_crystal_mine to 8
[13:00:33] research: blocked research_espionage_technology (building_laboratory 1/3)
[2026-05-08 13:01:05] ==== loop 16/∞ | seed=968175026105938324 archetype=turbo personality=flotero focus=eco actions_per_loop=1 ====
[13:01:05] planet 53: queued building_solar_plant to 6
[2026-05-08 13:01:42] ==== loop 17/∞ | seed=968175026105938324 archetype=turbo personality=flotero focus=eco actions_per_loop=1 ====
[13:01:43] planet 53: queued building_crystal_mine to 9
[13:01:43] research: blocked research_espionage_technology (building_laboratory 1/3)
[2026-05-08 13:02:20] ==== loop 18/∞ | seed=968175026105938324 archetype=turbo personality=flotero focus=eco actions_per_loop=1 ====
[13:02:20] planet 53: queued building_crystal_store to 1
[2026-05-08 13:02:59] ==== loop 19/∞ | seed=968175026105938324 archetype=turbo personality=flotero focus=eco actions_per_loop=1 ====
[13:03:00] planet 53: queued building_crystal_store to 2
[2026-05-08 13:03:35] ==== loop 20/∞ | seed=968175026105938324 archetype=turbo personality=flotero focus=eco actions_per_loop=1 ====
[13:03:36] planet 53: no resources for building_crystal_store+1
[2026-05-08 13:04:13] ==== loop 21/∞ | seed=968175026105938324 archetype=turbo personality=flotero focus=eco actions_per_loop=1 ====
[13:04:14] planet 53: no resources for building_crystal_store+1
[13:04:14] research: blocked research_espionage_technology (building_laboratory 1/3)
[2026-05-08 13:04:49] ==== loop 22/∞ | seed=968175026105938324 archetype=turbo personality=flotero focus=eco actions_per_loop=1 ====
[13:04:49] planet 53: no resources for building_crystal_store+1
[13:04:49] research: blocked research_espionage_technology (building_laboratory 1/3)
[2026-05-08 13:05:29] ==== loop 23/∞ | seed=968175026105938324 archetype=turbo personality=flotero focus=eco actions_per_loop=1 ====
[13:05:30] planet 53: no resources for building_crystal_store+1
[2026-05-08 13:06:07] ==== loop 24/∞ | seed=968175026105938324 archetype=turbo personality=flotero focus=eco actions_per_loop=1 ====
[13:06:08] planet 53: no resources for building_crystal_store+1
[13:06:08] research: blocked research_espionage_technology (building_laboratory 1/3)
[2026-05-08 13:06:51] ==== loop 25/∞ | seed=968175026105938324 archetype=turbo personality=flotero focus=eco actions_per_loop=1 ====
[13:06:51] planet 53: no resources for building_crystal_store+1
[13:06:51] research: blocked research_espionage_technology (building_laboratory 1/3)
[2026-05-08 13:07:29] ==== loop 26/∞ | seed=968175026105938324 archetype=turbo personality=flotero focus=eco actions_per_loop=1 ====
[13:07:30] planet 53: no resources for building_crystal_store+1
[2026-05-08 13:08:07] ==== loop 27/∞ | seed=968175026105938324 archetype=turbo personality=flotero focus=eco actions_per_loop=1 ====
[13:08:08] planet 53: no resources for building_crystal_store+1
[13:08:08] research: blocked research_espionage_technology (building_laboratory 1/3)
[2026-05-08 13:08:47] ==== loop 28/∞ | seed=968175026105938324 archetype=turbo personality=flotero focus=eco actions_per_loop=1 ====
[13:08:48] planet 53: no resources for building_crystal_store+1
[2026-05-08 13:09:25] ==== loop 29/∞ | seed=968175026105938324 archetype=turbo personality=flotero focus=eco actions_per_loop=1 ====
[13:09:26] planet 53: no resources for building_crystal_store+1
[2026-05-08 13:10:07] ==== loop 30/∞ | seed=968175026105938324 archetype=turbo personality=flotero focus=eco actions_per_loop=1 ====
[13:10:08] planet 53: queued building_metal_mine to 1
[2026-05-08 13:10:49] ==== loop 31/∞ | seed=968175026105938324 archetype=turbo personality=flotero focus=eco actions_per_loop=1 ====
[13:10:50] planet 53: queued building_solar_plant to 7
[2026-05-08 13:12:01] ==== loop 2/∞ | seed=968175026105938324 archetype=turbo personality=flotero focus=eco actions_per_loop=1 ====
[13:12:02] planet 53: queued building_metal_mine to 2
[13:12:02] research: upgraded research_computer_technology to 1
[2026-05-08 13:12:41] ==== loop 3/∞ | seed=968175026105938324 archetype=turbo personality=flotero focus=eco actions_per_loop=1 ====
[13:12:41] planet 53: queued building_metal_mine to 3
[2026-05-08 13:13:20] ==== loop 4/∞ | seed=968175026105938324 archetype=turbo personality=flotero focus=eco actions_per_loop=1 ====
[13:13:21] planet 53: queued building_metal_mine to 4
[2026-05-08 13:14:00] ==== loop 5/∞ | seed=968175026105938324 archetype=turbo personality=flotero focus=eco actions_per_loop=1 ====
[13:14:01] planet 53: queued building_metal_mine to 5
[2026-05-08 13:14:38] ==== loop 6/∞ | seed=968175026105938324 archetype=turbo personality=flotero focus=eco actions_per_loop=1 ====
[13:14:39] planet 53: queued building_solar_plant to 8
[2026-05-08 13:15:19] ==== loop 7/∞ | seed=968175026105938324 archetype=turbo personality=flotero focus=eco actions_per_loop=1 ====
[13:15:19] planet 53: queued building_metal_mine to 6
[2026-05-08 13:15:58] ==== loop 8/∞ | seed=968175026105938324 archetype=turbo personality=flotero focus=eco actions_per_loop=1 ====
[13:15:59] planet 53: queued building_metal_mine to 7
[13:15:59] research: blocked research_espionage_technology (building_laboratory 1/3)
[2026-05-08 13:17:13] ==== loop 10/∞ | seed=968175026105938324 archetype=turbo personality=flotero focus=eco actions_per_loop=1 ====
[13:17:13] planet 53: queued building_solar_plant to 9
[2026-05-08 13:18:39] ==== loop 12/∞ | seed=968175026105938324 archetype=turbo personality=flotero focus=eco actions_per_loop=1 ====
[13:18:40] planet 53: queued building_metal_mine to 8
[13:18:40] research: blocked research_espionage_technology (building_laboratory 1/3)
[2026-05-08 13:20:00] ==== loop 14/∞ | seed=968175026105938324 archetype=turbo personality=flotero focus=eco actions_per_loop=1 ====
[13:20:01] planet 53: queued building_hangar to 1
[2026-05-08 13:20:40] ==== loop 15/∞ | seed=968175026105938324 archetype=turbo personality=flotero focus=eco actions_per_loop=1 ====
[13:20:40] planet 53: queued building_hangar to 2
[2026-05-08 13:21:22] ==== loop 16/∞ | seed=968175026105938324 archetype=turbo personality=flotero focus=eco actions_per_loop=1 ====
[13:21:22] planet 53: no resources for building_hangar+1
[13:21:22] research: blocked research_espionage_technology (building_laboratory 1/3)
[2026-05-08 13:22:04] ==== loop 17/∞ | seed=968175026105938324 archetype=turbo personality=flotero focus=eco actions_per_loop=1 ====
[13:22:05] planet 53: no resources for building_hangar+1
[13:22:05] research: blocked research_espionage_technology (building_laboratory 1/3)
[2026-05-08 13:23:29] ==== loop 19/∞ | seed=968175026105938324 archetype=turbo personality=flotero focus=eco actions_per_loop=1 ====
[13:23:30] planet 53: queued building_hangar to 3
[13:23:30] research: blocked research_espionage_technology (building_laboratory 1/3)
[2026-05-08 13:24:51] ==== loop 21/∞ | seed=968175026105938324 archetype=turbo personality=flotero focus=eco actions_per_loop=1 ====
[13:24:51] planet 53: no resources for building_hangar+1
[2026-05-08 13:25:32] ==== loop 22/∞ | seed=968175026105938324 archetype=turbo personality=flotero focus=eco actions_per_loop=1 ====
[13:25:32] planet 53: no resources for building_hangar+1
[2026-05-08 13:26:08] ==== loop 23/∞ | seed=968175026105938324 archetype=turbo personality=flotero focus=eco actions_per_loop=1 ====
[13:26:10] planet 53: no resources for building_hangar+1
[13:26:10] research: blocked research_espionage_technology (building_laboratory 1/3)
[2026-05-08 13:26:48] ==== loop 24/∞ | seed=968175026105938324 archetype=turbo personality=flotero focus=eco actions_per_loop=1 ====
[13:26:49] planet 53: no resources for building_hangar+1
[2026-05-08 13:28:05] ==== loop 26/∞ | seed=968175026105938324 archetype=turbo personality=flotero focus=eco actions_per_loop=1 ====
[13:28:06] planet 53: no resources for building_hangar+1
[2026-05-08 13:28:41] ==== loop 27/∞ | seed=968175026105938324 archetype=turbo personality=flotero focus=eco actions_per_loop=1 ====
[13:28:42] planet 53: no resources for building_hangar+1
[2026-05-08 13:29:21] ==== loop 28/∞ | seed=968175026105938324 archetype=turbo personality=flotero focus=eco actions_per_loop=1 ====
[13:29:22] planet 53: no resources for building_hangar+1
[13:29:22] research: upgraded research_combustion_drive to 1
[2026-05-08 13:30:00] ==== loop 29/∞ | seed=968175026105938324 archetype=turbo personality=flotero focus=eco actions_per_loop=1 ====
[13:30:01] planet 53: no resources for building_robot_factory+1
[2026-05-08 13:31:20] ==== loop 31/∞ | seed=968175026105938324 archetype=turbo personality=flotero focus=eco actions_per_loop=1 ====
[13:31:20] planet 53: no resources for building_robot_factory+1
[2026-05-08 13:32:40] ==== loop 33/∞ | seed=968175026105938324 archetype=turbo personality=flotero focus=eco actions_per_loop=1 ====
[13:32:42] planet 53: no resources for building_robot_factory+1
[13:32:42] research: blocked research_espionage_technology (building_laboratory 1/3)
[2026-05-08 13:34:03] ==== loop 35/∞ | seed=968175026105938324 archetype=turbo personality=flotero focus=eco actions_per_loop=1 ====
[13:34:04] planet 53: no resources for building_robot_factory+1
[13:34:04] research: blocked research_espionage_technology (building_laboratory 1/3)
[2026-05-08 13:36:14] ==== loop 38/∞ | seed=968175026105938324 archetype=turbo personality=flotero focus=eco actions_per_loop=1 ====
[13:36:15] planet 53: queued building_robot_factory to 1
[13:36:15] research: blocked research_espionage_technology (building_laboratory 1/3)
[2026-05-08 13:37:34] ==== loop 40/∞ | seed=968175026105938324 archetype=turbo personality=flotero focus=eco actions_per_loop=1 ====
[13:37:34] planet 53: no resources for building_robot_factory+1
[13:37:34] research: blocked research_espionage_technology (building_laboratory 1/3)
[2026-05-08 13:38:12] ==== loop 41/∞ | seed=968175026105938324 archetype=turbo personality=flotero focus=eco actions_per_loop=1 ====
[13:38:13] planet 53: no resources for building_robot_factory+1
[13:38:13] research: blocked research_espionage_technology (building_laboratory 1/3)
[2026-05-08 13:38:51] ==== loop 42/∞ | seed=968175026105938324 archetype=turbo personality=flotero focus=eco actions_per_loop=1 ====
[13:38:52] planet 53: no resources for building_robot_factory+1
[13:38:52] research: blocked research_espionage_technology (building_laboratory 1/3)
[2026-05-08 13:40:56] ==== loop 45/∞ | seed=968175026105938324 archetype=turbo personality=flotero focus=eco actions_per_loop=1 ====
[13:40:57] planet 53: queued building_metal_store to 1
[13:40:57] research: blocked research_espionage_technology (building_laboratory 1/3)
[2026-05-08 13:41:35] ==== loop 46/∞ | seed=968175026105938324 archetype=turbo personality=flotero focus=eco actions_per_loop=1 ====
[13:41:35] planet 53: queued building_deuterium_sintetizer to 1
[2026-05-08 13:42:54] ==== loop 48/∞ | seed=968175026105938324 archetype=turbo personality=flotero focus=eco actions_per_loop=1 ====
[13:42:55] planet 53: queued building_metal_store to 2
[13:42:55] research: blocked research_espionage_technology (building_laboratory 1/3)
[2026-05-08 13:43:35] ==== loop 49/∞ | seed=968175026105938324 archetype=turbo personality=flotero focus=eco actions_per_loop=1 ====
[13:43:35] planet 53: queued building_deuterium_sintetizer to 2
[13:43:35] research: blocked research_espionage_technology (building_laboratory 1/3)
[2026-05-08 13:44:57] ==== loop 51/∞ | seed=968175026105938324 archetype=turbo personality=flotero focus=eco actions_per_loop=1 ====
[13:44:58] planet 53: queued building_solar_plant to 10
[2026-05-08 13:45:41] ==== loop 52/∞ | seed=968175026105938324 archetype=turbo personality=flotero focus=eco actions_per_loop=1 ====
[13:45:41] planet 53: queued building_deuterium_sintetizer to 3
[13:45:41] research: blocked research_espionage_technology (building_laboratory 1/3)
[2026-05-08 13:46:58] ==== loop 54/∞ | seed=968175026105938324 archetype=turbo personality=flotero focus=eco actions_per_loop=1 ====
[13:46:59] planet 53: queued building_deuterium_sintetizer to 4
[13:46:59] research: upgraded research_energy_technology to 2
[2026-05-08 13:47:43] ==== loop 55/∞ | seed=968175026105938324 archetype=turbo personality=flotero focus=eco actions_per_loop=1 ====
[13:47:43] planet 53: queued building_deuterium_sintetizer to 5
[2026-05-08 13:48:25] ==== loop 56/∞ | seed=968175026105938324 archetype=turbo personality=flotero focus=eco actions_per_loop=1 ====
[13:48:26] planet 53: queued building_solar_plant to 11
[13:48:26] research: upgraded research_laser_technology to 1
[2026-05-08 13:49:06] ==== loop 57/∞ | seed=968175026105938324 archetype=turbo personality=flotero focus=eco actions_per_loop=1 ====
[13:49:07] planet 53: queued building_deuterium_sintetizer to 6
[13:49:07] research: upgraded research_laser_technology to 2
[2026-05-08 13:49:47] ==== loop 58/∞ | seed=968175026105938324 archetype=turbo personality=flotero focus=eco actions_per_loop=1 ====
[13:49:48] planet 53: queued building_metal_store to 3
[13:49:48] research: upgraded research_laser_technology to 3
[2026-05-08 13:50:31] ==== loop 59/∞ | seed=968175026105938324 archetype=turbo personality=flotero focus=eco actions_per_loop=1 ====
[13:50:32] planet 53: queued building_crystal_mine to 10
[2026-05-08 13:51:57] ==== loop 61/∞ | seed=968175026105938324 archetype=turbo personality=flotero focus=eco actions_per_loop=1 ====
[13:51:58] planet 53: queued building_solar_plant to 12
[2026-05-08 13:52:43] ==== loop 62/∞ | seed=968175026105938324 archetype=turbo personality=flotero focus=eco actions_per_loop=1 ====
[13:52:44] planet 53: queued building_crystal_mine to 11
[13:52:44] research: upgraded research_energy_technology to 3
[2026-05-08 13:53:27] ==== loop 63/∞ | seed=968175026105938324 archetype=turbo personality=flotero focus=eco actions_per_loop=1 ====
[13:53:27] planet 53: queued building_deuterium_sintetizer to 7
[13:53:27] research: upgraded research_computer_technology to 2
[2026-05-08 13:54:18] ==== loop 64/∞ | seed=968175026105938324 archetype=turbo personality=flotero focus=eco actions_per_loop=1 ====
[13:54:18] planet 53: queued building_solar_plant to 13
[2026-05-08 13:55:05] ==== loop 65/∞ | seed=968175026105938324 archetype=turbo personality=flotero focus=eco actions_per_loop=1 ====
[13:55:06] planet 53: queued building_solar_plant to 14
[2026-05-08 13:55:47] ==== loop 66/∞ | seed=968175026105938324 archetype=turbo personality=flotero focus=eco actions_per_loop=1 ====
[13:55:48] planet 53: queued building_deuterium_sintetizer to 8
[13:55:48] research: upgraded research_computer_technology to 3
[2026-05-08 13:56:31] ==== loop 67/∞ | seed=968175026105938324 archetype=turbo personality=flotero focus=eco actions_per_loop=1 ====
[13:56:32] planet 53: queued building_deuterium_sintetizer to 9
[2026-05-08 13:57:13] ==== loop 68/∞ | seed=968175026105938324 archetype=turbo personality=flotero focus=eco actions_per_loop=1 ====
[13:57:13] planet 53: queued building_deuterium_sintetizer to 10
[2026-05-08 13:57:53] ==== loop 69/∞ | seed=968175026105938324 archetype=turbo personality=flotero focus=eco actions_per_loop=1 ====
[13:57:54] planet 53: queued building_deuterium_sintetizer to 11
[13:57:54] research: upgraded research_combustion_drive to 2
[2026-05-08 13:58:33] ==== loop 70/∞ | seed=968175026105938324 archetype=turbo personality=flotero focus=eco actions_per_loop=1 ====
[13:58:33] planet 53: queued building_deuterium_sintetizer to 12
[2026-05-08 13:59:15] ==== loop 71/∞ | seed=968175026105938324 archetype=turbo personality=flotero focus=eco actions_per_loop=1 ====
[13:59:16] planet 53: queued building_deuterium_sintetizer to 13
[2026-05-08 13:59:54] ==== loop 72/∞ | seed=968175026105938324 archetype=turbo personality=flotero focus=eco actions_per_loop=1 ====
[13:59:55] planet 53: queued building_solar_plant to 15
[13:59:55] research: upgraded research_energy_technology to 4
[2026-05-08 14:00:35] ==== loop 73/∞ | seed=968175026105938324 archetype=turbo personality=flotero focus=eco actions_per_loop=1 ====
[14:00:35] planet 53: queued building_solar_plant to 16
[2026-05-08 14:01:13] ==== loop 74/∞ | seed=968175026105938324 archetype=turbo personality=flotero focus=eco actions_per_loop=1 ====
[14:01:14] planet 53: queued building_solar_plant to 17
[2026-05-08 14:01:50] ==== loop 75/∞ | seed=968175026105938324 archetype=turbo personality=flotero focus=eco actions_per_loop=1 ====
[14:01:51] planet 53: queued building_solar_plant to 18
[2026-05-08 14:02:29] ==== loop 76/∞ | seed=968175026105938324 archetype=turbo personality=flotero focus=eco actions_per_loop=1 ====
[14:02:30] planet 53: building queue full (5)
[2026-05-08 14:03:05] ==== loop 77/∞ | seed=968175026105938324 archetype=turbo personality=flotero focus=eco actions_per_loop=1 ====
[14:03:06] planet 53: building queue full (5)
[2026-05-08 14:03:44] ==== loop 78/∞ | seed=968175026105938324 archetype=turbo personality=flotero focus=eco actions_per_loop=1 ====
[14:03:45] planet 53: building queue full (5)
[14:03:45] research: upgraded research_energy_technology to 5
[2026-05-08 14:04:19] ==== loop 79/∞ | seed=968175026105938324 archetype=turbo personality=flotero focus=eco actions_per_loop=1 ====
[14:04:19] planet 53: building queue full (5)
[14:04:19] research: upgraded research_combustion_drive to 3
[2026-05-08 14:06:16] ==== loop 82/∞ | seed=968175026105938324 archetype=turbo personality=flotero focus=eco actions_per_loop=1 ====
[14:06:16] planet 53: queued building_solar_plant to 19
[14:06:16] research: upgraded research_laser_technology to 4
[2026-05-08 14:06:55] ==== loop 83/∞ | seed=968175026105938324 archetype=turbo personality=flotero focus=eco actions_per_loop=1 ====
[14:06:56] planet 53: no resources for building_solar_plant+1
[14:06:56] research: upgraded research_computer_technology to 4
[2026-05-08 14:08:05] ==== loop 85/∞ | seed=968175026105938324 archetype=turbo personality=flotero focus=eco actions_per_loop=1 ====
[14:08:06] planet 53: no resources for building_solar_plant+1
[2026-05-08 14:08:41] ==== loop 86/∞ | seed=968175026105938324 archetype=turbo personality=flotero focus=eco actions_per_loop=1 ====
[14:08:41] planet 53: no resources for building_solar_plant+1
[2026-05-08 14:10:28] ==== loop 89/∞ | seed=968175026105938324 archetype=turbo personality=flotero focus=eco actions_per_loop=1 ====
[14:10:29] planet 53: queued building_crystal_mine to 12
[14:10:29] research: upgraded research_combustion_drive to 4
[2026-05-08 14:11:08] ==== loop 90/∞ | seed=968175026105938324 archetype=turbo personality=flotero focus=eco actions_per_loop=1 ====
[14:11:09] planet 53: queued building_crystal_mine to 13
[14:11:09] research: upgraded research_laser_technology to 5
[2026-05-08 14:11:46] ==== loop 91/∞ | seed=968175026105938324 archetype=turbo personality=flotero focus=eco actions_per_loop=1 ====
[14:11:47] planet 53: building queue full (5)
[2026-05-08 14:12:24] ==== loop 92/∞ | seed=968175026105938324 archetype=turbo personality=flotero focus=eco actions_per_loop=1 ====
[14:12:24] planet 53: building queue full (5)
[2026-05-08 14:13:46] ==== loop 94/∞ | seed=968175026105938324 archetype=turbo personality=flotero focus=eco actions_per_loop=1 ====
[14:13:47] planet 53: building queue full (5)
[14:13:47] research: upgraded research_computer_technology to 5
[2026-05-08 14:15:54] ==== loop 97/∞ | seed=968175026105938324 archetype=turbo personality=flotero focus=eco actions_per_loop=1 ====
[14:15:55] planet 53: queued building_crystal_mine to 14
[14:15:55] research: upgraded research_laser_technology to 6
[2026-05-08 14:16:34] ==== loop 98/∞ | seed=968175026105938324 archetype=turbo personality=flotero focus=eco actions_per_loop=1 ====
[14:16:36] planet 53: building queue full (5)
[14:16:36] research: upgraded research_combustion_drive to 5
[2026-05-08 14:17:13] ==== loop 99/∞ | seed=968175026105938324 archetype=turbo personality=flotero focus=eco actions_per_loop=1 ====
[14:17:14] planet 53: building queue full (5)
[14:17:14] research: upgraded research_laser_technology to 7
[2026-05-08 14:17:51] ==== loop 100/∞ | seed=968175026105938324 archetype=turbo personality=flotero focus=eco actions_per_loop=1 ====
[14:17:53] planet 53: building queue full (5)
[14:17:53] research: upgraded research_laser_technology to 8
[2026-05-08 14:18:31] ==== loop 101/∞ | seed=968175026105938324 archetype=turbo personality=flotero focus=eco actions_per_loop=1 ====
[14:18:31] planet 53: building queue full (5)
[14:18:31] research: blocked research_espionage_technology (building_laboratory 1/3)
[2026-05-08 14:19:13] ==== loop 102/∞ | seed=968175026105938324 archetype=turbo personality=flotero focus=eco actions_per_loop=1 ====
[14:19:14] planet 53: building queue full (5)
[14:19:14] research: blocked research_espionage_technology (building_laboratory 1/3)
[2026-05-08 14:19:53] ==== loop 103/∞ | seed=968175026105938324 archetype=turbo personality=flotero focus=eco actions_per_loop=1 ====
[14:19:53] planet 53: building queue full (5)
[14:19:53] research: blocked research_espionage_technology (building_laboratory 1/3)
[2026-05-08 14:20:35] ==== loop 104/∞ | seed=968175026105938324 archetype=turbo personality=flotero focus=eco actions_per_loop=1 ====
[14:20:35] planet 53: building queue full (5)
[2026-05-08 14:21:14] ==== loop 105/∞ | seed=968175026105938324 archetype=turbo personality=flotero focus=eco actions_per_loop=1 ====
[14:21:14] planet 53: building queue full (5)
[14:21:14] research: upgraded research_energy_technology to 6
[2026-05-08 14:21:54] ==== loop 106/∞ | seed=968175026105938324 archetype=turbo personality=flotero focus=eco actions_per_loop=1 ====
[14:21:55] planet 53: building queue full (5)
[14:21:55] research: blocked research_espionage_technology (building_laboratory 1/3)
[2026-05-08 14:22:37] ==== loop 107/∞ | seed=968175026105938324 archetype=turbo personality=flotero focus=eco actions_per_loop=1 ====
[14:22:37] planet 53: queued building_deuterium_tank to 1
[14:22:37] research: blocked research_espionage_technology (building_laboratory 1/3)
[2026-05-08 14:23:18] ==== loop 108/∞ | seed=968175026105938324 archetype=turbo personality=flotero focus=eco actions_per_loop=1 ====
[14:23:19] planet 53: building queue full (5)
[2026-05-08 14:24:39] ==== loop 110/∞ | seed=968175026105938324 archetype=turbo personality=flotero focus=eco actions_per_loop=1 ====
[14:24:39] planet 53: building queue full (5)
[2026-05-08 14:25:17] ==== loop 111/∞ | seed=968175026105938324 archetype=turbo personality=flotero focus=eco actions_per_loop=1 ====
[14:25:17] planet 53: building queue full (5)
[14:25:17] research: blocked research_espionage_technology (building_laboratory 1/3)
[2026-05-08 14:25:55] ==== loop 112/∞ | seed=968175026105938324 archetype=turbo personality=flotero focus=eco actions_per_loop=1 ====
[14:25:56] planet 53: building queue full (5)
[2026-05-08 14:26:37] ==== loop 113/∞ | seed=968175026105938324 archetype=turbo personality=flotero focus=eco actions_per_loop=1 ====
[14:26:38] planet 53: building queue full (5)
[2026-05-08 14:27:17] ==== loop 114/∞ | seed=968175026105938324 archetype=turbo personality=flotero focus=eco actions_per_loop=1 ====
[14:27:17] planet 53: building queue full (5)
[14:27:17] research: upgraded research_computer_technology to 6
[2026-05-08 14:27:56] ==== loop 115/∞ | seed=968175026105938324 archetype=turbo personality=flotero focus=eco actions_per_loop=1 ====
[14:27:56] planet 53: building queue full (5)
[2026-05-08 14:28:38] ==== loop 116/∞ | seed=968175026105938324 archetype=turbo personality=flotero focus=eco actions_per_loop=1 ====
[14:28:38] planet 53: building queue full (5)
[2026-05-08 14:29:23] ==== loop 117/∞ | seed=968175026105938324 archetype=turbo personality=flotero focus=eco actions_per_loop=1 ====
[14:29:23] planet 53: building queue full (5)
[14:29:23] research: blocked research_espionage_technology (building_laboratory 1/3)
[2026-05-08 14:30:44] ==== loop 119/∞ | seed=968175026105938324 archetype=turbo personality=flotero focus=eco actions_per_loop=1 ====
[14:30:45] planet 53: building queue full (5)
[14:30:45] research: blocked research_espionage_technology (building_laboratory 1/3)
[2026-05-08 14:31:22] ==== loop 120/∞ | seed=968175026105938324 archetype=turbo personality=flotero focus=eco actions_per_loop=1 ====
[14:31:23] planet 53: building queue full (5)
[14:31:23] research: blocked research_espionage_technology (building_laboratory 1/3)
[2026-05-08 14:32:06] ==== loop 121/∞ | seed=968175026105938324 archetype=turbo personality=flotero focus=eco actions_per_loop=1 ====
[14:32:07] planet 53: building queue full (5)
[2026-05-08 14:32:47] ==== loop 122/∞ | seed=968175026105938324 archetype=turbo personality=flotero focus=eco actions_per_loop=1 ====
[14:32:48] planet 53: building queue full (5)
[2026-05-08 14:33:23] ==== loop 123/∞ | seed=968175026105938324 archetype=turbo personality=flotero focus=eco actions_per_loop=1 ====
[14:33:23] planet 53: building queue full (5)
[14:33:23] research: upgraded research_combustion_drive to 6
[2026-05-08 14:34:04] ==== loop 124/∞ | seed=968175026105938324 archetype=turbo personality=flotero focus=eco actions_per_loop=1 ====
[14:34:05] planet 53: queued building_crystal_mine to 15
[14:34:05] research: blocked research_espionage_technology (building_laboratory 1/3)
[2026-05-08 14:34:47] ==== loop 125/∞ | seed=968175026105938324 archetype=turbo personality=flotero focus=eco actions_per_loop=1 ====
[14:34:48] planet 53: queued building_crystal_mine to 16
[2026-05-08 14:35:29] ==== loop 126/∞ | seed=968175026105938324 archetype=turbo personality=flotero focus=eco actions_per_loop=1 ====
[14:35:29] planet 53: building queue full (5)
[14:35:29] research: blocked research_espionage_technology (building_laboratory 1/3)
[2026-05-08 14:36:49] ==== loop 128/∞ | seed=968175026105938324 archetype=turbo personality=flotero focus=eco actions_per_loop=1 ====
[14:36:49] planet 53: queued building_crystal_mine to 17
[14:36:49] research: blocked research_espionage_technology (building_laboratory 1/3)
[2026-05-08 14:37:29] ==== loop 129/∞ | seed=968175026105938324 archetype=turbo personality=flotero focus=eco actions_per_loop=1 ====
[14:37:30] planet 53: no resources for building_crystal_mine+1
[14:37:30] research: blocked research_espionage_technology (building_laboratory 1/3)
[2026-05-08 14:38:12] ==== loop 130/∞ | seed=968175026105938324 archetype=turbo personality=flotero focus=eco actions_per_loop=1 ====
[14:38:12] planet 53: building queue full (5)
[14:38:12] research: blocked research_espionage_technology (building_laboratory 1/3)
[2026-05-08 14:38:53] ==== loop 131/∞ | seed=968175026105938324 archetype=turbo personality=flotero focus=eco actions_per_loop=1 ====
[14:38:53] planet 53: queued building_crystal_mine to 18
[14:38:53] research: blocked research_espionage_technology (building_laboratory 1/3)
[2026-05-08 14:39:32] ==== loop 132/∞ | seed=968175026105938324 archetype=turbo personality=flotero focus=eco actions_per_loop=1 ====
[14:39:33] planet 53: no resources for building_crystal_mine+1
[14:39:33] research: blocked research_espionage_technology (building_laboratory 1/3)
[2026-05-08 14:40:11] ==== loop 133/∞ | seed=968175026105938324 archetype=turbo personality=flotero focus=eco actions_per_loop=1 ====
[14:40:12] planet 53: queued defense_heavy_laser +8
[2026-05-08 14:40:47] ==== loop 134/∞ | seed=968175026105938324 archetype=turbo personality=flotero focus=eco actions_per_loop=1 ====
[14:40:47] planet 53: queued defense_rocket_launcher +8
[14:40:47] research: blocked research_espionage_technology (building_laboratory 1/3)
[2026-05-08 14:41:24] ==== loop 135/∞ | seed=968175026105938324 archetype=turbo personality=flotero focus=eco actions_per_loop=1 ====
[14:41:25] planet 53: queued defense_rocket_launcher +8
[14:41:25] research: blocked research_espionage_technology (building_laboratory 1/3)
[2026-05-08 14:42:44] ==== loop 137/∞ | seed=968175026105938324 archetype=turbo personality=flotero focus=eco actions_per_loop=1 ====
[14:42:45] planet 53: queued defense_rocket_launcher +8
[2026-05-08 14:43:22] ==== loop 138/∞ | seed=968175026105938324 archetype=turbo personality=flotero focus=eco actions_per_loop=1 ====
[14:43:22] planet 53: queued defense_rocket_launcher +8
[14:43:22] research: upgraded research_energy_technology to 7
[2026-05-08 14:44:00] ==== loop 139/∞ | seed=968175026105938324 archetype=turbo personality=flotero focus=eco actions_per_loop=1 ====
[14:44:01] planet 53: queued defense_rocket_launcher +8
[14:44:01] research: blocked research_espionage_technology (building_laboratory 1/3)
[2026-05-08 14:44:37] ==== loop 140/∞ | seed=968175026105938324 archetype=turbo personality=flotero focus=eco actions_per_loop=1 ====
[14:44:38] planet 53: queued defense_rocket_launcher +8
[2026-05-08 14:45:13] ==== loop 141/∞ | seed=968175026105938324 archetype=turbo personality=flotero focus=eco actions_per_loop=1 ====
[14:45:14] planet 53: queued defense_rocket_launcher +8
[2026-05-08 14:46:35] ==== loop 143/∞ | seed=968175026105938324 archetype=turbo personality=flotero focus=eco actions_per_loop=1 ====
[14:46:35] planet 53: no resources for defense_rocket_launcher+8
[14:46:35] research: blocked research_espionage_technology (building_laboratory 1/3)
[2026-05-08 14:47:14] ==== loop 144/∞ | seed=968175026105938324 archetype=turbo personality=flotero focus=eco actions_per_loop=1 ====
[14:47:15] planet 53: no resources for defense_rocket_launcher+8
[14:47:15] research: blocked research_espionage_technology (building_laboratory 1/3)
[2026-05-08 14:47:54] ==== loop 145/∞ | seed=968175026105938324 archetype=turbo personality=flotero focus=eco actions_per_loop=1 ====
[14:47:55] planet 53: no resources for defense_rocket_launcher+8
[14:47:55] research: blocked research_espionage_technology (building_laboratory 1/3)
[2026-05-08 14:48:31] ==== loop 146/∞ | seed=968175026105938324 archetype=turbo personality=flotero focus=eco actions_per_loop=1 ====
[14:48:32] planet 53: no resources for defense_rocket_launcher+8
[14:48:32] research: blocked research_espionage_technology (building_laboratory 1/3)
[2026-05-08 14:49:12] ==== loop 147/∞ | seed=968175026105938324 archetype=turbo personality=flotero focus=eco actions_per_loop=1 ====
[14:49:12] planet 53: no resources for defense_rocket_launcher+8
[14:49:12] research: blocked research_espionage_technology (building_laboratory 1/3)
[2026-05-08 14:49:50] ==== loop 148/∞ | seed=968175026105938324 archetype=turbo personality=flotero focus=eco actions_per_loop=1 ====
[14:49:50] planet 53: no resources for defense_rocket_launcher+8
[2026-05-08 14:50:33] ==== loop 149/∞ | seed=968175026105938324 archetype=turbo personality=flotero focus=eco actions_per_loop=1 ====
[14:50:33] planet 53: queued building_deuterium_tank to 2
[2026-05-08 14:51:11] ==== loop 150/∞ | seed=968175026105938324 archetype=turbo personality=flotero focus=eco actions_per_loop=1 ====
[14:51:12] planet 53: queued building_deuterium_tank to 3
[2026-05-08 14:51:52] ==== loop 151/∞ | seed=968175026105938324 archetype=turbo personality=flotero focus=eco actions_per_loop=1 ====
[14:51:52] planet 53: queued building_deuterium_tank to 4
[14:51:52] research: blocked research_espionage_technology (building_laboratory 1/3)
[2026-05-11 07:02:00] ==== loop 1/∞ | seed=968175026105938324 archetype=turbo personality=flotero focus=eco actions_per_loop=1 ====
[07:02:00] planet 53: queued building_crystal_store to 3
[2026-05-11 07:03:19] ==== loop 4/∞ | seed=968175026105938324 archetype=turbo personality=flotero focus=eco actions_per_loop=1 ====
[07:03:19] planet 53: queued building_robot_factory to 2
[2026-05-11 07:04:15] ==== loop 6/∞ | seed=968175026105938324 archetype=turbo personality=flotero focus=eco actions_per_loop=1 ====
[07:04:15] planet 53: queued building_robot_factory to 3
[2026-05-11 07:04:53] ==== loop 7/∞ | seed=968175026105938324 archetype=turbo personality=flotero focus=eco actions_per_loop=1 ====
[07:04:54] planet 53: queued building_robot_factory to 4
[07:04:54] research: upgraded research_energy_technology to 8
[2026-05-11 07:05:27] ==== loop 8/∞ | seed=968175026105938324 archetype=turbo personality=flotero focus=eco actions_per_loop=1 ====
[07:05:27] planet 53: queued building_robot_factory to 5
[2026-05-11 07:06:44] ==== loop 10/∞ | seed=968175026105938324 archetype=turbo personality=flotero focus=eco actions_per_loop=1 ====
[07:06:44] planet 53: queued building_robot_factory to 6
[07:06:44] research: upgraded research_combustion_drive to 7
[2026-05-11 07:07:21] ==== loop 11/∞ | seed=968175026105938324 archetype=turbo personality=flotero focus=eco actions_per_loop=1 ====
[07:07:21] planet 53: queued building_robot_factory to 7
[07:07:21] research: upgraded research_combustion_drive to 8
[2026-05-11 07:08:35] ==== loop 13/∞ | seed=968175026105938324 archetype=turbo personality=flotero focus=eco actions_per_loop=1 ====
[07:08:35] planet 53: queued building_hangar to 4
[07:08:35] research: blocked research_espionage_technology (building_laboratory 1/3)
[2026-05-11 07:09:11] ==== loop 14/∞ | seed=968175026105938324 archetype=turbo personality=flotero focus=eco actions_per_loop=1 ====
[07:09:11] planet 53: queued building_hangar to 5
[07:09:11] research: blocked research_espionage_technology (building_laboratory 1/3)
[2026-05-11 07:11:06] ==== loop 17/∞ | seed=968175026105938324 archetype=turbo personality=flotero focus=eco actions_per_loop=1 ====
[07:11:07] planet 53: queued building_crystal_store to 4
[07:11:07] research: blocked research_espionage_technology (building_laboratory 1/3)
[2026-05-11 07:11:48] ==== loop 18/∞ | seed=968175026105938324 archetype=turbo personality=flotero focus=eco actions_per_loop=1 ====
[07:11:49] planet 53: queued building_crystal_store to 5
[07:11:49] research: blocked research_espionage_technology (building_laboratory 1/3)
[2026-05-11 07:12:31] ==== loop 19/∞ | seed=968175026105938324 archetype=turbo personality=flotero focus=eco actions_per_loop=1 ====
[07:12:32] planet 53: queued building_crystal_store to 6
[2026-05-11 07:13:14] ==== loop 20/∞ | seed=968175026105938324 archetype=turbo personality=flotero focus=eco actions_per_loop=1 ====
[07:13:14] planet 53: queued building_crystal_store to 7
[07:13:14] research: blocked research_espionage_technology (building_laboratory 1/3)
[2026-05-11 07:14:01] ==== loop 21/∞ | seed=968175026105938324 archetype=turbo personality=flotero focus=eco actions_per_loop=1 ====
[07:14:02] planet 53: queued building_crystal_store to 8
[2026-05-11 07:14:42] ==== loop 22/∞ | seed=968175026105938324 archetype=turbo personality=flotero focus=eco actions_per_loop=1 ====
[07:14:43] planet 53: queued building_deuterium_tank to 5
[2026-05-11 07:15:28] ==== loop 23/∞ | seed=968175026105938324 archetype=turbo personality=flotero focus=eco actions_per_loop=1 ====
[07:15:28] planet 53: queued building_deuterium_tank to 6
[07:15:28] research: blocked research_espionage_technology (building_laboratory 1/3)
[2026-05-11 07:16:16] ==== loop 24/∞ | seed=968175026105938324 archetype=turbo personality=flotero focus=eco actions_per_loop=1 ====
[07:16:17] planet 53: queued building_deuterium_tank to 7
[2026-05-11 07:17:02] ==== loop 25/∞ | seed=968175026105938324 archetype=turbo personality=flotero focus=eco actions_per_loop=1 ====
[07:17:03] planet 53: queued building_crystal_store to 9
[2026-05-11 07:17:45] ==== loop 26/∞ | seed=968175026105938324 archetype=turbo personality=flotero focus=eco actions_per_loop=1 ====
[07:17:46] planet 53: queued building_crystal_store to 10
[07:17:46] research: blocked research_espionage_technology (building_laboratory 1/3)
[2026-05-11 07:18:28] ==== loop 27/∞ | seed=968175026105938324 archetype=turbo personality=flotero focus=eco actions_per_loop=1 ====
[07:18:29] planet 53: queued building_crystal_store to 11
[2026-05-11 07:20:00] ==== loop 29/∞ | seed=968175026105938324 archetype=turbo personality=flotero focus=eco actions_per_loop=1 ====
[07:20:01] planet 53: queued building_crystal_store to 12
[07:20:01] research: blocked research_espionage_technology (building_laboratory 1/3)
[2026-05-11 07:20:38] ==== loop 30/∞ | seed=968175026105938324 archetype=turbo personality=flotero focus=eco actions_per_loop=1 ====
[07:20:39] planet 53: queued building_crystal_store to 13
[07:20:39] research: blocked research_espionage_technology (building_laboratory 1/3)
[2026-05-11 07:21:15] ==== loop 31/∞ | seed=968175026105938324 archetype=turbo personality=flotero focus=eco actions_per_loop=1 ====
[07:21:15] planet 53: building queue full (5)
[2026-05-11 07:21:53] ==== loop 32/∞ | seed=968175026105938324 archetype=turbo personality=flotero focus=eco actions_per_loop=1 ====
[07:21:53] planet 53: building queue full (5)
[2026-05-11 07:22:34] ==== loop 33/∞ | seed=968175026105938324 archetype=turbo personality=flotero focus=eco actions_per_loop=1 ====
[07:22:35] planet 53: queued building_metal_store to 4
[07:22:35] research: blocked research_espionage_technology (building_laboratory 1/3)
[2026-05-11 07:23:14] ==== loop 34/∞ | seed=968175026105938324 archetype=turbo personality=flotero focus=eco actions_per_loop=1 ====
[07:23:15] planet 53: building queue full (5)
[07:23:15] research: blocked research_espionage_technology (building_laboratory 1/3)
[2026-05-11 07:23:55] ==== loop 35/∞ | seed=968175026105938324 archetype=turbo personality=flotero focus=eco actions_per_loop=1 ====
[07:23:56] planet 53: building queue full (5)
[2026-05-11 07:24:36] ==== loop 36/∞ | seed=968175026105938324 archetype=turbo personality=flotero focus=eco actions_per_loop=1 ====
[07:24:37] planet 53: building queue full (5)
[2026-05-11 07:25:15] ==== loop 37/∞ | seed=968175026105938324 archetype=turbo personality=flotero focus=eco actions_per_loop=1 ====
[07:25:16] planet 53: building queue full (5)
[07:25:16] research: blocked research_espionage_technology (building_laboratory 1/3)
[2026-05-11 07:25:54] ==== loop 38/∞ | seed=968175026105938324 archetype=turbo personality=flotero focus=eco actions_per_loop=1 ====
[07:25:55] planet 53: building queue full (5)
[2026-05-11 07:26:28] ==== loop 39/∞ | seed=968175026105938324 archetype=turbo personality=flotero focus=eco actions_per_loop=1 ====
[07:26:29] planet 53: building queue full (5)
[2026-05-11 07:27:48] ==== loop 41/∞ | seed=968175026105938324 archetype=turbo personality=flotero focus=eco actions_per_loop=1 ====
[07:27:49] planet 53: building queue full (5)
[2026-05-11 07:28:26] ==== loop 42/∞ | seed=968175026105938324 archetype=turbo personality=flotero focus=eco actions_per_loop=1 ====
[07:28:26] planet 53: building queue full (5)
[07:28:26] research: blocked research_espionage_technology (building_laboratory 1/3)
[2026-05-11 07:29:40] ==== loop 44/∞ | seed=968175026105938324 archetype=turbo personality=flotero focus=eco actions_per_loop=1 ====
[07:29:41] planet 53: building queue full (5)
[07:29:41] research: blocked research_espionage_technology (building_laboratory 1/3)
[2026-05-11 07:30:16] ==== loop 45/∞ | seed=968175026105938324 archetype=turbo personality=flotero focus=eco actions_per_loop=1 ====
[07:30:17] planet 53: queued building_solar_plant to 20
[07:30:17] research: blocked research_espionage_technology (building_laboratory 1/3)
[2026-05-11 07:31:10] ==== loop 1/∞ | seed=968175026105938324 archetype=turbo personality=flotero focus=eco actions_per_loop=1 ====
[07:31:10] planet 53: building queue full (5)
[07:31:10] attack: idle candidates=45 fresh_intel=0 no_spy_src=45 no_atk_src=0 raidmix_fail=0 cooldown_spy=0
[2026-05-11 07:31:53] ==== loop 2/∞ | seed=968175026105938324 archetype=turbo personality=flotero focus=eco actions_per_loop=1 ====
[07:31:53] planet 53: building queue full (5)
[07:31:53] attack: idle candidates=45 fresh_intel=0 no_spy_src=45 no_atk_src=0 raidmix_fail=0 cooldown_spy=0
[2026-05-11 07:32:34] ==== loop 3/∞ | seed=968175026105938324 archetype=turbo personality=flotero focus=eco actions_per_loop=1 ====
[07:32:35] planet 53: building queue full (5)
[07:32:35] attack: idle candidates=45 fresh_intel=0 no_spy_src=45 no_atk_src=0 raidmix_fail=0 cooldown_spy=0
[07:32:35] research: blocked research_espionage_technology (building_laboratory 1/3)
[2026-05-11 07:33:13] ==== loop 4/∞ | seed=968175026105938324 archetype=turbo personality=flotero focus=eco actions_per_loop=1 ====
[07:33:14] planet 53: building queue full (5)
[07:33:14] attack: idle candidates=45 fresh_intel=0 no_spy_src=45 no_atk_src=0 raidmix_fail=0 cooldown_spy=0
[07:33:14] research: blocked research_espionage_technology (building_laboratory 1/3)
[2026-05-11 07:33:53] ==== loop 5/∞ | seed=968175026105938324 archetype=turbo personality=flotero focus=eco actions_per_loop=1 ====
[07:33:54] planet 53: building queue full (5)
[07:33:54] attack: idle candidates=45 fresh_intel=0 no_spy_src=45 no_atk_src=0 raidmix_fail=0 cooldown_spy=0
[2026-05-11 07:34:32] ==== loop 6/∞ | seed=968175026105938324 archetype=turbo personality=flotero focus=eco actions_per_loop=1 ====
[07:34:33] planet 53: building queue full (5)
[07:34:33] attack: idle candidates=45 fresh_intel=0 no_spy_src=45 no_atk_src=0 raidmix_fail=0 cooldown_spy=0
[07:34:33] research: blocked research_espionage_technology (building_laboratory 1/3)
[2026-05-11 07:35:14] ==== loop 7/∞ | seed=968175026105938324 archetype=turbo personality=flotero focus=eco actions_per_loop=1 ====
[07:35:15] planet 53: building queue full (5)
[07:35:15] attack: idle candidates=45 fresh_intel=0 no_spy_src=45 no_atk_src=0 raidmix_fail=0 cooldown_spy=0
[07:35:15] research: blocked research_espionage_technology (building_laboratory 1/3)
[2026-05-11 07:35:51] ==== loop 8/∞ | seed=968175026105938324 archetype=turbo personality=flotero focus=eco actions_per_loop=1 ====
[07:35:51] planet 53: building queue full (5)
[07:35:51] attack: idle candidates=45 fresh_intel=0 no_spy_src=45 no_atk_src=0 raidmix_fail=0 cooldown_spy=0
[07:35:51] research: blocked research_espionage_technology (building_laboratory 1/3)
[2026-05-11 07:36:30] ==== loop 9/∞ | seed=968175026105938324 archetype=turbo personality=flotero focus=eco actions_per_loop=1 ====
[07:36:30] planet 53: building queue full (5)
[07:36:30] attack: idle candidates=45 fresh_intel=0 no_spy_src=45 no_atk_src=0 raidmix_fail=0 cooldown_spy=0
[07:36:30] research: blocked research_espionage_technology (building_laboratory 1/3)
[2026-05-11 07:37:11] ==== loop 10/∞ | seed=968175026105938324 archetype=turbo personality=flotero focus=eco actions_per_loop=1 ====
[07:37:12] planet 53: building queue full (5)
[07:37:12] attack: idle candidates=45 fresh_intel=0 no_spy_src=45 no_atk_src=0 raidmix_fail=0 cooldown_spy=0
[2026-05-11 07:38:27] ==== loop 12/∞ | seed=968175026105938324 archetype=turbo personality=flotero focus=eco actions_per_loop=1 ====
[07:38:28] planet 53: building queue full (5)
[07:38:28] attack: idle candidates=45 fresh_intel=0 no_spy_src=45 no_atk_src=0 raidmix_fail=0 cooldown_spy=0
[2026-05-11 07:39:09] ==== loop 13/∞ | seed=968175026105938324 archetype=turbo personality=flotero focus=eco actions_per_loop=1 ====
[07:39:09] planet 53: building queue full (5)
[07:39:09] attack: idle candidates=45 fresh_intel=0 no_spy_src=45 no_atk_src=0 raidmix_fail=0 cooldown_spy=0
[2026-05-11 07:39:54] ==== loop 14/∞ | seed=968175026105938324 archetype=turbo personality=flotero focus=eco actions_per_loop=1 ====
[07:39:54] planet 53: building queue full (5)
[07:39:54] attack: idle candidates=45 fresh_intel=0 no_spy_src=45 no_atk_src=0 raidmix_fail=0 cooldown_spy=0
[07:39:54] research: blocked research_espionage_technology (building_laboratory 1/3)
[2026-05-11 07:40:33] ==== loop 15/∞ | seed=968175026105938324 archetype=turbo personality=flotero focus=eco actions_per_loop=1 ====
[07:40:34] planet 53: building queue full (5)
[07:40:34] attack: idle candidates=45 fresh_intel=0 no_spy_src=45 no_atk_src=0 raidmix_fail=0 cooldown_spy=0
[07:40:34] research: blocked research_espionage_technology (building_laboratory 1/3)
[2026-05-11 07:41:09] ==== loop 16/∞ | seed=968175026105938324 archetype=turbo personality=flotero focus=eco actions_per_loop=1 ====
[07:41:10] planet 53: building queue full (5)
[07:41:10] attack: idle candidates=45 fresh_intel=0 no_spy_src=45 no_atk_src=0 raidmix_fail=0 cooldown_spy=0
[07:41:10] research: blocked research_espionage_technology (building_laboratory 1/3)
[2026-05-11 07:41:53] ==== loop 17/∞ | seed=968175026105938324 archetype=turbo personality=flotero focus=eco actions_per_loop=1 ====
[07:41:54] planet 53: building queue full (5)
[07:41:54] attack: idle candidates=45 fresh_intel=0 no_spy_src=45 no_atk_src=0 raidmix_fail=0 cooldown_spy=0
[07:41:54] research: blocked research_espionage_technology (building_laboratory 1/3)
[2026-05-11 07:42:31] ==== loop 18/∞ | seed=968175026105938324 archetype=turbo personality=flotero focus=eco actions_per_loop=1 ====
[07:42:32] planet 53: building queue full (5)
[07:42:32] attack: idle candidates=45 fresh_intel=0 no_spy_src=45 no_atk_src=0 raidmix_fail=0 cooldown_spy=0
[07:42:32] research: blocked research_espionage_technology (building_laboratory 1/3)
[2026-05-11 07:43:10] ==== loop 19/∞ | seed=968175026105938324 archetype=turbo personality=flotero focus=eco actions_per_loop=1 ====
[07:43:10] planet 53: building queue full (5)
[07:43:10] attack: idle candidates=45 fresh_intel=0 no_spy_src=45 no_atk_src=0 raidmix_fail=0 cooldown_spy=0
[2026-05-11 07:43:51] ==== loop 20/∞ | seed=968175026105938324 archetype=turbo personality=flotero focus=eco actions_per_loop=1 ====
[07:43:51] planet 53: building queue full (5)
[07:43:51] attack: idle candidates=45 fresh_intel=0 no_spy_src=45 no_atk_src=0 raidmix_fail=0 cooldown_spy=0
[2026-05-11 07:44:35] ==== loop 21/∞ | seed=968175026105938324 archetype=turbo personality=flotero focus=eco actions_per_loop=1 ====
[07:44:35] planet 53: building queue full (5)
[07:44:35] attack: idle candidates=45 fresh_intel=0 no_spy_src=45 no_atk_src=0 raidmix_fail=0 cooldown_spy=0
[2026-05-11 07:45:43] ==== loop 1/∞ | seed=968175026105938324 archetype=turbo personality=flotero focus=eco actions_per_loop=1 ====
[07:45:44] planet 53: building queue full (5)
[07:45:44] research: blocked research_espionage_technology (building_laboratory 1/3)
[2026-05-11 07:46:27] ==== loop 2/∞ | seed=968175026105938324 archetype=turbo personality=flotero focus=eco actions_per_loop=1 ====
[07:46:27] planet 53: queued building_metal_mine to 9
[07:46:27] research: blocked research_espionage_technology (building_laboratory 1/3)
[2026-05-11 07:47:07] ==== loop 3/∞ | seed=968175026105938324 archetype=turbo personality=flotero focus=eco actions_per_loop=1 ====
[07:47:07] planet 53: building queue full (5)
[2026-05-11 07:47:48] ==== loop 4/∞ | seed=968175026105938324 archetype=turbo personality=flotero focus=eco actions_per_loop=1 ====
[07:47:49] planet 53: building queue full (5)
[2026-05-11 07:48:29] ==== loop 5/∞ | seed=968175026105938324 archetype=turbo personality=flotero focus=eco actions_per_loop=1 ====
[07:48:30] planet 53: building queue full (5)
[2026-05-11 07:49:11] ==== loop 6/∞ | seed=968175026105938324 archetype=turbo personality=flotero focus=eco actions_per_loop=1 ====
[07:49:12] planet 53: building queue full (5)
[2026-05-11 07:49:54] ==== loop 7/∞ | seed=968175026105938324 archetype=turbo personality=flotero focus=eco actions_per_loop=1 ====
[07:49:54] planet 53: building queue full (5)
[2026-05-11 07:51:14] ==== loop 9/∞ | seed=968175026105938324 archetype=turbo personality=flotero focus=eco actions_per_loop=1 ====
[07:51:14] planet 53: building queue full (5)
[07:51:14] research: blocked research_espionage_technology (building_laboratory 1/3)
[2026-05-11 07:51:58] ==== loop 10/∞ | seed=968175026105938324 archetype=turbo personality=flotero focus=eco actions_per_loop=1 ====
[07:51:58] planet 53: building queue full (5)
[07:51:58] research: blocked research_espionage_technology (building_laboratory 1/3)
[2026-05-11 07:53:29] ==== loop 12/∞ | seed=968175026105938324 archetype=turbo personality=flotero focus=eco actions_per_loop=1 ====
[07:53:30] planet 53: building queue full (5)
[07:53:30] research: blocked research_espionage_technology (building_laboratory 1/3)
[2026-05-11 07:54:11] ==== loop 13/∞ | seed=968175026105938324 archetype=turbo personality=flotero focus=eco actions_per_loop=1 ====
[07:54:12] planet 53: building queue full (5)
[2026-05-11 07:54:53] ==== loop 14/∞ | seed=968175026105938324 archetype=turbo personality=flotero focus=eco actions_per_loop=1 ====
[07:54:53] planet 53: building queue full (5)
[2026-05-11 07:55:35] ==== loop 15/∞ | seed=968175026105938324 archetype=turbo personality=flotero focus=eco actions_per_loop=1 ====
[07:55:35] planet 53: building queue full (5)
[2026-05-11 07:56:18] ==== loop 16/∞ | seed=968175026105938324 archetype=turbo personality=flotero focus=eco actions_per_loop=1 ====
[07:56:19] planet 53: building queue full (5)
[2026-05-11 07:57:05] ==== loop 17/∞ | seed=968175026105938324 archetype=turbo personality=flotero focus=eco actions_per_loop=1 ====
[07:57:06] planet 53: building queue full (5)
[2026-05-11 07:57:47] ==== loop 18/∞ | seed=968175026105938324 archetype=turbo personality=flotero focus=eco actions_per_loop=1 ====
[07:57:48] planet 53: building queue full (5)
[2026-05-11 07:58:29] ==== loop 19/∞ | seed=968175026105938324 archetype=turbo personality=flotero focus=eco actions_per_loop=1 ====
[07:58:29] planet 53: building queue full (5)
[2026-05-11 07:59:12] ==== loop 20/∞ | seed=968175026105938324 archetype=turbo personality=flotero focus=eco actions_per_loop=1 ====
[07:59:13] planet 53: building queue full (5)
[2026-05-11 07:59:55] ==== loop 21/∞ | seed=968175026105938324 archetype=turbo personality=flotero focus=eco actions_per_loop=1 ====
[07:59:56] planet 53: building queue full (5)
[2026-05-11 08:01:21] ==== loop 23/∞ | seed=968175026105938324 archetype=turbo personality=flotero focus=eco actions_per_loop=1 ====
[08:01:22] planet 53: building queue full (5)
[08:01:22] research: blocked research_espionage_technology (building_laboratory 1/3)
[2026-05-11 08:03:18] ==== loop 2/∞ | seed=968175026105938324 archetype=turbo personality=flotero focus=eco actions_per_loop=1 ====
[08:03:19] planet 53: building queue full (5)
[08:03:19] research: blocked research_espionage_technology (building_laboratory 1/3)
[2026-05-11 08:04:40] ==== loop 4/∞ | seed=968175026105938324 archetype=turbo personality=flotero focus=eco actions_per_loop=1 ====
[08:04:40] planet 53: building queue full (5)
[08:04:40] research: blocked research_espionage_technology (building_laboratory 1/3)
[2026-05-11 08:05:22] ==== loop 5/∞ | seed=968175026105938324 archetype=turbo personality=flotero focus=eco actions_per_loop=1 ====
[08:05:22] planet 53: building queue full (5)
[2026-05-11 08:06:13] ==== loop 1/∞ | seed=968175026105938324 archetype=turbo personality=flotero focus=eco actions_per_loop=1 ====
[08:06:13] planet 53: building queue full (5)
[08:06:13] research: blocked research_espionage_technology (building_laboratory 1/3)
[2026-05-11 08:06:55] ==== loop 2/∞ | seed=968175026105938324 archetype=turbo personality=flotero focus=eco actions_per_loop=1 ====
[08:06:55] planet 53: building queue full (5)
[08:06:55] research: blocked research_espionage_technology (building_laboratory 1/3)
[2026-05-11 08:07:40] ==== loop 3/∞ | seed=968175026105938324 archetype=turbo personality=flotero focus=eco actions_per_loop=1 ====
[08:07:40] planet 53: building queue full (5)
[08:07:40] research: blocked research_espionage_technology (building_laboratory 1/3)
[2026-05-11 08:08:19] ==== loop 4/∞ | seed=968175026105938324 archetype=turbo personality=flotero focus=eco actions_per_loop=1 ====
[08:08:20] planet 53: building queue full (5)
[2026-05-11 08:08:59] ==== loop 5/∞ | seed=968175026105938324 archetype=turbo personality=flotero focus=eco actions_per_loop=1 ====
[08:09:00] planet 53: building queue full (5)
[08:09:00] research: blocked research_espionage_technology (building_laboratory 1/3)
[2026-05-11 08:09:42] ==== loop 6/∞ | seed=968175026105938324 archetype=turbo personality=flotero focus=eco actions_per_loop=1 ====
[08:09:42] planet 53: building queue full (5)
[2026-05-11 08:10:29] ==== loop 7/∞ | seed=968175026105938324 archetype=turbo personality=flotero focus=eco actions_per_loop=1 ====
[08:10:30] planet 53: building queue full (5)
[08:10:30] research: blocked research_espionage_technology (building_laboratory 1/3)
[2026-05-11 08:11:15] ==== loop 8/∞ | seed=968175026105938324 archetype=turbo personality=flotero focus=eco actions_per_loop=1 ====
[08:11:17] planet 53: building queue full (5)
[08:11:17] research: blocked research_espionage_technology (building_laboratory 1/3)
[2026-05-11 08:12:38] ==== loop 10/∞ | seed=968175026105938324 archetype=turbo personality=flotero focus=eco actions_per_loop=1 ====
[08:12:39] planet 53: building queue full (5)
[08:12:39] research: blocked research_espionage_technology (building_laboratory 1/3)
[2026-05-11 08:13:24] ==== loop 11/∞ | seed=968175026105938324 archetype=turbo personality=flotero focus=eco actions_per_loop=1 ====
[08:13:25] planet 53: building queue full (5)
[08:13:25] research: blocked research_espionage_technology (building_laboratory 1/3)
[2026-05-11 08:14:10] ==== loop 12/∞ | seed=968175026105938324 archetype=turbo personality=flotero focus=eco actions_per_loop=1 ====
[08:14:10] planet 53: building queue full (5)
[08:14:10] research: blocked research_espionage_technology (building_laboratory 1/3)
[2026-05-11 08:14:58] ==== loop 13/∞ | seed=968175026105938324 archetype=turbo personality=flotero focus=eco actions_per_loop=1 ====
[08:14:59] planet 53: building queue full (5)
[08:14:59] research: blocked research_espionage_technology (building_laboratory 1/3)
[2026-05-11 08:16:24] ==== loop 15/∞ | seed=968175026105938324 archetype=turbo personality=flotero focus=eco actions_per_loop=1 ====
[08:16:25] planet 53: building queue full (5)
[08:16:25] research: blocked research_espionage_technology (building_laboratory 1/3)
[2026-05-11 08:17:08] ==== loop 16/∞ | seed=968175026105938324 archetype=turbo personality=flotero focus=eco actions_per_loop=1 ====
[08:17:09] planet 53: building queue full (5)
[08:17:09] research: blocked research_espionage_technology (building_laboratory 1/3)
[2026-05-11 08:17:51] ==== loop 17/∞ | seed=968175026105938324 archetype=turbo personality=flotero focus=eco actions_per_loop=1 ====
[08:17:52] planet 53: queued building_crystal_store to 14
[08:17:52] research: blocked research_espionage_technology (building_laboratory 1/3)
[2026-05-11 08:18:34] ==== loop 18/∞ | seed=968175026105938324 archetype=turbo personality=flotero focus=eco actions_per_loop=1 ====
[08:18:34] planet 53: no resources for building_crystal_store+1
[08:18:34] research: blocked research_espionage_technology (building_laboratory 1/3)
[2026-05-11 08:19:14] ==== loop 19/∞ | seed=968175026105938324 archetype=turbo personality=flotero focus=eco actions_per_loop=1 ====
[08:19:15] planet 53: no resources for building_crystal_store+1
[08:19:15] research: blocked research_espionage_technology (building_laboratory 1/3)
[2026-05-11 08:20:22] ==== loop 1/∞ | seed=968175026105938324 archetype=turbo personality=flotero focus=eco actions_per_loop=1 ====
[08:20:22] planet 53: queue busy, throttled building_hangar
[2026-05-11 08:21:06] ==== loop 2/∞ | seed=968175026105938324 archetype=turbo personality=flotero focus=eco actions_per_loop=1 ====
[08:21:06] planet 53: queue busy, throttled building_hangar
[08:21:06] research: blocked research_espionage_technology (building_laboratory 1/3)
[2026-05-11 08:21:49] ==== loop 3/∞ | seed=968175026105938324 archetype=turbo personality=flotero focus=eco actions_per_loop=1 ====
[08:21:49] planet 53: queue busy, throttled building_hangar
[08:21:49] research: blocked research_espionage_technology (building_laboratory 1/3)
[2026-05-11 08:22:35] ==== loop 4/∞ | seed=968175026105938324 archetype=turbo personality=flotero focus=eco actions_per_loop=1 ====
[08:22:35] planet 53: queue busy, throttled building_hangar
[2026-05-11 08:23:19] ==== loop 5/∞ | seed=968175026105938324 archetype=turbo personality=flotero focus=eco actions_per_loop=1 ====
[08:23:19] planet 53: queue busy, throttled building_hangar
[2026-05-11 08:24:48] ==== loop 7/∞ | seed=968175026105938324 archetype=turbo personality=flotero focus=eco actions_per_loop=1 ====
[08:24:48] planet 53: queue busy, throttled building_hangar
[2026-05-11 08:25:33] ==== loop 8/∞ | seed=968175026105938324 archetype=turbo personality=flotero focus=eco actions_per_loop=1 ====
[08:25:33] planet 53: queue busy, throttled building_hangar
[08:25:33] research: blocked research_espionage_technology (building_laboratory 1/3)
[2026-05-11 08:26:18] ==== loop 9/∞ | seed=968175026105938324 archetype=turbo personality=flotero focus=eco actions_per_loop=1 ====
[08:26:18] planet 53: queue busy, throttled building_hangar
[2026-05-11 08:26:59] ==== loop 10/∞ | seed=968175026105938324 archetype=turbo personality=flotero focus=eco actions_per_loop=1 ====
[08:26:59] planet 53: queue busy, throttled building_hangar
[08:26:59] research: blocked research_espionage_technology (building_laboratory 1/3)
[2026-05-11 08:27:41] ==== loop 11/∞ | seed=968175026105938324 archetype=turbo personality=flotero focus=eco actions_per_loop=1 ====
[08:27:41] planet 53: queue busy, throttled building_hangar
[2026-05-11 08:29:09] ==== loop 13/∞ | seed=968175026105938324 archetype=turbo personality=flotero focus=eco actions_per_loop=1 ====
[08:29:09] planet 53: queue busy, throttled building_hangar
[2026-05-11 08:29:56] ==== loop 14/∞ | seed=968175026105938324 archetype=turbo personality=flotero focus=eco actions_per_loop=1 ====
[08:29:56] planet 53: queue busy, throttled building_hangar
[2026-05-11 08:30:35] ==== loop 15/∞ | seed=968175026105938324 archetype=turbo personality=flotero focus=eco actions_per_loop=1 ====
[08:30:36] planet 53: building queue full (5)
[08:30:36] research: blocked research_espionage_technology (building_laboratory 1/3)
[2026-05-11 08:31:20] ==== loop 16/∞ | seed=968175026105938324 archetype=turbo personality=flotero focus=eco actions_per_loop=1 ====
[08:31:20] planet 53: building queue full (5)
[2026-05-11 08:32:04] ==== loop 17/∞ | seed=968175026105938324 archetype=turbo personality=flotero focus=eco actions_per_loop=1 ====
[08:32:05] planet 53: building queue full (5)
[08:32:05] research: blocked research_espionage_technology (building_laboratory 1/3)
[2026-05-11 08:32:47] ==== loop 18/∞ | seed=968175026105938324 archetype=turbo personality=flotero focus=eco actions_per_loop=1 ====
[08:32:47] planet 53: building queue full (5)
[08:32:47] research: blocked research_espionage_technology (building_laboratory 1/3)
[2026-05-11 08:33:29] ==== loop 19/∞ | seed=968175026105938324 archetype=turbo personality=flotero focus=eco actions_per_loop=1 ====
[08:33:30] planet 53: building queue full (5)
[08:33:30] research: blocked research_espionage_technology (building_laboratory 1/3)
[2026-05-11 08:34:15] ==== loop 20/∞ | seed=968175026105938324 archetype=turbo personality=flotero focus=eco actions_per_loop=1 ====
[08:34:16] planet 53: building queue full (5)
[2026-05-11 08:35:44] ==== loop 22/∞ | seed=968175026105938324 archetype=turbo personality=flotero focus=eco actions_per_loop=1 ====
[08:35:45] planet 53: building queue full (5)
[2026-05-11 08:36:31] ==== loop 23/∞ | seed=968175026105938324 archetype=turbo personality=flotero focus=eco actions_per_loop=1 ====
[08:36:32] planet 53: building queue full (5)
[08:36:32] research: blocked research_espionage_technology (building_laboratory 1/3)
[2026-05-11 08:37:21] ==== loop 24/∞ | seed=968175026105938324 archetype=turbo personality=flotero focus=eco actions_per_loop=1 ====
[08:37:21] planet 53: building queue full (5)
[08:37:21] research: blocked research_espionage_technology (building_laboratory 1/3)
[2026-05-11 08:38:42] ==== loop 1/∞ | seed=968175026105938324 archetype=turbo personality=flotero focus=eco actions_per_loop=1 ====
[08:38:42] planet 53: building queue full (5)
[2026-05-11 08:39:22] ==== loop 2/∞ | seed=968175026105938324 archetype=turbo personality=flotero focus=eco actions_per_loop=1 ====
[08:39:23] planet 53: building queue full (5)
[2026-05-11 08:40:09] ==== loop 3/∞ | seed=968175026105938324 archetype=turbo personality=flotero focus=eco actions_per_loop=1 ====
[08:40:10] planet 53: queued ship_light_fighter +5
[08:40:10] research: blocked research_espionage_technology (building_laboratory 1/3)
[2026-05-11 08:40:55] ==== loop 4/∞ | seed=968175026105938324 archetype=turbo personality=flotero focus=eco actions_per_loop=1 ====
[08:40:55] planet 53: queued ship_light_fighter +5
[08:40:55] research: blocked research_espionage_technology (building_laboratory 1/3)
[2026-05-11 08:41:37] ==== loop 5/∞ | seed=968175026105938324 archetype=turbo personality=flotero focus=eco actions_per_loop=1 ====
[08:41:39] planet 53: queued ship_light_fighter +5
[2026-05-11 08:42:26] ==== loop 6/∞ | seed=968175026105938324 archetype=turbo personality=flotero focus=eco actions_per_loop=1 ====
[08:42:26] planet 53: queued ship_light_fighter +5
[2026-05-11 08:43:08] ==== loop 7/∞ | seed=968175026105938324 archetype=turbo personality=flotero focus=eco actions_per_loop=1 ====
[08:43:09] planet 53: queued ship_light_fighter +5
[2026-05-11 08:43:51] ==== loop 8/∞ | seed=968175026105938324 archetype=turbo personality=flotero focus=eco actions_per_loop=1 ====
[08:43:52] planet 53: queued ship_light_fighter +5
[08:43:52] research: blocked research_espionage_technology (building_laboratory 1/3)
[2026-05-11 08:45:23] ==== loop 10/∞ | seed=968175026105938324 archetype=turbo personality=flotero focus=eco actions_per_loop=1 ====
[08:45:23] planet 53: queued ship_light_fighter +5
[08:45:23] research: blocked research_espionage_technology (building_laboratory 1/3)
[2026-05-11 08:46:04] ==== loop 11/∞ | seed=968175026105938324 archetype=turbo personality=flotero focus=eco actions_per_loop=1 ====
[08:46:05] planet 53: queued ship_light_fighter +5
[2026-05-11 08:46:52] ==== loop 12/∞ | seed=968175026105938324 archetype=turbo personality=flotero focus=eco actions_per_loop=1 ====
[08:46:53] planet 53: queued ship_light_fighter +5
[2026-05-11 08:47:34] ==== loop 13/∞ | seed=968175026105938324 archetype=turbo personality=flotero focus=eco actions_per_loop=1 ====
[08:47:35] planet 53: queued ship_light_fighter +5
[08:47:35] research: blocked research_espionage_technology (building_laboratory 1/3)
[2026-05-11 08:49:49] ==== loop 16/∞ | seed=968175026105938324 archetype=turbo personality=flotero focus=eco actions_per_loop=1 ====
[08:49:49] planet 53: queued ship_light_fighter +5
[08:49:49] research: blocked research_espionage_technology (building_laboratory 1/3)
[2026-05-11 08:50:34] ==== loop 17/∞ | seed=968175026105938324 archetype=turbo personality=flotero focus=eco actions_per_loop=1 ====
[08:50:34] planet 53: building queue full (5)
[08:50:34] research: blocked research_espionage_technology (building_laboratory 1/3)
[2026-05-11 08:51:17] ==== loop 18/∞ | seed=968175026105938324 archetype=turbo personality=flotero focus=eco actions_per_loop=1 ====
[08:51:17] planet 53: building queue full (5)
[2026-05-11 08:52:02] ==== loop 19/∞ | seed=968175026105938324 archetype=turbo personality=flotero focus=eco actions_per_loop=1 ====
[08:52:02] planet 53: building queue full (5)
[08:52:02] research: blocked research_espionage_technology (building_laboratory 1/3)
[2026-05-11 08:52:44] ==== loop 20/∞ | seed=968175026105938324 archetype=turbo personality=flotero focus=eco actions_per_loop=1 ====
[08:52:44] planet 53: building queue full (5)
[2026-05-11 08:53:26] ==== loop 21/∞ | seed=968175026105938324 archetype=turbo personality=flotero focus=eco actions_per_loop=1 ====
[08:53:26] planet 53: building queue full (5)
[08:53:26] research: blocked research_espionage_technology (building_laboratory 1/3)
[2026-05-11 08:54:06] ==== loop 22/∞ | seed=968175026105938324 archetype=turbo personality=flotero focus=eco actions_per_loop=1 ====
[08:54:06] planet 53: building queue full (5)
[08:54:06] research: blocked research_espionage_technology (building_laboratory 1/3)
[2026-05-11 08:54:47] ==== loop 23/∞ | seed=968175026105938324 archetype=turbo personality=flotero focus=eco actions_per_loop=1 ====
[08:54:49] planet 53: building queue full (5)
[08:54:49] research: blocked research_espionage_technology (building_laboratory 1/3)
[2026-05-11 08:55:26] ==== loop 24/∞ | seed=968175026105938324 archetype=turbo personality=flotero focus=eco actions_per_loop=1 ====
[08:55:27] planet 53: building queue full (5)
[08:55:27] research: blocked research_espionage_technology (building_laboratory 1/3)
[2026-05-11 08:56:10] ==== loop 25/∞ | seed=968175026105938324 archetype=turbo personality=flotero focus=eco actions_per_loop=1 ====
[08:56:11] planet 53: building queue full (5)
[2026-05-11 08:56:53] ==== loop 26/∞ | seed=968175026105938324 archetype=turbo personality=flotero focus=eco actions_per_loop=1 ====
[08:56:53] planet 53: building queue full (5)
[2026-05-11 08:57:35] ==== loop 27/∞ | seed=968175026105938324 archetype=turbo personality=flotero focus=eco actions_per_loop=1 ====
[08:57:36] planet 53: building queue full (5)
[08:57:36] research: blocked research_espionage_technology (building_laboratory 1/3)
[2026-05-11 08:58:14] ==== loop 28/∞ | seed=968175026105938324 archetype=turbo personality=flotero focus=eco actions_per_loop=1 ====
[08:58:14] planet 53: building queue full (5)
[2026-05-11 08:58:58] ==== loop 29/∞ | seed=968175026105938324 archetype=turbo personality=flotero focus=eco actions_per_loop=1 ====
[08:58:59] planet 53: building queue full (5)
[08:58:59] research: blocked research_espionage_technology (building_laboratory 1/3)
[2026-05-11 08:59:44] ==== loop 30/∞ | seed=968175026105938324 archetype=turbo personality=flotero focus=eco actions_per_loop=1 ====
[08:59:44] planet 53: building queue full (5)
[2026-05-11 09:00:22] ==== loop 31/∞ | seed=968175026105938324 archetype=turbo personality=flotero focus=eco actions_per_loop=1 ====
[09:00:22] planet 53: building queue full (5)
[2026-05-11 09:01:04] ==== loop 32/∞ | seed=968175026105938324 archetype=turbo personality=flotero focus=eco actions_per_loop=1 ====
[09:01:05] planet 53: building queue full (5)
[2026-05-11 09:01:46] ==== loop 33/∞ | seed=968175026105938324 archetype=turbo personality=flotero focus=eco actions_per_loop=1 ====
[09:01:47] planet 53: building queue full (5)
[2026-05-11 09:02:33] ==== loop 34/∞ | seed=968175026105938324 archetype=turbo personality=flotero focus=eco actions_per_loop=1 ====
[09:02:34] planet 53: building queue full (5)
[09:02:34] research: blocked research_espionage_technology (building_laboratory 1/3)
[2026-05-11 09:03:15] ==== loop 35/∞ | seed=968175026105938324 archetype=turbo personality=flotero focus=eco actions_per_loop=1 ====
[09:03:15] planet 53: building queue full (5)
[09:03:15] research: blocked research_espionage_technology (building_laboratory 1/3)
[2026-05-11 09:03:55] ==== loop 36/∞ | seed=968175026105938324 archetype=turbo personality=flotero focus=eco actions_per_loop=1 ====
[09:03:55] planet 53: building queue full (5)
[09:03:55] research: blocked research_espionage_technology (building_laboratory 1/3)
[2026-05-11 09:05:17] ==== loop 38/∞ | seed=968175026105938324 archetype=turbo personality=flotero focus=eco actions_per_loop=1 ====
[09:05:17] planet 53: building queue full (5)
[09:05:17] research: blocked research_espionage_technology (building_laboratory 1/3)
[2026-05-11 09:06:00] ==== loop 39/∞ | seed=968175026105938324 archetype=turbo personality=flotero focus=eco actions_per_loop=1 ====
[09:06:01] planet 53: building queue full (5)
[2026-05-11 09:06:39] ==== loop 40/∞ | seed=968175026105938324 archetype=turbo personality=flotero focus=eco actions_per_loop=1 ====
[09:06:40] planet 53: building queue full (5)
[09:06:40] research: blocked research_espionage_technology (building_laboratory 1/3)
[2026-05-11 09:07:20] ==== loop 41/∞ | seed=968175026105938324 archetype=turbo personality=flotero focus=eco actions_per_loop=1 ====
[09:07:21] planet 53: building queue full (5)
[09:07:21] research: blocked research_espionage_technology (building_laboratory 1/3)
[2026-05-11 09:08:04] ==== loop 42/∞ | seed=968175026105938324 archetype=turbo personality=flotero focus=eco actions_per_loop=1 ====
[09:08:04] planet 53: building queue full (5)
[09:08:04] research: blocked research_espionage_technology (building_laboratory 1/3)
[2026-05-11 09:09:22] ==== loop 44/∞ | seed=968175026105938324 archetype=turbo personality=flotero focus=eco actions_per_loop=1 ====
[09:09:23] planet 53: building queue full (5)
[2026-05-11 09:10:02] ==== loop 45/∞ | seed=968175026105938324 archetype=turbo personality=flotero focus=eco actions_per_loop=1 ====
[09:10:02] planet 53: building queue full (5)
[2026-05-11 09:10:44] ==== loop 46/∞ | seed=968175026105938324 archetype=turbo personality=flotero focus=eco actions_per_loop=1 ====
[09:10:44] planet 53: building queue full (5)
[09:10:44] research: blocked research_espionage_technology (building_laboratory 1/3)
[2026-05-11 09:11:24] ==== loop 47/∞ | seed=968175026105938324 archetype=turbo personality=flotero focus=eco actions_per_loop=1 ====
[09:11:25] planet 53: building queue full (5)
[2026-05-11 09:12:09] ==== loop 48/∞ | seed=968175026105938324 archetype=turbo personality=flotero focus=eco actions_per_loop=1 ====
[09:12:10] planet 53: building queue full (5)
[2026-05-11 09:14:17] ==== loop 51/∞ | seed=968175026105938324 archetype=turbo personality=flotero focus=eco actions_per_loop=1 ====
[09:14:18] planet 53: building queue full (5)
[09:14:18] research: blocked research_espionage_technology (building_laboratory 1/3)
[2026-05-11 09:15:53] ==== loop 53/∞ | seed=968175026105938324 archetype=turbo personality=flotero focus=eco actions_per_loop=1 ====
[09:15:53] planet 53: building queue full (5)
[2026-05-11 09:16:34] ==== loop 54/∞ | seed=968175026105938324 archetype=turbo personality=flotero focus=eco actions_per_loop=1 ====
[09:16:34] planet 53: building queue full (5)
[2026-05-11 09:17:18] ==== loop 55/∞ | seed=968175026105938324 archetype=turbo personality=flotero focus=eco actions_per_loop=1 ====
[09:17:19] planet 53: building queue full (5)
[09:17:19] research: blocked research_espionage_technology (building_laboratory 1/3)
[2026-05-11 09:18:07] ==== loop 56/∞ | seed=968175026105938324 archetype=turbo personality=flotero focus=eco actions_per_loop=1 ====
[09:18:08] planet 53: building queue full (5)
[2026-05-11 09:18:52] ==== loop 57/∞ | seed=968175026105938324 archetype=turbo personality=flotero focus=eco actions_per_loop=1 ====
[09:18:53] planet 53: building queue full (5)
[09:18:53] research: blocked research_espionage_technology (building_laboratory 1/3)
[2026-05-11 09:19:40] ==== loop 58/∞ | seed=968175026105938324 archetype=turbo personality=flotero focus=eco actions_per_loop=1 ====
[09:19:41] planet 53: building queue full (5)
[09:19:41] research: blocked research_espionage_technology (building_laboratory 1/3)
[2026-05-11 09:20:21] ==== loop 59/∞ | seed=968175026105938324 archetype=turbo personality=flotero focus=eco actions_per_loop=1 ====
[09:20:22] planet 53: building queue full (5)
[2026-05-11 09:21:06] ==== loop 60/∞ | seed=968175026105938324 archetype=turbo personality=flotero focus=eco actions_per_loop=1 ====
[09:21:07] planet 53: queued building_deuterium_sintetizer to 14
[09:21:07] research: blocked research_espionage_technology (building_laboratory 1/3)
[2026-05-11 09:21:52] ==== loop 61/∞ | seed=968175026105938324 archetype=turbo personality=flotero focus=eco actions_per_loop=1 ====
[09:21:53] planet 53: queued building_deuterium_sintetizer to 15
[2026-05-11 09:22:38] ==== loop 62/∞ | seed=968175026105938324 archetype=turbo personality=flotero focus=eco actions_per_loop=1 ====
[09:22:39] planet 53: building queue full (5)
[09:22:39] research: blocked research_espionage_technology (building_laboratory 1/3)
[2026-05-11 09:23:19] ==== loop 63/∞ | seed=968175026105938324 archetype=turbo personality=flotero focus=eco actions_per_loop=1 ====
[09:23:19] planet 53: queued building_metal_store to 5
[09:23:19] research: blocked research_espionage_technology (building_laboratory 1/3)
[2026-05-11 09:24:05] ==== loop 64/∞ | seed=968175026105938324 archetype=turbo personality=flotero focus=eco actions_per_loop=1 ====
[09:24:06] planet 53: queued building_metal_store to 6
[2026-05-11 09:24:51] ==== loop 65/∞ | seed=968175026105938324 archetype=turbo personality=flotero focus=eco actions_per_loop=1 ====
[09:24:52] planet 53: building queue full (5)
[09:24:52] research: blocked research_espionage_technology (building_laboratory 1/3)
[2026-05-11 09:25:42] ==== loop 66/∞ | seed=968175026105938324 archetype=turbo personality=flotero focus=eco actions_per_loop=1 ====
[09:25:43] planet 53: building queue full (5)
[09:25:43] research: blocked research_espionage_technology (building_laboratory 1/3)
[2026-05-11 09:26:24] ==== loop 67/∞ | seed=968175026105938324 archetype=turbo personality=flotero focus=eco actions_per_loop=1 ====
[09:26:24] planet 53: building queue full (5)
[09:26:24] research: blocked research_espionage_technology (building_laboratory 1/3)
[2026-05-11 09:27:10] ==== loop 68/∞ | seed=968175026105938324 archetype=turbo personality=flotero focus=eco actions_per_loop=1 ====
[09:27:11] planet 53: building queue full (5)
[09:27:11] research: blocked research_espionage_technology (building_laboratory 1/3)
[2026-05-11 09:27:53] ==== loop 69/∞ | seed=968175026105938324 archetype=turbo personality=flotero focus=eco actions_per_loop=1 ====
[09:27:53] planet 53: building queue full (5)
[09:27:53] research: blocked research_espionage_technology (building_laboratory 1/3)
[2026-05-11 09:28:37] ==== loop 70/∞ | seed=968175026105938324 archetype=turbo personality=flotero focus=eco actions_per_loop=1 ====
[09:28:38] planet 53: building queue full (5)
[09:28:38] research: blocked research_espionage_technology (building_laboratory 1/3)
[2026-05-11 09:30:02] ==== loop 72/∞ | seed=968175026105938324 archetype=turbo personality=flotero focus=eco actions_per_loop=1 ====
[09:30:02] planet 53: building queue full (5)
[2026-05-11 09:30:44] ==== loop 73/∞ | seed=968175026105938324 archetype=turbo personality=flotero focus=eco actions_per_loop=1 ====
[09:30:44] planet 53: building queue full (5)
[09:30:44] research: blocked research_espionage_technology (building_laboratory 1/3)
[2026-05-11 09:31:25] ==== loop 74/∞ | seed=968175026105938324 archetype=turbo personality=flotero focus=eco actions_per_loop=1 ====
[09:31:26] planet 53: building queue full (5)
[09:31:26] research: blocked research_espionage_technology (building_laboratory 1/3)
[2026-05-11 09:32:13] ==== loop 75/∞ | seed=968175026105938324 archetype=turbo personality=flotero focus=eco actions_per_loop=1 ====
[09:32:13] planet 53: building queue full (5)
[09:32:13] research: blocked research_espionage_technology (building_laboratory 1/3)
[2026-05-11 09:32:53] ==== loop 76/∞ | seed=968175026105938324 archetype=turbo personality=flotero focus=eco actions_per_loop=1 ====
[09:32:53] planet 53: building queue full (5)
[2026-05-11 09:33:41] ==== loop 77/∞ | seed=968175026105938324 archetype=turbo personality=flotero focus=eco actions_per_loop=1 ====
[09:33:41] planet 53: building queue full (5)
[2026-05-11 09:34:28] ==== loop 78/∞ | seed=968175026105938324 archetype=turbo personality=flotero focus=eco actions_per_loop=1 ====
[09:34:28] planet 53: building queue full (5)
[09:34:28] research: blocked research_espionage_technology (building_laboratory 1/3)
[2026-05-11 09:35:20] ==== loop 79/∞ | seed=968175026105938324 archetype=turbo personality=flotero focus=eco actions_per_loop=1 ====
[09:35:21] planet 53: building queue full (5)
[09:35:21] research: blocked research_espionage_technology (building_laboratory 1/3)
[2026-05-11 09:36:05] ==== loop 80/∞ | seed=968175026105938324 archetype=turbo personality=flotero focus=eco actions_per_loop=1 ====
[09:36:06] planet 53: building queue full (5)
[09:36:06] research: blocked research_espionage_technology (building_laboratory 1/3)
[2026-05-11 09:36:50] ==== loop 81/∞ | seed=968175026105938324 archetype=turbo personality=flotero focus=eco actions_per_loop=1 ====
[09:36:50] planet 53: building queue full (5)
[2026-05-11 09:38:26] ==== loop 83/∞ | seed=968175026105938324 archetype=turbo personality=flotero focus=eco actions_per_loop=1 ====
[09:38:26] planet 53: building queue full (5)
[2026-05-11 09:39:10] ==== loop 84/∞ | seed=968175026105938324 archetype=turbo personality=flotero focus=eco actions_per_loop=1 ====
[09:39:10] planet 53: building queue full (5)
[2026-05-11 09:40:25] ==== loop 1/∞ | seed=968175026105938324 archetype=turbo personality=flotero focus=eco actions_per_loop=1 ====
[09:40:26] planet 53: building queue full (5)
[2026-05-11 09:41:13] ==== loop 2/∞ | seed=968175026105938324 archetype=turbo personality=flotero focus=eco actions_per_loop=1 ====
[09:41:14] planet 53: building queue full (5)
[09:41:14] research: blocked research_espionage_technology (building_laboratory 1/3)
[2026-05-11 09:42:36] ==== loop 4/∞ | seed=968175026105938324 archetype=turbo personality=flotero focus=eco actions_per_loop=1 ====
[09:42:36] planet 53: building queue full (5)
[2026-05-11 09:43:22] ==== loop 5/∞ | seed=968175026105938324 archetype=turbo personality=flotero focus=eco actions_per_loop=1 ====
[09:43:23] planet 53: building queue full (5)
[09:43:23] research: blocked research_espionage_technology (building_laboratory 1/3)
[2026-05-11 09:44:11] ==== loop 6/∞ | seed=968175026105938324 archetype=turbo personality=flotero focus=eco actions_per_loop=1 ====
[09:44:12] planet 53: building queue full (5)
[09:44:12] research: blocked research_espionage_technology (building_laboratory 1/3)
[2026-05-11 09:44:57] ==== loop 7/∞ | seed=968175026105938324 archetype=turbo personality=flotero focus=eco actions_per_loop=1 ====
[09:44:57] planet 53: building queue full (5)
[2026-05-11 09:45:44] ==== loop 8/∞ | seed=968175026105938324 archetype=turbo personality=flotero focus=eco actions_per_loop=1 ====
[09:45:45] planet 53: building queue full (5)
[09:45:45] research: blocked research_espionage_technology (building_laboratory 1/3)
[2026-05-11 09:46:23] ==== loop 9/∞ | seed=968175026105938324 archetype=turbo personality=flotero focus=eco actions_per_loop=1 ====
[09:46:24] planet 53: building queue full (5)
[09:46:24] research: blocked research_espionage_technology (building_laboratory 1/3)
[2026-05-11 09:47:08] ==== loop 10/∞ | seed=968175026105938324 archetype=turbo personality=flotero focus=eco actions_per_loop=1 ====
[09:47:09] planet 53: building queue full (5)
[09:47:09] research: blocked research_espionage_technology (building_laboratory 1/3)
[2026-05-11 09:47:55] ==== loop 11/∞ | seed=968175026105938324 archetype=turbo personality=flotero focus=eco actions_per_loop=1 ====
[09:47:56] planet 53: building queue full (5)
[09:47:56] research: blocked research_espionage_technology (building_laboratory 1/3)
[2026-05-11 09:48:38] ==== loop 12/∞ | seed=968175026105938324 archetype=turbo personality=flotero focus=eco actions_per_loop=1 ====
[09:48:38] planet 53: building queue full (5)
[2026-05-11 09:49:24] ==== loop 13/∞ | seed=968175026105938324 archetype=turbo personality=flotero focus=eco actions_per_loop=1 ====
[09:49:25] planet 53: building queue full (5)
[09:49:25] research: blocked research_espionage_technology (building_laboratory 1/3)
[2026-05-11 09:50:10] ==== loop 14/∞ | seed=968175026105938324 archetype=turbo personality=flotero focus=eco actions_per_loop=1 ====
[09:50:10] planet 53: queue busy, throttled building_laboratory
[2026-05-11 09:51:29] ==== loop 16/∞ | seed=968175026105938324 archetype=turbo personality=flotero focus=eco actions_per_loop=1 ====
[09:51:29] planet 53: queue busy, throttled building_laboratory
[09:51:29] research: blocked research_espionage_technology (building_laboratory 1/3)
[2026-05-11 09:52:51] ==== loop 18/∞ | seed=968175026105938324 archetype=turbo personality=flotero focus=eco actions_per_loop=1 ====
[09:52:51] planet 53: queue busy, throttled building_laboratory
[09:52:51] research: blocked research_espionage_technology (building_laboratory 1/3)
[2026-05-11 09:53:32] ==== loop 19/∞ | seed=968175026105938324 archetype=turbo personality=flotero focus=eco actions_per_loop=1 ====
[09:53:32] planet 53: queue busy, throttled building_laboratory
[2026-05-11 09:54:15] ==== loop 20/∞ | seed=968175026105938324 archetype=turbo personality=flotero focus=eco actions_per_loop=1 ====
[09:54:15] planet 53: queue busy, throttled building_laboratory
[2026-05-11 09:54:58] ==== loop 21/∞ | seed=968175026105938324 archetype=turbo personality=flotero focus=eco actions_per_loop=1 ====
[09:54:58] planet 53: queue busy, throttled building_laboratory
[09:54:58] research: blocked research_espionage_technology (building_laboratory 1/3)
[2026-05-11 09:56:18] ==== loop 23/∞ | seed=968175026105938324 archetype=turbo personality=flotero focus=eco actions_per_loop=1 ====
[09:56:18] planet 53: queue busy, throttled building_laboratory
[2026-05-11 09:56:55] ==== loop 24/∞ | seed=968175026105938324 archetype=turbo personality=flotero focus=eco actions_per_loop=1 ====
[09:56:55] planet 53: queue busy, throttled building_laboratory
[09:56:55] research: blocked research_espionage_technology (building_laboratory 1/3)
[2026-05-11 09:57:34] ==== loop 25/∞ | seed=968175026105938324 archetype=turbo personality=flotero focus=eco actions_per_loop=1 ====
[09:57:34] planet 53: queue busy, throttled building_laboratory
[09:57:34] research: blocked research_espionage_technology (building_laboratory 1/3)
[2026-05-11 09:58:16] ==== loop 26/∞ | seed=968175026105938324 archetype=turbo personality=flotero focus=eco actions_per_loop=1 ====
[09:58:16] planet 53: queue busy, throttled building_laboratory
[09:58:16] research: blocked research_espionage_technology (building_laboratory 1/3)
[2026-05-11 09:58:58] ==== loop 27/∞ | seed=968175026105938324 archetype=turbo personality=flotero focus=eco actions_per_loop=1 ====
[09:58:58] planet 53: queue busy, throttled building_laboratory
[09:58:58] research: blocked research_espionage_technology (building_laboratory 1/3)
[2026-05-11 09:59:40] ==== loop 28/∞ | seed=968175026105938324 archetype=turbo personality=flotero focus=eco actions_per_loop=1 ====
[09:59:40] planet 53: queue busy, throttled building_laboratory
[2026-05-11 10:00:21] ==== loop 29/∞ | seed=968175026105938324 archetype=turbo personality=flotero focus=eco actions_per_loop=1 ====
[10:00:22] planet 53: building queue full (5)
[10:00:22] research: blocked research_espionage_technology (building_laboratory 1/3)
[2026-05-11 10:01:02] ==== loop 30/∞ | seed=968175026105938324 archetype=turbo personality=flotero focus=eco actions_per_loop=1 ====
[10:01:03] planet 53: building queue full (5)
[2026-05-11 10:01:43] ==== loop 31/∞ | seed=968175026105938324 archetype=turbo personality=flotero focus=eco actions_per_loop=1 ====
[10:01:43] planet 53: building queue full (5)
[2026-05-11 10:02:20] ==== loop 32/∞ | seed=968175026105938324 archetype=turbo personality=flotero focus=eco actions_per_loop=1 ====
[10:02:21] planet 53: building queue full (5)
[10:02:21] research: blocked research_espionage_technology (building_laboratory 1/3)
[2026-05-11 10:02:55] ==== loop 33/∞ | seed=968175026105938324 archetype=turbo personality=flotero focus=eco actions_per_loop=1 ====
[10:02:56] planet 53: building queue full (5)
[2026-05-11 10:03:36] ==== loop 34/∞ | seed=968175026105938324 archetype=turbo personality=flotero focus=eco actions_per_loop=1 ====
[10:03:37] planet 53: building queue full (5)
[10:03:37] research: blocked research_espionage_technology (building_laboratory 1/3)
[2026-05-11 10:04:14] ==== loop 35/∞ | seed=968175026105938324 archetype=turbo personality=flotero focus=eco actions_per_loop=1 ====
[10:04:15] planet 53: building queue full (5)
[2026-05-11 10:04:57] ==== loop 36/∞ | seed=968175026105938324 archetype=turbo personality=flotero focus=eco actions_per_loop=1 ====
[10:04:58] planet 53: building queue full (5)
[10:04:58] research: blocked research_espionage_technology (building_laboratory 1/3)
[2026-05-11 10:05:37] ==== loop 37/∞ | seed=968175026105938324 archetype=turbo personality=flotero focus=eco actions_per_loop=1 ====
[10:05:38] planet 53: building queue full (5)
[10:05:38] research: blocked research_espionage_technology (building_laboratory 1/3)
[2026-05-11 10:06:14] ==== loop 38/∞ | seed=968175026105938324 archetype=turbo personality=flotero focus=eco actions_per_loop=1 ====
[10:06:15] planet 53: building queue full (5)
[10:06:15] research: blocked research_espionage_technology (building_laboratory 1/3)
[2026-05-11 10:06:54] ==== loop 39/∞ | seed=968175026105938324 archetype=turbo personality=flotero focus=eco actions_per_loop=1 ====
[10:06:55] planet 53: building queue full (5)
[2026-05-11 10:08:46] ==== loop 42/∞ | seed=968175026105938324 archetype=turbo personality=flotero focus=eco actions_per_loop=1 ====
[10:08:47] planet 53: building queue full (5)
[10:08:47] research: blocked research_espionage_technology (building_laboratory 1/3)
[2026-05-11 10:09:20] ==== loop 43/∞ | seed=968175026105938324 archetype=turbo personality=flotero focus=eco actions_per_loop=1 ====
[10:09:20] planet 53: building queue full (5)
[2026-05-11 10:09:56] ==== loop 44/∞ | seed=968175026105938324 archetype=turbo personality=flotero focus=eco actions_per_loop=1 ====
[10:09:57] planet 53: building queue full (5)
[2026-05-11 10:10:40] ==== loop 45/∞ | seed=968175026105938324 archetype=turbo personality=flotero focus=eco actions_per_loop=1 ====
[10:10:41] planet 53: building queue full (5)
[2026-05-11 10:12:07] ==== loop 47/∞ | seed=968175026105938324 archetype=turbo personality=flotero focus=eco actions_per_loop=1 ====
[10:12:08] planet 53: building queue full (5)
[10:12:08] research: blocked research_espionage_technology (building_laboratory 1/3)
[2026-05-11 10:13:32] ==== loop 49/∞ | seed=968175026105938324 archetype=turbo personality=flotero focus=eco actions_per_loop=1 ====
[10:13:33] planet 53: building queue full (5)
[2026-05-11 10:14:15] ==== loop 50/∞ | seed=968175026105938324 archetype=turbo personality=flotero focus=eco actions_per_loop=1 ====
[10:14:16] planet 53: building queue full (5)
[10:14:16] research: blocked research_espionage_technology (building_laboratory 1/3)
[2026-05-11 10:14:58] ==== loop 51/∞ | seed=968175026105938324 archetype=turbo personality=flotero focus=eco actions_per_loop=1 ====
[10:14:59] planet 53: building queue full (5)
[10:14:59] research: blocked research_espionage_technology (building_laboratory 1/3)
[2026-05-11 10:15:44] ==== loop 52/∞ | seed=968175026105938324 archetype=turbo personality=flotero focus=eco actions_per_loop=1 ====
[10:15:45] planet 53: building queue full (5)
[2026-05-11 10:16:22] ==== loop 53/∞ | seed=968175026105938324 archetype=turbo personality=flotero focus=eco actions_per_loop=1 ====
[10:16:23] planet 53: building queue full (5)
[2026-05-11 10:17:05] ==== loop 54/∞ | seed=968175026105938324 archetype=turbo personality=flotero focus=eco actions_per_loop=1 ====
[10:17:06] planet 53: building queue full (5)
[2026-05-11 10:17:52] ==== loop 55/∞ | seed=968175026105938324 archetype=turbo personality=flotero focus=eco actions_per_loop=1 ====
[10:17:53] planet 53: building queue full (5)
[10:17:53] research: blocked research_espionage_technology (building_laboratory 1/3)
[2026-05-11 10:18:36] ==== loop 56/∞ | seed=968175026105938324 archetype=turbo personality=flotero focus=eco actions_per_loop=1 ====
[10:18:37] planet 53: building queue full (5)
[2026-05-11 10:19:21] ==== loop 57/∞ | seed=968175026105938324 archetype=turbo personality=flotero focus=eco actions_per_loop=1 ====
[10:19:21] planet 53: building queue full (5)
[2026-05-11 10:20:53] ==== loop 59/∞ | seed=968175026105938324 archetype=turbo personality=flotero focus=eco actions_per_loop=1 ====
[10:20:54] planet 53: building queue full (5)
[2026-05-11 10:21:46] ==== loop 60/∞ | seed=968175026105938324 archetype=turbo personality=flotero focus=eco actions_per_loop=1 ====
[10:21:47] planet 53: building queue full (5)
[2026-05-11 10:22:38] ==== loop 61/∞ | seed=968175026105938324 archetype=turbo personality=flotero focus=eco actions_per_loop=1 ====
[10:22:39] planet 53: building queue full (5)
[2026-05-11 10:23:22] ==== loop 62/∞ | seed=968175026105938324 archetype=turbo personality=flotero focus=eco actions_per_loop=1 ====
[10:23:23] planet 53: building queue full (5)
[10:23:23] research: blocked research_espionage_technology (building_laboratory 1/3)
[2026-05-11 10:24:09] ==== loop 63/∞ | seed=968175026105938324 archetype=turbo personality=flotero focus=eco actions_per_loop=1 ====
[10:24:09] planet 53: building queue full (5)
[2026-05-11 10:24:56] ==== loop 64/∞ | seed=968175026105938324 archetype=turbo personality=flotero focus=eco actions_per_loop=1 ====
[10:24:57] planet 53: building queue full (5)
[10:24:57] research: blocked research_espionage_technology (building_laboratory 1/3)
[2026-05-11 10:25:44] ==== loop 65/∞ | seed=968175026105938324 archetype=turbo personality=flotero focus=eco actions_per_loop=1 ====
[10:25:44] planet 53: building queue full (5)
[2026-05-11 10:26:28] ==== loop 66/∞ | seed=968175026105938324 archetype=turbo personality=flotero focus=eco actions_per_loop=1 ====
[10:26:29] planet 53: building queue full (5)
[2026-05-11 10:29:41] ==== loop 70/∞ | seed=968175026105938324 archetype=turbo personality=flotero focus=eco actions_per_loop=1 ====
[10:29:41] planet 53: building queue full (5)
[10:29:41] research: blocked research_espionage_technology (building_laboratory 1/3)
