[2026-05-13 10:11:57] ==== loop 1/∞ | seed=464136653502244952 archetype=balanced personality=minero focus=eco actions_per_loop=3 ====
[10:11:57] planet 74: queued ship_solar_satellite +5
[10:11:57] planet 74: skipped duplicate ship_solar_satellite this loop
[10:11:57] research: already in progress
[2026-05-13 10:12:35] ==== loop 2/∞ | seed=464136653502244952 archetype=balanced personality=minero focus=eco actions_per_loop=3 ====
[10:12:36] planet 74: queued ship_solar_satellite +4
[10:12:36] planet 74: queued building_crystal_store to 4
[2026-05-13 10:13:17] ==== loop 3/∞ | seed=464136653502244952 archetype=balanced personality=minero focus=eco actions_per_loop=3 ====
[10:13:18] planet 74: queued building_crystal_store to 5
[10:13:18] research: already in progress
[2026-05-13 10:13:55] ==== loop 4/∞ | seed=464136653502244952 archetype=balanced personality=minero focus=eco actions_per_loop=3 ====
[10:13:57] planet 74: building queue full (5)
[10:13:57] planet 74: building queue full (5)
[10:13:57] planet 74: building queue full (5)
[10:13:57] research: already in progress
[2026-05-13 10:14:38] ==== loop 5/∞ | seed=464136653502244952 archetype=balanced personality=minero focus=eco actions_per_loop=3 ====
[10:14:39] planet 74: queued building_crystal_store to 6
[10:14:39] research: already in progress
[2026-05-13 10:15:18] ==== loop 6/∞ | seed=464136653502244952 archetype=balanced personality=minero focus=eco actions_per_loop=3 ====
[10:15:20] planet 74: building queue full (5)
[10:15:20] planet 74: building queue full (5)
[10:15:20] planet 74: building queue full (5)
[10:15:20] research: already in progress
[2026-05-13 10:16:02] ==== loop 7/∞ | seed=464136653502244952 archetype=balanced personality=minero focus=eco actions_per_loop=3 ====
[10:16:05] planet 74: building queue full (5)
[10:16:05] planet 74: building queue full (5)
[10:16:05] planet 74: building queue full (5)
[10:16:05] research: already in progress
[2026-05-13 10:16:46] ==== loop 8/∞ | seed=464136653502244952 archetype=balanced personality=minero focus=eco actions_per_loop=3 ====
[10:16:46] planet 74: queued building_crystal_store to 7
[10:16:46] research: already in progress
[2026-05-13 10:17:30] ==== loop 9/∞ | seed=464136653502244952 archetype=balanced personality=minero focus=eco actions_per_loop=3 ====
[10:17:32] planet 74: building queue full (5)
[10:17:32] planet 74: building queue full (5)
[10:17:32] planet 74: building queue full (5)
[2026-05-13 10:18:14] ==== loop 10/∞ | seed=464136653502244952 archetype=balanced personality=minero focus=eco actions_per_loop=3 ====
[10:18:16] planet 74: building queue full (5)
[10:18:16] planet 74: building queue full (5)
[10:18:16] planet 74: building queue full (5)
[10:18:16] research: already in progress
[2026-05-13 10:19:02] ==== loop 11/∞ | seed=464136653502244952 archetype=balanced personality=minero focus=eco actions_per_loop=3 ====
[10:19:04] planet 74: building queue full (5)
[10:19:04] planet 74: building queue full (5)
[10:19:04] planet 74: building queue full (5)
[2026-05-13 10:19:49] ==== loop 12/∞ | seed=464136653502244952 archetype=balanced personality=minero focus=eco actions_per_loop=3 ====
[10:19:51] planet 74: building queue full (5)
[10:19:51] planet 74: building queue full (5)
[10:19:51] planet 74: building queue full (5)
[2026-05-13 10:20:28] ==== loop 13/∞ | seed=464136653502244952 archetype=balanced personality=minero focus=eco actions_per_loop=3 ====
[10:20:28] planet 74: queued building_deuterium_sintetizer to 11
[10:20:28] research: already in progress
[2026-05-13 10:21:13] ==== loop 14/∞ | seed=464136653502244952 archetype=balanced personality=minero focus=eco actions_per_loop=3 ====
[10:21:16] planet 74: building queue full (5)
[10:21:16] planet 74: building queue full (5)
[10:21:16] planet 74: building queue full (5)
[2026-05-13 10:21:57] ==== loop 15/∞ | seed=464136653502244952 archetype=balanced personality=minero focus=eco actions_per_loop=3 ====
[10:21:59] planet 74: queued ship_solar_satellite +3
[10:21:59] planet 74: queued building_deuterium_sintetizer to 12
[2026-05-13 10:22:47] ==== loop 16/∞ | seed=464136653502244952 archetype=balanced personality=minero focus=eco actions_per_loop=3 ====
[10:22:47] planet 74: queued building_metal_store to 12
[10:22:47] research: already in progress
[2026-05-13 10:23:30] ==== loop 17/∞ | seed=464136653502244952 archetype=balanced personality=minero focus=eco actions_per_loop=3 ====
[10:23:31] alliance: idle no_candidate
[10:23:31] planet 74: queued ship_solar_satellite +3
[10:23:31] planet 74: queued building_robot_factory to 3
[2026-05-13 10:24:17] ==== loop 18/∞ | seed=464136653502244952 archetype=balanced personality=minero focus=eco actions_per_loop=3 ====
[10:24:19] planet 74: building queue full (5)
[10:24:19] planet 74: building queue full (5)
[10:24:19] planet 74: building queue full (5)
[2026-05-13 10:25:08] ==== loop 19/∞ | seed=464136653502244952 archetype=balanced personality=minero focus=eco actions_per_loop=3 ====
[10:25:09] planet 74: building queue full (5)
[10:25:09] planet 74: building queue full (5)
[10:25:09] research: already in progress
[2026-05-13 10:25:53] ==== loop 20/∞ | seed=464136653502244952 archetype=balanced personality=minero focus=eco actions_per_loop=3 ====
[10:25:55] planet 74: building queue full (5)
[10:25:55] planet 74: building queue full (5)
[10:25:55] research: already in progress
[2026-05-13 10:26:41] ==== loop 21/∞ | seed=464136653502244952 archetype=balanced personality=minero focus=eco actions_per_loop=3 ====
[10:26:41] planet 74: building queue full (5)
[10:26:41] planet 74: building queue full (5)
[10:26:41] research: already in progress
[2026-05-13 10:27:23] ==== loop 22/∞ | seed=464136653502244952 archetype=balanced personality=minero focus=eco actions_per_loop=3 ====
[10:27:24] planet 74: building queue full (5)
[10:27:24] planet 74: building queue full (5)
[10:27:24] research: already in progress
[2026-05-13 10:28:11] ==== loop 23/∞ | seed=464136653502244952 archetype=balanced personality=minero focus=eco actions_per_loop=3 ====
[10:28:12] planet 74: building queue full (5)
[10:28:12] planet 74: building queue full (5)
[10:28:12] research: already in progress
[2026-05-13 10:28:59] ==== loop 24/∞ | seed=464136653502244952 archetype=balanced personality=minero focus=eco actions_per_loop=3 ====
[10:29:00] planet 74: building queue full (5)
[10:29:00] planet 74: building queue full (5)
[10:29:00] research: already in progress
[2026-05-13 10:29:44] ==== loop 25/∞ | seed=464136653502244952 archetype=balanced personality=minero focus=eco actions_per_loop=3 ====
[10:29:46] planet 74: building queue full (5)
[10:29:46] planet 74: building queue full (5)
[10:29:46] planet 74: building queue full (5)
[10:29:46] research: already in progress
[2026-05-13 10:30:28] ==== loop 26/∞ | seed=464136653502244952 archetype=balanced personality=minero focus=eco actions_per_loop=3 ====
[10:30:29] planet 74: building queue full (5)
[10:30:29] planet 74: building queue full (5)
[10:30:29] research: already in progress
[2026-05-13 10:31:08] ==== loop 27/∞ | seed=464136653502244952 archetype=balanced personality=minero focus=eco actions_per_loop=3 ====
[10:31:09] planet 74: building queue full (5)
[10:31:09] planet 74: building queue full (5)
[10:31:09] planet 74: building queue full (5)
[2026-05-13 10:31:48] ==== loop 28/∞ | seed=464136653502244952 archetype=balanced personality=minero focus=eco actions_per_loop=3 ====
[10:31:50] planet 74: building queue full (5)
[10:31:50] planet 74: building queue full (5)
[10:31:50] planet 74: building queue full (5)
[10:31:50] research: already in progress
[2026-05-13 10:32:30] ==== loop 29/∞ | seed=464136653502244952 archetype=balanced personality=minero focus=eco actions_per_loop=3 ====
[10:32:33] planet 74: building queue full (5)
[10:32:33] planet 74: building queue full (5)
[10:32:33] planet 74: building queue full (5)
[10:32:33] research: already in progress
[2026-05-13 10:33:15] ==== loop 30/∞ | seed=464136653502244952 archetype=balanced personality=minero focus=eco actions_per_loop=3 ====
[10:33:17] planet 74: building queue full (5)
[10:33:17] planet 74: building queue full (5)
[10:33:17] planet 74: building queue full (5)
[2026-05-13 10:34:00] ==== loop 31/∞ | seed=464136653502244952 archetype=balanced personality=minero focus=eco actions_per_loop=3 ====
[10:34:02] planet 74: building queue full (5)
[10:34:02] planet 74: building queue full (5)
[10:34:02] planet 74: building queue full (5)
[10:34:02] research: already in progress
[2026-05-13 10:34:44] ==== loop 32/∞ | seed=464136653502244952 archetype=balanced personality=minero focus=eco actions_per_loop=3 ====
[10:34:45] planet 74: building queue full (5)
[10:34:45] planet 74: building queue full (5)
[2026-05-13 10:35:26] ==== loop 33/∞ | seed=464136653502244952 archetype=balanced personality=minero focus=eco actions_per_loop=3 ====
[10:35:28] planet 74: building queue full (5)
[10:35:28] planet 74: building queue full (5)
[10:35:28] planet 74: building queue full (5)
[10:35:28] research: already in progress
[2026-05-13 10:36:12] ==== loop 34/∞ | seed=464136653502244952 archetype=balanced personality=minero focus=eco actions_per_loop=3 ====
[10:36:14] planet 74: building queue full (5)
[10:36:14] planet 74: building queue full (5)
[10:36:14] planet 74: building queue full (5)
[10:36:14] research: already in progress
[2026-05-13 10:36:51] ==== loop 35/∞ | seed=464136653502244952 archetype=balanced personality=minero focus=eco actions_per_loop=3 ====
[10:36:53] planet 74: building queue full (5)
[10:36:53] planet 74: building queue full (5)
[10:36:53] planet 74: building queue full (5)
[10:36:53] research: already in progress
[2026-05-13 10:37:30] ==== loop 36/∞ | seed=464136653502244952 archetype=balanced personality=minero focus=eco actions_per_loop=3 ====
[10:37:30] planet 74: building queue full (5)
[10:37:30] planet 74: building queue full (5)
[10:37:30] planet 74: building queue full (5)
[2026-05-13 10:38:11] ==== loop 37/∞ | seed=464136653502244952 archetype=balanced personality=minero focus=eco actions_per_loop=3 ====
[10:38:13] alliance: idle no_candidate
[10:38:13] planet 74: building queue full (5)
[10:38:13] planet 74: building queue full (5)
[10:38:13] planet 74: building queue full (5)
[2026-05-13 10:38:53] ==== loop 38/∞ | seed=464136653502244952 archetype=balanced personality=minero focus=eco actions_per_loop=3 ====
[10:38:55] planet 74: building queue full (5)
[10:38:55] planet 74: building queue full (5)
[10:38:55] planet 74: building queue full (5)
[2026-05-13 10:39:36] ==== loop 39/∞ | seed=464136653502244952 archetype=balanced personality=minero focus=eco actions_per_loop=3 ====
[10:39:38] planet 74: building queue full (5)
[10:39:38] planet 74: building queue full (5)
[10:39:38] planet 74: building queue full (5)
[2026-05-13 10:40:17] ==== loop 40/∞ | seed=464136653502244952 archetype=balanced personality=minero focus=eco actions_per_loop=3 ====
[10:40:19] planet 74: building queue full (5)
[10:40:19] planet 74: building queue full (5)
[10:40:19] planet 74: building queue full (5)
[10:40:19] research: already in progress
[2026-05-13 10:41:00] ==== loop 41/∞ | seed=464136653502244952 archetype=balanced personality=minero focus=eco actions_per_loop=3 ====
[10:41:01] planet 74: building queue full (5)
[10:41:01] planet 74: building queue full (5)
[2026-05-13 10:41:47] ==== loop 42/∞ | seed=464136653502244952 archetype=balanced personality=minero focus=eco actions_per_loop=3 ====
[10:41:48] planet 74: building queue full (5)
[10:41:48] planet 74: building queue full (5)
[10:41:48] planet 74: building queue full (5)
[10:41:48] research: already in progress
[2026-05-13 10:42:31] ==== loop 43/∞ | seed=464136653502244952 archetype=balanced personality=minero focus=eco actions_per_loop=3 ====
[10:42:33] planet 74: building queue full (5)
[10:42:33] planet 74: building queue full (5)
[10:42:33] planet 74: building queue full (5)
[10:42:33] research: already in progress
[2026-05-13 10:43:19] ==== loop 44/∞ | seed=464136653502244952 archetype=balanced personality=minero focus=eco actions_per_loop=3 ====
[10:43:20] planet 74: building queue full (5)
[10:43:20] planet 74: building queue full (5)
[10:43:20] planet 74: building queue full (5)
[2026-05-13 10:44:04] ==== loop 45/∞ | seed=464136653502244952 archetype=balanced personality=minero focus=eco actions_per_loop=3 ====
[10:44:05] planet 74: building queue full (5)
[10:44:05] planet 74: building queue full (5)
[10:44:05] research: already in progress
[2026-05-13 10:44:46] ==== loop 46/∞ | seed=464136653502244952 archetype=balanced personality=minero focus=eco actions_per_loop=3 ====
[10:44:47] planet 74: building queue full (5)
[10:44:47] planet 74: building queue full (5)
[10:44:47] research: already in progress
[2026-05-13 10:45:33] ==== loop 47/∞ | seed=464136653502244952 archetype=balanced personality=minero focus=eco actions_per_loop=3 ====
[10:45:35] planet 74: building queue full (5)
[10:45:35] planet 74: building queue full (5)
[10:45:35] planet 74: building queue full (5)
[2026-05-13 10:46:18] ==== loop 48/∞ | seed=464136653502244952 archetype=balanced personality=minero focus=eco actions_per_loop=3 ====
[10:46:20] planet 74: building queue full (5)
[10:46:20] planet 74: building queue full (5)
[10:46:20] planet 74: building queue full (5)
[10:46:20] research: queued research_energy_technology on planet 74 (10s)
[2026-05-13 10:47:13] ==== loop 49/∞ | seed=464136653502244952 archetype=balanced personality=minero focus=eco actions_per_loop=3 ====
[10:47:15] planet 74: building queue full (5)
[10:47:15] planet 74: building queue full (5)
[10:47:15] planet 74: building queue full (5)
[10:47:15] research: already in progress
[2026-05-13 10:47:58] ==== loop 50/∞ | seed=464136653502244952 archetype=balanced personality=minero focus=eco actions_per_loop=3 ====
[10:48:01] planet 74: building queue full (5)
[10:48:01] planet 74: building queue full (5)
[10:48:01] planet 74: building queue full (5)
[10:48:01] research: already in progress
[2026-05-13 10:48:47] ==== loop 51/∞ | seed=464136653502244952 archetype=balanced personality=minero focus=eco actions_per_loop=3 ====
[10:48:48] planet 74: building queue full (5)
[10:48:48] planet 74: building queue full (5)
[10:48:48] planet 74: building queue full (5)
[10:48:48] research: already in progress
[2026-05-13 10:49:39] ==== loop 52/∞ | seed=464136653502244952 archetype=balanced personality=minero focus=eco actions_per_loop=3 ====
[10:49:42] planet 74: building queue full (5)
[10:49:42] planet 74: building queue full (5)
[10:49:42] planet 74: building queue full (5)
[10:49:42] research: already in progress
[2026-05-13 10:50:31] ==== loop 53/∞ | seed=464136653502244952 archetype=balanced personality=minero focus=eco actions_per_loop=3 ====
[10:50:32] planet 74: building queue full (5)
[10:50:32] planet 74: building queue full (5)
[10:50:32] planet 74: building queue full (5)
[2026-05-13 10:51:21] ==== loop 54/∞ | seed=464136653502244952 archetype=balanced personality=minero focus=eco actions_per_loop=3 ====
[10:51:22] planet 74: building queue full (5)
[10:51:22] planet 74: building queue full (5)
[2026-05-13 10:52:08] ==== loop 55/∞ | seed=464136653502244952 archetype=balanced personality=minero focus=eco actions_per_loop=3 ====
[10:52:10] planet 74: building queue full (5)
[10:52:10] planet 74: building queue full (5)
[10:52:10] research: already in progress
[2026-05-13 10:52:53] ==== loop 56/∞ | seed=464136653502244952 archetype=balanced personality=minero focus=eco actions_per_loop=3 ====
[10:52:54] planet 74: building queue full (5)
[10:52:54] planet 74: building queue full (5)
[10:52:54] planet 74: building queue full (5)
[2026-05-13 10:53:38] ==== loop 57/∞ | seed=464136653502244952 archetype=balanced personality=minero focus=eco actions_per_loop=3 ====
[10:53:38] alliance: idle no_candidate
[10:53:38] planet 74: queued building_solar_plant to 19
[2026-05-13 10:54:26] ==== loop 58/∞ | seed=464136653502244952 archetype=balanced personality=minero focus=eco actions_per_loop=3 ====
[10:54:26] planet 74: queue busy, throttled building_robot_factory
[10:54:26] planet 74: queue busy, throttled building_robot_factory
[10:54:26] planet 74: queue busy, throttled building_robot_factory
[10:54:26] research: already in progress
[2026-05-13 10:55:14] ==== loop 59/∞ | seed=464136653502244952 archetype=balanced personality=minero focus=eco actions_per_loop=3 ====
[10:55:14] planet 74: queue busy, throttled building_robot_factory
[10:55:14] planet 74: queue busy, throttled building_robot_factory
[10:55:14] planet 74: queue busy, throttled building_robot_factory
[10:55:14] research: already in progress
[2026-05-13 10:56:01] ==== loop 60/∞ | seed=464136653502244952 archetype=balanced personality=minero focus=eco actions_per_loop=3 ====
[10:56:01] planet 74: queue busy, throttled building_robot_factory
[10:56:01] planet 74: queue busy, throttled building_robot_factory
[10:56:01] planet 74: queue busy, throttled building_robot_factory
[10:56:01] research: already in progress
[2026-05-13 10:56:49] ==== loop 61/∞ | seed=464136653502244952 archetype=balanced personality=minero focus=eco actions_per_loop=3 ====
[10:56:49] planet 74: queue busy, throttled building_robot_factory
[10:56:49] planet 74: queue busy, throttled building_robot_factory
[10:56:49] research: already in progress
[2026-05-13 10:57:34] ==== loop 62/∞ | seed=464136653502244952 archetype=balanced personality=minero focus=eco actions_per_loop=3 ====
[10:57:34] planet 74: queue busy, throttled building_robot_factory
[10:57:34] planet 74: queue busy, throttled building_robot_factory
[10:57:34] planet 74: queue busy, throttled building_robot_factory
[2026-05-13 10:58:18] ==== loop 63/∞ | seed=464136653502244952 archetype=balanced personality=minero focus=eco actions_per_loop=3 ====
[10:58:18] planet 74: queue busy, throttled building_robot_factory
[10:58:18] planet 74: queue busy, throttled building_robot_factory
[10:58:18] planet 74: queue busy, throttled building_robot_factory
[10:58:18] research: already in progress
[2026-05-13 10:59:04] ==== loop 64/∞ | seed=464136653502244952 archetype=balanced personality=minero focus=eco actions_per_loop=3 ====
[10:59:04] planet 74: queue busy, throttled building_robot_factory
[10:59:04] planet 74: queue busy, throttled building_robot_factory
[10:59:04] planet 74: queue busy, throttled building_robot_factory
[10:59:04] research: already in progress
[2026-05-13 10:59:53] ==== loop 65/∞ | seed=464136653502244952 archetype=balanced personality=minero focus=eco actions_per_loop=3 ====
[10:59:53] planet 74: queue busy, throttled building_robot_factory
[10:59:53] planet 74: queue busy, throttled building_robot_factory
[10:59:53] research: already in progress
[2026-05-13 11:00:45] ==== loop 66/∞ | seed=464136653502244952 archetype=balanced personality=minero focus=eco actions_per_loop=3 ====
[11:00:46] planet 74: queued building_crystal_mine to 14
[11:00:46] research: already in progress
[2026-05-13 11:01:30] ==== loop 67/∞ | seed=464136653502244952 archetype=balanced personality=minero focus=eco actions_per_loop=3 ====
[11:01:30] planet 74: queue busy, throttled building_robot_factory
[11:01:30] planet 74: queue busy, throttled building_robot_factory
[11:01:30] planet 74: queue busy, throttled building_robot_factory
[11:01:30] research: already in progress
[2026-05-13 11:02:20] ==== loop 68/∞ | seed=464136653502244952 archetype=balanced personality=minero focus=eco actions_per_loop=3 ====
[11:02:23] planet 74: building queue full (5)
[11:02:23] planet 74: building queue full (5)
[11:02:23] planet 74: building queue full (5)
[11:02:23] research: already in progress
[2026-05-13 11:03:10] ==== loop 69/∞ | seed=464136653502244952 archetype=balanced personality=minero focus=eco actions_per_loop=3 ====
[11:03:11] planet 74: building queue full (5)
[11:03:11] planet 74: building queue full (5)
[11:03:11] planet 74: building queue full (5)
[11:03:11] research: already in progress
[2026-05-13 11:03:58] ==== loop 70/∞ | seed=464136653502244952 archetype=balanced personality=minero focus=eco actions_per_loop=3 ====
[11:04:00] planet 74: building queue full (5)
[11:04:00] planet 74: building queue full (5)
[11:04:00] planet 74: building queue full (5)
[2026-05-13 11:04:49] ==== loop 71/∞ | seed=464136653502244952 archetype=balanced personality=minero focus=eco actions_per_loop=3 ====
[11:04:51] planet 74: building queue full (5)
[11:04:51] planet 74: building queue full (5)
[11:04:51] research: already in progress
[2026-05-13 11:05:37] ==== loop 72/∞ | seed=464136653502244952 archetype=balanced personality=minero focus=eco actions_per_loop=3 ====
[11:05:38] planet 74: building queue full (5)
[11:05:38] planet 74: building queue full (5)
[11:05:38] planet 74: building queue full (5)
[2026-05-13 11:06:20] ==== loop 73/∞ | seed=464136653502244952 archetype=balanced personality=minero focus=eco actions_per_loop=3 ====
[11:06:22] planet 74: building queue full (5)
[11:06:22] planet 74: building queue full (5)
[11:06:22] planet 74: building queue full (5)
[11:06:22] research: already in progress
[2026-05-13 11:07:07] ==== loop 74/∞ | seed=464136653502244952 archetype=balanced personality=minero focus=eco actions_per_loop=3 ====
[11:07:10] planet 74: building queue full (5)
[11:07:10] planet 74: building queue full (5)
[11:07:10] planet 74: building queue full (5)
[2026-05-13 11:07:55] ==== loop 75/∞ | seed=464136653502244952 archetype=balanced personality=minero focus=eco actions_per_loop=3 ====
[11:07:57] planet 74: building queue full (5)
[11:07:57] planet 74: building queue full (5)
[11:07:57] planet 74: building queue full (5)
[2026-05-13 11:08:47] ==== loop 76/∞ | seed=464136653502244952 archetype=balanced personality=minero focus=eco actions_per_loop=3 ====
[11:08:48] planet 74: building queue full (5)
[11:08:48] planet 74: building queue full (5)
[2026-05-13 11:09:35] ==== loop 77/∞ | seed=464136653502244952 archetype=balanced personality=minero focus=eco actions_per_loop=3 ====
[11:09:36] alliance: idle no_candidate
[11:09:36] planet 74: building queue full (5)
[11:09:36] planet 74: building queue full (5)
[11:09:36] planet 74: building queue full (5)
[11:09:36] research: already in progress
[2026-05-13 11:10:16] ==== loop 78/∞ | seed=464136653502244952 archetype=balanced personality=minero focus=eco actions_per_loop=3 ====
[11:10:17] planet 74: queued building_metal_mine to 24
[11:10:17] research: already in progress
[2026-05-13 11:11:06] ==== loop 79/∞ | seed=464136653502244952 archetype=balanced personality=minero focus=eco actions_per_loop=3 ====
[11:11:06] planet 74: queue busy, throttled building_robot_factory
[11:11:06] planet 74: queue busy, throttled building_robot_factory
[11:11:06] planet 74: queue busy, throttled building_robot_factory
[2026-05-13 11:11:51] ==== loop 80/∞ | seed=464136653502244952 archetype=balanced personality=minero focus=eco actions_per_loop=3 ====
[11:11:51] planet 74: queue busy, throttled building_robot_factory
[11:11:51] planet 74: queue busy, throttled building_robot_factory
[11:11:51] planet 74: queue busy, throttled building_robot_factory
[11:11:51] research: already in progress
[2026-05-13 11:12:31] ==== loop 81/∞ | seed=464136653502244952 archetype=balanced personality=minero focus=eco actions_per_loop=3 ====
[11:12:31] planet 74: queue busy, throttled building_robot_factory
[11:12:31] planet 74: queue busy, throttled building_robot_factory
[11:12:31] planet 74: queue busy, throttled building_robot_factory
[2026-05-13 11:13:16] ==== loop 82/∞ | seed=464136653502244952 archetype=balanced personality=minero focus=eco actions_per_loop=3 ====
[11:13:16] planet 74: queue busy, throttled building_robot_factory
[11:13:16] planet 74: queue busy, throttled building_robot_factory
[11:13:16] planet 74: queue busy, throttled building_robot_factory
[2026-05-13 11:13:58] ==== loop 83/∞ | seed=464136653502244952 archetype=balanced personality=minero focus=eco actions_per_loop=3 ====
[11:13:58] planet 74: queue busy, throttled building_robot_factory
[11:13:58] planet 74: queue busy, throttled building_robot_factory
[11:13:58] planet 74: queue busy, throttled building_robot_factory
[2026-05-13 11:14:40] ==== loop 84/∞ | seed=464136653502244952 archetype=balanced personality=minero focus=eco actions_per_loop=3 ====
[11:14:40] planet 74: queue busy, throttled building_robot_factory
[11:14:40] planet 74: queue busy, throttled building_robot_factory
[11:14:40] planet 74: queue busy, throttled building_robot_factory
[11:14:40] research: already in progress
[2026-05-13 11:15:24] ==== loop 85/∞ | seed=464136653502244952 archetype=balanced personality=minero focus=eco actions_per_loop=3 ====
[11:15:24] planet 74: queue busy, throttled building_robot_factory
[11:15:24] planet 74: queue busy, throttled building_robot_factory
[11:15:24] research: already in progress
[2026-05-13 11:16:08] ==== loop 86/∞ | seed=464136653502244952 archetype=balanced personality=minero focus=eco actions_per_loop=3 ====
[11:16:08] planet 74: queue busy, throttled building_robot_factory
[11:16:08] planet 74: queue busy, throttled building_robot_factory
[11:16:08] planet 74: queue busy, throttled building_robot_factory
[11:16:08] research: already in progress
[2026-05-13 11:16:57] ==== loop 87/∞ | seed=464136653502244952 archetype=balanced personality=minero focus=eco actions_per_loop=3 ====
[11:16:57] planet 74: queue busy, throttled building_robot_factory
[11:16:57] planet 74: queue busy, throttled building_robot_factory
[11:16:57] planet 74: queue busy, throttled building_robot_factory
[2026-05-13 11:17:44] ==== loop 88/∞ | seed=464136653502244952 archetype=balanced personality=minero focus=eco actions_per_loop=3 ====
[11:17:44] planet 74: queue busy, throttled building_robot_factory
[11:17:44] planet 74: queue busy, throttled building_robot_factory
[11:17:44] planet 74: queue busy, throttled building_robot_factory
[11:17:44] research: already in progress
[2026-05-13 11:18:36] ==== loop 89/∞ | seed=464136653502244952 archetype=balanced personality=minero focus=eco actions_per_loop=3 ====
[11:18:36] planet 74: queue busy, throttled building_robot_factory
[11:18:36] planet 74: queue busy, throttled building_robot_factory
[11:18:36] planet 74: queue busy, throttled building_robot_factory
[2026-05-13 11:19:22] ==== loop 90/∞ | seed=464136653502244952 archetype=balanced personality=minero focus=eco actions_per_loop=3 ====
[11:19:22] planet 74: queue busy, throttled building_robot_factory
[11:19:22] planet 74: queue busy, throttled building_robot_factory
[11:19:22] planet 74: queue busy, throttled building_robot_factory
[2026-05-13 11:20:10] ==== loop 91/∞ | seed=464136653502244952 archetype=balanced personality=minero focus=eco actions_per_loop=3 ====
[11:20:10] planet 74: queue busy, throttled building_robot_factory
[11:20:10] planet 74: queue busy, throttled building_robot_factory
[11:20:10] planet 74: queue busy, throttled building_robot_factory
[2026-05-13 11:20:57] ==== loop 92/∞ | seed=464136653502244952 archetype=balanced personality=minero focus=eco actions_per_loop=3 ====
[11:20:57] planet 74: queue busy, throttled building_robot_factory
[11:20:57] planet 74: queue busy, throttled building_robot_factory
[11:20:57] planet 74: queue busy, throttled building_robot_factory
[11:20:57] research: already in progress
[2026-05-13 11:21:43] ==== loop 93/∞ | seed=464136653502244952 archetype=balanced personality=minero focus=eco actions_per_loop=3 ====
[11:21:43] planet 74: queue busy, throttled building_robot_factory
[11:21:43] planet 74: queue busy, throttled building_robot_factory
[11:21:43] planet 74: queue busy, throttled building_robot_factory
[11:21:43] research: already in progress
[2026-05-13 11:22:23] ==== loop 94/∞ | seed=464136653502244952 archetype=balanced personality=minero focus=eco actions_per_loop=3 ====
[11:22:23] planet 74: queue busy, throttled building_robot_factory
[11:22:23] planet 74: queue busy, throttled building_robot_factory
[2026-05-13 11:23:07] ==== loop 95/∞ | seed=464136653502244952 archetype=balanced personality=minero focus=eco actions_per_loop=3 ====
[11:23:07] planet 74: queue busy, throttled building_robot_factory
[11:23:07] planet 74: queue busy, throttled building_robot_factory
[11:23:07] research: already in progress
[2026-05-13 11:23:53] ==== loop 96/∞ | seed=464136653502244952 archetype=balanced personality=minero focus=eco actions_per_loop=3 ====
[11:23:53] planet 74: queue busy, throttled building_robot_factory
[11:23:53] planet 74: queue busy, throttled building_robot_factory
[11:23:53] planet 74: queue busy, throttled building_robot_factory
[11:23:53] research: already in progress
[2026-05-13 11:24:36] ==== loop 97/∞ | seed=464136653502244952 archetype=balanced personality=minero focus=eco actions_per_loop=3 ====
[11:24:36] alliance: idle no_candidate
[11:24:36] planet 74: queue busy, throttled building_robot_factory
[11:24:36] planet 74: queue busy, throttled building_robot_factory
[11:24:36] planet 74: queue busy, throttled building_robot_factory
[2026-05-13 11:25:23] ==== loop 98/∞ | seed=464136653502244952 archetype=balanced personality=minero focus=eco actions_per_loop=3 ====
[11:25:23] planet 74: queue busy, throttled building_robot_factory
[11:25:23] planet 74: queue busy, throttled building_robot_factory
[11:25:23] planet 74: queue busy, throttled building_robot_factory
[2026-05-13 11:26:15] ==== loop 99/∞ | seed=464136653502244952 archetype=balanced personality=minero focus=eco actions_per_loop=3 ====
[11:26:15] planet 74: queue busy, throttled building_robot_factory
[11:26:15] planet 74: queue busy, throttled building_robot_factory
[11:26:15] planet 74: queue busy, throttled building_robot_factory
[11:26:15] research: already in progress
[2026-05-13 11:27:02] ==== loop 100/∞ | seed=464136653502244952 archetype=balanced personality=minero focus=eco actions_per_loop=3 ====
[11:27:02] planet 74: queue busy, throttled building_robot_factory
[11:27:02] planet 74: queue busy, throttled building_robot_factory
[11:27:02] planet 74: queue busy, throttled building_robot_factory
[2026-05-13 11:27:47] ==== loop 101/∞ | seed=464136653502244952 archetype=balanced personality=minero focus=eco actions_per_loop=3 ====
[11:27:47] planet 74: queue busy, throttled building_robot_factory
[11:27:47] planet 74: queue busy, throttled building_robot_factory
[11:27:47] planet 74: queue busy, throttled building_robot_factory
[11:27:47] research: already in progress
[2026-05-13 11:28:35] ==== loop 102/∞ | seed=464136653502244952 archetype=balanced personality=minero focus=eco actions_per_loop=3 ====
[11:28:35] planet 74: queue busy, throttled building_robot_factory
[11:28:35] planet 74: queue busy, throttled building_robot_factory
[11:28:35] planet 74: queue busy, throttled building_robot_factory
[2026-05-13 11:29:17] ==== loop 103/∞ | seed=464136653502244952 archetype=balanced personality=minero focus=eco actions_per_loop=3 ====
[11:29:17] planet 74: queue busy, throttled building_robot_factory
[11:29:17] planet 74: queue busy, throttled building_robot_factory
[11:29:17] planet 74: queue busy, throttled building_robot_factory
[2026-05-13 11:30:00] ==== loop 104/∞ | seed=464136653502244952 archetype=balanced personality=minero focus=eco actions_per_loop=3 ====
[11:30:00] planet 74: queue busy, throttled building_robot_factory
[11:30:00] planet 74: queue busy, throttled building_robot_factory
[11:30:00] research: already in progress
[2026-05-13 11:30:43] ==== loop 105/∞ | seed=464136653502244952 archetype=balanced personality=minero focus=eco actions_per_loop=3 ====
[11:30:43] planet 74: queue busy, throttled building_robot_factory
[11:30:43] planet 74: queue busy, throttled building_robot_factory
[11:30:43] planet 74: queue busy, throttled building_robot_factory
[11:30:43] research: already in progress
[2026-05-13 11:31:25] ==== loop 106/∞ | seed=464136653502244952 archetype=balanced personality=minero focus=eco actions_per_loop=3 ====
[11:31:25] planet 74: queue busy, throttled building_robot_factory
[11:31:25] planet 74: queue busy, throttled building_robot_factory
[2026-05-13 11:32:10] ==== loop 107/∞ | seed=464136653502244952 archetype=balanced personality=minero focus=eco actions_per_loop=3 ====
[11:32:10] planet 74: queue busy, throttled building_robot_factory
[11:32:10] planet 74: queue busy, throttled building_robot_factory
[11:32:10] planet 74: queue busy, throttled building_robot_factory
[11:32:10] research: already in progress
[2026-05-13 11:32:52] ==== loop 108/∞ | seed=464136653502244952 archetype=balanced personality=minero focus=eco actions_per_loop=3 ====
[11:32:52] planet 74: queue busy, throttled building_robot_factory
[11:32:52] planet 74: queue busy, throttled building_robot_factory
[11:32:52] planet 74: queue busy, throttled building_robot_factory
[11:32:52] research: already in progress
[2026-05-13 11:33:35] ==== loop 109/∞ | seed=464136653502244952 archetype=balanced personality=minero focus=eco actions_per_loop=3 ====
[11:33:35] planet 74: queue busy, throttled building_robot_factory
[11:33:35] planet 74: queue busy, throttled building_robot_factory
[11:33:35] planet 74: queue busy, throttled building_robot_factory
[11:33:35] research: already in progress
[2026-05-13 11:34:24] ==== loop 110/∞ | seed=464136653502244952 archetype=balanced personality=minero focus=eco actions_per_loop=3 ====
[11:34:24] planet 74: queue busy, throttled building_robot_factory
[11:34:24] planet 74: queue busy, throttled building_robot_factory
[11:34:24] research: already in progress
[2026-05-13 11:35:07] ==== loop 111/∞ | seed=464136653502244952 archetype=balanced personality=minero focus=eco actions_per_loop=3 ====
[11:35:07] planet 74: queue busy, throttled building_robot_factory
[11:35:07] planet 74: queue busy, throttled building_robot_factory
[11:35:07] planet 74: queue busy, throttled building_robot_factory
[2026-05-13 11:35:50] ==== loop 112/∞ | seed=464136653502244952 archetype=balanced personality=minero focus=eco actions_per_loop=3 ====
[11:35:50] planet 74: queue busy, throttled building_robot_factory
[11:35:50] planet 74: queue busy, throttled building_robot_factory
[11:35:50] planet 74: queue busy, throttled building_robot_factory
[11:35:50] research: already in progress
[2026-05-13 11:36:30] ==== loop 113/∞ | seed=464136653502244952 archetype=balanced personality=minero focus=eco actions_per_loop=3 ====
[11:36:30] planet 74: queue busy, throttled building_robot_factory
[11:36:30] planet 74: queue busy, throttled building_robot_factory
[11:36:30] planet 74: queue busy, throttled building_robot_factory
[11:36:30] research: already in progress
[2026-05-13 11:37:13] ==== loop 114/∞ | seed=464136653502244952 archetype=balanced personality=minero focus=eco actions_per_loop=3 ====
[11:37:13] planet 74: queue busy, throttled building_robot_factory
[11:37:13] planet 74: queue busy, throttled building_robot_factory
[11:37:13] planet 74: queue busy, throttled building_robot_factory
[11:37:13] research: already in progress
[2026-05-13 11:37:58] ==== loop 115/∞ | seed=464136653502244952 archetype=balanced personality=minero focus=eco actions_per_loop=3 ====
[11:37:58] planet 74: queue busy, throttled building_robot_factory
[11:37:58] planet 74: queue busy, throttled building_robot_factory
[11:37:58] planet 74: queue busy, throttled building_robot_factory
[11:37:58] research: already in progress
[2026-05-13 11:38:45] ==== loop 116/∞ | seed=464136653502244952 archetype=balanced personality=minero focus=eco actions_per_loop=3 ====
[11:38:47] planet 74: building queue full (5)
[11:38:47] planet 74: building queue full (5)
[11:38:47] planet 74: building queue full (5)
[2026-05-13 11:39:32] ==== loop 117/∞ | seed=464136653502244952 archetype=balanced personality=minero focus=eco actions_per_loop=3 ====
[11:39:35] alliance: idle no_candidate
[11:39:35] planet 74: building queue full (5)
[11:39:35] planet 74: building queue full (5)
[11:39:35] planet 74: building queue full (5)
[2026-05-13 11:40:20] ==== loop 118/∞ | seed=464136653502244952 archetype=balanced personality=minero focus=eco actions_per_loop=3 ====
[11:40:22] planet 74: building queue full (5)
[11:40:22] planet 74: building queue full (5)
[11:40:22] planet 74: building queue full (5)
[11:40:22] research: already in progress
[2026-05-13 11:41:04] ==== loop 119/∞ | seed=464136653502244952 archetype=balanced personality=minero focus=eco actions_per_loop=3 ====
[11:41:05] planet 74: building queue full (5)
[11:41:05] planet 74: building queue full (5)
[11:41:05] planet 74: building queue full (5)
[11:41:05] research: already in progress
[2026-05-13 11:41:51] ==== loop 120/∞ | seed=464136653502244952 archetype=balanced personality=minero focus=eco actions_per_loop=3 ====
[11:41:53] planet 74: building queue full (5)
[11:41:53] planet 74: building queue full (5)
[11:41:53] planet 74: building queue full (5)
[11:41:53] research: already in progress
[2026-05-13 11:42:44] ==== loop 121/∞ | seed=464136653502244952 archetype=balanced personality=minero focus=eco actions_per_loop=3 ====
[11:42:45] planet 74: building queue full (5)
[11:42:45] planet 74: building queue full (5)
[11:42:45] research: already in progress
[2026-05-13 11:43:29] ==== loop 122/∞ | seed=464136653502244952 archetype=balanced personality=minero focus=eco actions_per_loop=3 ====
[11:43:30] planet 74: building queue full (5)
[11:43:30] planet 74: building queue full (5)
[11:43:30] planet 74: building queue full (5)
[11:43:30] research: already in progress
[2026-05-13 11:44:19] ==== loop 123/∞ | seed=464136653502244952 archetype=balanced personality=minero focus=eco actions_per_loop=3 ====
[11:44:21] planet 74: building queue full (5)
[11:44:21] planet 74: building queue full (5)
[11:44:21] research: already in progress
[2026-05-13 11:45:07] ==== loop 124/∞ | seed=464136653502244952 archetype=balanced personality=minero focus=eco actions_per_loop=3 ====
[11:45:09] planet 74: building queue full (5)
[11:45:09] planet 74: building queue full (5)
[11:45:09] planet 74: building queue full (5)
[11:45:09] research: already in progress
[2026-05-13 11:45:53] ==== loop 125/∞ | seed=464136653502244952 archetype=balanced personality=minero focus=eco actions_per_loop=3 ====
[11:45:54] planet 74: building queue full (5)
[11:45:54] planet 74: building queue full (5)
[11:45:54] planet 74: building queue full (5)
[11:45:54] research: already in progress
[2026-05-13 11:46:36] ==== loop 126/∞ | seed=464136653502244952 archetype=balanced personality=minero focus=eco actions_per_loop=3 ====
[11:46:37] planet 74: building queue full (5)
[11:46:37] planet 74: building queue full (5)
[11:46:37] planet 74: building queue full (5)
[11:46:37] research: already in progress
[2026-05-13 11:47:27] ==== loop 127/∞ | seed=464136653502244952 archetype=balanced personality=minero focus=eco actions_per_loop=3 ====
[11:47:29] planet 74: building queue full (5)
[11:47:29] planet 74: building queue full (5)
[11:47:29] planet 74: building queue full (5)
[2026-05-13 11:48:11] ==== loop 128/∞ | seed=464136653502244952 archetype=balanced personality=minero focus=eco actions_per_loop=3 ====
[11:48:12] planet 74: building queue full (5)
[11:48:12] planet 74: building queue full (5)
[11:48:12] research: already in progress
[2026-05-13 11:48:58] ==== loop 129/∞ | seed=464136653502244952 archetype=balanced personality=minero focus=eco actions_per_loop=3 ====
[11:49:01] planet 74: building queue full (5)
[11:49:01] planet 74: building queue full (5)
[11:49:01] planet 74: building queue full (5)
[11:49:01] research: already in progress
[2026-05-13 11:49:52] ==== loop 130/∞ | seed=464136653502244952 archetype=balanced personality=minero focus=eco actions_per_loop=3 ====
[11:49:53] planet 74: building queue full (5)
[11:49:53] planet 74: building queue full (5)
[11:49:53] research: already in progress
[2026-05-13 11:50:39] ==== loop 131/∞ | seed=464136653502244952 archetype=balanced personality=minero focus=eco actions_per_loop=3 ====
[11:50:41] planet 74: building queue full (5)
[11:50:41] planet 74: building queue full (5)
[11:50:41] planet 74: building queue full (5)
[11:50:41] research: already in progress
[2026-05-13 11:51:28] ==== loop 132/∞ | seed=464136653502244952 archetype=balanced personality=minero focus=eco actions_per_loop=3 ====
[11:51:30] planet 74: building queue full (5)
[11:51:30] planet 74: building queue full (5)
[11:51:30] planet 74: building queue full (5)
[11:51:30] research: already in progress
[2026-05-13 11:52:16] ==== loop 133/∞ | seed=464136653502244952 archetype=balanced personality=minero focus=eco actions_per_loop=3 ====
[11:52:18] planet 74: building queue full (5)
[11:52:18] planet 74: building queue full (5)
[11:52:18] planet 74: building queue full (5)
[11:52:18] research: already in progress
[2026-05-13 11:53:03] ==== loop 134/∞ | seed=464136653502244952 archetype=balanced personality=minero focus=eco actions_per_loop=3 ====
[11:53:04] planet 74: building queue full (5)
[11:53:04] planet 74: building queue full (5)
[11:53:04] research: already in progress
[2026-05-13 11:53:47] ==== loop 135/∞ | seed=464136653502244952 archetype=balanced personality=minero focus=eco actions_per_loop=3 ====
[11:53:47] planet 74: queued building_metal_store to 13
[11:53:47] research: already in progress
[2026-05-13 11:54:27] ==== loop 136/∞ | seed=464136653502244952 archetype=balanced personality=minero focus=eco actions_per_loop=3 ====
[11:54:27] planet 74: queue busy, throttled building_robot_factory
[11:54:27] planet 74: queue busy, throttled building_robot_factory
[11:54:27] research: already in progress
[2026-05-13 11:55:08] ==== loop 137/∞ | seed=464136653502244952 archetype=balanced personality=minero focus=eco actions_per_loop=3 ====
[11:55:08] alliance: idle no_candidate
[11:55:08] planet 74: queue busy, throttled building_robot_factory
[11:55:08] planet 74: queue busy, throttled building_robot_factory
[11:55:08] planet 74: queue busy, throttled building_robot_factory
[11:55:08] research: already in progress
[2026-05-13 11:56:01] ==== loop 138/∞ | seed=464136653502244952 archetype=balanced personality=minero focus=eco actions_per_loop=3 ====
[11:56:01] planet 74: queue busy, throttled building_robot_factory
[11:56:01] planet 74: queue busy, throttled building_robot_factory
[11:56:01] planet 74: queue busy, throttled building_robot_factory
[11:56:01] research: already in progress
[2026-05-13 11:56:44] ==== loop 139/∞ | seed=464136653502244952 archetype=balanced personality=minero focus=eco actions_per_loop=3 ====
[11:56:44] planet 74: queue busy, throttled building_robot_factory
[11:56:44] planet 74: queue busy, throttled building_robot_factory
[11:56:44] research: already in progress
[2026-05-13 11:57:35] ==== loop 140/∞ | seed=464136653502244952 archetype=balanced personality=minero focus=eco actions_per_loop=3 ====
[11:57:35] planet 74: queue busy, throttled building_robot_factory
[11:57:35] planet 74: queue busy, throttled building_robot_factory
[11:57:35] planet 74: queue busy, throttled building_robot_factory
[2026-05-13 11:58:17] ==== loop 141/∞ | seed=464136653502244952 archetype=balanced personality=minero focus=eco actions_per_loop=3 ====
[11:58:17] planet 74: queue busy, throttled building_robot_factory
[11:58:17] planet 74: queue busy, throttled building_robot_factory
[11:58:17] planet 74: queue busy, throttled building_robot_factory
[2026-05-13 11:59:00] ==== loop 142/∞ | seed=464136653502244952 archetype=balanced personality=minero focus=eco actions_per_loop=3 ====
[11:59:00] planet 74: queue busy, throttled building_robot_factory
[11:59:00] planet 74: queue busy, throttled building_robot_factory
[11:59:00] planet 74: queue busy, throttled building_robot_factory
[11:59:00] research: already in progress
[2026-05-13 11:59:41] ==== loop 143/∞ | seed=464136653502244952 archetype=balanced personality=minero focus=eco actions_per_loop=3 ====
[11:59:41] planet 74: queue busy, throttled building_robot_factory
[11:59:41] planet 74: queue busy, throttled building_robot_factory
[11:59:41] research: already in progress
[2026-05-13 12:00:28] ==== loop 144/∞ | seed=464136653502244952 archetype=balanced personality=minero focus=eco actions_per_loop=3 ====
[12:00:28] planet 74: queue busy, throttled building_robot_factory
[12:00:28] planet 74: queue busy, throttled building_robot_factory
[12:00:28] research: already in progress
[2026-05-13 12:01:15] ==== loop 145/∞ | seed=464136653502244952 archetype=balanced personality=minero focus=eco actions_per_loop=3 ====
[12:01:15] planet 74: queue busy, throttled building_robot_factory
[12:01:15] planet 74: queue busy, throttled building_robot_factory
[12:01:15] planet 74: queue busy, throttled building_robot_factory
[2026-05-13 12:01:59] ==== loop 146/∞ | seed=464136653502244952 archetype=balanced personality=minero focus=eco actions_per_loop=3 ====
[12:02:00] planet 74: queued building_robot_factory to 4
[12:02:00] research: already in progress
[2026-05-13 12:02:46] ==== loop 147/∞ | seed=464136653502244952 archetype=balanced personality=minero focus=eco actions_per_loop=3 ====
[12:02:46] planet 74: queue busy, throttled building_robot_factory
[12:02:46] planet 74: queue busy, throttled building_robot_factory
[12:02:46] planet 74: queue busy, throttled building_robot_factory
[2026-05-13 12:03:34] ==== loop 148/∞ | seed=464136653502244952 archetype=balanced personality=minero focus=eco actions_per_loop=3 ====
[12:03:34] planet 74: queue busy, throttled building_robot_factory
[12:03:34] planet 74: queue busy, throttled building_robot_factory
[12:03:34] planet 74: queue busy, throttled building_robot_factory
[2026-05-13 12:04:23] ==== loop 149/∞ | seed=464136653502244952 archetype=balanced personality=minero focus=eco actions_per_loop=3 ====
[12:04:23] planet 74: queue busy, throttled building_robot_factory
[12:04:23] planet 74: queue busy, throttled building_robot_factory
[2026-05-13 12:05:08] ==== loop 150/∞ | seed=464136653502244952 archetype=balanced personality=minero focus=eco actions_per_loop=3 ====
[12:05:08] planet 74: queue busy, throttled building_robot_factory
[12:05:08] planet 74: queue busy, throttled building_robot_factory
[12:05:08] research: already in progress
[2026-05-13 12:05:59] ==== loop 151/∞ | seed=464136653502244952 archetype=balanced personality=minero focus=eco actions_per_loop=3 ====
[12:05:59] planet 74: queue busy, throttled building_robot_factory
[12:05:59] planet 74: queue busy, throttled building_robot_factory
[12:05:59] planet 74: queue busy, throttled building_robot_factory
[12:05:59] research: already in progress
[2026-05-13 12:06:49] ==== loop 152/∞ | seed=464136653502244952 archetype=balanced personality=minero focus=eco actions_per_loop=3 ====
[12:06:49] planet 74: queue busy, throttled building_robot_factory
[12:06:49] planet 74: queue busy, throttled building_robot_factory
[12:06:49] planet 74: queue busy, throttled building_robot_factory
[12:06:49] research: already in progress
[2026-05-13 12:07:37] ==== loop 153/∞ | seed=464136653502244952 archetype=balanced personality=minero focus=eco actions_per_loop=3 ====
[12:07:37] planet 74: queue busy, throttled building_robot_factory
[12:07:37] planet 74: queue busy, throttled building_robot_factory
[12:07:37] planet 74: queue busy, throttled building_robot_factory
[12:07:37] research: already in progress
[2026-05-13 12:08:32] ==== loop 154/∞ | seed=464136653502244952 archetype=balanced personality=minero focus=eco actions_per_loop=3 ====
[12:08:32] planet 74: queue busy, throttled building_robot_factory
[12:08:32] planet 74: queue busy, throttled building_robot_factory
[12:08:32] planet 74: queue busy, throttled building_robot_factory
[12:08:32] research: already in progress
[2026-05-13 12:09:23] ==== loop 155/∞ | seed=464136653502244952 archetype=balanced personality=minero focus=eco actions_per_loop=3 ====
[12:09:23] planet 74: queue busy, throttled building_robot_factory
[12:09:23] planet 74: queue busy, throttled building_robot_factory
[12:09:23] planet 74: queue busy, throttled building_robot_factory
[2026-05-13 12:10:05] ==== loop 156/∞ | seed=464136653502244952 archetype=balanced personality=minero focus=eco actions_per_loop=3 ====
[12:10:05] planet 74: queue busy, throttled building_robot_factory
[12:10:05] planet 74: queue busy, throttled building_robot_factory
[2026-05-13 12:10:53] ==== loop 157/∞ | seed=464136653502244952 archetype=balanced personality=minero focus=eco actions_per_loop=3 ====
[12:10:53] alliance: idle no_candidate
[12:10:53] planet 74: queue busy, throttled building_robot_factory
[12:10:53] planet 74: queue busy, throttled building_robot_factory
[12:10:53] planet 74: queue busy, throttled building_robot_factory
[12:10:53] research: already in progress
[2026-05-13 12:11:40] ==== loop 158/∞ | seed=464136653502244952 archetype=balanced personality=minero focus=eco actions_per_loop=3 ====
[12:11:40] planet 74: queue busy, throttled building_robot_factory
[12:11:40] planet 74: queue busy, throttled building_robot_factory
[12:11:40] research: already in progress
