[2026-05-13 10:11:50] ==== loop 1/∞ | seed=884546805771057700 archetype=balanced personality=minero focus=eco actions_per_loop=1 ====
[10:11:51] planet 49: queued ship_solar_satellite +5
[10:11:51] research: already in progress
[2026-05-13 10:12:30] ==== loop 2/∞ | seed=884546805771057700 archetype=balanced personality=minero focus=eco actions_per_loop=1 ====
[10:12:30] planet 49: queued ship_solar_satellite +5
[10:12:30] research: already in progress
[2026-05-13 10:13:11] ==== loop 3/∞ | seed=884546805771057700 archetype=balanced personality=minero focus=eco actions_per_loop=1 ====
[10:13:12] planet 49: queued building_metal_mine to 26
[10:13:12] research: already in progress
[2026-05-13 10:13:51] ==== loop 4/∞ | seed=884546805771057700 archetype=balanced personality=minero focus=eco actions_per_loop=1 ====
[10:13:52] planet 49: building queue full (5)
[10:13:52] research: already in progress
[2026-05-13 10:14:34] ==== loop 5/∞ | seed=884546805771057700 archetype=balanced personality=minero focus=eco actions_per_loop=1 ====
[10:14:35] planet 49: building queue full (5)
[2026-05-13 10:18:09] ==== loop 10/∞ | seed=884546805771057700 archetype=balanced personality=minero focus=eco actions_per_loop=1 ====
[10:18:10] planet 49: building queue full (5)
[10:18:10] research: already in progress
[2026-05-13 10:18:55] ==== loop 11/∞ | seed=884546805771057700 archetype=balanced personality=minero focus=eco actions_per_loop=1 ====
[10:18:56] planet 49: building queue full (5)
[10:18:56] research: already in progress
[2026-05-13 10:19:41] ==== loop 12/∞ | seed=884546805771057700 archetype=balanced personality=minero focus=eco actions_per_loop=1 ====
[10:19:42] planet 49: building queue full (5)
[10:19:42] research: already in progress
[2026-05-13 10:21:08] ==== loop 14/∞ | seed=884546805771057700 archetype=balanced personality=minero focus=eco actions_per_loop=1 ====
[10:21:08] planet 49: queued defense_gauss_cannon +8
[10:21:08] research: already in progress
[2026-05-13 10:22:40] ==== loop 16/∞ | seed=884546805771057700 archetype=balanced personality=minero focus=eco actions_per_loop=1 ====
[10:22:41] planet 49: queued defense_gauss_cannon +8
[2026-05-13 10:23:25] ==== loop 17/∞ | seed=884546805771057700 archetype=balanced personality=minero focus=eco actions_per_loop=1 ====
[10:23:26] planet 49: queued defense_gauss_cannon +8
[2026-05-13 10:24:12] ==== loop 18/∞ | seed=884546805771057700 archetype=balanced personality=minero focus=eco actions_per_loop=1 ====
[10:24:12] planet 49: queued defense_gauss_cannon +8
[2026-05-13 10:25:02] ==== loop 19/∞ | seed=884546805771057700 archetype=balanced personality=minero focus=eco actions_per_loop=1 ====
[10:25:03] planet 49: queued defense_gauss_cannon +8
[10:25:03] research: already in progress
[2026-05-13 10:25:48] ==== loop 20/∞ | seed=884546805771057700 archetype=balanced personality=minero focus=eco actions_per_loop=1 ====
[10:25:48] planet 49: queued defense_gauss_cannon +8
[10:25:48] research: already in progress
[2026-05-13 10:26:34] ==== loop 21/∞ | seed=884546805771057700 archetype=balanced personality=minero focus=eco actions_per_loop=1 ====
[10:26:35] planet 49: queued defense_gauss_cannon +8
[10:26:35] research: already in progress
[2026-05-13 10:27:19] ==== loop 22/∞ | seed=884546805771057700 archetype=balanced personality=minero focus=eco actions_per_loop=1 ====
[10:27:19] planet 49: queued defense_gauss_cannon +8
[10:27:19] research: already in progress
[2026-05-13 10:28:54] ==== loop 24/∞ | seed=884546805771057700 archetype=balanced personality=minero focus=eco actions_per_loop=1 ====
[10:28:55] planet 49: queued defense_gauss_cannon +8
[10:28:55] research: already in progress
[2026-05-13 10:29:39] ==== loop 25/∞ | seed=884546805771057700 archetype=balanced personality=minero focus=eco actions_per_loop=1 ====
[10:29:40] planet 49: queued defense_gauss_cannon +8
[10:29:40] research: already in progress
[2026-05-13 10:30:22] ==== loop 26/∞ | seed=884546805771057700 archetype=balanced personality=minero focus=eco actions_per_loop=1 ====
[10:30:22] planet 49: building queue full (5)
[10:30:22] research: already in progress
[2026-05-13 10:31:02] ==== loop 27/∞ | seed=884546805771057700 archetype=balanced personality=minero focus=eco actions_per_loop=1 ====
[10:31:03] planet 49: building queue full (5)
[2026-05-13 10:31:42] ==== loop 28/∞ | seed=884546805771057700 archetype=balanced personality=minero focus=eco actions_per_loop=1 ====
[10:31:43] planet 49: building queue full (5)
[10:31:43] research: already in progress
[2026-05-13 10:32:25] ==== loop 29/∞ | seed=884546805771057700 archetype=balanced personality=minero focus=eco actions_per_loop=1 ====
[10:32:26] planet 49: building queue full (5)
[10:32:26] research: already in progress
[2026-05-13 10:33:10] ==== loop 30/∞ | seed=884546805771057700 archetype=balanced personality=minero focus=eco actions_per_loop=1 ====
[10:33:11] planet 49: queued ship_solar_satellite +5
[10:33:11] research: already in progress
[2026-05-13 10:34:38] ==== loop 32/∞ | seed=884546805771057700 archetype=balanced personality=minero focus=eco actions_per_loop=1 ====
[10:34:39] planet 49: queued ship_solar_satellite +5
[2026-05-13 10:36:07] ==== loop 34/∞ | seed=884546805771057700 archetype=balanced personality=minero focus=eco actions_per_loop=1 ====
[10:36:07] planet 49: queued ship_solar_satellite +4
[10:36:07] research: already in progress
[2026-05-13 10:37:25] ==== loop 36/∞ | seed=884546805771057700 archetype=balanced personality=minero focus=eco actions_per_loop=1 ====
[10:37:26] planet 49: queued building_metal_mine to 27
[10:37:26] research: already in progress
[2026-05-13 10:38:48] ==== loop 38/∞ | seed=884546805771057700 archetype=balanced personality=minero focus=eco actions_per_loop=1 ====
[10:38:49] planet 49: building queue full (5)
[10:38:49] research: already in progress
[2026-05-13 10:39:30] ==== loop 39/∞ | seed=884546805771057700 archetype=balanced personality=minero focus=eco actions_per_loop=1 ====
[10:39:30] planet 49: building queue full (5)
[2026-05-13 10:40:13] ==== loop 40/∞ | seed=884546805771057700 archetype=balanced personality=minero focus=eco actions_per_loop=1 ====
[10:40:14] planet 49: queued ship_cruiser +5
[10:40:14] research: already in progress
[2026-05-13 10:40:54] ==== loop 41/∞ | seed=884546805771057700 archetype=balanced personality=minero focus=eco actions_per_loop=1 ====
[10:40:54] planet 49: queued ship_cruiser +5
[2026-05-13 10:43:11] ==== loop 44/∞ | seed=884546805771057700 archetype=balanced personality=minero focus=eco actions_per_loop=1 ====
[10:43:12] planet 49: queued ship_cruiser +5
[2026-05-13 10:43:57] ==== loop 45/∞ | seed=884546805771057700 archetype=balanced personality=minero focus=eco actions_per_loop=1 ====
[10:43:58] planet 49: queued ship_cruiser +5
[2026-05-13 10:44:42] ==== loop 46/∞ | seed=884546805771057700 archetype=balanced personality=minero focus=eco actions_per_loop=1 ====
[10:44:42] planet 49: queued ship_cruiser +5
[2026-05-13 10:47:05] ==== loop 49/∞ | seed=884546805771057700 archetype=balanced personality=minero focus=eco actions_per_loop=1 ====
[10:47:06] planet 49: queued ship_cruiser +5
[10:47:06] research: queued research_energy_technology on planet 49 (7s)
[2026-05-13 10:47:53] ==== loop 50/∞ | seed=884546805771057700 archetype=balanced personality=minero focus=eco actions_per_loop=1 ====
[10:47:54] planet 49: queued ship_cruiser +5
[2026-05-13 10:49:32] ==== loop 52/∞ | seed=884546805771057700 archetype=balanced personality=minero focus=eco actions_per_loop=1 ====
[10:49:33] planet 49: queued ship_cruiser +5
[2026-05-13 10:50:25] ==== loop 53/∞ | seed=884546805771057700 archetype=balanced personality=minero focus=eco actions_per_loop=1 ====
[10:50:26] planet 49: queued building_deuterium_tank to 12
[2026-05-13 10:51:14] ==== loop 54/∞ | seed=884546805771057700 archetype=balanced personality=minero focus=eco actions_per_loop=1 ====
[10:51:15] planet 49: building queue full (5)
[10:51:15] research: already in progress
[2026-05-13 10:52:49] ==== loop 56/∞ | seed=884546805771057700 archetype=balanced personality=minero focus=eco actions_per_loop=1 ====
[10:52:49] planet 49: building queue full (5)
[2026-05-13 10:54:21] ==== loop 58/∞ | seed=884546805771057700 archetype=balanced personality=minero focus=eco actions_per_loop=1 ====
[10:54:22] planet 49: building queue full (5)
[2026-05-13 10:55:10] ==== loop 59/∞ | seed=884546805771057700 archetype=balanced personality=minero focus=eco actions_per_loop=1 ====
[10:55:11] planet 49: building queue full (5)
[10:55:11] research: already in progress
[2026-05-13 10:55:56] ==== loop 60/∞ | seed=884546805771057700 archetype=balanced personality=minero focus=eco actions_per_loop=1 ====
[10:55:57] planet 49: building queue full (5)
[2026-05-13 10:56:45] ==== loop 61/∞ | seed=884546805771057700 archetype=balanced personality=minero focus=eco actions_per_loop=1 ====
[10:56:45] planet 49: building queue full (5)
[2026-05-13 10:57:29] ==== loop 62/∞ | seed=884546805771057700 archetype=balanced personality=minero focus=eco actions_per_loop=1 ====
[10:57:29] planet 49: building queue full (5)
[10:57:29] research: already in progress
[2026-05-13 10:59:47] ==== loop 65/∞ | seed=884546805771057700 archetype=balanced personality=minero focus=eco actions_per_loop=1 ====
[10:59:48] planet 49: building queue full (5)
[2026-05-13 11:02:14] ==== loop 68/∞ | seed=884546805771057700 archetype=balanced personality=minero focus=eco actions_per_loop=1 ====
[11:02:14] planet 49: building queue full (5)
[11:02:14] research: already in progress
[2026-05-13 11:05:32] ==== loop 72/∞ | seed=884546805771057700 archetype=balanced personality=minero focus=eco actions_per_loop=1 ====
[11:05:32] planet 49: building queue full (5)
[11:05:32] research: already in progress
[2026-05-13 11:07:01] ==== loop 74/∞ | seed=884546805771057700 archetype=balanced personality=minero focus=eco actions_per_loop=1 ====
[11:07:02] planet 49: queued ship_solar_satellite +5
[11:07:02] research: already in progress
[2026-05-13 11:07:51] ==== loop 75/∞ | seed=884546805771057700 archetype=balanced personality=minero focus=eco actions_per_loop=1 ====
[11:07:51] planet 49: queued ship_solar_satellite +5
[11:07:51] research: already in progress
[2026-05-13 11:08:41] ==== loop 76/∞ | seed=884546805771057700 archetype=balanced personality=minero focus=eco actions_per_loop=1 ====
[11:08:42] planet 49: queued ship_solar_satellite +5
[11:08:42] research: already in progress
[2026-05-13 11:09:30] ==== loop 77/∞ | seed=884546805771057700 archetype=balanced personality=minero focus=eco actions_per_loop=1 ====
[11:09:31] planet 49: queued ship_solar_satellite +1
[11:09:31] research: already in progress
[2026-05-13 11:10:10] ==== loop 78/∞ | seed=884546805771057700 archetype=balanced personality=minero focus=eco actions_per_loop=1 ====
[11:10:11] planet 49: building queue full (5)
[11:10:11] research: already in progress
[2026-05-13 11:10:59] ==== loop 79/∞ | seed=884546805771057700 archetype=balanced personality=minero focus=eco actions_per_loop=1 ====
[11:11:00] planet 49: building queue full (5)
[2026-05-13 11:11:46] ==== loop 80/∞ | seed=884546805771057700 archetype=balanced personality=minero focus=eco actions_per_loop=1 ====
[11:11:47] planet 49: building queue full (5)
[11:11:47] research: already in progress
[2026-05-13 11:12:25] ==== loop 81/∞ | seed=884546805771057700 archetype=balanced personality=minero focus=eco actions_per_loop=1 ====
[11:12:26] planet 49: building queue full (5)
[11:12:26] research: already in progress
[2026-05-13 11:13:10] ==== loop 82/∞ | seed=884546805771057700 archetype=balanced personality=minero focus=eco actions_per_loop=1 ====
[11:13:11] planet 49: building queue full (5)
[11:13:11] research: already in progress
[2026-05-13 11:14:35] ==== loop 84/∞ | seed=884546805771057700 archetype=balanced personality=minero focus=eco actions_per_loop=1 ====
[11:14:35] planet 49: building queue full (5)
[2026-05-13 11:15:19] ==== loop 85/∞ | seed=884546805771057700 archetype=balanced personality=minero focus=eco actions_per_loop=1 ====
[11:15:20] planet 49: building queue full (5)
[11:15:20] research: already in progress
[2026-05-13 11:16:03] ==== loop 86/∞ | seed=884546805771057700 archetype=balanced personality=minero focus=eco actions_per_loop=1 ====
[11:16:04] planet 49: building queue full (5)
[2026-05-13 11:16:52] ==== loop 87/∞ | seed=884546805771057700 archetype=balanced personality=minero focus=eco actions_per_loop=1 ====
[11:16:52] planet 49: building queue full (5)
[11:16:52] research: already in progress
[2026-05-13 11:18:29] ==== loop 89/∞ | seed=884546805771057700 archetype=balanced personality=minero focus=eco actions_per_loop=1 ====
[11:18:29] planet 49: building queue full (5)
[11:18:29] research: already in progress
[2026-05-13 11:20:05] ==== loop 91/∞ | seed=884546805771057700 archetype=balanced personality=minero focus=eco actions_per_loop=1 ====
[11:20:05] planet 49: queued defense_plasma_turret +8
[11:20:05] research: already in progress
[2026-05-13 11:22:17] ==== loop 94/∞ | seed=884546805771057700 archetype=balanced personality=minero focus=eco actions_per_loop=1 ====
[11:22:18] planet 49: queued defense_gauss_cannon +8
[11:22:18] research: already in progress
[2026-05-13 11:23:03] ==== loop 95/∞ | seed=884546805771057700 archetype=balanced personality=minero focus=eco actions_per_loop=1 ====
[11:23:03] planet 49: queued defense_gauss_cannon +8
[11:23:03] research: already in progress
[2026-05-13 11:23:47] ==== loop 96/∞ | seed=884546805771057700 archetype=balanced personality=minero focus=eco actions_per_loop=1 ====
[11:23:48] planet 49: queued defense_gauss_cannon +8
[11:23:48] research: already in progress
[2026-05-13 11:26:08] ==== loop 99/∞ | seed=884546805771057700 archetype=balanced personality=minero focus=eco actions_per_loop=1 ====
[11:26:09] planet 49: queued defense_gauss_cannon +8
[11:26:09] research: already in progress
[2026-05-13 11:26:54] ==== loop 100/∞ | seed=884546805771057700 archetype=balanced personality=minero focus=eco actions_per_loop=1 ====
[11:26:55] planet 49: queued defense_gauss_cannon +8
[11:26:55] research: already in progress
[2026-05-13 11:27:43] ==== loop 101/∞ | seed=884546805771057700 archetype=balanced personality=minero focus=eco actions_per_loop=1 ====
[11:27:43] planet 49: queued defense_gauss_cannon +8
[11:27:43] research: already in progress
[2026-05-13 11:29:11] ==== loop 103/∞ | seed=884546805771057700 archetype=balanced personality=minero focus=eco actions_per_loop=1 ====
[11:29:12] planet 49: queued defense_gauss_cannon +8
[11:29:12] research: already in progress
[2026-05-13 11:29:53] ==== loop 104/∞ | seed=884546805771057700 archetype=balanced personality=minero focus=eco actions_per_loop=1 ====
[11:29:54] planet 49: queued defense_gauss_cannon +8
[11:29:54] research: already in progress
[2026-05-13 11:30:37] ==== loop 105/∞ | seed=884546805771057700 archetype=balanced personality=minero focus=eco actions_per_loop=1 ====
[11:30:38] planet 49: building queue full (5)
[11:30:38] research: already in progress
[2026-05-13 11:31:21] ==== loop 106/∞ | seed=884546805771057700 archetype=balanced personality=minero focus=eco actions_per_loop=1 ====
[11:31:21] planet 49: building queue full (5)
[11:31:21] research: already in progress
[2026-05-13 11:32:04] ==== loop 107/∞ | seed=884546805771057700 archetype=balanced personality=minero focus=eco actions_per_loop=1 ====
[11:32:05] planet 49: building queue full (5)
[11:32:05] research: already in progress
[2026-05-13 11:33:30] ==== loop 109/∞ | seed=884546805771057700 archetype=balanced personality=minero focus=eco actions_per_loop=1 ====
[11:33:31] planet 49: building queue full (5)
[2026-05-13 11:34:16] ==== loop 110/∞ | seed=884546805771057700 archetype=balanced personality=minero focus=eco actions_per_loop=1 ====
[11:34:17] planet 49: building queue full (5)
[2026-05-13 11:35:00] ==== loop 111/∞ | seed=884546805771057700 archetype=balanced personality=minero focus=eco actions_per_loop=1 ====
[11:35:01] planet 49: building queue full (5)
[2026-05-13 11:35:44] ==== loop 112/∞ | seed=884546805771057700 archetype=balanced personality=minero focus=eco actions_per_loop=1 ====
[11:35:45] planet 49: building queue full (5)
[2026-05-13 11:36:25] ==== loop 113/∞ | seed=884546805771057700 archetype=balanced personality=minero focus=eco actions_per_loop=1 ====
[11:36:25] planet 49: building queue full (5)
[11:36:25] research: already in progress
[2026-05-13 11:37:09] ==== loop 114/∞ | seed=884546805771057700 archetype=balanced personality=minero focus=eco actions_per_loop=1 ====
[11:37:09] planet 49: building queue full (5)
[11:37:09] research: already in progress
[2026-05-13 11:37:52] ==== loop 115/∞ | seed=884546805771057700 archetype=balanced personality=minero focus=eco actions_per_loop=1 ====
[11:37:53] planet 49: building queue full (5)
[11:37:53] research: already in progress
[2026-05-13 11:38:38] ==== loop 116/∞ | seed=884546805771057700 archetype=balanced personality=minero focus=eco actions_per_loop=1 ====
[11:38:39] planet 49: building queue full (5)
[11:38:39] research: already in progress
[2026-05-13 11:40:57] ==== loop 119/∞ | seed=884546805771057700 archetype=balanced personality=minero focus=eco actions_per_loop=1 ====
[11:40:57] planet 49: queued building_crystal_mine to 23
[11:40:57] research: already in progress
[2026-05-13 11:41:44] ==== loop 120/∞ | seed=884546805771057700 archetype=balanced personality=minero focus=eco actions_per_loop=1 ====
[11:41:45] planet 49: building queue full (5)
[11:41:45] research: already in progress
[2026-05-13 11:42:37] ==== loop 121/∞ | seed=884546805771057700 archetype=balanced personality=minero focus=eco actions_per_loop=1 ====
[11:42:38] planet 49: building queue full (5)
[11:42:38] research: already in progress
[2026-05-13 11:45:01] ==== loop 124/∞ | seed=884546805771057700 archetype=balanced personality=minero focus=eco actions_per_loop=1 ====
[11:45:02] planet 49: building queue full (5)
[2026-05-13 11:45:47] ==== loop 125/∞ | seed=884546805771057700 archetype=balanced personality=minero focus=eco actions_per_loop=1 ====
[11:45:47] planet 49: building queue full (5)
[11:45:47] research: already in progress
[2026-05-13 11:48:05] ==== loop 128/∞ | seed=884546805771057700 archetype=balanced personality=minero focus=eco actions_per_loop=1 ====
[11:48:06] planet 49: building queue full (5)
[11:48:06] research: already in progress
[2026-05-13 11:50:34] ==== loop 131/∞ | seed=884546805771057700 archetype=balanced personality=minero focus=eco actions_per_loop=1 ====
[11:50:34] planet 49: queued building_metal_store to 12
[2026-05-13 11:52:10] ==== loop 133/∞ | seed=884546805771057700 archetype=balanced personality=minero focus=eco actions_per_loop=1 ====
[11:52:10] planet 49: building queue full (5)
[2026-05-13 11:52:58] ==== loop 134/∞ | seed=884546805771057700 archetype=balanced personality=minero focus=eco actions_per_loop=1 ====
[11:52:59] planet 49: building queue full (5)
[11:52:59] research: already in progress
[2026-05-13 11:53:43] ==== loop 135/∞ | seed=884546805771057700 archetype=balanced personality=minero focus=eco actions_per_loop=1 ====
[11:53:44] planet 49: building queue full (5)
[11:53:44] research: already in progress
[2026-05-13 11:54:24] ==== loop 136/∞ | seed=884546805771057700 archetype=balanced personality=minero focus=eco actions_per_loop=1 ====
[11:54:24] planet 49: building queue full (5)
[2026-05-13 11:55:54] ==== loop 138/∞ | seed=884546805771057700 archetype=balanced personality=minero focus=eco actions_per_loop=1 ====
[11:55:55] planet 49: building queue full (5)
[11:55:55] research: already in progress
[2026-05-13 11:57:27] ==== loop 140/∞ | seed=884546805771057700 archetype=balanced personality=minero focus=eco actions_per_loop=1 ====
[11:57:28] planet 49: building queue full (5)
[11:57:28] research: already in progress
[2026-05-13 11:58:14] ==== loop 141/∞ | seed=884546805771057700 archetype=balanced personality=minero focus=eco actions_per_loop=1 ====
[11:58:14] planet 49: building queue full (5)
[11:58:14] research: already in progress
[2026-05-13 11:58:54] ==== loop 142/∞ | seed=884546805771057700 archetype=balanced personality=minero focus=eco actions_per_loop=1 ====
[11:58:55] planet 49: building queue full (5)
[11:58:55] research: already in progress
[2026-05-13 11:59:36] ==== loop 143/∞ | seed=884546805771057700 archetype=balanced personality=minero focus=eco actions_per_loop=1 ====
[11:59:37] planet 49: building queue full (5)
[11:59:37] research: already in progress
[2026-05-13 12:00:23] ==== loop 144/∞ | seed=884546805771057700 archetype=balanced personality=minero focus=eco actions_per_loop=1 ====
[12:00:23] planet 49: queued defense_rocket_launcher +8
[12:00:23] research: already in progress
[2026-05-13 12:01:07] ==== loop 145/∞ | seed=884546805771057700 archetype=balanced personality=minero focus=eco actions_per_loop=1 ====
[12:01:08] planet 49: queued defense_rocket_launcher +8
[2026-05-13 12:01:52] ==== loop 146/∞ | seed=884546805771057700 archetype=balanced personality=minero focus=eco actions_per_loop=1 ====
[12:01:53] planet 49: queued defense_rocket_launcher +8
[12:01:53] research: already in progress
[2026-05-13 12:03:27] ==== loop 148/∞ | seed=884546805771057700 archetype=balanced personality=minero focus=eco actions_per_loop=1 ====
[12:03:28] planet 49: queued defense_rocket_launcher +8
[12:03:28] research: already in progress
[2026-05-13 12:05:03] ==== loop 150/∞ | seed=884546805771057700 archetype=balanced personality=minero focus=eco actions_per_loop=1 ====
[12:05:03] planet 49: queued defense_rocket_launcher +8
[12:05:03] research: already in progress
[2026-05-13 12:05:52] ==== loop 151/∞ | seed=884546805771057700 archetype=balanced personality=minero focus=eco actions_per_loop=1 ====
[12:05:53] planet 49: queued defense_rocket_launcher +8
[12:05:53] research: already in progress
[2026-05-13 12:07:30] ==== loop 153/∞ | seed=884546805771057700 archetype=balanced personality=minero focus=eco actions_per_loop=1 ====
[12:07:30] planet 49: queued defense_rocket_launcher +8
[12:07:30] research: already in progress
[2026-05-13 12:08:25] ==== loop 154/∞ | seed=884546805771057700 archetype=balanced personality=minero focus=eco actions_per_loop=1 ====
[12:08:26] planet 49: queued defense_rocket_launcher +8
[2026-05-13 12:09:16] ==== loop 155/∞ | seed=884546805771057700 archetype=balanced personality=minero focus=eco actions_per_loop=1 ====
[12:09:17] planet 49: queued defense_rocket_launcher +8
[2026-05-13 12:10:48] ==== loop 157/∞ | seed=884546805771057700 archetype=balanced personality=minero focus=eco actions_per_loop=1 ====
[12:10:48] planet 49: building queue full (5)
[2026-05-13 12:11:33] ==== loop 158/∞ | seed=884546805771057700 archetype=balanced personality=minero focus=eco actions_per_loop=1 ====
[12:11:33] planet 49: queued ship_solar_satellite +5
[12:11:33] research: already in progress
