[2026-05-13 10:11:34] ==== loop 1/∞ | seed=700949671613944981 archetype=turtle personality=flotero focus=tech actions_per_loop=4 ====
[10:11:35] planet 28: queued building_crystal_mine to 25
[10:11:35] research: already in progress
[2026-05-13 10:12:12] ==== loop 2/∞ | seed=700949671613944981 archetype=turtle personality=flotero focus=tech actions_per_loop=4 ====
[10:12:13] planet 28: queued building_crystal_mine to 26
[2026-05-13 10:12:52] ==== loop 3/∞ | seed=700949671613944981 archetype=turtle personality=flotero focus=tech actions_per_loop=4 ====
[10:12:52] planet 28: queued building_crystal_mine to 27
[10:12:52] research: already in progress
[2026-05-13 10:13:32] ==== loop 4/∞ | seed=700949671613944981 archetype=turtle personality=flotero focus=tech actions_per_loop=4 ====
[10:13:35] planet 28: building queue full (5)
[10:13:35] planet 28: building queue full (5)
[10:13:35] planet 28: building queue full (5)
[10:13:35] planet 28: building queue full (5)
[2026-05-13 10:14:11] ==== loop 5/∞ | seed=700949671613944981 archetype=turtle personality=flotero focus=tech actions_per_loop=4 ====
[10:14:11] planet 28: queued building_crystal_mine to 28
[10:14:11] research: already in progress
[2026-05-13 10:14:53] ==== loop 6/∞ | seed=700949671613944981 archetype=turtle personality=flotero focus=tech actions_per_loop=4 ====
[10:14:54] planet 28: building queue full (5)
[10:14:54] planet 28: building queue full (5)
[10:14:54] planet 28: building queue full (5)
[10:14:54] planet 28: building queue full (5)
[2026-05-13 10:15:34] ==== loop 7/∞ | seed=700949671613944981 archetype=turtle personality=flotero focus=tech actions_per_loop=4 ====
[10:15:36] planet 28: building queue full (5)
[10:15:36] planet 28: building queue full (5)
[10:15:36] planet 28: queued building_crystal_mine to 29
[2026-05-13 10:16:19] ==== loop 8/∞ | seed=700949671613944981 archetype=turtle personality=flotero focus=tech actions_per_loop=4 ====
[10:16:21] planet 28: building queue full (5)
[10:16:21] planet 28: building queue full (5)
[10:16:21] planet 28: building queue full (5)
[10:16:21] research: already in progress
[2026-05-13 10:17:02] ==== loop 9/∞ | seed=700949671613944981 archetype=turtle personality=flotero focus=tech actions_per_loop=4 ====
[10:17:04] planet 28: building queue full (5)
[10:17:04] planet 28: building queue full (5)
[10:17:04] planet 28: building queue full (5)
[10:17:04] research: already in progress
[2026-05-13 10:17:45] ==== loop 10/∞ | seed=700949671613944981 archetype=turtle personality=flotero focus=tech actions_per_loop=4 ====
[10:17:47] planet 28: building queue full (5)
[10:17:47] planet 28: building queue full (5)
[10:17:47] planet 28: building queue full (5)
[10:17:47] research: already in progress
[2026-05-13 10:18:31] ==== loop 11/∞ | seed=700949671613944981 archetype=turtle personality=flotero focus=tech actions_per_loop=4 ====
[10:18:31] planet 28: queued building_crystal_mine to 30
[2026-05-13 10:19:18] ==== loop 12/∞ | seed=700949671613944981 archetype=turtle personality=flotero focus=tech actions_per_loop=4 ====
[10:19:18] planet 28: queued building_deuterium_sintetizer to 16
[10:19:18] research: already in progress
[2026-05-13 10:20:04] ==== loop 13/∞ | seed=700949671613944981 archetype=turtle personality=flotero focus=tech actions_per_loop=4 ====
[10:20:04] planet 28: no resources for building_metal_store+1
[10:20:04] research: already in progress
[2026-05-13 10:20:42] ==== loop 14/∞ | seed=700949671613944981 archetype=turtle personality=flotero focus=tech actions_per_loop=4 ====
[10:20:42] planet 28: no resources for building_metal_store+1
[10:20:42] research: already in progress
[2026-05-13 10:21:30] ==== loop 15/∞ | seed=700949671613944981 archetype=turtle personality=flotero focus=tech actions_per_loop=4 ====
[10:21:31] planet 28: no resources for building_metal_store+1
[10:21:31] research: already in progress
[2026-05-13 10:22:14] ==== loop 16/∞ | seed=700949671613944981 archetype=turtle personality=flotero focus=tech actions_per_loop=4 ====
[10:22:15] planet 28: no resources for building_metal_store+1
[10:22:15] research: already in progress
[2026-05-13 10:23:01] ==== loop 17/∞ | seed=700949671613944981 archetype=turtle personality=flotero focus=tech actions_per_loop=4 ====
[10:23:02] planet 28: no resources for building_metal_store+1
[10:23:02] research: already in progress
[2026-05-13 10:23:46] ==== loop 18/∞ | seed=700949671613944981 archetype=turtle personality=flotero focus=tech actions_per_loop=4 ====
[10:23:47] planet 28: no resources for building_metal_store+1
[10:23:47] research: already in progress
[2026-05-13 10:24:35] ==== loop 19/∞ | seed=700949671613944981 archetype=turtle personality=flotero focus=tech actions_per_loop=4 ====
[10:24:35] planet 28: no resources for building_metal_store+1
[2026-05-13 10:25:25] ==== loop 20/∞ | seed=700949671613944981 archetype=turtle personality=flotero focus=tech actions_per_loop=4 ====
[10:25:25] planet 28: no resources for building_metal_store+1
[2026-05-13 10:26:09] ==== loop 21/∞ | seed=700949671613944981 archetype=turtle personality=flotero focus=tech actions_per_loop=4 ====
[10:26:10] planet 28: no resources for building_metal_store+1
[10:26:10] research: already in progress
[2026-05-13 10:26:57] ==== loop 22/∞ | seed=700949671613944981 archetype=turtle personality=flotero focus=tech actions_per_loop=4 ====
[10:26:58] planet 28: no resources for building_metal_store+1
[10:26:58] research: already in progress
[2026-05-13 10:27:41] ==== loop 23/∞ | seed=700949671613944981 archetype=turtle personality=flotero focus=tech actions_per_loop=4 ====
[10:27:41] planet 28: no resources for building_metal_store+1
[2026-05-13 10:28:27] ==== loop 24/∞ | seed=700949671613944981 archetype=turtle personality=flotero focus=tech actions_per_loop=4 ====
[10:28:29] planet 28: no resources for building_metal_store+1
[10:28:29] research: already in progress
[2026-05-13 10:29:16] ==== loop 25/∞ | seed=700949671613944981 archetype=turtle personality=flotero focus=tech actions_per_loop=4 ====
[10:29:17] planet 28: no resources for building_metal_store+1
[10:29:17] research: already in progress
[2026-05-13 10:30:00] ==== loop 26/∞ | seed=700949671613944981 archetype=turtle personality=flotero focus=tech actions_per_loop=4 ====
[10:30:02] planet 28: queued defense_light_laser +4
[10:30:02] planet 28: queued defense_ion_cannon +8
[10:30:02] planet 28: skipped duplicate defense_ion_cannon this loop
[10:30:02] planet 28: skipped duplicate defense_ion_cannon this loop
[10:30:02] research: already in progress
[2026-05-13 10:30:41] ==== loop 27/∞ | seed=700949671613944981 archetype=turtle personality=flotero focus=tech actions_per_loop=4 ====
[10:30:41] planet 28: queued defense_ion_cannon +8
[10:30:41] planet 28: skipped duplicate defense_ion_cannon this loop
[10:30:41] planet 28: skipped duplicate defense_ion_cannon this loop
[10:30:41] planet 28: skipped duplicate defense_ion_cannon this loop
[2026-05-13 10:31:23] ==== loop 28/∞ | seed=700949671613944981 archetype=turtle personality=flotero focus=tech actions_per_loop=4 ====
[10:31:23] planet 28: queued defense_ion_cannon +8
[10:31:23] planet 28: skipped duplicate defense_ion_cannon this loop
[10:31:23] planet 28: skipped duplicate defense_ion_cannon this loop
[10:31:23] planet 28: skipped duplicate defense_ion_cannon this loop
[10:31:23] research: already in progress
[2026-05-13 10:32:05] ==== loop 29/∞ | seed=700949671613944981 archetype=turtle personality=flotero focus=tech actions_per_loop=4 ====
[10:32:06] planet 28: queued defense_ion_cannon +8
[10:32:06] planet 28: skipped duplicate defense_ion_cannon this loop
[10:32:06] planet 28: skipped duplicate defense_ion_cannon this loop
[10:32:06] planet 28: skipped duplicate defense_ion_cannon this loop
[10:32:06] research: already in progress
[2026-05-13 10:32:48] ==== loop 30/∞ | seed=700949671613944981 archetype=turtle personality=flotero focus=tech actions_per_loop=4 ====
[10:32:48] planet 28: queued defense_ion_cannon +8
[10:32:48] planet 28: skipped duplicate defense_ion_cannon this loop
[10:32:48] planet 28: skipped duplicate defense_ion_cannon this loop
[10:32:48] research: already in progress
[2026-05-13 10:33:34] ==== loop 31/∞ | seed=700949671613944981 archetype=turtle personality=flotero focus=tech actions_per_loop=4 ====
[10:33:34] planet 28: queued defense_ion_cannon +8
[10:33:34] planet 28: skipped duplicate defense_ion_cannon this loop
[10:33:34] planet 28: skipped duplicate defense_ion_cannon this loop
[2026-05-13 10:34:17] ==== loop 32/∞ | seed=700949671613944981 archetype=turtle personality=flotero focus=tech actions_per_loop=4 ====
[10:34:18] planet 28: queued defense_ion_cannon +8
[10:34:18] planet 28: skipped duplicate defense_ion_cannon this loop
[10:34:18] planet 28: skipped duplicate defense_ion_cannon this loop
[10:34:18] planet 28: skipped duplicate defense_ion_cannon this loop
[2026-05-13 10:35:00] ==== loop 33/∞ | seed=700949671613944981 archetype=turtle personality=flotero focus=tech actions_per_loop=4 ====
[10:35:01] planet 28: queued defense_ion_cannon +8
[10:35:01] planet 28: skipped duplicate defense_ion_cannon this loop
[10:35:01] planet 28: skipped duplicate defense_ion_cannon this loop
[10:35:01] research: already in progress
[2026-05-13 10:35:45] ==== loop 34/∞ | seed=700949671613944981 archetype=turtle personality=flotero focus=tech actions_per_loop=4 ====
[10:35:45] planet 28: queued defense_ion_cannon +8
[10:35:45] planet 28: skipped duplicate defense_ion_cannon this loop
[10:35:45] planet 28: skipped duplicate defense_ion_cannon this loop
[10:35:45] planet 28: skipped duplicate defense_ion_cannon this loop
[10:35:45] research: already in progress
[2026-05-13 10:36:29] ==== loop 35/∞ | seed=700949671613944981 archetype=turtle personality=flotero focus=tech actions_per_loop=4 ====
[10:36:30] planet 28: queued defense_ion_cannon +8
[10:36:30] planet 28: skipped duplicate defense_ion_cannon this loop
[10:36:30] planet 28: skipped duplicate defense_ion_cannon this loop
[10:36:30] planet 28: skipped duplicate defense_ion_cannon this loop
[10:36:30] research: already in progress
[2026-05-13 10:37:07] ==== loop 36/∞ | seed=700949671613944981 archetype=turtle personality=flotero focus=tech actions_per_loop=4 ====
[10:37:08] planet 28: queued defense_ion_cannon +8
[10:37:08] planet 28: skipped duplicate defense_ion_cannon this loop
[10:37:08] planet 28: skipped duplicate defense_ion_cannon this loop
[2026-05-13 10:37:46] ==== loop 37/∞ | seed=700949671613944981 archetype=turtle personality=flotero focus=tech actions_per_loop=4 ====
[10:37:48] planet 28: queued defense_ion_cannon +8
[10:37:48] planet 28: skipped duplicate defense_ion_cannon this loop
[10:37:48] planet 28: skipped duplicate defense_ion_cannon this loop
[10:37:48] planet 28: skipped duplicate defense_ion_cannon this loop
[10:37:48] research: already in progress
[2026-05-13 10:38:28] ==== loop 38/∞ | seed=700949671613944981 archetype=turtle personality=flotero focus=tech actions_per_loop=4 ====
[10:38:29] planet 28: queued defense_ion_cannon +8
[10:38:29] planet 28: skipped duplicate defense_ion_cannon this loop
[10:38:29] planet 28: skipped duplicate defense_ion_cannon this loop
[10:38:29] research: already in progress
[2026-05-13 10:39:10] ==== loop 39/∞ | seed=700949671613944981 archetype=turtle personality=flotero focus=tech actions_per_loop=4 ====
[10:39:10] planet 28: queued defense_ion_cannon +8
[10:39:10] planet 28: skipped duplicate defense_ion_cannon this loop
[10:39:10] planet 28: skipped duplicate defense_ion_cannon this loop
[10:39:10] planet 28: skipped duplicate defense_ion_cannon this loop
[2026-05-13 10:39:53] ==== loop 40/∞ | seed=700949671613944981 archetype=turtle personality=flotero focus=tech actions_per_loop=4 ====
[10:39:54] planet 28: queued defense_ion_cannon +8
[10:39:54] planet 28: skipped duplicate defense_ion_cannon this loop
[10:39:54] planet 28: skipped duplicate defense_ion_cannon this loop
[10:39:54] planet 28: skipped duplicate defense_ion_cannon this loop
[10:39:54] research: already in progress
[2026-05-13 10:40:32] ==== loop 41/∞ | seed=700949671613944981 archetype=turtle personality=flotero focus=tech actions_per_loop=4 ====
[10:40:33] planet 28: queued defense_rocket_launcher +8
[10:40:33] planet 28: skipped duplicate defense_rocket_launcher this loop
[10:40:33] planet 28: skipped duplicate defense_rocket_launcher this loop
[10:40:33] planet 28: skipped duplicate defense_rocket_launcher this loop
[10:40:33] research: already in progress
[2026-05-13 10:41:18] ==== loop 42/∞ | seed=700949671613944981 archetype=turtle personality=flotero focus=tech actions_per_loop=4 ====
[10:41:19] planet 28: queued defense_rocket_launcher +8
[10:41:19] planet 28: skipped duplicate defense_rocket_launcher this loop
[10:41:19] planet 28: skipped duplicate defense_rocket_launcher this loop
[10:41:19] planet 28: skipped duplicate defense_rocket_launcher this loop
[2026-05-13 10:42:04] ==== loop 43/∞ | seed=700949671613944981 archetype=turtle personality=flotero focus=tech actions_per_loop=4 ====
[10:42:05] planet 28: queued building_laboratory to 4
[2026-05-13 10:42:47] ==== loop 44/∞ | seed=700949671613944981 archetype=turtle personality=flotero focus=tech actions_per_loop=4 ====
[10:42:47] planet 28: queued building_laboratory to 5
[10:42:47] research: already in progress
[2026-05-13 10:43:34] ==== loop 45/∞ | seed=700949671613944981 archetype=turtle personality=flotero focus=tech actions_per_loop=4 ====
[10:43:35] planet 28: queued building_laboratory to 6
[2026-05-13 10:44:20] ==== loop 46/∞ | seed=700949671613944981 archetype=turtle personality=flotero focus=tech actions_per_loop=4 ====
[10:44:20] planet 28: queued building_laboratory to 7
[2026-05-13 10:45:01] ==== loop 47/∞ | seed=700949671613944981 archetype=turtle personality=flotero focus=tech actions_per_loop=4 ====
[10:45:01] planet 28: queued building_laboratory to 8
[10:45:01] research: already in progress
[2026-05-13 10:45:49] ==== loop 48/∞ | seed=700949671613944981 archetype=turtle personality=flotero focus=tech actions_per_loop=4 ====
[10:45:50] planet 28: queued building_laboratory to 9
[10:45:50] research: already in progress
[2026-05-13 10:46:35] ==== loop 49/∞ | seed=700949671613944981 archetype=turtle personality=flotero focus=tech actions_per_loop=4 ====
[10:46:36] planet 28: queued building_laboratory to 10
[10:46:36] research: already in progress
[2026-05-13 10:47:29] ==== loop 50/∞ | seed=700949671613944981 archetype=turtle personality=flotero focus=tech actions_per_loop=4 ====
[10:47:30] planet 28: queued building_laboratory to 11
[2026-05-13 10:48:15] ==== loop 51/∞ | seed=700949671613944981 archetype=turtle personality=flotero focus=tech actions_per_loop=4 ====
[10:48:16] planet 28: queued building_laboratory to 12
[10:48:16] research: already in progress
[2026-05-13 10:49:03] ==== loop 52/∞ | seed=700949671613944981 archetype=turtle personality=flotero focus=tech actions_per_loop=4 ====
[10:49:03] planet 28: queued building_laboratory to 13
[10:49:03] research: already in progress
[2026-05-13 10:49:55] ==== loop 53/∞ | seed=700949671613944981 archetype=turtle personality=flotero focus=tech actions_per_loop=4 ====
[10:49:56] planet 28: queued building_laboratory to 14
[10:49:56] research: already in progress
[2026-05-13 10:50:44] ==== loop 54/∞ | seed=700949671613944981 archetype=turtle personality=flotero focus=tech actions_per_loop=4 ====
[10:50:44] planet 28: queued building_crystal_store to 14
[10:50:44] research: already in progress
[2026-05-13 10:51:35] ==== loop 55/∞ | seed=700949671613944981 archetype=turtle personality=flotero focus=tech actions_per_loop=4 ====
[10:51:36] planet 28: queued building_crystal_store to 15
[10:51:36] research: already in progress
[2026-05-13 10:52:22] ==== loop 56/∞ | seed=700949671613944981 archetype=turtle personality=flotero focus=tech actions_per_loop=4 ====
[10:52:24] planet 28: building queue full (5)
[10:52:24] planet 28: building queue full (5)
[10:52:24] planet 28: building queue full (5)
[10:52:24] planet 28: building queue full (5)
[2026-05-13 10:53:06] ==== loop 57/∞ | seed=700949671613944981 archetype=turtle personality=flotero focus=tech actions_per_loop=4 ====
[10:53:07] planet 28: queued building_crystal_store to 16
[10:53:07] research: already in progress
[2026-05-13 10:53:51] ==== loop 58/∞ | seed=700949671613944981 archetype=turtle personality=flotero focus=tech actions_per_loop=4 ====
[10:53:55] planet 28: building queue full (5)
[10:53:55] planet 28: building queue full (5)
[10:53:55] planet 28: building queue full (5)
[10:53:55] planet 28: building queue full (5)
[2026-05-13 10:54:40] ==== loop 59/∞ | seed=700949671613944981 archetype=turtle personality=flotero focus=tech actions_per_loop=4 ====
[10:54:42] planet 28: building queue full (5)
[10:54:42] planet 28: building queue full (5)
[10:54:42] planet 28: building queue full (5)
[10:54:42] planet 28: building queue full (5)
[10:54:42] research: already in progress
[2026-05-13 10:55:27] ==== loop 60/∞ | seed=700949671613944981 archetype=turtle personality=flotero focus=tech actions_per_loop=4 ====
[10:55:31] planet 28: building queue full (5)
[10:55:31] planet 28: building queue full (5)
[10:55:31] planet 28: building queue full (5)
[10:55:31] planet 28: building queue full (5)
[10:55:31] research: already in progress
[2026-05-13 10:56:15] ==== loop 61/∞ | seed=700949671613944981 archetype=turtle personality=flotero focus=tech actions_per_loop=4 ====
[10:56:15] planet 28: queued building_crystal_store to 17
[10:56:15] research: already in progress
[2026-05-13 10:57:02] ==== loop 62/∞ | seed=700949671613944981 archetype=turtle personality=flotero focus=tech actions_per_loop=4 ====
[10:57:05] planet 28: building queue full (5)
[10:57:05] planet 28: building queue full (5)
[10:57:05] planet 28: building queue full (5)
[10:57:05] research: already in progress
[2026-05-13 10:57:46] ==== loop 63/∞ | seed=700949671613944981 archetype=turtle personality=flotero focus=tech actions_per_loop=4 ====
[10:57:49] planet 28: building queue full (5)
[10:57:49] planet 28: building queue full (5)
[10:57:49] planet 28: building queue full (5)
[10:57:49] planet 28: building queue full (5)
[2026-05-13 10:58:31] ==== loop 64/∞ | seed=700949671613944981 archetype=turtle personality=flotero focus=tech actions_per_loop=4 ====
[10:58:33] planet 28: building queue full (5)
[10:58:33] planet 28: building queue full (5)
[10:58:33] planet 28: building queue full (5)
[10:58:33] planet 28: building queue full (5)
[10:58:33] research: already in progress
[2026-05-13 10:59:18] ==== loop 65/∞ | seed=700949671613944981 archetype=turtle personality=flotero focus=tech actions_per_loop=4 ====
[10:59:20] planet 28: building queue full (5)
[10:59:20] planet 28: building queue full (5)
[10:59:20] planet 28: building queue full (5)
[10:59:20] research: already in progress
[2026-05-13 11:00:07] ==== loop 66/∞ | seed=700949671613944981 archetype=turtle personality=flotero focus=tech actions_per_loop=4 ====
[11:00:10] planet 28: building queue full (5)
[11:00:10] planet 28: building queue full (5)
[11:00:10] planet 28: building queue full (5)
[11:00:10] planet 28: building queue full (5)
[11:00:10] research: already in progress
[2026-05-13 11:00:58] ==== loop 67/∞ | seed=700949671613944981 archetype=turtle personality=flotero focus=tech actions_per_loop=4 ====
[11:01:01] planet 28: building queue full (5)
[11:01:01] planet 28: building queue full (5)
[11:01:01] planet 28: building queue full (5)
[11:01:01] planet 28: building queue full (5)
[2026-05-13 11:01:44] ==== loop 68/∞ | seed=700949671613944981 archetype=turtle personality=flotero focus=tech actions_per_loop=4 ====
[11:01:47] planet 28: building queue full (5)
[11:01:47] planet 28: building queue full (5)
[11:01:47] planet 28: building queue full (5)
[11:01:47] planet 28: building queue full (5)
[11:01:47] research: already in progress
[2026-05-13 11:02:36] ==== loop 69/∞ | seed=700949671613944981 archetype=turtle personality=flotero focus=tech actions_per_loop=4 ====
[11:02:37] planet 28: queued building_crystal_store to 18
[2026-05-13 11:03:24] ==== loop 70/∞ | seed=700949671613944981 archetype=turtle personality=flotero focus=tech actions_per_loop=4 ====
[11:03:25] planet 28: no resources for building_crystal_store+1
[2026-05-13 11:04:15] ==== loop 71/∞ | seed=700949671613944981 archetype=turtle personality=flotero focus=tech actions_per_loop=4 ====
[11:04:16] planet 28: no resources for building_crystal_store+1
[11:04:16] research: already in progress
[2026-05-13 11:05:03] ==== loop 72/∞ | seed=700949671613944981 archetype=turtle personality=flotero focus=tech actions_per_loop=4 ====
[11:05:03] planet 28: no resources for building_crystal_store+1
[11:05:03] research: already in progress
[2026-05-13 11:05:52] ==== loop 73/∞ | seed=700949671613944981 archetype=turtle personality=flotero focus=tech actions_per_loop=4 ====
[11:05:53] planet 28: no resources for building_crystal_store+1
[11:05:53] research: already in progress
[2026-05-13 11:06:35] ==== loop 74/∞ | seed=700949671613944981 archetype=turtle personality=flotero focus=tech actions_per_loop=4 ====
[11:06:36] planet 28: no resources for building_crystal_store+1
[11:06:36] research: already in progress
[2026-05-13 11:07:24] ==== loop 75/∞ | seed=700949671613944981 archetype=turtle personality=flotero focus=tech actions_per_loop=4 ====
[11:07:24] planet 28: no resources for building_crystal_store+1
[11:07:24] research: already in progress
[2026-05-13 11:08:11] ==== loop 76/∞ | seed=700949671613944981 archetype=turtle personality=flotero focus=tech actions_per_loop=4 ====
[11:08:12] planet 28: no resources for building_crystal_store+1
[11:08:12] research: already in progress
[2026-05-13 11:09:01] ==== loop 77/∞ | seed=700949671613944981 archetype=turtle personality=flotero focus=tech actions_per_loop=4 ====
[11:09:01] planet 28: no resources for building_crystal_store+1
[11:09:01] research: already in progress
[2026-05-13 11:09:48] ==== loop 78/∞ | seed=700949671613944981 archetype=turtle personality=flotero focus=tech actions_per_loop=4 ====
[11:09:49] planet 28: no resources for building_crystal_store+1
[2026-05-13 11:10:28] ==== loop 79/∞ | seed=700949671613944981 archetype=turtle personality=flotero focus=tech actions_per_loop=4 ====
[11:10:29] planet 28: no resources for building_crystal_store+1
[2026-05-13 11:11:17] ==== loop 80/∞ | seed=700949671613944981 archetype=turtle personality=flotero focus=tech actions_per_loop=4 ====
[11:11:18] planet 28: no resources for building_crystal_store+1
[11:11:18] research: already in progress
[2026-05-13 11:12:03] ==== loop 81/∞ | seed=700949671613944981 archetype=turtle personality=flotero focus=tech actions_per_loop=4 ====
[11:12:03] planet 28: no resources for building_crystal_store+1
[11:12:03] research: already in progress
[2026-05-13 11:12:43] ==== loop 82/∞ | seed=700949671613944981 archetype=turtle personality=flotero focus=tech actions_per_loop=4 ====
[11:12:43] planet 28: no resources for building_crystal_store+1
[11:12:43] research: already in progress
[2026-05-13 11:13:29] ==== loop 83/∞ | seed=700949671613944981 archetype=turtle personality=flotero focus=tech actions_per_loop=4 ====
[11:13:30] planet 28: no resources for building_crystal_store+1
[11:13:30] research: already in progress
[2026-05-13 11:14:10] ==== loop 84/∞ | seed=700949671613944981 archetype=turtle personality=flotero focus=tech actions_per_loop=4 ====
[11:14:10] planet 28: no resources for building_crystal_store+1
[11:14:10] research: already in progress
[2026-05-13 11:14:52] ==== loop 85/∞ | seed=700949671613944981 archetype=turtle personality=flotero focus=tech actions_per_loop=4 ====
[11:14:52] planet 28: no resources for building_metal_store+1
[11:14:52] research: already in progress
[2026-05-13 11:15:37] ==== loop 86/∞ | seed=700949671613944981 archetype=turtle personality=flotero focus=tech actions_per_loop=4 ====
[11:15:38] planet 28: no resources for building_metal_store+1
[11:15:38] research: already in progress
[2026-05-13 11:16:21] ==== loop 87/∞ | seed=700949671613944981 archetype=turtle personality=flotero focus=tech actions_per_loop=4 ====
[11:16:22] planet 28: no resources for building_metal_store+1
[11:16:22] research: already in progress
[2026-05-13 11:17:11] ==== loop 88/∞ | seed=700949671613944981 archetype=turtle personality=flotero focus=tech actions_per_loop=4 ====
[11:17:11] planet 28: no resources for building_metal_store+1
[11:17:11] research: already in progress
[2026-05-13 11:17:58] ==== loop 89/∞ | seed=700949671613944981 archetype=turtle personality=flotero focus=tech actions_per_loop=4 ====
[11:17:58] planet 28: no resources for building_metal_store+1
[2026-05-13 11:18:49] ==== loop 90/∞ | seed=700949671613944981 archetype=turtle personality=flotero focus=tech actions_per_loop=4 ====
[11:18:50] planet 28: no resources for building_metal_store+1
[2026-05-13 11:19:35] ==== loop 91/∞ | seed=700949671613944981 archetype=turtle personality=flotero focus=tech actions_per_loop=4 ====
[11:19:36] planet 28: no resources for building_metal_store+1
[11:19:36] research: already in progress
[2026-05-13 11:20:22] ==== loop 92/∞ | seed=700949671613944981 archetype=turtle personality=flotero focus=tech actions_per_loop=4 ====
[11:20:23] planet 28: queued ship_small_cargo_ship +8
[11:20:23] planet 28: skipped duplicate ship_small_cargo_ship this loop
[11:20:23] planet 28: skipped duplicate ship_small_cargo_ship this loop
[11:20:23] planet 28: skipped duplicate ship_small_cargo_ship this loop
[11:20:23] research: already in progress
[2026-05-13 11:21:09] ==== loop 93/∞ | seed=700949671613944981 archetype=turtle personality=flotero focus=tech actions_per_loop=4 ====
[11:21:10] planet 28: queued ship_small_cargo_ship +8
[11:21:10] planet 28: skipped duplicate ship_small_cargo_ship this loop
[11:21:10] planet 28: skipped duplicate ship_small_cargo_ship this loop
[11:21:10] planet 28: skipped duplicate ship_small_cargo_ship this loop
[11:21:10] research: already in progress
[2026-05-13 11:21:57] ==== loop 94/∞ | seed=700949671613944981 archetype=turtle personality=flotero focus=tech actions_per_loop=4 ====
[11:21:57] planet 28: queued ship_small_cargo_ship +8
[11:21:57] planet 28: skipped duplicate ship_small_cargo_ship this loop
[11:21:57] planet 28: skipped duplicate ship_small_cargo_ship this loop
[11:21:57] research: already in progress
[2026-05-13 11:22:35] ==== loop 95/∞ | seed=700949671613944981 archetype=turtle personality=flotero focus=tech actions_per_loop=4 ====
[11:22:35] planet 28: queued ship_small_cargo_ship +8
[11:22:35] planet 28: skipped duplicate ship_small_cargo_ship this loop
[11:22:35] planet 28: skipped duplicate ship_small_cargo_ship this loop
[11:22:35] planet 28: skipped duplicate ship_small_cargo_ship this loop
[11:22:35] research: already in progress
[2026-05-13 11:23:21] ==== loop 96/∞ | seed=700949671613944981 archetype=turtle personality=flotero focus=tech actions_per_loop=4 ====
[11:23:22] planet 28: queued ship_small_cargo_ship +8
[11:23:22] planet 28: skipped duplicate ship_small_cargo_ship this loop
[11:23:22] planet 28: skipped duplicate ship_small_cargo_ship this loop
[11:23:22] planet 28: skipped duplicate ship_small_cargo_ship this loop
[11:23:22] research: already in progress
[2026-05-13 11:24:05] ==== loop 97/∞ | seed=700949671613944981 archetype=turtle personality=flotero focus=tech actions_per_loop=4 ====
[11:24:05] planet 28: queued ship_small_cargo_ship +8
[11:24:05] planet 28: skipped duplicate ship_small_cargo_ship this loop
[11:24:05] planet 28: skipped duplicate ship_small_cargo_ship this loop
[11:24:05] planet 28: skipped duplicate ship_small_cargo_ship this loop
[11:24:05] research: already in progress
[2026-05-13 11:24:50] ==== loop 98/∞ | seed=700949671613944981 archetype=turtle personality=flotero focus=tech actions_per_loop=4 ====
[11:24:51] planet 28: queued ship_small_cargo_ship +8
[11:24:51] planet 28: skipped duplicate ship_small_cargo_ship this loop
[11:24:51] planet 28: skipped duplicate ship_small_cargo_ship this loop
[11:24:51] research: already in progress
[2026-05-13 11:25:39] ==== loop 99/∞ | seed=700949671613944981 archetype=turtle personality=flotero focus=tech actions_per_loop=4 ====
[11:25:40] planet 28: queued ship_small_cargo_ship +3
[11:25:40] planet 28: queued defense_plasma_turret +8
[11:25:40] planet 28: skipped duplicate defense_plasma_turret this loop
[11:25:40] planet 28: skipped duplicate defense_plasma_turret this loop
[11:25:40] research: already in progress
[2026-05-13 11:26:29] ==== loop 100/∞ | seed=700949671613944981 archetype=turtle personality=flotero focus=tech actions_per_loop=4 ====
[11:26:30] planet 28: queued defense_ion_cannon +8
[11:26:30] planet 28: skipped duplicate defense_ion_cannon this loop
[11:26:30] planet 28: skipped duplicate defense_ion_cannon this loop
[11:26:30] planet 28: skipped duplicate defense_ion_cannon this loop
[2026-05-13 11:27:16] ==== loop 101/∞ | seed=700949671613944981 archetype=turtle personality=flotero focus=tech actions_per_loop=4 ====
[11:27:17] planet 28: queued defense_ion_cannon +8
[11:27:17] planet 28: skipped duplicate defense_ion_cannon this loop
[11:27:17] planet 28: skipped duplicate defense_ion_cannon this loop
[11:27:17] planet 28: skipped duplicate defense_ion_cannon this loop
[11:27:17] research: already in progress
[2026-05-13 11:28:01] ==== loop 102/∞ | seed=700949671613944981 archetype=turtle personality=flotero focus=tech actions_per_loop=4 ====
[11:28:03] planet 28: queued defense_ion_cannon +8
[11:28:03] planet 28: skipped duplicate defense_ion_cannon this loop
[11:28:03] planet 28: skipped duplicate defense_ion_cannon this loop
[11:28:03] planet 28: skipped duplicate defense_ion_cannon this loop
[11:28:03] research: already in progress
[2026-05-13 11:28:51] ==== loop 103/∞ | seed=700949671613944981 archetype=turtle personality=flotero focus=tech actions_per_loop=4 ====
[11:28:51] planet 28: queued defense_ion_cannon +8
[11:28:51] planet 28: skipped duplicate defense_ion_cannon this loop
[11:28:51] planet 28: skipped duplicate defense_ion_cannon this loop
[11:28:51] planet 28: skipped duplicate defense_ion_cannon this loop
[2026-05-13 11:29:30] ==== loop 104/∞ | seed=700949671613944981 archetype=turtle personality=flotero focus=tech actions_per_loop=4 ====
[11:29:31] planet 28: queued defense_ion_cannon +8
[11:29:31] planet 28: skipped duplicate defense_ion_cannon this loop
[11:29:31] planet 28: skipped duplicate defense_ion_cannon this loop
[2026-05-13 11:30:12] ==== loop 105/∞ | seed=700949671613944981 archetype=turtle personality=flotero focus=tech actions_per_loop=4 ====
[11:30:13] planet 28: queued defense_ion_cannon +8
[11:30:13] planet 28: skipped duplicate defense_ion_cannon this loop
[11:30:13] planet 28: skipped duplicate defense_ion_cannon this loop
[11:30:13] planet 28: skipped duplicate defense_ion_cannon this loop
[11:30:13] research: already in progress
[2026-05-13 11:30:56] ==== loop 106/∞ | seed=700949671613944981 archetype=turtle personality=flotero focus=tech actions_per_loop=4 ====
[11:30:56] planet 28: queued defense_ion_cannon +8
[11:30:56] planet 28: skipped duplicate defense_ion_cannon this loop
[11:30:56] planet 28: skipped duplicate defense_ion_cannon this loop
[11:30:56] planet 28: skipped duplicate defense_ion_cannon this loop
[2026-05-13 11:31:37] ==== loop 107/∞ | seed=700949671613944981 archetype=turtle personality=flotero focus=tech actions_per_loop=4 ====
[11:31:38] planet 28: queued defense_ion_cannon +8
[11:31:38] planet 28: skipped duplicate defense_ion_cannon this loop
[11:31:38] planet 28: skipped duplicate defense_ion_cannon this loop
[11:31:38] planet 28: skipped duplicate defense_ion_cannon this loop
[11:31:38] research: already in progress
[2026-05-13 11:32:25] ==== loop 108/∞ | seed=700949671613944981 archetype=turtle personality=flotero focus=tech actions_per_loop=4 ====
[11:32:25] planet 28: queued defense_ion_cannon +8
[11:32:25] planet 28: skipped duplicate defense_ion_cannon this loop
[11:32:25] planet 28: skipped duplicate defense_ion_cannon this loop
[11:32:25] planet 28: skipped duplicate defense_ion_cannon this loop
[11:32:25] research: already in progress
[2026-05-13 11:33:05] ==== loop 109/∞ | seed=700949671613944981 archetype=turtle personality=flotero focus=tech actions_per_loop=4 ====
[11:33:06] planet 28: queued defense_ion_cannon +8
[11:33:06] planet 28: skipped duplicate defense_ion_cannon this loop
[11:33:06] planet 28: skipped duplicate defense_ion_cannon this loop
[2026-05-13 11:33:49] ==== loop 110/∞ | seed=700949671613944981 archetype=turtle personality=flotero focus=tech actions_per_loop=4 ====
[11:33:49] planet 28: queued defense_ion_cannon +8
[11:33:49] planet 28: skipped duplicate defense_ion_cannon this loop
[11:33:49] planet 28: skipped duplicate defense_ion_cannon this loop
[2026-05-13 11:34:37] ==== loop 111/∞ | seed=700949671613944981 archetype=turtle personality=flotero focus=tech actions_per_loop=4 ====
[11:34:38] planet 28: queued defense_ion_cannon +8
[11:34:38] planet 28: skipped duplicate defense_ion_cannon this loop
[11:34:38] planet 28: skipped duplicate defense_ion_cannon this loop
[2026-05-13 11:35:18] ==== loop 112/∞ | seed=700949671613944981 archetype=turtle personality=flotero focus=tech actions_per_loop=4 ====
[11:35:18] planet 28: queued defense_ion_cannon +8
[11:35:18] planet 28: skipped duplicate defense_ion_cannon this loop
[11:35:18] planet 28: skipped duplicate defense_ion_cannon this loop
[11:35:18] planet 28: skipped duplicate defense_ion_cannon this loop
[2026-05-13 11:36:05] ==== loop 113/∞ | seed=700949671613944981 archetype=turtle personality=flotero focus=tech actions_per_loop=4 ====
[11:36:06] planet 28: queued defense_ion_cannon +8
[11:36:06] planet 28: skipped duplicate defense_ion_cannon this loop
[11:36:06] planet 28: skipped duplicate defense_ion_cannon this loop
[11:36:06] planet 28: skipped duplicate defense_ion_cannon this loop
[2026-05-13 11:36:43] ==== loop 114/∞ | seed=700949671613944981 archetype=turtle personality=flotero focus=tech actions_per_loop=4 ====
[11:36:44] planet 28: queued defense_ion_cannon +8
[11:36:44] planet 28: skipped duplicate defense_ion_cannon this loop
[11:36:44] planet 28: skipped duplicate defense_ion_cannon this loop
[11:36:44] planet 28: skipped duplicate defense_ion_cannon this loop
[11:36:44] research: already in progress
[2026-05-13 11:37:28] ==== loop 115/∞ | seed=700949671613944981 archetype=turtle personality=flotero focus=tech actions_per_loop=4 ====
[11:37:29] planet 28: queued defense_ion_cannon +8
[11:37:29] planet 28: skipped duplicate defense_ion_cannon this loop
[11:37:29] planet 28: skipped duplicate defense_ion_cannon this loop
[11:37:29] planet 28: skipped duplicate defense_ion_cannon this loop
[2026-05-13 11:38:13] ==== loop 116/∞ | seed=700949671613944981 archetype=turtle personality=flotero focus=tech actions_per_loop=4 ====
[11:38:13] planet 28: queued defense_ion_cannon +8
[11:38:13] planet 28: skipped duplicate defense_ion_cannon this loop
[11:38:13] planet 28: skipped duplicate defense_ion_cannon this loop
[11:38:13] planet 28: skipped duplicate defense_ion_cannon this loop
[11:38:13] research: already in progress
[2026-05-13 11:39:04] ==== loop 117/∞ | seed=700949671613944981 archetype=turtle personality=flotero focus=tech actions_per_loop=4 ====
[11:39:05] planet 28: queued defense_ion_cannon +8
[11:39:05] planet 28: skipped duplicate defense_ion_cannon this loop
[11:39:05] planet 28: skipped duplicate defense_ion_cannon this loop
[11:39:05] planet 28: skipped duplicate defense_ion_cannon this loop
[2026-05-13 11:39:52] ==== loop 118/∞ | seed=700949671613944981 archetype=turtle personality=flotero focus=tech actions_per_loop=4 ====
[11:39:53] planet 28: queued defense_ion_cannon +8
[11:39:53] planet 28: skipped duplicate defense_ion_cannon this loop
[11:39:53] planet 28: skipped duplicate defense_ion_cannon this loop
[11:39:53] research: already in progress
[2026-05-13 11:40:37] ==== loop 119/∞ | seed=700949671613944981 archetype=turtle personality=flotero focus=tech actions_per_loop=4 ====
[11:40:38] planet 28: queued building_metal_mine to 35
[11:40:38] research: already in progress
[2026-05-13 11:41:21] ==== loop 120/∞ | seed=700949671613944981 archetype=turtle personality=flotero focus=tech actions_per_loop=4 ====
[11:41:24] planet 28: building queue full (5)
[11:41:24] planet 28: building queue full (5)
[11:41:24] planet 28: building queue full (5)
[2026-05-13 11:42:10] ==== loop 121/∞ | seed=700949671613944981 archetype=turtle personality=flotero focus=tech actions_per_loop=4 ====
[11:42:13] planet 28: building queue full (5)
[11:42:13] planet 28: building queue full (5)
[11:42:13] planet 28: building queue full (5)
[11:42:13] planet 28: building queue full (5)
[11:42:13] research: already in progress
[2026-05-13 11:43:01] ==== loop 122/∞ | seed=700949671613944981 archetype=turtle personality=flotero focus=tech actions_per_loop=4 ====
[11:43:03] planet 28: building queue full (5)
[11:43:03] planet 28: building queue full (5)
[11:43:03] planet 28: building queue full (5)
[11:43:03] planet 28: building queue full (5)
[11:43:03] research: already in progress
[2026-05-13 11:43:49] ==== loop 123/∞ | seed=700949671613944981 archetype=turtle personality=flotero focus=tech actions_per_loop=4 ====
[11:43:51] planet 28: building queue full (5)
[11:43:51] planet 28: building queue full (5)
[11:43:51] planet 28: building queue full (5)
[11:43:51] research: already in progress
[2026-05-13 11:44:37] ==== loop 124/∞ | seed=700949671613944981 archetype=turtle personality=flotero focus=tech actions_per_loop=4 ====
[11:44:38] planet 28: building queue full (5)
[11:44:38] planet 28: building queue full (5)
[11:44:38] planet 28: building queue full (5)
[11:44:38] research: already in progress
[2026-05-13 11:45:24] ==== loop 125/∞ | seed=700949671613944981 archetype=turtle personality=flotero focus=tech actions_per_loop=4 ====
[11:45:25] planet 28: queued building_metal_mine to 36
[11:45:25] research: already in progress
[2026-05-13 11:46:09] ==== loop 126/∞ | seed=700949671613944981 archetype=turtle personality=flotero focus=tech actions_per_loop=4 ====
[11:46:09] planet 28: queued building_deuterium_sintetizer to 17
[11:46:09] research: already in progress
[2026-05-13 11:46:51] ==== loop 127/∞ | seed=700949671613944981 archetype=turtle personality=flotero focus=tech actions_per_loop=4 ====
[11:46:54] planet 28: building queue full (5)
[11:46:54] planet 28: building queue full (5)
[11:46:54] planet 28: building queue full (5)
[2026-05-13 11:47:44] ==== loop 128/∞ | seed=700949671613944981 archetype=turtle personality=flotero focus=tech actions_per_loop=4 ====
[11:47:46] planet 28: building queue full (5)
[11:47:46] planet 28: building queue full (5)
[11:47:46] planet 28: building queue full (5)
[11:47:46] planet 28: building queue full (5)
[11:47:46] research: already in progress
[2026-05-13 11:48:27] ==== loop 129/∞ | seed=700949671613944981 archetype=turtle personality=flotero focus=tech actions_per_loop=4 ====
[11:48:31] planet 28: building queue full (5)
[11:48:31] planet 28: building queue full (5)
[11:48:31] planet 28: building queue full (5)
[11:48:31] planet 28: building queue full (5)
[11:48:31] research: already in progress
[2026-05-13 11:49:17] ==== loop 130/∞ | seed=700949671613944981 archetype=turtle personality=flotero focus=tech actions_per_loop=4 ====
[11:49:20] planet 28: building queue full (5)
[11:49:20] planet 28: building queue full (5)
[11:49:20] planet 28: building queue full (5)
[11:49:20] planet 28: building queue full (5)
[2026-05-13 11:50:09] ==== loop 131/∞ | seed=700949671613944981 archetype=turtle personality=flotero focus=tech actions_per_loop=4 ====
[11:50:10] planet 28: building queue full (5)
[11:50:10] planet 28: building queue full (5)
[11:50:10] planet 28: building queue full (5)
[11:50:10] research: already in progress
[2026-05-13 11:50:56] ==== loop 132/∞ | seed=700949671613944981 archetype=turtle personality=flotero focus=tech actions_per_loop=4 ====
[11:50:58] planet 28: building queue full (5)
[11:50:58] planet 28: building queue full (5)
[11:50:58] planet 28: building queue full (5)
[11:50:58] research: already in progress
[2026-05-13 11:51:45] ==== loop 133/∞ | seed=700949671613944981 archetype=turtle personality=flotero focus=tech actions_per_loop=4 ====
[11:51:47] planet 28: building queue full (5)
[11:51:47] planet 28: building queue full (5)
[11:51:47] planet 28: building queue full (5)
[11:51:47] research: already in progress
[2026-05-13 11:52:34] ==== loop 134/∞ | seed=700949671613944981 archetype=turtle personality=flotero focus=tech actions_per_loop=4 ====
[11:52:35] planet 28: queued building_deuterium_sintetizer to 18
[11:52:35] research: already in progress
[2026-05-13 11:53:19] ==== loop 135/∞ | seed=700949671613944981 archetype=turtle personality=flotero focus=tech actions_per_loop=4 ====
[11:53:20] planet 28: queued building_deuterium_sintetizer to 19
[2026-05-13 11:54:01] ==== loop 136/∞ | seed=700949671613944981 archetype=turtle personality=flotero focus=tech actions_per_loop=4 ====
[11:54:01] planet 28: queued building_deuterium_sintetizer to 20
[11:54:01] research: already in progress
[2026-05-13 11:54:42] ==== loop 137/∞ | seed=700949671613944981 archetype=turtle personality=flotero focus=tech actions_per_loop=4 ====
[11:54:42] planet 28: queued building_deuterium_sintetizer to 21
[11:54:42] research: already in progress
[2026-05-13 11:55:24] ==== loop 138/∞ | seed=700949671613944981 archetype=turtle personality=flotero focus=tech actions_per_loop=4 ====
[11:55:25] planet 28: queued building_deuterium_sintetizer to 22
[11:55:25] research: already in progress
[2026-05-13 11:56:15] ==== loop 139/∞ | seed=700949671613944981 archetype=turtle personality=flotero focus=tech actions_per_loop=4 ====
[11:56:16] planet 28: queued building_deuterium_sintetizer to 23
[11:56:16] research: already in progress
[2026-05-13 11:57:01] ==== loop 140/∞ | seed=700949671613944981 archetype=turtle personality=flotero focus=tech actions_per_loop=4 ====
[11:57:01] planet 28: queued building_deuterium_sintetizer to 24
[11:57:01] research: already in progress
[2026-05-13 11:57:50] ==== loop 141/∞ | seed=700949671613944981 archetype=turtle personality=flotero focus=tech actions_per_loop=4 ====
[11:57:51] planet 28: queued building_deuterium_sintetizer to 25
[11:57:51] research: already in progress
[2026-05-13 11:58:32] ==== loop 142/∞ | seed=700949671613944981 archetype=turtle personality=flotero focus=tech actions_per_loop=4 ====
[11:58:33] planet 28: queued building_deuterium_sintetizer to 26
[11:58:33] research: already in progress
[2026-05-13 11:59:15] ==== loop 143/∞ | seed=700949671613944981 archetype=turtle personality=flotero focus=tech actions_per_loop=4 ====
[11:59:15] planet 28: queued building_deuterium_sintetizer to 27
[11:59:15] research: already in progress
[2026-05-13 11:59:56] ==== loop 144/∞ | seed=700949671613944981 archetype=turtle personality=flotero focus=tech actions_per_loop=4 ====
[11:59:56] planet 28: queued building_deuterium_sintetizer to 28
[11:59:56] research: already in progress
[2026-05-13 12:00:42] ==== loop 145/∞ | seed=700949671613944981 archetype=turtle personality=flotero focus=tech actions_per_loop=4 ====
[12:00:43] planet 28: queued building_deuterium_tank to 8
[12:00:43] research: already in progress
[2026-05-13 12:01:30] ==== loop 146/∞ | seed=700949671613944981 archetype=turtle personality=flotero focus=tech actions_per_loop=4 ====
[12:01:31] planet 28: queued building_deuterium_tank to 9
[2026-05-13 12:02:18] ==== loop 147/∞ | seed=700949671613944981 archetype=turtle personality=flotero focus=tech actions_per_loop=4 ====
[12:02:19] planet 28: queued building_deuterium_tank to 10
[12:02:19] research: already in progress
[2026-05-13 12:03:03] ==== loop 148/∞ | seed=700949671613944981 archetype=turtle personality=flotero focus=tech actions_per_loop=4 ====
[12:03:04] planet 28: queued building_deuterium_tank to 11
[12:03:04] research: already in progress
[2026-05-13 12:03:52] ==== loop 149/∞ | seed=700949671613944981 archetype=turtle personality=flotero focus=tech actions_per_loop=4 ====
[12:03:52] planet 28: queued building_deuterium_tank to 12
[12:03:52] research: already in progress
[2026-05-13 12:04:39] ==== loop 150/∞ | seed=700949671613944981 archetype=turtle personality=flotero focus=tech actions_per_loop=4 ====
[12:04:39] planet 28: queued building_deuterium_tank to 13
[2026-05-13 12:05:26] ==== loop 151/∞ | seed=700949671613944981 archetype=turtle personality=flotero focus=tech actions_per_loop=4 ====
[12:05:27] planet 28: queued building_deuterium_tank to 14
[2026-05-13 12:06:16] ==== loop 152/∞ | seed=700949671613944981 archetype=turtle personality=flotero focus=tech actions_per_loop=4 ====
[12:06:17] planet 28: building queue full (5)
[12:06:17] planet 28: building queue full (5)
[12:06:17] planet 28: building queue full (5)
[12:06:17] planet 28: building queue full (5)
[12:06:17] research: already in progress
[2026-05-13 12:07:04] ==== loop 153/∞ | seed=700949671613944981 archetype=turtle personality=flotero focus=tech actions_per_loop=4 ====
[12:07:04] planet 28: queued building_deuterium_tank to 15
[12:07:04] research: already in progress
[2026-05-13 12:07:52] ==== loop 154/∞ | seed=700949671613944981 archetype=turtle personality=flotero focus=tech actions_per_loop=4 ====
[12:07:55] planet 28: building queue full (5)
[12:07:55] planet 28: building queue full (5)
[12:07:55] planet 28: building queue full (5)
[12:07:55] planet 28: building queue full (5)
[12:07:55] research: already in progress
[2026-05-13 12:08:47] ==== loop 155/∞ | seed=700949671613944981 archetype=turtle personality=flotero focus=tech actions_per_loop=4 ====
[12:08:50] planet 28: building queue full (5)
[12:08:50] planet 28: building queue full (5)
[12:08:50] planet 28: building queue full (5)
[12:08:50] planet 28: building queue full (5)
[12:08:50] research: already in progress
[2026-05-13 12:09:38] ==== loop 156/∞ | seed=700949671613944981 archetype=turtle personality=flotero focus=tech actions_per_loop=4 ====
[12:09:38] planet 28: queued building_deuterium_tank to 16
[12:09:38] research: already in progress
[2026-05-13 12:10:20] ==== loop 157/∞ | seed=700949671613944981 archetype=turtle personality=flotero focus=tech actions_per_loop=4 ====
[12:10:21] planet 28: no resources for building_crystal_store+1
[12:10:21] research: already in progress
[2026-05-13 12:11:08] ==== loop 158/∞ | seed=700949671613944981 archetype=turtle personality=flotero focus=tech actions_per_loop=4 ====
[12:11:08] planet 28: no resources for building_crystal_store+1
