[2026-05-13 10:11:54] ==== loop 1/∞ | seed=841841511454635041 archetype=turtle personality=flotero focus=mil actions_per_loop=2 ====
[10:11:55] planet 52: queued ship_espionage_probe +5
[10:11:55] planet 52: skipped duplicate ship_espionage_probe this loop
[10:11:55] research: already in progress
[2026-05-13 10:12:33] ==== loop 2/∞ | seed=841841511454635041 archetype=turtle personality=flotero focus=mil actions_per_loop=2 ====
[10:12:33] planet 52: queued ship_espionage_probe +5
[10:12:33] attack: spy 1:3:6 probes=4 eta=1s
[10:12:33] research: already in progress
[2026-05-13 10:13:14] ==== loop 3/∞ | seed=841841511454635041 archetype=turtle personality=flotero focus=mil actions_per_loop=2 ====
[10:13:15] planet 52: queued ship_espionage_probe +5
[10:13:15] planet 52: skipped duplicate ship_espionage_probe this loop
[10:13:15] attack: intel 1:3:6 ships=446 defs=406 res=299620293
[10:13:15] attack: idle no_fleet_slots (used=1 max=1)
[10:13:15] research: already in progress
[2026-05-13 10:13:54] ==== loop 4/∞ | seed=841841511454635041 archetype=turtle personality=flotero focus=mil actions_per_loop=2 ====
[10:13:54] planet 52: queued ship_espionage_probe +5
[10:13:54] planet 52: skipped duplicate ship_espionage_probe this loop
[10:13:54] attack: idle no_fleet_slots (used=1 max=1)
[10:13:54] research: already in progress
[2026-05-13 10:14:36] ==== loop 5/∞ | seed=841841511454635041 archetype=turtle personality=flotero focus=mil actions_per_loop=2 ====
[10:14:37] planet 52: queued ship_espionage_probe +5
[10:14:37] planet 52: skipped duplicate ship_espionage_probe this loop
[10:14:37] attack: idle no_fleet_slots (used=1 max=1)
[2026-05-13 10:15:15] ==== loop 6/∞ | seed=841841511454635041 archetype=turtle personality=flotero focus=mil actions_per_loop=2 ====
[10:15:16] planet 52: queued ship_espionage_probe +5
[10:15:16] planet 52: skipped duplicate ship_espionage_probe this loop
[10:15:16] attack: idle no_fleet_slots (used=1 max=1)
[10:15:16] research: already in progress
[2026-05-13 10:16:00] ==== loop 7/∞ | seed=841841511454635041 archetype=turtle personality=flotero focus=mil actions_per_loop=2 ====
[10:16:01] planet 52: queued ship_espionage_probe +5
[10:16:01] planet 52: skipped duplicate ship_espionage_probe this loop
[10:16:01] attack: idle no_fleet_slots (used=1 max=1)
[2026-05-13 10:16:44] ==== loop 8/∞ | seed=841841511454635041 archetype=turtle personality=flotero focus=mil actions_per_loop=2 ====
[10:16:44] planet 52: queued ship_espionage_probe +5
[10:16:44] attack: idle no_fleet_slots (used=1 max=1)
[10:16:44] research: already in progress
[2026-05-13 10:17:29] ==== loop 9/∞ | seed=841841511454635041 archetype=turtle personality=flotero focus=mil actions_per_loop=2 ====
[10:17:30] planet 52: queued ship_espionage_probe +5
[10:17:30] planet 52: skipped duplicate ship_espionage_probe this loop
[10:17:30] attack: idle no_fleet_slots (used=1 max=1)
[10:17:30] research: already in progress
[2026-05-13 10:18:11] ==== loop 10/∞ | seed=841841511454635041 archetype=turtle personality=flotero focus=mil actions_per_loop=2 ====
[10:18:12] planet 52: queued ship_espionage_probe +5
[10:18:12] planet 52: skipped duplicate ship_espionage_probe this loop
[10:18:12] attack: idle no_fleet_slots (used=1 max=1)
[10:18:12] research: already in progress
[2026-05-13 10:18:58] ==== loop 11/∞ | seed=841841511454635041 archetype=turtle personality=flotero focus=mil actions_per_loop=2 ====
[10:18:58] planet 52: queued ship_espionage_probe +5
[10:18:58] planet 52: skipped duplicate ship_espionage_probe this loop
[10:18:58] attack: spy 1:3:10 probes=4 eta=1s
[10:18:58] research: already in progress
[2026-05-13 10:19:45] ==== loop 12/∞ | seed=841841511454635041 archetype=turtle personality=flotero focus=mil actions_per_loop=2 ====
[10:19:45] planet 52: queued ship_espionage_probe +5
[10:19:45] attack: intel 1:3:10 ships=461 defs=391 res=248117773
[10:19:45] attack: idle no_fleet_slots (used=1 max=1)
[10:19:45] research: already in progress
[2026-05-13 10:20:24] ==== loop 13/∞ | seed=841841511454635041 archetype=turtle personality=flotero focus=mil actions_per_loop=2 ====
[10:20:25] planet 52: queued defense_rocket_launcher +8
[10:20:25] attack: idle no_fleet_slots (used=1 max=1)
[10:20:25] research: already in progress
[2026-05-13 10:21:10] ==== loop 14/∞ | seed=841841511454635041 archetype=turtle personality=flotero focus=mil actions_per_loop=2 ====
[10:21:10] planet 52: queued defense_rocket_launcher +8
[10:21:10] planet 52: skipped duplicate defense_rocket_launcher this loop
[10:21:10] attack: spy 1:4:4 probes=4 eta=1s
[2026-05-13 10:21:54] ==== loop 15/∞ | seed=841841511454635041 archetype=turtle personality=flotero focus=mil actions_per_loop=2 ====
[10:21:55] planet 52: queued defense_rocket_launcher +8
[10:21:55] planet 52: skipped duplicate defense_rocket_launcher this loop
[10:21:55] attack: intel 1:4:4 ships=274 defs=201 res=333992835
[10:21:55] attack: spy 1:4:6 probes=4 eta=1s
[10:21:55] research: queued research_energy_technology on planet 52 (230s)
[2026-05-13 10:22:43] ==== loop 16/∞ | seed=841841511454635041 archetype=turtle personality=flotero focus=mil actions_per_loop=2 ====
[10:22:44] planet 52: queued defense_rocket_launcher +8
[10:22:44] planet 52: skipped duplicate defense_rocket_launcher this loop
[10:22:44] attack: intel 1:4:6 ships=331 defs=243 res=376011528
[10:22:44] attack: spy 1:3:6 probes=4 eta=1s
[10:22:44] research: already in progress
[2026-05-13 10:23:27] ==== loop 17/∞ | seed=841841511454635041 archetype=turtle personality=flotero focus=mil actions_per_loop=2 ====
[10:23:28] planet 52: queued defense_rocket_launcher +8
[10:23:28] planet 52: skipped duplicate defense_rocket_launcher this loop
[10:23:28] attack: intel 1:3:6 ships=527 defs=406 res=300217600
[10:23:28] attack: spy 1:4:12 probes=4 eta=1s
[2026-05-13 10:24:13] ==== loop 18/∞ | seed=841841511454635041 archetype=turtle personality=flotero focus=mil actions_per_loop=2 ====
[10:24:15] planet 52: queued defense_rocket_launcher +3
[10:24:15] planet 52: queued building_laboratory to 4
[10:24:15] attack: intel 1:4:12 ships=126 defs=200 res=313764767
[10:24:15] attack: spy 1:5:4 probes=4 eta=1s
[10:24:15] research: already in progress
[2026-05-13 10:25:04] ==== loop 19/∞ | seed=841841511454635041 archetype=turtle personality=flotero focus=mil actions_per_loop=2 ====
[10:25:05] planet 52: queued building_laboratory to 5
[10:25:05] attack: intel 1:5:4 ships=835 defs=416 res=341170467
[10:25:05] attack: idle no_fleet_slots (used=1 max=1)
[10:25:05] research: already in progress
[2026-05-13 10:25:50] ==== loop 20/∞ | seed=841841511454635041 archetype=turtle personality=flotero focus=mil actions_per_loop=2 ====
[10:25:50] planet 52: queued building_laboratory to 6
[10:25:50] attack: idle no_fleet_slots (used=1 max=1)
[10:25:50] research: already in progress
[2026-05-13 10:26:36] ==== loop 21/∞ | seed=841841511454635041 archetype=turtle personality=flotero focus=mil actions_per_loop=2 ====
[10:26:37] planet 52: queued building_laboratory to 7
[10:26:37] attack: idle no_fleet_slots (used=1 max=1)
[2026-05-13 10:27:20] ==== loop 22/∞ | seed=841841511454635041 archetype=turtle personality=flotero focus=mil actions_per_loop=2 ====
[10:27:20] planet 52: queued building_laboratory to 8
[10:27:20] attack: spy 1:5:6 probes=4 eta=1s
[10:27:20] research: queued research_energy_technology on planet 52 (127s)
[2026-05-13 10:28:06] ==== loop 23/∞ | seed=841841511454635041 archetype=turtle personality=flotero focus=mil actions_per_loop=2 ====
[10:28:08] planet 52: building queue full (5)
[10:28:08] planet 52: building queue full (5)
[10:28:08] attack: intel 1:5:6 ships=498 defs=605 res=303933718
[10:28:08] attack: spy 1:5:8 probes=4 eta=1s
[10:28:08] research: already in progress
[2026-05-13 10:28:55] ==== loop 24/∞ | seed=841841511454635041 archetype=turtle personality=flotero focus=mil actions_per_loop=2 ====
[10:28:56] planet 52: queued building_laboratory to 9
[10:28:56] attack: intel 1:5:8 ships=846 defs=283 res=306453262
[10:28:56] attack: idle no_fleet_slots (used=1 max=1)
[2026-05-13 10:29:41] ==== loop 25/∞ | seed=841841511454635041 archetype=turtle personality=flotero focus=mil actions_per_loop=2 ====
[10:29:42] planet 52: building queue full (5)
[10:29:42] attack: idle no_fleet_slots (used=1 max=1)
[10:29:42] research: already in progress
[2026-05-13 10:30:24] ==== loop 26/∞ | seed=841841511454635041 archetype=turtle personality=flotero focus=mil actions_per_loop=2 ====
[10:30:24] planet 52: queued building_metal_store to 15
[10:30:24] attack: idle no_fleet_slots (used=1 max=1)
[2026-05-13 10:31:04] ==== loop 27/∞ | seed=841841511454635041 archetype=turtle personality=flotero focus=mil actions_per_loop=2 ====
[10:31:05] planet 52: queued building_robot_factory to 7
[10:31:05] attack: idle no_fleet_slots (used=1 max=1)
[10:31:05] research: already in progress
[2026-05-13 10:31:44] ==== loop 28/∞ | seed=841841511454635041 archetype=turtle personality=flotero focus=mil actions_per_loop=2 ====
[10:31:46] planet 52: building queue full (5)
[10:31:46] planet 52: building queue full (5)
[10:31:46] attack: idle no_fleet_slots (used=1 max=1)
[10:31:46] research: already in progress
[2026-05-13 10:32:27] ==== loop 29/∞ | seed=841841511454635041 archetype=turtle personality=flotero focus=mil actions_per_loop=2 ====
[10:32:28] planet 52: building queue full (5)
[10:32:28] planet 52: building queue full (5)
[10:32:28] attack: idle no_fleet_slots (used=1 max=1)
[10:32:28] research: already in progress
[2026-05-13 10:33:11] ==== loop 30/∞ | seed=841841511454635041 archetype=turtle personality=flotero focus=mil actions_per_loop=2 ====
[10:33:13] planet 52: building queue full (5)
[10:33:13] planet 52: building queue full (5)
[10:33:13] attack: idle no_fleet_slots (used=1 max=1)
[10:33:13] research: already in progress
[2026-05-13 10:33:56] ==== loop 31/∞ | seed=841841511454635041 archetype=turtle personality=flotero focus=mil actions_per_loop=2 ====
[10:33:57] planet 52: building queue full (5)
[10:33:57] planet 52: building queue full (5)
[10:33:57] attack: idle no_fleet_slots (used=1 max=1)
[10:33:57] research: already in progress
[2026-05-13 10:34:39] ==== loop 32/∞ | seed=841841511454635041 archetype=turtle personality=flotero focus=mil actions_per_loop=2 ====
[10:34:41] planet 52: building queue full (5)
[10:34:41] planet 52: building queue full (5)
[10:34:41] attack: spy 1:3:6 probes=4 eta=1s
[2026-05-13 10:35:22] ==== loop 33/∞ | seed=841841511454635041 archetype=turtle personality=flotero focus=mil actions_per_loop=2 ====
[10:35:22] planet 52: building queue full (5)
[10:35:22] attack: intel 1:3:6 ships=597 defs=406 res=300252388
[10:35:22] attack: spy 1:3:10 probes=4 eta=1s
[10:35:22] research: queued research_computer_technology on planet 52 (1s)
[2026-05-13 10:36:09] ==== loop 34/∞ | seed=841841511454635041 archetype=turtle personality=flotero focus=mil actions_per_loop=2 ====
[10:36:10] planet 52: building queue full (5)
[10:36:10] planet 52: building queue full (5)
[10:36:10] attack: intel 1:3:10 ships=461 defs=391 res=249328655
[10:36:10] attack: spy 1:4:4 probes=4 eta=1s
[10:36:10] attack: spy 1:4:6 probes=4 eta=1s
[10:36:10] research: queued research_computer_technology on planet 52 (1s)
[2026-05-13 10:36:49] ==== loop 35/∞ | seed=841841511454635041 archetype=turtle personality=flotero focus=mil actions_per_loop=2 ====
[10:36:50] planet 52: building queue full (5)
[10:36:50] planet 52: building queue full (5)
[10:36:50] attack: intel 1:4:4 ships=274 defs=201 res=335345844
[10:36:50] attack: intel 1:4:6 ships=331 defs=243 res=377876710
[10:36:50] attack: idle no_fleet_slots (used=2 max=2)
[10:36:50] research: already in progress
[2026-05-13 10:37:27] ==== loop 36/∞ | seed=841841511454635041 archetype=turtle personality=flotero focus=mil actions_per_loop=2 ====
[10:37:28] planet 52: building queue full (5)
[10:37:28] planet 52: building queue full (5)
[10:37:28] attack: idle no_fleet_slots (used=2 max=2)
[2026-05-13 10:38:07] ==== loop 37/∞ | seed=841841511454635041 archetype=turtle personality=flotero focus=mil actions_per_loop=2 ====
[10:38:08] planet 52: building queue full (5)
[10:38:08] planet 52: building queue full (5)
[10:38:08] attack: idle no_fleet_slots (used=2 max=2)
[10:38:08] research: already in progress
[2026-05-13 10:38:49] ==== loop 38/∞ | seed=841841511454635041 archetype=turtle personality=flotero focus=mil actions_per_loop=2 ====
[10:38:51] planet 52: building queue full (5)
[10:38:51] planet 52: building queue full (5)
[10:38:51] attack: spy 1:4:12 probes=4 eta=1s
[10:38:51] attack: spy 1:5:4 probes=4 eta=1s
[2026-05-13 10:39:31] ==== loop 39/∞ | seed=841841511454635041 archetype=turtle personality=flotero focus=mil actions_per_loop=2 ====
[10:39:33] planet 52: building queue full (5)
[10:39:33] planet 52: building queue full (5)
[10:39:33] attack: intel 1:4:12 ships=126 defs=200 res=314817460
[10:39:33] attack: intel 1:5:4 ships=835 defs=416 res=343434534
[10:39:33] attack: spy 1:5:6 probes=4 eta=1s
[10:39:33] attack: spy 1:5:8 probes=4 eta=1s
[10:39:33] attack: spy 1:5:10 probes=4 eta=1s
[2026-05-13 10:40:15] ==== loop 40/∞ | seed=841841511454635041 archetype=turtle personality=flotero focus=mil actions_per_loop=2 ====
[10:40:16] planet 52: building queue full (5)
[10:40:16] planet 52: building queue full (5)
[10:40:16] attack: intel 1:5:6 ships=498 defs=605 res=305625168
[10:40:16] attack: intel 1:5:8 ships=846 defs=283 res=307141461
[10:40:16] attack: intel 1:5:10 ships=573 defs=1531 res=214119817
[10:40:16] attack: spy 1:5:12 probes=4 eta=1s
[10:40:16] attack: spy 1:6:6 probes=4 eta=1s
[10:40:16] attack: spy 1:6:12 probes=4 eta=1s
[10:40:16] research: queued research_computer_technology on planet 52 (1s)
[2026-05-13 10:40:56] ==== loop 41/∞ | seed=841841511454635041 archetype=turtle personality=flotero focus=mil actions_per_loop=2 ====
[10:40:57] planet 52: building queue full (5)
[10:40:57] planet 52: building queue full (5)
[10:40:57] attack: intel 1:5:12 ships=1025 defs=281 res=247678222
[10:40:57] attack: intel 1:6:6 ships=548 defs=295 res=208524195
[10:40:57] attack: intel 1:6:12 ships=234 defs=168 res=215700617
[10:40:57] attack: spy 1:7:6 probes=4 eta=1s
[10:40:57] attack: spy 1:109:9 probes=4 eta=1s
[10:40:57] attack: spy 1:110:9 probes=4 eta=1s
[10:40:57] attack: spy 1:178:5 probes=4 eta=2s
[10:40:57] research: queued research_computer_technology on planet 52 (3s)
[2026-05-13 10:41:42] ==== loop 42/∞ | seed=841841511454635041 archetype=turtle personality=flotero focus=mil actions_per_loop=2 ====
[10:41:43] planet 52: building queue full (5)
[10:41:43] planet 52: building queue full (5)
[10:41:43] attack: intel 1:7:6 ships=653 defs=322 res=325922218
[10:41:43] attack: intel 1:109:9 ships=33 defs=56 res=22752713
[10:41:43] attack: intel 1:110:9 ships=197 defs=109 res=30051456
[10:41:43] attack: intel 1:178:5 ships=0 defs=43 res=125707
[10:41:43] attack: spy 1:282:9 probes=4 eta=2s
[10:41:43] attack: spy 1:283:9 probes=4 eta=2s
[10:41:43] attack: spy 1:284:9 probes=4 eta=2s
[10:41:43] attack: spy 1:111:9 probes=4 eta=1s
[10:41:43] research: queued research_computer_technology on planet 52 (6s)
[2026-05-13 10:42:28] ==== loop 43/∞ | seed=841841511454635041 archetype=turtle personality=flotero focus=mil actions_per_loop=2 ====
[10:42:29] planet 52: building queue full (5)
[10:42:29] planet 52: building queue full (5)
[10:42:29] attack: intel 1:282:9 ships=91 defs=101 res=33798660
[10:42:29] attack: intel 1:283:9 ships=0 defs=0 res=14121266
[10:42:29] attack: intel 1:284:9 ships=0 defs=0 res=9836029
[10:42:29] attack: intel 1:111:9 ships=0 defs=0 res=5163335
[10:42:29] attack: spy 1:32:9 probes=4 eta=1s
[10:42:29] research: already in progress
[2026-05-13 10:43:14] ==== loop 44/∞ | seed=841841511454635041 archetype=turtle personality=flotero focus=mil actions_per_loop=2 ====
[10:43:15] planet 52: building queue full (5)
[10:43:15] planet 52: building queue full (5)
[10:43:15] attack: intel 1:32:9 ships=0 defs=0 res=6701
[10:43:15] attack: spy 1:179:5 probes=4 eta=2s
[10:43:15] attack: spy 1:294:5 probes=4 eta=2s
[10:43:15] attack: spy 1:295:5 probes=4 eta=2s
[10:43:15] attack: spy 1:33:9 probes=4 eta=1s
[2026-05-13 10:44:00] ==== loop 45/∞ | seed=841841511454635041 archetype=turtle personality=flotero focus=mil actions_per_loop=2 ====
[10:44:01] planet 52: building queue full (5)
[10:44:01] planet 52: building queue full (5)
[10:44:01] attack: intel 1:179:5 ships=0 defs=0 res=35049
[10:44:01] attack: intel 1:294:5 ships=0 defs=0 res=6667
[10:44:01] attack: intel 1:295:5 ships=0 defs=0 res=4867
[10:44:01] attack: intel 1:33:9 ships=0 defs=0 res=5551
[10:44:01] research: queued research_computer_technology on planet 52 (13s)
[2026-05-13 10:44:43] ==== loop 46/∞ | seed=841841511454635041 archetype=turtle personality=flotero focus=mil actions_per_loop=2 ====
[10:44:43] planet 52: building queue full (5)
[10:44:43] planet 52: building queue full (5)
[10:44:43] research: already in progress
[2026-05-13 10:45:29] ==== loop 47/∞ | seed=841841511454635041 archetype=turtle personality=flotero focus=mil actions_per_loop=2 ====
[10:45:32] planet 52: building queue full (5)
[10:45:32] planet 52: building queue full (5)
[10:45:32] research: already in progress
[2026-05-13 10:46:14] ==== loop 48/∞ | seed=841841511454635041 archetype=turtle personality=flotero focus=mil actions_per_loop=2 ====
[10:46:15] planet 52: building queue full (5)
[10:46:15] planet 52: building queue full (5)
[10:46:15] attack: spy 1:3:6 probes=4 eta=1s
[10:46:15] attack: spy 1:3:10 probes=4 eta=1s
[10:46:15] attack: spy 1:4:4 probes=4 eta=1s
[10:46:15] research: queued research_espionage_technology on planet 52 (1s)
[2026-05-13 10:47:08] ==== loop 49/∞ | seed=841841511454635041 archetype=turtle personality=flotero focus=mil actions_per_loop=2 ====
[10:47:10] planet 52: building queue full (5)
[10:47:10] planet 52: building queue full (5)
[10:47:10] attack: intel 1:3:6 ships=605 defs=406 res=300231970
[10:47:10] attack: intel 1:3:10 ships=461 defs=391 res=250135954
[10:47:10] attack: intel 1:4:4 ships=274 defs=201 res=336261435
[10:47:10] research: already in progress
[2026-05-13 10:47:54] ==== loop 50/∞ | seed=841841511454635041 archetype=turtle personality=flotero focus=mil actions_per_loop=2 ====
[10:47:56] planet 52: building queue full (5)
[10:47:56] planet 52: building queue full (5)
[10:47:56] research: already in progress
[2026-05-13 10:48:43] ==== loop 51/∞ | seed=841841511454635041 archetype=turtle personality=flotero focus=mil actions_per_loop=2 ====
[10:48:44] planet 52: building queue full (5)
[10:48:44] planet 52: building queue full (5)
[10:48:44] research: already in progress
[2026-05-13 10:49:35] ==== loop 52/∞ | seed=841841511454635041 archetype=turtle personality=flotero focus=mil actions_per_loop=2 ====
[10:49:36] planet 52: building queue full (5)
[10:49:36] planet 52: building queue full (5)
[2026-05-13 10:50:27] ==== loop 53/∞ | seed=841841511454635041 archetype=turtle personality=flotero focus=mil actions_per_loop=2 ====
[10:50:28] planet 52: building queue full (5)
[10:50:28] planet 52: building queue full (5)
[2026-05-13 10:51:17] ==== loop 54/∞ | seed=841841511454635041 archetype=turtle personality=flotero focus=mil actions_per_loop=2 ====
[10:51:17] planet 52: building queue full (5)
[10:51:17] planet 52: building queue full (5)
[10:51:17] research: already in progress
[2026-05-13 10:52:04] ==== loop 55/∞ | seed=841841511454635041 archetype=turtle personality=flotero focus=mil actions_per_loop=2 ====
[10:52:06] planet 52: building queue full (5)
[10:52:06] planet 52: building queue full (5)
[2026-05-13 10:52:50] ==== loop 56/∞ | seed=841841511454635041 archetype=turtle personality=flotero focus=mil actions_per_loop=2 ====
[10:52:51] planet 52: building queue full (5)
[10:52:51] planet 52: building queue full (5)
[10:52:51] research: already in progress
[2026-05-13 10:53:33] ==== loop 57/∞ | seed=841841511454635041 archetype=turtle personality=flotero focus=mil actions_per_loop=2 ====
[10:53:34] planet 52: building queue full (5)
[10:53:34] planet 52: building queue full (5)
[10:53:34] attack: spy 1:323:9 probes=4 eta=2s
[10:53:34] research: queued research_espionage_technology on planet 52 (2s)
[2026-05-13 10:54:22] ==== loop 58/∞ | seed=841841511454635041 archetype=turtle personality=flotero focus=mil actions_per_loop=2 ====
[10:54:23] planet 52: building queue full (5)
[10:54:23] planet 52: building queue full (5)
[10:54:23] attack: intel 1:323:9 ships=0 defs=0 res=1107
[10:54:23] research: already in progress
[2026-05-13 10:55:12] ==== loop 59/∞ | seed=841841511454635041 archetype=turtle personality=flotero focus=mil actions_per_loop=2 ====
[10:55:12] planet 52: building queue full (5)
[2026-05-13 10:55:57] ==== loop 60/∞ | seed=841841511454635041 archetype=turtle personality=flotero focus=mil actions_per_loop=2 ====
[10:55:58] planet 52: building queue full (5)
[10:55:58] planet 52: building queue full (5)
[10:55:58] research: already in progress
[2026-05-13 10:56:46] ==== loop 61/∞ | seed=841841511454635041 archetype=turtle personality=flotero focus=mil actions_per_loop=2 ====
[10:56:47] planet 52: building queue full (5)
[10:56:47] planet 52: building queue full (5)
[10:56:47] research: already in progress
[2026-05-13 10:57:30] ==== loop 62/∞ | seed=841841511454635041 archetype=turtle personality=flotero focus=mil actions_per_loop=2 ====
[10:57:32] planet 52: building queue full (5)
[10:57:32] planet 52: building queue full (5)
[10:57:32] research: already in progress
[2026-05-13 10:58:15] ==== loop 63/∞ | seed=841841511454635041 archetype=turtle personality=flotero focus=mil actions_per_loop=2 ====
[10:58:15] planet 52: building queue full (5)
[10:58:15] planet 52: building queue full (5)
[10:58:15] research: already in progress
[2026-05-13 10:59:00] ==== loop 64/∞ | seed=841841511454635041 archetype=turtle personality=flotero focus=mil actions_per_loop=2 ====
[10:59:01] planet 52: building queue full (5)
[10:59:01] research: already in progress
[2026-05-13 10:59:49] ==== loop 65/∞ | seed=841841511454635041 archetype=turtle personality=flotero focus=mil actions_per_loop=2 ====
[10:59:50] planet 52: building queue full (5)
[10:59:50] planet 52: building queue full (5)
[2026-05-13 11:00:40] ==== loop 66/∞ | seed=841841511454635041 archetype=turtle personality=flotero focus=mil actions_per_loop=2 ====
[11:00:42] planet 52: building queue full (5)
[11:00:42] planet 52: building queue full (5)
[11:00:42] research: already in progress
[2026-05-13 11:01:26] ==== loop 67/∞ | seed=841841511454635041 archetype=turtle personality=flotero focus=mil actions_per_loop=2 ====
[11:01:27] planet 52: building queue full (5)
[11:01:27] planet 52: building queue full (5)
[11:01:27] attack: spy 1:3:6 probes=4 eta=1s
[11:01:27] research: queued research_espionage_technology on planet 52 (4s)
[2026-05-13 11:02:15] ==== loop 68/∞ | seed=841841511454635041 archetype=turtle personality=flotero focus=mil actions_per_loop=2 ====
[11:02:17] planet 52: building queue full (5)
[11:02:17] planet 52: building queue full (5)
[11:02:17] attack: intel 1:3:6 ships=599 defs=406 res=301656427
[11:02:17] attack: spy 1:3:10 probes=4 eta=1s
[11:02:17] research: queued research_espionage_technology on planet 52 (9s)
[2026-05-13 11:03:06] ==== loop 69/∞ | seed=841841511454635041 archetype=turtle personality=flotero focus=mil actions_per_loop=2 ====
[11:03:08] planet 52: building queue full (5)
[11:03:08] planet 52: building queue full (5)
[11:03:08] attack: intel 1:3:10 ships=461 defs=391 res=251293186
[11:03:08] research: already in progress
[2026-05-13 11:03:55] ==== loop 70/∞ | seed=841841511454635041 archetype=turtle personality=flotero focus=mil actions_per_loop=2 ====
[11:03:56] planet 52: building queue full (5)
[11:03:56] planet 52: building queue full (5)
[2026-05-13 11:04:46] ==== loop 71/∞ | seed=841841511454635041 archetype=turtle personality=flotero focus=mil actions_per_loop=2 ====
[11:04:46] planet 52: building queue full (5)
[11:04:46] research: already in progress
[2026-05-13 11:05:33] ==== loop 72/∞ | seed=841841511454635041 archetype=turtle personality=flotero focus=mil actions_per_loop=2 ====
[11:05:34] planet 52: building queue full (5)
[11:05:34] planet 52: building queue full (5)
[2026-05-13 11:06:16] ==== loop 73/∞ | seed=841841511454635041 archetype=turtle personality=flotero focus=mil actions_per_loop=2 ====
[11:06:17] planet 52: building queue full (5)
[11:06:17] planet 52: building queue full (5)
[11:06:17] research: already in progress
[2026-05-13 11:07:03] ==== loop 74/∞ | seed=841841511454635041 archetype=turtle personality=flotero focus=mil actions_per_loop=2 ====
[11:07:04] planet 52: building queue full (5)
[2026-05-13 11:07:52] ==== loop 75/∞ | seed=841841511454635041 archetype=turtle personality=flotero focus=mil actions_per_loop=2 ====
[11:07:53] planet 52: building queue full (5)
[2026-05-13 11:08:43] ==== loop 76/∞ | seed=841841511454635041 archetype=turtle personality=flotero focus=mil actions_per_loop=2 ====
[11:08:44] planet 52: building queue full (5)
[11:08:44] research: already in progress
[2026-05-13 11:09:32] ==== loop 77/∞ | seed=841841511454635041 archetype=turtle personality=flotero focus=mil actions_per_loop=2 ====
[11:09:34] planet 52: building queue full (5)
[11:09:34] planet 52: building queue full (5)
[11:09:34] research: already in progress
[2026-05-13 11:10:12] ==== loop 78/∞ | seed=841841511454635041 archetype=turtle personality=flotero focus=mil actions_per_loop=2 ====
[11:10:14] planet 52: building queue full (5)
[11:10:14] planet 52: building queue full (5)
[2026-05-13 11:11:01] ==== loop 79/∞ | seed=841841511454635041 archetype=turtle personality=flotero focus=mil actions_per_loop=2 ====
[11:11:03] planet 52: building queue full (5)
[11:11:03] planet 52: building queue full (5)
[2026-05-13 11:11:47] ==== loop 80/∞ | seed=841841511454635041 archetype=turtle personality=flotero focus=mil actions_per_loop=2 ====
[11:11:49] planet 52: building queue full (5)
[11:11:49] planet 52: building queue full (5)
[11:11:49] research: already in progress
[2026-05-13 11:12:28] ==== loop 81/∞ | seed=841841511454635041 archetype=turtle personality=flotero focus=mil actions_per_loop=2 ====
[11:12:28] planet 52: building queue full (5)
[11:12:28] planet 52: building queue full (5)
[11:12:28] research: already in progress
[2026-05-13 11:13:12] ==== loop 82/∞ | seed=841841511454635041 archetype=turtle personality=flotero focus=mil actions_per_loop=2 ====
[11:13:14] planet 52: building queue full (5)
[11:13:14] planet 52: building queue full (5)
[11:13:14] research: queued research_impulse_drive on planet 52 (6s)
[2026-05-13 11:13:55] ==== loop 83/∞ | seed=841841511454635041 archetype=turtle personality=flotero focus=mil actions_per_loop=2 ====
[11:13:55] planet 52: building queue full (5)
[11:13:55] research: already in progress
[2026-05-13 11:14:37] ==== loop 84/∞ | seed=841841511454635041 archetype=turtle personality=flotero focus=mil actions_per_loop=2 ====
[11:14:37] planet 52: building queue full (5)
[11:14:37] research: already in progress
[2026-05-13 11:15:21] ==== loop 85/∞ | seed=841841511454635041 archetype=turtle personality=flotero focus=mil actions_per_loop=2 ====
[11:15:21] planet 52: building queue full (5)
[11:15:21] planet 52: building queue full (5)
[2026-05-13 11:16:05] ==== loop 86/∞ | seed=841841511454635041 archetype=turtle personality=flotero focus=mil actions_per_loop=2 ====
[11:16:05] planet 52: building queue full (5)
[11:16:05] planet 52: building queue full (5)
[11:16:05] research: already in progress
[2026-05-13 11:16:53] ==== loop 87/∞ | seed=841841511454635041 archetype=turtle personality=flotero focus=mil actions_per_loop=2 ====
[11:16:54] planet 52: building queue full (5)
[11:16:54] planet 52: building queue full (5)
[11:16:54] research: already in progress
[2026-05-13 11:17:41] ==== loop 88/∞ | seed=841841511454635041 archetype=turtle personality=flotero focus=mil actions_per_loop=2 ====
[11:17:41] planet 52: building queue full (5)
[11:17:41] planet 52: building queue full (5)
[11:17:41] research: already in progress
[2026-05-13 11:18:31] ==== loop 89/∞ | seed=841841511454635041 archetype=turtle personality=flotero focus=mil actions_per_loop=2 ====
[11:18:32] planet 52: building queue full (5)
[11:18:32] planet 52: building queue full (5)
[11:18:32] research: already in progress
[2026-05-13 11:19:19] ==== loop 90/∞ | seed=841841511454635041 archetype=turtle personality=flotero focus=mil actions_per_loop=2 ====
[11:19:20] planet 52: building queue full (5)
[2026-05-13 11:20:08] ==== loop 91/∞ | seed=841841511454635041 archetype=turtle personality=flotero focus=mil actions_per_loop=2 ====
[11:20:09] planet 52: building queue full (5)
[11:20:09] planet 52: building queue full (5)
[2026-05-13 11:20:53] ==== loop 92/∞ | seed=841841511454635041 archetype=turtle personality=flotero focus=mil actions_per_loop=2 ====
[11:20:54] planet 52: building queue full (5)
[11:20:54] planet 52: building queue full (5)
[2026-05-13 11:21:37] ==== loop 93/∞ | seed=841841511454635041 archetype=turtle personality=flotero focus=mil actions_per_loop=2 ====
[11:21:40] planet 52: building queue full (5)
[11:21:40] planet 52: building queue full (5)
[11:21:40] research: already in progress
[2026-05-13 11:22:20] ==== loop 94/∞ | seed=841841511454635041 archetype=turtle personality=flotero focus=mil actions_per_loop=2 ====
[11:22:20] planet 52: building queue full (5)
[11:22:20] planet 52: building queue full (5)
[11:22:20] research: already in progress
[2026-05-13 11:23:04] ==== loop 95/∞ | seed=841841511454635041 archetype=turtle personality=flotero focus=mil actions_per_loop=2 ====
[11:23:05] planet 52: building queue full (5)
[11:23:05] planet 52: building queue full (5)
[11:23:05] research: already in progress
[2026-05-13 11:23:49] ==== loop 96/∞ | seed=841841511454635041 archetype=turtle personality=flotero focus=mil actions_per_loop=2 ====
[11:23:50] planet 52: building queue full (5)
[11:23:50] planet 52: building queue full (5)
[11:23:50] research: already in progress
[2026-05-13 11:24:32] ==== loop 97/∞ | seed=841841511454635041 archetype=turtle personality=flotero focus=mil actions_per_loop=2 ====
[11:24:33] planet 52: building queue full (5)
[11:24:33] planet 52: building queue full (5)
[11:24:33] research: already in progress
[2026-05-13 11:25:18] ==== loop 98/∞ | seed=841841511454635041 archetype=turtle personality=flotero focus=mil actions_per_loop=2 ====
[11:25:20] planet 52: building queue full (5)
[11:25:20] planet 52: building queue full (5)
[11:25:20] research: already in progress
[2026-05-13 11:26:10] ==== loop 99/∞ | seed=841841511454635041 archetype=turtle personality=flotero focus=mil actions_per_loop=2 ====
[11:26:12] planet 52: building queue full (5)
[11:26:12] planet 52: building queue full (5)
[2026-05-13 11:26:56] ==== loop 100/∞ | seed=841841511454635041 archetype=turtle personality=flotero focus=mil actions_per_loop=2 ====
[11:26:58] planet 52: building queue full (5)
[11:26:58] planet 52: building queue full (5)
[11:26:58] research: queued research_impulse_drive on planet 52 (12s)
[2026-05-13 11:27:44] ==== loop 101/∞ | seed=841841511454635041 archetype=turtle personality=flotero focus=mil actions_per_loop=2 ====
[11:27:45] planet 52: building queue full (5)
[11:27:45] planet 52: building queue full (5)
[11:27:45] research: already in progress
[2026-05-13 11:28:31] ==== loop 102/∞ | seed=841841511454635041 archetype=turtle personality=flotero focus=mil actions_per_loop=2 ====
[11:28:33] planet 52: building queue full (5)
[11:28:33] planet 52: building queue full (5)
[2026-05-13 11:29:12] ==== loop 103/∞ | seed=841841511454635041 archetype=turtle personality=flotero focus=mil actions_per_loop=2 ====
[11:29:13] planet 52: building queue full (5)
[11:29:13] planet 52: building queue full (5)
[2026-05-13 11:29:56] ==== loop 104/∞ | seed=841841511454635041 archetype=turtle personality=flotero focus=mil actions_per_loop=2 ====
[11:29:57] planet 52: building queue full (5)
[11:29:57] planet 52: building queue full (5)
[2026-05-13 11:30:39] ==== loop 105/∞ | seed=841841511454635041 archetype=turtle personality=flotero focus=mil actions_per_loop=2 ====
[11:30:41] planet 52: building queue full (5)
[11:30:41] planet 52: building queue full (5)
[11:30:41] research: already in progress
[2026-05-13 11:31:22] ==== loop 106/∞ | seed=841841511454635041 archetype=turtle personality=flotero focus=mil actions_per_loop=2 ====
[11:31:22] planet 52: building queue full (5)
[11:31:22] planet 52: building queue full (5)
[2026-05-13 11:32:06] ==== loop 107/∞ | seed=841841511454635041 archetype=turtle personality=flotero focus=mil actions_per_loop=2 ====
[11:32:07] planet 52: building queue full (5)
[11:32:07] planet 52: building queue full (5)
[11:32:07] research: already in progress
[2026-05-13 11:32:47] ==== loop 108/∞ | seed=841841511454635041 archetype=turtle personality=flotero focus=mil actions_per_loop=2 ====
[11:32:48] planet 52: building queue full (5)
[11:32:48] planet 52: building queue full (5)
[11:32:48] research: already in progress
[2026-05-13 11:33:32] ==== loop 109/∞ | seed=841841511454635041 archetype=turtle personality=flotero focus=mil actions_per_loop=2 ====
[11:33:33] planet 52: building queue full (5)
[11:33:33] planet 52: building queue full (5)
[11:33:33] research: already in progress
[2026-05-13 11:34:19] ==== loop 110/∞ | seed=841841511454635041 archetype=turtle personality=flotero focus=mil actions_per_loop=2 ====
[11:34:21] planet 52: building queue full (5)
[11:34:21] planet 52: building queue full (5)
[11:34:21] research: already in progress
[2026-05-13 11:35:02] ==== loop 111/∞ | seed=841841511454635041 archetype=turtle personality=flotero focus=mil actions_per_loop=2 ====
[11:35:04] planet 52: building queue full (5)
[11:35:04] planet 52: building queue full (5)
[11:35:04] research: already in progress
[2026-05-13 11:35:47] ==== loop 112/∞ | seed=841841511454635041 archetype=turtle personality=flotero focus=mil actions_per_loop=2 ====
[11:35:48] planet 52: building queue full (5)
[11:35:48] planet 52: building queue full (5)
[11:35:48] research: already in progress
[2026-05-13 11:36:26] ==== loop 113/∞ | seed=841841511454635041 archetype=turtle personality=flotero focus=mil actions_per_loop=2 ====
[11:36:27] planet 52: building queue full (5)
[11:36:27] planet 52: building queue full (5)
[2026-05-13 11:37:10] ==== loop 114/∞ | seed=841841511454635041 archetype=turtle personality=flotero focus=mil actions_per_loop=2 ====
[11:37:11] planet 52: building queue full (5)
[11:37:11] planet 52: building queue full (5)
[2026-05-13 11:37:53] ==== loop 115/∞ | seed=841841511454635041 archetype=turtle personality=flotero focus=mil actions_per_loop=2 ====
[11:37:55] planet 52: building queue full (5)
[2026-05-13 11:38:40] ==== loop 116/∞ | seed=841841511454635041 archetype=turtle personality=flotero focus=mil actions_per_loop=2 ====
[11:38:42] planet 52: building queue full (5)
[11:38:42] planet 52: building queue full (5)
[11:38:42] research: queued research_impulse_drive on planet 52 (24s)
[2026-05-13 11:39:28] ==== loop 117/∞ | seed=841841511454635041 archetype=turtle personality=flotero focus=mil actions_per_loop=2 ====
[11:39:30] planet 52: building queue full (5)
[11:39:30] planet 52: building queue full (5)
[11:39:30] research: already in progress
[2026-05-13 11:40:16] ==== loop 118/∞ | seed=841841511454635041 archetype=turtle personality=flotero focus=mil actions_per_loop=2 ====
[11:40:17] planet 52: building queue full (5)
[11:40:17] planet 52: building queue full (5)
[11:40:17] research: already in progress
[2026-05-13 11:40:58] ==== loop 119/∞ | seed=841841511454635041 archetype=turtle personality=flotero focus=mil actions_per_loop=2 ====
[11:41:00] planet 52: building queue full (5)
[11:41:00] planet 52: building queue full (5)
[11:41:00] research: already in progress
[2026-05-13 11:41:47] ==== loop 120/∞ | seed=841841511454635041 archetype=turtle personality=flotero focus=mil actions_per_loop=2 ====
[11:41:49] planet 52: building queue full (5)
[11:41:49] planet 52: building queue full (5)
[11:41:49] research: already in progress
[2026-05-13 11:42:40] ==== loop 121/∞ | seed=841841511454635041 archetype=turtle personality=flotero focus=mil actions_per_loop=2 ====
[11:42:42] planet 52: building queue full (5)
[11:42:42] planet 52: building queue full (5)
[11:42:42] research: already in progress
[2026-05-13 11:43:26] ==== loop 122/∞ | seed=841841511454635041 archetype=turtle personality=flotero focus=mil actions_per_loop=2 ====
[11:43:27] planet 52: building queue full (5)
[2026-05-13 11:44:16] ==== loop 123/∞ | seed=841841511454635041 archetype=turtle personality=flotero focus=mil actions_per_loop=2 ====
[11:44:17] planet 52: building queue full (5)
[11:44:17] planet 52: building queue full (5)
[11:44:17] research: already in progress
[2026-05-13 11:45:03] ==== loop 124/∞ | seed=841841511454635041 archetype=turtle personality=flotero focus=mil actions_per_loop=2 ====
[11:45:05] planet 52: building queue full (5)
[11:45:05] planet 52: building queue full (5)
[11:45:05] research: already in progress
[2026-05-13 11:45:49] ==== loop 125/∞ | seed=841841511454635041 archetype=turtle personality=flotero focus=mil actions_per_loop=2 ====
[11:45:50] planet 52: building queue full (5)
[11:45:50] planet 52: building queue full (5)
[11:45:50] research: already in progress
[2026-05-13 11:46:33] ==== loop 126/∞ | seed=841841511454635041 archetype=turtle personality=flotero focus=mil actions_per_loop=2 ====
[11:46:34] planet 52: building queue full (5)
[11:46:34] planet 52: building queue full (5)
[11:46:34] research: already in progress
[2026-05-13 11:47:23] ==== loop 127/∞ | seed=841841511454635041 archetype=turtle personality=flotero focus=mil actions_per_loop=2 ====
[11:47:24] planet 52: building queue full (5)
[11:47:24] planet 52: building queue full (5)
[11:47:24] research: already in progress
[2026-05-13 11:48:07] ==== loop 128/∞ | seed=841841511454635041 archetype=turtle personality=flotero focus=mil actions_per_loop=2 ====
[11:48:09] planet 52: building queue full (5)
[11:48:09] planet 52: building queue full (5)
[11:48:09] research: already in progress
[2026-05-13 11:48:55] ==== loop 129/∞ | seed=841841511454635041 archetype=turtle personality=flotero focus=mil actions_per_loop=2 ====
[11:48:57] planet 52: building queue full (5)
[11:48:57] planet 52: building queue full (5)
[11:48:57] research: already in progress
[2026-05-13 11:49:48] ==== loop 130/∞ | seed=841841511454635041 archetype=turtle personality=flotero focus=mil actions_per_loop=2 ====
[11:49:49] planet 52: building queue full (5)
[11:49:49] planet 52: building queue full (5)
[11:49:49] research: queued research_impulse_drive on planet 52 (48s)
[2026-05-13 11:50:36] ==== loop 131/∞ | seed=841841511454635041 archetype=turtle personality=flotero focus=mil actions_per_loop=2 ====
[11:50:37] planet 52: building queue full (5)
[11:50:37] planet 52: building queue full (5)
[11:50:37] research: already in progress
[2026-05-13 11:51:25] ==== loop 132/∞ | seed=841841511454635041 archetype=turtle personality=flotero focus=mil actions_per_loop=2 ====
[11:51:26] planet 52: building queue full (5)
[11:51:26] planet 52: building queue full (5)
[11:51:26] research: already in progress
[2026-05-13 11:52:12] ==== loop 133/∞ | seed=841841511454635041 archetype=turtle personality=flotero focus=mil actions_per_loop=2 ====
[11:52:13] planet 52: building queue full (5)
[11:52:13] planet 52: building queue full (5)
[2026-05-13 11:53:00] ==== loop 134/∞ | seed=841841511454635041 archetype=turtle personality=flotero focus=mil actions_per_loop=2 ====
[11:53:00] planet 52: building queue full (5)
[2026-05-13 11:53:44] ==== loop 135/∞ | seed=841841511454635041 archetype=turtle personality=flotero focus=mil actions_per_loop=2 ====
[11:53:45] planet 52: building queue full (5)
[11:53:45] planet 52: building queue full (5)
[11:53:45] research: already in progress
[2026-05-13 11:54:25] ==== loop 136/∞ | seed=841841511454635041 archetype=turtle personality=flotero focus=mil actions_per_loop=2 ====
[11:54:26] planet 52: building queue full (5)
[2026-05-13 11:55:04] ==== loop 137/∞ | seed=841841511454635041 archetype=turtle personality=flotero focus=mil actions_per_loop=2 ====
[11:55:06] planet 52: building queue full (5)
[11:55:06] research: already in progress
[2026-05-13 11:55:56] ==== loop 138/∞ | seed=841841511454635041 archetype=turtle personality=flotero focus=mil actions_per_loop=2 ====
[11:55:58] planet 52: building queue full (5)
[11:55:58] planet 52: building queue full (5)
[11:55:58] research: already in progress
[2026-05-13 11:56:41] ==== loop 139/∞ | seed=841841511454635041 archetype=turtle personality=flotero focus=mil actions_per_loop=2 ====
[11:56:42] planet 52: building queue full (5)
[11:56:42] planet 52: building queue full (5)
[11:56:42] research: already in progress
[2026-05-13 11:57:30] ==== loop 140/∞ | seed=841841511454635041 archetype=turtle personality=flotero focus=mil actions_per_loop=2 ====
[11:57:32] planet 52: building queue full (5)
[11:57:32] planet 52: building queue full (5)
[11:57:32] research: already in progress
[2026-05-13 11:58:15] ==== loop 141/∞ | seed=841841511454635041 archetype=turtle personality=flotero focus=mil actions_per_loop=2 ====
[11:58:15] planet 52: building queue full (5)
[11:58:15] research: already in progress
[2026-05-13 11:58:56] ==== loop 142/∞ | seed=841841511454635041 archetype=turtle personality=flotero focus=mil actions_per_loop=2 ====
[11:58:58] planet 52: building queue full (5)
[11:58:58] planet 52: building queue full (5)
[11:58:58] research: queued research_impulse_drive on planet 52 (97s)
[2026-05-13 11:59:38] ==== loop 143/∞ | seed=841841511454635041 archetype=turtle personality=flotero focus=mil actions_per_loop=2 ====
[11:59:39] planet 52: building queue full (5)
[11:59:39] planet 52: building queue full (5)
[11:59:39] research: already in progress
[2026-05-13 12:00:24] ==== loop 144/∞ | seed=841841511454635041 archetype=turtle personality=flotero focus=mil actions_per_loop=2 ====
[12:00:25] planet 52: building queue full (5)
[12:00:25] planet 52: building queue full (5)
[12:00:25] research: already in progress
[2026-05-13 12:01:11] ==== loop 145/∞ | seed=841841511454635041 archetype=turtle personality=flotero focus=mil actions_per_loop=2 ====
[12:01:12] planet 52: building queue full (5)
[12:01:12] planet 52: building queue full (5)
[12:01:12] research: already in progress
[2026-05-13 12:01:55] ==== loop 146/∞ | seed=841841511454635041 archetype=turtle personality=flotero focus=mil actions_per_loop=2 ====
[12:01:56] planet 52: building queue full (5)
[12:01:56] planet 52: building queue full (5)
[2026-05-13 12:02:42] ==== loop 147/∞ | seed=841841511454635041 archetype=turtle personality=flotero focus=mil actions_per_loop=2 ====
[12:02:44] planet 52: building queue full (5)
[12:02:44] planet 52: building queue full (5)
[12:02:44] research: already in progress
[2026-05-13 12:03:30] ==== loop 148/∞ | seed=841841511454635041 archetype=turtle personality=flotero focus=mil actions_per_loop=2 ====
[12:03:32] planet 52: building queue full (5)
[12:03:32] planet 52: building queue full (5)
[12:03:32] research: already in progress
[2026-05-13 12:04:20] ==== loop 149/∞ | seed=841841511454635041 archetype=turtle personality=flotero focus=mil actions_per_loop=2 ====
[12:04:20] planet 52: building queue full (5)
[2026-05-13 12:05:06] ==== loop 150/∞ | seed=841841511454635041 archetype=turtle personality=flotero focus=mil actions_per_loop=2 ====
[12:05:06] planet 52: building queue full (5)
[12:05:06] planet 52: building queue full (5)
[12:05:06] research: already in progress
[2026-05-13 12:05:56] ==== loop 151/∞ | seed=841841511454635041 archetype=turtle personality=flotero focus=mil actions_per_loop=2 ====
[12:05:57] planet 52: building queue full (5)
[12:05:57] planet 52: building queue full (5)
[12:05:57] research: already in progress
[2026-05-13 12:06:45] ==== loop 152/∞ | seed=841841511454635041 archetype=turtle personality=flotero focus=mil actions_per_loop=2 ====
[12:06:46] planet 52: building queue full (5)
[12:06:46] planet 52: building queue full (5)
[12:06:46] research: already in progress
[2026-05-13 12:07:33] ==== loop 153/∞ | seed=841841511454635041 archetype=turtle personality=flotero focus=mil actions_per_loop=2 ====
[12:07:34] planet 52: building queue full (5)
[12:07:34] planet 52: building queue full (5)
[2026-05-13 12:08:28] ==== loop 154/∞ | seed=841841511454635041 archetype=turtle personality=flotero focus=mil actions_per_loop=2 ====
[12:08:29] planet 52: building queue full (5)
[12:08:29] planet 52: building queue full (5)
[2026-05-13 12:09:19] ==== loop 155/∞ | seed=841841511454635041 archetype=turtle personality=flotero focus=mil actions_per_loop=2 ====
[12:09:20] planet 52: building queue full (5)
[12:09:20] planet 52: building queue full (5)
[12:09:20] research: already in progress
[2026-05-13 12:10:03] ==== loop 156/∞ | seed=841841511454635041 archetype=turtle personality=flotero focus=mil actions_per_loop=2 ====
[12:10:04] planet 52: building queue full (5)
[12:10:04] planet 52: building queue full (5)
[12:10:04] research: already in progress
[2026-05-13 12:10:50] ==== loop 157/∞ | seed=841841511454635041 archetype=turtle personality=flotero focus=mil actions_per_loop=2 ====
[12:10:51] planet 52: building queue full (5)
[12:10:51] research: already in progress
[2026-05-13 12:11:36] ==== loop 158/∞ | seed=841841511454635041 archetype=turtle personality=flotero focus=mil actions_per_loop=2 ====
[12:11:38] planet 52: building queue full (5)
[12:11:38] planet 52: building queue full (5)
[12:11:38] research: queued research_impulse_drive on planet 52 (195s)
