[2026-05-11 10:30:33] ==== loop 1/∞ | seed=884546805771057700 archetype=balanced personality=minero focus=eco actions_per_loop=1 ====
[10:30:34] planet 49: building queue full (5)
[2026-05-11 10:31:15] ==== loop 2/∞ | seed=884546805771057700 archetype=balanced personality=minero focus=eco actions_per_loop=1 ====
[10:31:15] planet 49: building queue full (5)
[10:31:15] research: blocked research_energy_technology (building_laboratory 0/1)
[2026-05-11 10:31:51] ==== loop 3/∞ | seed=884546805771057700 archetype=balanced personality=minero focus=eco actions_per_loop=1 ====
[10:31:52] planet 49: building queue full (5)
[10:31:52] research: blocked research_energy_technology (building_laboratory 0/1)
[2026-05-11 10:32:28] ==== loop 4/∞ | seed=884546805771057700 archetype=balanced personality=minero focus=eco actions_per_loop=1 ====
[10:32:29] planet 49: building queue full (5)
[10:32:29] research: blocked research_energy_technology (building_laboratory 0/1)
[2026-05-11 10:33:11] ==== loop 5/∞ | seed=884546805771057700 archetype=balanced personality=minero focus=eco actions_per_loop=1 ====
[10:33:11] planet 49: building queue full (5)
[10:33:11] research: blocked research_energy_technology (building_laboratory 0/1)
[2026-05-11 10:34:35] ==== loop 7/∞ | seed=884546805771057700 archetype=balanced personality=minero focus=eco actions_per_loop=1 ====
[10:34:36] planet 49: building queue full (5)
[2026-05-11 10:35:15] ==== loop 8/∞ | seed=884546805771057700 archetype=balanced personality=minero focus=eco actions_per_loop=1 ====
[10:35:16] planet 49: building queue full (5)
[10:35:16] research: blocked research_energy_technology (building_laboratory 0/1)
[2026-05-11 10:36:27] ==== loop 10/∞ | seed=884546805771057700 archetype=balanced personality=minero focus=eco actions_per_loop=1 ====
[10:36:28] planet 49: building queue full (5)
[10:36:28] research: blocked research_energy_technology (building_laboratory 0/1)
[2026-05-11 10:37:10] ==== loop 11/∞ | seed=884546805771057700 archetype=balanced personality=minero focus=eco actions_per_loop=1 ====
[10:37:11] planet 49: building queue full (5)
[2026-05-11 10:37:52] ==== loop 12/∞ | seed=884546805771057700 archetype=balanced personality=minero focus=eco actions_per_loop=1 ====
[10:37:52] planet 49: building queue full (5)
[10:37:52] research: blocked research_energy_technology (building_laboratory 0/1)
[2026-05-11 10:39:11] ==== loop 14/∞ | seed=884546805771057700 archetype=balanced personality=minero focus=eco actions_per_loop=1 ====
[10:39:12] planet 49: building queue full (5)
[10:39:12] research: blocked research_energy_technology (building_laboratory 0/1)
[2026-05-11 10:40:27] ==== loop 16/∞ | seed=884546805771057700 archetype=balanced personality=minero focus=eco actions_per_loop=1 ====
[10:40:28] planet 49: building queue full (5)
[10:40:28] research: blocked research_energy_technology (building_laboratory 0/1)
[2026-05-11 10:41:08] ==== loop 17/∞ | seed=884546805771057700 archetype=balanced personality=minero focus=eco actions_per_loop=1 ====
[10:41:10] planet 49: building queue full (5)
[2026-05-11 10:42:24] ==== loop 1/∞ | seed=884546805771057700 archetype=balanced personality=minero focus=eco actions_per_loop=1 ====
[10:42:25] planet 49: building queue full (5)
[10:42:25] research: blocked research_energy_technology (building_laboratory 0/1)
[2026-05-11 10:43:10] ==== loop 2/∞ | seed=884546805771057700 archetype=balanced personality=minero focus=eco actions_per_loop=1 ====
[10:43:10] planet 49: building queue full (5)
[10:43:10] research: blocked research_energy_technology (building_laboratory 0/1)
[2026-05-11 10:44:34] ==== loop 4/∞ | seed=884546805771057700 archetype=balanced personality=minero focus=eco actions_per_loop=1 ====
[10:44:35] planet 49: building queue full (5)
[2026-05-11 10:45:23] ==== loop 5/∞ | seed=884546805771057700 archetype=balanced personality=minero focus=eco actions_per_loop=1 ====
[10:45:24] planet 49: building queue full (5)
[10:45:24] research: blocked research_energy_technology (building_laboratory 0/1)
[2026-05-11 10:47:01] ==== loop 2/∞ | seed=884546805771057700 archetype=balanced personality=minero focus=eco actions_per_loop=1 ====
[10:47:02] planet 49: building queue full (5)
[10:47:02] research: blocked research_energy_technology (building_laboratory 0/1)
[2026-05-11 10:47:54] ==== loop 3/∞ | seed=884546805771057700 archetype=balanced personality=minero focus=eco actions_per_loop=1 ====
[10:47:55] planet 49: queued ship_solar_satellite +12
[10:47:55] research: blocked research_energy_technology (building_laboratory 0/1)
[2026-05-11 10:48:37] ==== loop 4/∞ | seed=884546805771057700 archetype=balanced personality=minero focus=eco actions_per_loop=1 ====
[10:48:38] planet 49: queued building_deuterium_tank to 3
[10:48:38] research: blocked research_energy_technology (building_laboratory 0/1)
[2026-05-11 10:49:25] ==== loop 5/∞ | seed=884546805771057700 archetype=balanced personality=minero focus=eco actions_per_loop=1 ====
[10:49:25] planet 49: building queue full (5)
[2026-05-11 10:50:09] ==== loop 6/∞ | seed=884546805771057700 archetype=balanced personality=minero focus=eco actions_per_loop=1 ====
[10:50:09] planet 49: building queue full (5)
[2026-05-11 10:50:57] ==== loop 7/∞ | seed=884546805771057700 archetype=balanced personality=minero focus=eco actions_per_loop=1 ====
[10:50:59] planet 49: building queue full (5)
[10:50:59] research: blocked research_energy_technology (building_laboratory 0/1)
[2026-05-11 10:53:40] ==== loop 11/∞ | seed=884546805771057700 archetype=balanced personality=minero focus=eco actions_per_loop=1 ====
[10:53:41] planet 49: building queue full (5)
[10:53:41] research: blocked research_energy_technology (building_laboratory 0/1)
[2026-05-11 10:54:29] ==== loop 12/∞ | seed=884546805771057700 archetype=balanced personality=minero focus=eco actions_per_loop=1 ====
[10:54:30] planet 49: building queue full (5)
[10:54:30] research: blocked research_energy_technology (building_laboratory 0/1)
[2026-05-11 10:55:14] ==== loop 13/∞ | seed=884546805771057700 archetype=balanced personality=minero focus=eco actions_per_loop=1 ====
[10:55:14] planet 49: building queue full (5)
[10:55:14] research: blocked research_energy_technology (building_laboratory 0/1)
[2026-05-11 10:55:59] ==== loop 14/∞ | seed=884546805771057700 archetype=balanced personality=minero focus=eco actions_per_loop=1 ====
[10:56:00] planet 49: building queue full (5)
[10:56:00] research: blocked research_energy_technology (building_laboratory 0/1)
[2026-05-11 10:56:42] ==== loop 15/∞ | seed=884546805771057700 archetype=balanced personality=minero focus=eco actions_per_loop=1 ====
[10:56:42] planet 49: building queue full (5)
[2026-05-11 10:57:26] ==== loop 16/∞ | seed=884546805771057700 archetype=balanced personality=minero focus=eco actions_per_loop=1 ====
[10:57:27] planet 49: building queue full (5)
[2026-05-11 10:58:11] ==== loop 17/∞ | seed=884546805771057700 archetype=balanced personality=minero focus=eco actions_per_loop=1 ====
[10:58:12] planet 49: building queue full (5)
[10:58:12] research: blocked research_energy_technology (building_laboratory 0/1)
[2026-05-11 10:58:53] ==== loop 18/∞ | seed=884546805771057700 archetype=balanced personality=minero focus=eco actions_per_loop=1 ====
[10:58:54] planet 49: building queue full (5)
[10:58:54] research: blocked research_energy_technology (building_laboratory 0/1)
[2026-05-11 10:59:37] ==== loop 19/∞ | seed=884546805771057700 archetype=balanced personality=minero focus=eco actions_per_loop=1 ====
[10:59:38] planet 49: building queue full (5)
[10:59:38] research: blocked research_energy_technology (building_laboratory 0/1)
[2026-05-11 11:01:07] ==== loop 21/∞ | seed=884546805771057700 archetype=balanced personality=minero focus=eco actions_per_loop=1 ====
[11:01:08] planet 49: building queue full (5)
[11:01:08] research: blocked research_energy_technology (building_laboratory 0/1)
[2026-05-11 11:02:39] ==== loop 23/∞ | seed=884546805771057700 archetype=balanced personality=minero focus=eco actions_per_loop=1 ====
[11:02:39] planet 49: building queue full (5)
[2026-05-11 11:04:00] ==== loop 25/∞ | seed=884546805771057700 archetype=balanced personality=minero focus=eco actions_per_loop=1 ====
[11:04:01] planet 49: building queue full (5)
[11:04:01] research: blocked research_energy_technology (building_laboratory 0/1)
[2026-05-11 11:04:41] ==== loop 26/∞ | seed=884546805771057700 archetype=balanced personality=minero focus=eco actions_per_loop=1 ====
[11:04:41] planet 49: building queue full (5)
[2026-05-11 11:05:23] ==== loop 27/∞ | seed=884546805771057700 archetype=balanced personality=minero focus=eco actions_per_loop=1 ====
[11:05:23] planet 49: building queue full (5)
[11:05:23] research: blocked research_energy_technology (building_laboratory 0/1)
[2026-05-11 11:06:10] ==== loop 28/∞ | seed=884546805771057700 archetype=balanced personality=minero focus=eco actions_per_loop=1 ====
[11:06:10] planet 49: building queue full (5)
[11:06:10] research: blocked research_energy_technology (building_laboratory 0/1)
[2026-05-11 11:06:50] ==== loop 29/∞ | seed=884546805771057700 archetype=balanced personality=minero focus=eco actions_per_loop=1 ====
[11:06:51] planet 49: building queue full (5)
[11:06:51] research: blocked research_energy_technology (building_laboratory 0/1)
[2026-05-11 11:08:16] ==== loop 31/∞ | seed=884546805771057700 archetype=balanced personality=minero focus=eco actions_per_loop=1 ====
[11:08:17] planet 49: building queue full (5)
[2026-05-11 11:08:59] ==== loop 32/∞ | seed=884546805771057700 archetype=balanced personality=minero focus=eco actions_per_loop=1 ====
[11:08:59] planet 49: building queue full (5)
[11:08:59] research: blocked research_energy_technology (building_laboratory 0/1)
[2026-05-11 11:10:33] ==== loop 34/∞ | seed=884546805771057700 archetype=balanced personality=minero focus=eco actions_per_loop=1 ====
[11:10:34] planet 49: building queue full (5)
[11:10:34] research: blocked research_energy_technology (building_laboratory 0/1)
[2026-05-11 11:12:06] ==== loop 36/∞ | seed=884546805771057700 archetype=balanced personality=minero focus=eco actions_per_loop=1 ====
[11:12:06] planet 49: building queue full (5)
[2026-05-11 11:14:24] ==== loop 39/∞ | seed=884546805771057700 archetype=balanced personality=minero focus=eco actions_per_loop=1 ====
[11:14:25] planet 49: building queue full (5)
[11:14:25] research: blocked research_energy_technology (building_laboratory 0/1)
[2026-05-11 11:15:49] ==== loop 41/∞ | seed=884546805771057700 archetype=balanced personality=minero focus=eco actions_per_loop=1 ====
[11:15:50] planet 49: building queue full (5)
[11:15:50] research: blocked research_energy_technology (building_laboratory 0/1)
[2026-05-11 11:16:34] ==== loop 42/∞ | seed=884546805771057700 archetype=balanced personality=minero focus=eco actions_per_loop=1 ====
[11:16:35] planet 49: building queue full (5)
[11:16:35] research: blocked research_energy_technology (building_laboratory 0/1)
[2026-05-11 11:17:15] ==== loop 43/∞ | seed=884546805771057700 archetype=balanced personality=minero focus=eco actions_per_loop=1 ====
[11:17:16] planet 49: building queue full (5)
[11:17:16] research: blocked research_energy_technology (building_laboratory 0/1)
[2026-05-11 11:18:49] ==== loop 45/∞ | seed=884546805771057700 archetype=balanced personality=minero focus=eco actions_per_loop=1 ====
[11:18:49] planet 49: building queue full (5)
[2026-05-11 11:19:39] ==== loop 46/∞ | seed=884546805771057700 archetype=balanced personality=minero focus=eco actions_per_loop=1 ====
[11:19:40] planet 49: building queue full (5)
[11:19:40] research: blocked research_energy_technology (building_laboratory 0/1)
[2026-05-11 11:20:19] ==== loop 47/∞ | seed=884546805771057700 archetype=balanced personality=minero focus=eco actions_per_loop=1 ====
[11:20:20] planet 49: building queue full (5)
[11:20:20] research: blocked research_energy_technology (building_laboratory 0/1)
[2026-05-11 11:20:56] ==== loop 48/∞ | seed=884546805771057700 archetype=balanced personality=minero focus=eco actions_per_loop=1 ====
[11:20:57] planet 49: building queue full (5)
[11:20:57] research: blocked research_energy_technology (building_laboratory 0/1)
[2026-05-11 11:22:07] ==== loop 50/∞ | seed=884546805771057700 archetype=balanced personality=minero focus=eco actions_per_loop=1 ====
[11:22:07] planet 49: building queue full (5)
[2026-05-11 11:22:45] ==== loop 51/∞ | seed=884546805771057700 archetype=balanced personality=minero focus=eco actions_per_loop=1 ====
[11:22:47] planet 49: building queue full (5)
[2026-05-11 11:23:23] ==== loop 52/∞ | seed=884546805771057700 archetype=balanced personality=minero focus=eco actions_per_loop=1 ====
[11:23:24] planet 49: building queue full (5)
[11:23:24] research: blocked research_energy_technology (building_laboratory 0/1)
[2026-05-11 11:24:01] ==== loop 53/∞ | seed=884546805771057700 archetype=balanced personality=minero focus=eco actions_per_loop=1 ====
[11:24:01] planet 49: building queue full (5)
[11:24:01] research: blocked research_energy_technology (building_laboratory 0/1)
[2026-05-11 11:24:40] ==== loop 54/∞ | seed=884546805771057700 archetype=balanced personality=minero focus=eco actions_per_loop=1 ====
[11:24:40] planet 49: building queue full (5)
[2026-05-11 11:25:14] ==== loop 55/∞ | seed=884546805771057700 archetype=balanced personality=minero focus=eco actions_per_loop=1 ====
[11:25:16] planet 49: building queue full (5)
[11:25:16] research: blocked research_energy_technology (building_laboratory 0/1)
[2026-05-11 11:25:50] ==== loop 56/∞ | seed=884546805771057700 archetype=balanced personality=minero focus=eco actions_per_loop=1 ====
[11:25:50] planet 49: building queue full (5)
[2026-05-11 11:26:24] ==== loop 57/∞ | seed=884546805771057700 archetype=balanced personality=minero focus=eco actions_per_loop=1 ====
[11:26:24] planet 49: building queue full (5)
[2026-05-11 11:27:34] ==== loop 1/∞ | seed=884546805771057700 archetype=balanced personality=minero focus=eco actions_per_loop=1 ====
[11:27:35] alliance: apply ally=1
[11:27:35] planet 49: building queue full (5)
[11:27:35] research: blocked research_energy_technology (building_laboratory 0/1)
[2026-05-11 11:29:24] ==== loop 4/∞ | seed=884546805771057700 archetype=balanced personality=minero focus=eco actions_per_loop=1 ====
[11:29:25] planet 49: building queue full (5)
[11:29:25] research: blocked research_energy_technology (building_laboratory 0/1)
[2026-05-11 11:30:41] ==== loop 6/∞ | seed=884546805771057700 archetype=balanced personality=minero focus=eco actions_per_loop=1 ====
[11:30:42] planet 49: building queue full (5)
[11:30:42] research: blocked research_energy_technology (building_laboratory 0/1)
[2026-05-11 11:31:30] ==== loop 7/∞ | seed=884546805771057700 archetype=balanced personality=minero focus=eco actions_per_loop=1 ====
[11:31:30] alliance: application cleared (rejected or cancelled) ally=1
[11:31:30] planet 49: building queue full (5)
[11:31:30] research: blocked research_energy_technology (building_laboratory 0/1)
[2026-05-11 11:32:22] ==== loop 8/∞ | seed=884546805771057700 archetype=balanced personality=minero focus=eco actions_per_loop=1 ====
[11:32:23] planet 49: building queue full (5)
[11:32:23] research: blocked research_energy_technology (building_laboratory 0/1)
[2026-05-11 11:33:10] ==== loop 9/∞ | seed=884546805771057700 archetype=balanced personality=minero focus=eco actions_per_loop=1 ====
[11:33:11] planet 49: building queue full (5)
[2026-05-11 11:35:20] ==== loop 1/∞ | seed=884546805771057700 archetype=balanced personality=minero focus=eco actions_per_loop=1 ====
[11:35:21] planet 49: building queue full (5)
[2026-05-11 11:36:53] ==== loop 3/∞ | seed=884546805771057700 archetype=balanced personality=minero focus=eco actions_per_loop=1 ====
[11:36:53] planet 49: building queue full (5)
[11:36:53] research: blocked research_energy_technology (building_laboratory 0/1)
[2026-05-11 11:38:36] ==== loop 2/∞ | seed=884546805771057700 archetype=balanced personality=minero focus=eco actions_per_loop=1 ====
[11:38:37] planet 49: building queue full (5)
[11:38:37] research: blocked research_energy_technology (building_laboratory 0/1)
[2026-05-11 11:39:24] ==== loop 3/∞ | seed=884546805771057700 archetype=balanced personality=minero focus=eco actions_per_loop=1 ====
[11:39:25] planet 49: building queue full (5)
[11:39:25] research: blocked research_energy_technology (building_laboratory 0/1)
[2026-05-11 11:40:09] ==== loop 4/∞ | seed=884546805771057700 archetype=balanced personality=minero focus=eco actions_per_loop=1 ====
[11:40:09] planet 49: building queue full (5)
[11:40:09] research: blocked research_energy_technology (building_laboratory 0/1)
[2026-05-11 11:40:56] ==== loop 5/∞ | seed=884546805771057700 archetype=balanced personality=minero focus=eco actions_per_loop=1 ====
[11:40:57] planet 49: building queue full (5)
[2026-05-11 11:41:39] ==== loop 6/∞ | seed=884546805771057700 archetype=balanced personality=minero focus=eco actions_per_loop=1 ====
[11:41:40] planet 49: building queue full (5)
[2026-05-11 11:43:36] ==== loop 2/∞ | seed=884546805771057700 archetype=balanced personality=minero focus=eco actions_per_loop=1 ====
[11:43:36] planet 49: building queue full (5)
[2026-05-11 11:45:27] ==== loop 1/∞ | seed=884546805771057700 archetype=balanced personality=minero focus=eco actions_per_loop=1 ====
[11:45:28] planet 49: building queue full (5)
[2026-05-11 11:46:10] ==== loop 2/∞ | seed=884546805771057700 archetype=balanced personality=minero focus=eco actions_per_loop=1 ====
[11:46:11] planet 49: building queue full (5)
[11:46:11] research: blocked research_energy_technology (building_laboratory 0/1)
[2026-05-11 11:46:50] ==== loop 3/∞ | seed=884546805771057700 archetype=balanced personality=minero focus=eco actions_per_loop=1 ====
[11:46:50] planet 49: building queue full (5)
[11:46:50] research: blocked research_energy_technology (building_laboratory 0/1)
[2026-05-11 11:48:07] ==== loop 5/∞ | seed=884546805771057700 archetype=balanced personality=minero focus=eco actions_per_loop=1 ====
[11:48:08] planet 49: building queue full (5)
[2026-05-11 11:48:48] ==== loop 6/∞ | seed=884546805771057700 archetype=balanced personality=minero focus=eco actions_per_loop=1 ====
[11:48:49] planet 49: building queue full (5)
[2026-05-11 11:50:09] ==== loop 8/∞ | seed=884546805771057700 archetype=balanced personality=minero focus=eco actions_per_loop=1 ====
[11:50:10] planet 49: building queue full (5)
[11:50:10] research: blocked research_energy_technology (building_laboratory 0/1)
[2026-05-11 11:51:31] ==== loop 10/∞ | seed=884546805771057700 archetype=balanced personality=minero focus=eco actions_per_loop=1 ====
[11:51:32] planet 49: building queue full (5)
[11:51:32] research: blocked research_energy_technology (building_laboratory 0/1)
[2026-05-11 11:52:16] ==== loop 11/∞ | seed=884546805771057700 archetype=balanced personality=minero focus=eco actions_per_loop=1 ====
[11:52:17] planet 49: building queue full (5)
[11:52:17] research: blocked research_energy_technology (building_laboratory 0/1)
[2026-05-11 11:52:59] ==== loop 12/∞ | seed=884546805771057700 archetype=balanced personality=minero focus=eco actions_per_loop=1 ====
[11:53:00] planet 49: building queue full (5)
[11:53:00] research: blocked research_energy_technology (building_laboratory 0/1)
[2026-05-11 11:53:39] ==== loop 13/∞ | seed=884546805771057700 archetype=balanced personality=minero focus=eco actions_per_loop=1 ====
[11:53:39] planet 49: building queue full (5)
[2026-05-11 11:54:18] ==== loop 14/∞ | seed=884546805771057700 archetype=balanced personality=minero focus=eco actions_per_loop=1 ====
[11:54:19] planet 49: building queue full (5)
[2026-05-11 11:55:04] ==== loop 15/∞ | seed=884546805771057700 archetype=balanced personality=minero focus=eco actions_per_loop=1 ====
[11:55:06] planet 49: building queue full (5)
[2026-05-11 11:56:33] ==== loop 17/∞ | seed=884546805771057700 archetype=balanced personality=minero focus=eco actions_per_loop=1 ====
[11:56:34] planet 49: building queue full (5)
[11:56:34] research: blocked research_energy_technology (building_laboratory 0/1)
[2026-05-11 11:57:12] ==== loop 18/∞ | seed=884546805771057700 archetype=balanced personality=minero focus=eco actions_per_loop=1 ====
[11:57:12] planet 49: building queue full (5)
[11:57:12] research: blocked research_energy_technology (building_laboratory 0/1)
[2026-05-11 11:57:58] ==== loop 19/∞ | seed=884546805771057700 archetype=balanced personality=minero focus=eco actions_per_loop=1 ====
[11:57:58] planet 49: building queue full (5)
[11:57:58] research: blocked research_energy_technology (building_laboratory 0/1)
[2026-05-11 11:58:40] ==== loop 20/∞ | seed=884546805771057700 archetype=balanced personality=minero focus=eco actions_per_loop=1 ====
[11:58:40] planet 49: building queue full (5)
[11:58:40] research: blocked research_energy_technology (building_laboratory 0/1)
[2026-05-11 12:00:12] ==== loop 22/∞ | seed=884546805771057700 archetype=balanced personality=minero focus=eco actions_per_loop=1 ====
[12:00:12] planet 49: building queue full (5)
[12:00:12] research: blocked research_energy_technology (building_laboratory 0/1)
[2026-05-11 12:00:59] ==== loop 23/∞ | seed=884546805771057700 archetype=balanced personality=minero focus=eco actions_per_loop=1 ====
[12:01:00] planet 49: building queue full (5)
[12:01:00] research: blocked research_energy_technology (building_laboratory 0/1)
[2026-05-11 12:01:39] ==== loop 24/∞ | seed=884546805771057700 archetype=balanced personality=minero focus=eco actions_per_loop=1 ====
[12:01:40] alliance: idle no_candidate
[12:01:40] planet 49: building queue full (5)
[12:01:40] research: blocked research_energy_technology (building_laboratory 0/1)
[2026-05-11 12:02:23] ==== loop 25/∞ | seed=884546805771057700 archetype=balanced personality=minero focus=eco actions_per_loop=1 ====
[12:02:25] planet 49: building queue full (5)
[12:02:25] research: blocked research_energy_technology (building_laboratory 0/1)
[2026-05-11 12:03:01] ==== loop 26/∞ | seed=884546805771057700 archetype=balanced personality=minero focus=eco actions_per_loop=1 ====
[12:03:02] planet 49: building queue full (5)
[12:03:02] research: blocked research_energy_technology (building_laboratory 0/1)
[2026-05-11 12:04:17] ==== loop 28/∞ | seed=884546805771057700 archetype=balanced personality=minero focus=eco actions_per_loop=1 ====
[12:04:18] planet 49: building queue full (5)
[12:04:18] research: blocked research_energy_technology (building_laboratory 0/1)
[2026-05-11 12:05:01] ==== loop 29/∞ | seed=884546805771057700 archetype=balanced personality=minero focus=eco actions_per_loop=1 ====
[12:05:02] planet 49: building queue full (5)
[12:05:02] research: blocked research_energy_technology (building_laboratory 0/1)
[2026-05-11 12:05:45] ==== loop 30/∞ | seed=884546805771057700 archetype=balanced personality=minero focus=eco actions_per_loop=1 ====
[12:05:45] planet 49: building queue full (5)
[2026-05-11 12:07:12] ==== loop 32/∞ | seed=884546805771057700 archetype=balanced personality=minero focus=eco actions_per_loop=1 ====
[12:07:13] planet 49: building queue full (5)
[2026-05-11 12:07:56] ==== loop 33/∞ | seed=884546805771057700 archetype=balanced personality=minero focus=eco actions_per_loop=1 ====
[12:07:57] planet 49: building queue full (5)
[12:07:57] research: blocked research_energy_technology (building_laboratory 0/1)
[2026-05-11 12:09:21] ==== loop 35/∞ | seed=884546805771057700 archetype=balanced personality=minero focus=eco actions_per_loop=1 ====
[12:09:22] planet 49: building queue full (5)
[2026-05-11 12:10:08] ==== loop 36/∞ | seed=884546805771057700 archetype=balanced personality=minero focus=eco actions_per_loop=1 ====
[12:10:10] planet 49: building queue full (5)
[12:10:10] research: blocked research_energy_technology (building_laboratory 0/1)
[2026-05-11 12:10:51] ==== loop 37/∞ | seed=884546805771057700 archetype=balanced personality=minero focus=eco actions_per_loop=1 ====
[12:10:51] planet 49: building queue full (5)
[2026-05-11 12:11:47] ==== loop 1/∞ | seed=884546805771057700 archetype=balanced personality=minero focus=eco actions_per_loop=1 ====
[12:11:48] planet 49: building queue full (5)
[12:11:48] research: blocked research_energy_technology (building_laboratory 0/1)
[2026-05-11 12:12:28] ==== loop 2/∞ | seed=884546805771057700 archetype=balanced personality=minero focus=eco actions_per_loop=1 ====
[12:12:28] planet 49: building queue full (5)
[2026-05-11 12:13:08] ==== loop 1/∞ | seed=884546805771057700 archetype=balanced personality=minero focus=eco actions_per_loop=1 ====
[12:13:08] planet 49: building queue full (5)
[12:13:08] research: blocked research_energy_technology (building_laboratory 0/1)
[2026-05-11 12:14:17] ==== loop 3/∞ | seed=884546805771057700 archetype=balanced personality=minero focus=eco actions_per_loop=1 ====
[12:14:18] planet 49: building queue full (5)
[2026-05-11 12:14:54] ==== loop 4/∞ | seed=884546805771057700 archetype=balanced personality=minero focus=eco actions_per_loop=1 ====
[12:14:55] planet 49: building queue full (5)
[12:14:55] research: blocked research_energy_technology (building_laboratory 0/1)
[2026-05-11 12:16:38] ==== loop 2/∞ | seed=884546805771057700 archetype=balanced personality=minero focus=eco actions_per_loop=1 ====
[12:16:39] planet 49: building queue full (5)
[12:16:39] research: blocked research_energy_technology (building_laboratory 0/1)
[2026-05-11 12:17:18] ==== loop 1/∞ | seed=884546805771057700 archetype=balanced personality=minero focus=eco actions_per_loop=1 ====
[12:17:19] planet 49: building queue full (5)
[12:17:19] research: blocked research_energy_technology (building_laboratory 0/1)
[2026-05-11 12:18:37] ==== loop 3/∞ | seed=884546805771057700 archetype=balanced personality=minero focus=eco actions_per_loop=1 ====
[12:18:38] planet 49: building queue full (5)
[12:18:38] research: blocked research_energy_technology (building_laboratory 0/1)
[2026-05-11 12:19:16] ==== loop 4/∞ | seed=884546805771057700 archetype=balanced personality=minero focus=eco actions_per_loop=1 ====
[12:19:17] planet 49: building queue full (5)
[12:19:17] research: blocked research_energy_technology (building_laboratory 0/1)
[2026-05-11 12:19:54] ==== loop 5/∞ | seed=884546805771057700 archetype=balanced personality=minero focus=eco actions_per_loop=1 ====
[12:19:55] planet 49: building queue full (5)
[2026-05-11 12:20:32] ==== loop 6/∞ | seed=884546805771057700 archetype=balanced personality=minero focus=eco actions_per_loop=1 ====
[12:20:32] planet 49: building queue full (5)
[12:20:32] research: blocked research_energy_technology (building_laboratory 0/1)
[2026-05-11 12:23:29] ==== loop 11/∞ | seed=884546805771057700 archetype=balanced personality=minero focus=eco actions_per_loop=1 ====
[12:23:29] planet 49: building queue full (5)
[12:23:29] research: blocked research_energy_technology (building_laboratory 0/1)
[2026-05-11 12:24:08] ==== loop 12/∞ | seed=884546805771057700 archetype=balanced personality=minero focus=eco actions_per_loop=1 ====
[12:24:08] planet 49: building queue full (5)
[12:24:08] research: blocked research_energy_technology (building_laboratory 0/1)
[2026-05-11 12:24:41] ==== loop 13/∞ | seed=884546805771057700 archetype=balanced personality=minero focus=eco actions_per_loop=1 ====
[12:24:42] planet 49: building queue full (5)
[2026-05-11 12:25:21] ==== loop 14/∞ | seed=884546805771057700 archetype=balanced personality=minero focus=eco actions_per_loop=1 ====
[12:25:22] planet 49: building queue full (5)
[2026-05-11 12:25:59] ==== loop 15/∞ | seed=884546805771057700 archetype=balanced personality=minero focus=eco actions_per_loop=1 ====
[12:26:00] planet 49: building queue full (5)
[12:26:00] research: blocked research_energy_technology (building_laboratory 0/1)
[2026-05-11 12:26:36] ==== loop 16/∞ | seed=884546805771057700 archetype=balanced personality=minero focus=eco actions_per_loop=1 ====
[12:26:37] planet 49: building queue full (5)
[2026-05-11 12:27:12] ==== loop 17/∞ | seed=884546805771057700 archetype=balanced personality=minero focus=eco actions_per_loop=1 ====
[12:27:13] planet 49: building queue full (5)
[12:27:13] research: blocked research_energy_technology (building_laboratory 0/1)
[2026-05-11 12:27:52] ==== loop 18/∞ | seed=884546805771057700 archetype=balanced personality=minero focus=eco actions_per_loop=1 ====
[12:27:53] planet 49: building queue full (5)
[2026-05-11 12:28:30] ==== loop 19/∞ | seed=884546805771057700 archetype=balanced personality=minero focus=eco actions_per_loop=1 ====
[12:28:31] alliance: idle no_candidate
[12:28:31] planet 49: building queue full (5)
[12:28:31] research: blocked research_energy_technology (building_laboratory 0/1)
[2026-05-11 12:29:11] ==== loop 20/∞ | seed=884546805771057700 archetype=balanced personality=minero focus=eco actions_per_loop=1 ====
[12:29:11] planet 49: queued ship_solar_satellite +10
[12:29:11] research: blocked research_energy_technology (building_laboratory 0/1)
[2026-05-11 12:30:32] ==== loop 22/∞ | seed=884546805771057700 archetype=balanced personality=minero focus=eco actions_per_loop=1 ====
[12:30:33] planet 49: queued building_deuterium_tank to 4
[12:30:33] research: blocked research_energy_technology (building_laboratory 0/1)
[2026-05-11 12:31:17] ==== loop 23/∞ | seed=884546805771057700 archetype=balanced personality=minero focus=eco actions_per_loop=1 ====
[12:31:18] planet 49: building queue full (5)
[12:31:18] research: blocked research_energy_technology (building_laboratory 0/1)
[2026-05-11 12:32:04] ==== loop 24/∞ | seed=884546805771057700 archetype=balanced personality=minero focus=eco actions_per_loop=1 ====
[12:32:04] planet 49: building queue full (5)
[12:32:04] research: blocked research_energy_technology (building_laboratory 0/1)
[2026-05-11 12:32:48] ==== loop 25/∞ | seed=884546805771057700 archetype=balanced personality=minero focus=eco actions_per_loop=1 ====
[12:32:48] planet 49: building queue full (5)
[2026-05-11 12:33:33] ==== loop 26/∞ | seed=884546805771057700 archetype=balanced personality=minero focus=eco actions_per_loop=1 ====
[12:33:34] planet 49: building queue full (5)
[12:33:34] research: blocked research_energy_technology (building_laboratory 0/1)
[2026-05-11 12:34:16] ==== loop 27/∞ | seed=884546805771057700 archetype=balanced personality=minero focus=eco actions_per_loop=1 ====
[12:34:18] planet 49: building queue full (5)
[12:34:18] research: blocked research_energy_technology (building_laboratory 0/1)
[2026-05-11 12:35:01] ==== loop 28/∞ | seed=884546805771057700 archetype=balanced personality=minero focus=eco actions_per_loop=1 ====
[12:35:01] planet 49: building queue full (5)
[12:35:01] research: blocked research_energy_technology (building_laboratory 0/1)
[2026-05-11 12:35:44] ==== loop 29/∞ | seed=884546805771057700 archetype=balanced personality=minero focus=eco actions_per_loop=1 ====
[12:35:45] planet 49: building queue full (5)
[12:35:45] research: blocked research_energy_technology (building_laboratory 0/1)
[2026-05-11 12:37:57] ==== loop 32/∞ | seed=884546805771057700 archetype=balanced personality=minero focus=eco actions_per_loop=1 ====
[12:37:58] planet 49: queued building_crystal_mine to 17
[12:37:58] research: blocked research_energy_technology (building_laboratory 0/1)
[2026-05-11 12:38:42] ==== loop 33/∞ | seed=884546805771057700 archetype=balanced personality=minero focus=eco actions_per_loop=1 ====
[12:38:42] planet 49: queued building_crystal_mine to 18
[12:38:42] research: blocked research_energy_technology (building_laboratory 0/1)
[2026-05-11 12:39:27] ==== loop 34/∞ | seed=884546805771057700 archetype=balanced personality=minero focus=eco actions_per_loop=1 ====
[12:39:28] planet 49: building queue full (5)
[12:39:28] research: blocked research_energy_technology (building_laboratory 0/1)
[2026-05-11 12:40:07] ==== loop 35/∞ | seed=884546805771057700 archetype=balanced personality=minero focus=eco actions_per_loop=1 ====
[12:40:08] planet 49: building queue full (5)
[12:40:08] research: blocked research_energy_technology (building_laboratory 0/1)
[2026-05-11 12:40:47] ==== loop 36/∞ | seed=884546805771057700 archetype=balanced personality=minero focus=eco actions_per_loop=1 ====
[12:40:48] planet 49: building queue full (5)
[12:40:48] research: blocked research_energy_technology (building_laboratory 0/1)
[2026-05-11 12:41:23] ==== loop 37/∞ | seed=884546805771057700 archetype=balanced personality=minero focus=eco actions_per_loop=1 ====
[12:41:23] planet 49: building queue full (5)
[12:41:23] research: blocked research_energy_technology (building_laboratory 0/1)
[2026-05-11 12:41:58] ==== loop 38/∞ | seed=884546805771057700 archetype=balanced personality=minero focus=eco actions_per_loop=1 ====
[12:41:59] planet 49: building queue full (5)
[2026-05-11 12:42:40] ==== loop 39/∞ | seed=884546805771057700 archetype=balanced personality=minero focus=eco actions_per_loop=1 ====
[12:42:41] alliance: idle no_candidate
[12:42:41] planet 49: building queue full (5)
[12:42:41] research: blocked research_energy_technology (building_laboratory 0/1)
[2026-05-11 12:43:14] ==== loop 40/∞ | seed=884546805771057700 archetype=balanced personality=minero focus=eco actions_per_loop=1 ====
[12:43:15] planet 49: building queue full (5)
[2026-05-11 12:43:52] ==== loop 41/∞ | seed=884546805771057700 archetype=balanced personality=minero focus=eco actions_per_loop=1 ====
[12:43:54] planet 49: building queue full (5)
[12:43:54] research: blocked research_energy_technology (building_laboratory 0/1)
[2026-05-11 12:45:09] ==== loop 43/∞ | seed=884546805771057700 archetype=balanced personality=minero focus=eco actions_per_loop=1 ====
[12:45:10] planet 49: building queue full (5)
[12:45:10] research: blocked research_energy_technology (building_laboratory 0/1)
[2026-05-11 12:47:37] ==== loop 47/∞ | seed=884546805771057700 archetype=balanced personality=minero focus=eco actions_per_loop=1 ====
[12:47:37] planet 49: building queue full (5)
[12:47:37] research: blocked research_energy_technology (building_laboratory 0/1)
[2026-05-11 12:48:11] ==== loop 48/∞ | seed=884546805771057700 archetype=balanced personality=minero focus=eco actions_per_loop=1 ====
[12:48:12] planet 49: building queue full (5)
[12:48:12] research: blocked research_energy_technology (building_laboratory 0/1)
[2026-05-11 12:48:48] ==== loop 49/∞ | seed=884546805771057700 archetype=balanced personality=minero focus=eco actions_per_loop=1 ====
[12:48:49] planet 49: building queue full (5)
[12:48:49] research: blocked research_energy_technology (building_laboratory 0/1)
[2026-05-11 12:49:25] ==== loop 50/∞ | seed=884546805771057700 archetype=balanced personality=minero focus=eco actions_per_loop=1 ====
[12:49:25] planet 49: building queue full (5)
[2026-05-11 12:51:57] ==== loop 54/∞ | seed=884546805771057700 archetype=balanced personality=minero focus=eco actions_per_loop=1 ====
[12:51:57] planet 49: queued building_deuterium_tank to 5
[12:51:57] research: blocked research_energy_technology (building_laboratory 0/1)
[2026-05-11 12:52:33] ==== loop 55/∞ | seed=884546805771057700 archetype=balanced personality=minero focus=eco actions_per_loop=1 ====
[12:52:34] planet 49: queued building_deuterium_tank to 6
[2026-05-11 12:53:12] ==== loop 56/∞ | seed=884546805771057700 archetype=balanced personality=minero focus=eco actions_per_loop=1 ====
[12:53:12] planet 49: queued building_deuterium_tank to 7
[2026-05-11 12:54:54] ==== loop 59/∞ | seed=884546805771057700 archetype=balanced personality=minero focus=eco actions_per_loop=1 ====
[12:54:55] alliance: idle no_candidate
[12:54:55] planet 49: building queue full (5)
[12:54:55] research: blocked research_energy_technology (building_laboratory 0/1)
[2026-05-11 12:55:31] ==== loop 60/∞ | seed=884546805771057700 archetype=balanced personality=minero focus=eco actions_per_loop=1 ====
[12:55:32] planet 49: building queue full (5)
[12:55:32] research: blocked research_energy_technology (building_laboratory 0/1)
[2026-05-11 12:56:03] ==== loop 61/∞ | seed=884546805771057700 archetype=balanced personality=minero focus=eco actions_per_loop=1 ====
[12:56:04] planet 49: building queue full (5)
[12:56:04] research: blocked research_energy_technology (building_laboratory 0/1)
[2026-05-11 12:56:38] ==== loop 62/∞ | seed=884546805771057700 archetype=balanced personality=minero focus=eco actions_per_loop=1 ====
[12:56:39] planet 49: queued building_deuterium_tank to 8
[12:56:39] research: blocked research_energy_technology (building_laboratory 0/1)
[2026-05-11 12:57:16] ==== loop 63/∞ | seed=884546805771057700 archetype=balanced personality=minero focus=eco actions_per_loop=1 ====
[12:57:16] planet 49: building queue full (5)
[2026-05-11 12:57:52] ==== loop 64/∞ | seed=884546805771057700 archetype=balanced personality=minero focus=eco actions_per_loop=1 ====
[12:57:53] planet 49: building queue full (5)
[12:57:53] research: blocked research_energy_technology (building_laboratory 0/1)
[2026-05-11 12:58:27] ==== loop 65/∞ | seed=884546805771057700 archetype=balanced personality=minero focus=eco actions_per_loop=1 ====
[12:58:28] planet 49: building queue full (5)
[2026-05-11 12:59:07] ==== loop 66/∞ | seed=884546805771057700 archetype=balanced personality=minero focus=eco actions_per_loop=1 ====
[12:59:07] planet 49: building queue full (5)
[2026-05-11 12:59:42] ==== loop 67/∞ | seed=884546805771057700 archetype=balanced personality=minero focus=eco actions_per_loop=1 ====
[12:59:43] planet 49: building queue full (5)
[12:59:43] research: blocked research_energy_technology (building_laboratory 0/1)
[2026-05-11 13:00:15] ==== loop 68/∞ | seed=884546805771057700 archetype=balanced personality=minero focus=eco actions_per_loop=1 ====
[13:00:16] planet 49: building queue full (5)
[13:00:16] research: blocked research_energy_technology (building_laboratory 0/1)
[2026-05-11 13:00:55] ==== loop 69/∞ | seed=884546805771057700 archetype=balanced personality=minero focus=eco actions_per_loop=1 ====
[13:00:56] planet 49: building queue full (5)
[13:00:56] research: blocked research_energy_technology (building_laboratory 0/1)
[2026-05-11 13:01:31] ==== loop 70/∞ | seed=884546805771057700 archetype=balanced personality=minero focus=eco actions_per_loop=1 ====
[13:01:32] planet 49: building queue full (5)
[13:01:32] research: blocked research_energy_technology (building_laboratory 0/1)
[2026-05-11 13:02:07] ==== loop 71/∞ | seed=884546805771057700 archetype=balanced personality=minero focus=eco actions_per_loop=1 ====
[13:02:08] planet 49: building queue full (5)
[13:02:08] research: blocked research_energy_technology (building_laboratory 0/1)
[2026-05-11 13:03:16] ==== loop 73/∞ | seed=884546805771057700 archetype=balanced personality=minero focus=eco actions_per_loop=1 ====
[13:03:17] alliance: apply ally=9
[13:03:17] planet 49: queued building_solar_plant to 21
[13:03:17] research: blocked research_energy_technology (building_laboratory 0/1)
[2026-05-11 13:04:26] ==== loop 75/∞ | seed=884546805771057700 archetype=balanced personality=minero focus=eco actions_per_loop=1 ====
[13:04:26] alliance: joined ally=9
[13:04:26] planet 49: queued building_solar_plant to 22
[2026-05-11 13:05:01] ==== loop 76/∞ | seed=884546805771057700 archetype=balanced personality=minero focus=eco actions_per_loop=1 ====
[13:05:02] planet 49: building queue full (5)
[13:05:02] research: blocked research_energy_technology (building_laboratory 0/1)
[2026-05-11 13:05:38] ==== loop 77/∞ | seed=884546805771057700 archetype=balanced personality=minero focus=eco actions_per_loop=1 ====
[13:05:38] planet 49: queue busy, throttled building_robot_factory
[13:05:38] research: blocked research_energy_technology (building_laboratory 0/1)
[2026-05-11 13:06:11] ==== loop 78/∞ | seed=884546805771057700 archetype=balanced personality=minero focus=eco actions_per_loop=1 ====
[13:06:11] planet 49: queue busy, throttled building_robot_factory
[13:06:11] research: blocked research_energy_technology (building_laboratory 0/1)
[2026-05-11 13:06:46] ==== loop 79/∞ | seed=884546805771057700 archetype=balanced personality=minero focus=eco actions_per_loop=1 ====
[13:06:46] planet 49: queue busy, throttled building_robot_factory
[13:06:46] research: blocked research_energy_technology (building_laboratory 0/1)
[2026-05-11 13:07:24] ==== loop 80/∞ | seed=884546805771057700 archetype=balanced personality=minero focus=eco actions_per_loop=1 ====
[13:07:24] planet 49: queue busy, throttled building_robot_factory
[13:07:24] research: blocked research_energy_technology (building_laboratory 0/1)
[2026-05-11 13:08:25] ==== loop 82/∞ | seed=884546805771057700 archetype=balanced personality=minero focus=eco actions_per_loop=1 ====
[13:08:25] planet 49: queue busy, throttled building_robot_factory
[13:08:25] research: blocked research_energy_technology (building_laboratory 0/1)
[2026-05-11 13:09:02] ==== loop 83/∞ | seed=884546805771057700 archetype=balanced personality=minero focus=eco actions_per_loop=1 ====
[13:09:02] planet 49: queue busy, throttled building_robot_factory
[13:09:02] research: blocked research_energy_technology (building_laboratory 0/1)
[2026-05-11 13:10:21] ==== loop 85/∞ | seed=884546805771057700 archetype=balanced personality=minero focus=eco actions_per_loop=1 ====
[13:10:22] planet 49: queued building_crystal_mine to 19
[13:10:22] research: blocked research_energy_technology (building_laboratory 0/1)
[2026-05-11 13:11:03] ==== loop 86/∞ | seed=884546805771057700 archetype=balanced personality=minero focus=eco actions_per_loop=1 ====
[13:11:04] planet 49: queued building_crystal_mine to 20
[13:11:04] research: blocked research_energy_technology (building_laboratory 0/1)
[2026-05-11 13:11:50] ==== loop 87/∞ | seed=884546805771057700 archetype=balanced personality=minero focus=eco actions_per_loop=1 ====
[13:11:50] planet 49: building queue full (5)
[13:11:50] research: blocked research_energy_technology (building_laboratory 0/1)
[2026-05-11 13:12:31] ==== loop 88/∞ | seed=884546805771057700 archetype=balanced personality=minero focus=eco actions_per_loop=1 ====
[13:12:32] planet 49: building queue full (5)
[13:12:32] research: blocked research_energy_technology (building_laboratory 0/1)
[2026-05-11 13:13:53] ==== loop 90/∞ | seed=884546805771057700 archetype=balanced personality=minero focus=eco actions_per_loop=1 ====
[13:13:54] planet 49: building queue full (5)
[2026-05-11 13:14:37] ==== loop 91/∞ | seed=884546805771057700 archetype=balanced personality=minero focus=eco actions_per_loop=1 ====
[13:14:38] planet 49: building queue full (5)
[13:14:38] research: blocked research_energy_technology (building_laboratory 0/1)
[2026-05-11 13:15:25] ==== loop 92/∞ | seed=884546805771057700 archetype=balanced personality=minero focus=eco actions_per_loop=1 ====
[13:15:26] planet 49: building queue full (5)
[2026-05-11 13:16:09] ==== loop 93/∞ | seed=884546805771057700 archetype=balanced personality=minero focus=eco actions_per_loop=1 ====
[13:16:09] planet 49: building queue full (5)
[2026-05-11 13:17:00] ==== loop 94/∞ | seed=884546805771057700 archetype=balanced personality=minero focus=eco actions_per_loop=1 ====
[13:17:00] planet 49: queued building_crystal_mine to 21
[13:17:00] research: blocked research_energy_technology (building_laboratory 0/1)
[2026-05-11 13:17:43] ==== loop 95/∞ | seed=884546805771057700 archetype=balanced personality=minero focus=eco actions_per_loop=1 ====
[13:17:44] planet 49: building queue full (5)
[13:17:44] research: blocked research_energy_technology (building_laboratory 0/1)
[2026-05-11 13:18:30] ==== loop 96/∞ | seed=884546805771057700 archetype=balanced personality=minero focus=eco actions_per_loop=1 ====
[13:18:30] planet 49: building queue full (5)
[13:18:30] research: blocked research_energy_technology (building_laboratory 0/1)
[2026-05-11 13:19:19] ==== loop 97/∞ | seed=884546805771057700 archetype=balanced personality=minero focus=eco actions_per_loop=1 ====
[13:19:20] planet 49: building queue full (5)
[13:19:20] research: blocked research_energy_technology (building_laboratory 0/1)
[2026-05-11 13:19:57] ==== loop 98/∞ | seed=884546805771057700 archetype=balanced personality=minero focus=eco actions_per_loop=1 ====
[13:19:58] planet 49: building queue full (5)
[13:19:58] research: blocked research_energy_technology (building_laboratory 0/1)
[2026-05-11 13:21:23] ==== loop 100/∞ | seed=884546805771057700 archetype=balanced personality=minero focus=eco actions_per_loop=1 ====
[13:21:24] planet 49: building queue full (5)
[13:21:24] research: blocked research_energy_technology (building_laboratory 0/1)
[2026-05-11 13:22:29] ==== loop 1/∞ | seed=884546805771057700 archetype=balanced personality=minero focus=eco actions_per_loop=1 ====
[13:22:30] planet 49: building queue full (5)
[2026-05-11 13:23:11] ==== loop 2/∞ | seed=884546805771057700 archetype=balanced personality=minero focus=eco actions_per_loop=1 ====
[13:23:12] planet 49: building queue full (5)
[13:23:12] research: blocked research_energy_technology (building_laboratory 0/1)
[2026-05-11 13:24:00] ==== loop 3/∞ | seed=884546805771057700 archetype=balanced personality=minero focus=eco actions_per_loop=1 ====
[13:24:01] planet 49: building queue full (5)
[13:24:01] research: blocked research_energy_technology (building_laboratory 0/1)
[2026-05-11 13:25:29] ==== loop 5/∞ | seed=884546805771057700 archetype=balanced personality=minero focus=eco actions_per_loop=1 ====
[13:25:30] planet 49: building queue full (5)
[13:25:30] research: blocked research_energy_technology (building_laboratory 0/1)
[2026-05-11 13:26:53] ==== loop 7/∞ | seed=884546805771057700 archetype=balanced personality=minero focus=eco actions_per_loop=1 ====
[13:26:53] planet 49: building queue full (5)
[13:26:53] research: blocked research_energy_technology (building_laboratory 0/1)
[2026-05-11 13:28:19] ==== loop 9/∞ | seed=884546805771057700 archetype=balanced personality=minero focus=eco actions_per_loop=1 ====
[13:28:20] planet 49: queued building_metal_mine to 22
[13:28:20] research: blocked research_energy_technology (building_laboratory 0/1)
[2026-05-11 13:30:18] ==== loop 12/∞ | seed=884546805771057700 archetype=balanced personality=minero focus=eco actions_per_loop=1 ====
[13:30:19] planet 49: building queue full (5)
[2026-05-11 13:31:02] ==== loop 13/∞ | seed=884546805771057700 archetype=balanced personality=minero focus=eco actions_per_loop=1 ====
[13:31:02] planet 49: building queue full (5)
[13:31:02] research: blocked research_energy_technology (building_laboratory 0/1)
[2026-05-11 13:31:46] ==== loop 14/∞ | seed=884546805771057700 archetype=balanced personality=minero focus=eco actions_per_loop=1 ====
[13:31:46] planet 49: building queue full (5)
[2026-05-11 13:32:29] ==== loop 15/∞ | seed=884546805771057700 archetype=balanced personality=minero focus=eco actions_per_loop=1 ====
[13:32:30] planet 49: building queue full (5)
[13:32:30] research: blocked research_energy_technology (building_laboratory 0/1)
[2026-05-11 13:33:16] ==== loop 16/∞ | seed=884546805771057700 archetype=balanced personality=minero focus=eco actions_per_loop=1 ====
[13:33:16] planet 49: building queue full (5)
[13:33:16] research: blocked research_energy_technology (building_laboratory 0/1)
[2026-05-11 13:34:04] ==== loop 17/∞ | seed=884546805771057700 archetype=balanced personality=minero focus=eco actions_per_loop=1 ====
[13:34:04] planet 49: building queue full (5)
[13:34:04] research: blocked research_energy_technology (building_laboratory 0/1)
[2026-05-11 13:34:49] ==== loop 18/∞ | seed=884546805771057700 archetype=balanced personality=minero focus=eco actions_per_loop=1 ====
[13:34:49] planet 49: building queue full (5)
[13:34:49] research: blocked research_energy_technology (building_laboratory 0/1)
[2026-05-11 13:35:37] ==== loop 19/∞ | seed=884546805771057700 archetype=balanced personality=minero focus=eco actions_per_loop=1 ====
[13:35:38] planet 49: building queue full (5)
[13:35:38] research: blocked research_energy_technology (building_laboratory 0/1)
[2026-05-11 13:36:27] ==== loop 20/∞ | seed=884546805771057700 archetype=balanced personality=minero focus=eco actions_per_loop=1 ====
[13:36:28] planet 49: building queue full (5)
[13:36:28] research: blocked research_energy_technology (building_laboratory 0/1)
[2026-05-11 13:37:14] ==== loop 21/∞ | seed=884546805771057700 archetype=balanced personality=minero focus=eco actions_per_loop=1 ====
[13:37:15] planet 49: building queue full (5)
[13:37:15] research: blocked research_energy_technology (building_laboratory 0/1)
[2026-05-11 13:38:02] ==== loop 22/∞ | seed=884546805771057700 archetype=balanced personality=minero focus=eco actions_per_loop=1 ====
[13:38:03] planet 49: building queue full (5)
[13:38:03] research: blocked research_energy_technology (building_laboratory 0/1)
[2026-05-11 13:38:50] ==== loop 23/∞ | seed=884546805771057700 archetype=balanced personality=minero focus=eco actions_per_loop=1 ====
[13:38:50] planet 49: building queue full (5)
[13:38:50] research: blocked research_energy_technology (building_laboratory 0/1)
[2026-05-11 13:39:37] ==== loop 24/∞ | seed=884546805771057700 archetype=balanced personality=minero focus=eco actions_per_loop=1 ====
[13:39:37] planet 49: building queue full (5)
[13:39:37] research: blocked research_energy_technology (building_laboratory 0/1)
[2026-05-11 13:42:03] ==== loop 27/∞ | seed=884546805771057700 archetype=balanced personality=minero focus=eco actions_per_loop=1 ====
[13:42:03] planet 49: queue busy, throttled building_hangar
[13:42:03] research: blocked research_energy_technology (building_laboratory 0/1)
[2026-05-11 13:42:42] ==== loop 28/∞ | seed=884546805771057700 archetype=balanced personality=minero focus=eco actions_per_loop=1 ====
[13:42:42] planet 49: queue busy, throttled building_hangar
[13:42:42] research: blocked research_energy_technology (building_laboratory 0/1)
[2026-05-11 13:43:26] ==== loop 29/∞ | seed=884546805771057700 archetype=balanced personality=minero focus=eco actions_per_loop=1 ====
[13:43:26] planet 49: queue busy, throttled building_hangar
[13:43:26] research: blocked research_energy_technology (building_laboratory 0/1)
[2026-05-11 13:44:10] ==== loop 30/∞ | seed=884546805771057700 archetype=balanced personality=minero focus=eco actions_per_loop=1 ====
[13:44:10] planet 49: queue busy, throttled building_hangar
[13:44:10] research: blocked research_energy_technology (building_laboratory 0/1)
[2026-05-11 13:45:45] ==== loop 32/∞ | seed=884546805771057700 archetype=balanced personality=minero focus=eco actions_per_loop=1 ====
[13:45:45] planet 49: queue busy, throttled building_hangar
[13:45:45] research: blocked research_energy_technology (building_laboratory 0/1)
[2026-05-11 13:46:31] ==== loop 33/∞ | seed=884546805771057700 archetype=balanced personality=minero focus=eco actions_per_loop=1 ====
[13:46:31] planet 49: queue busy, throttled building_hangar
[2026-05-11 13:47:14] ==== loop 34/∞ | seed=884546805771057700 archetype=balanced personality=minero focus=eco actions_per_loop=1 ====
[13:47:14] planet 49: queue busy, throttled building_hangar
[13:47:14] research: blocked research_energy_technology (building_laboratory 0/1)
[2026-05-11 13:47:59] ==== loop 35/∞ | seed=884546805771057700 archetype=balanced personality=minero focus=eco actions_per_loop=1 ====
[13:47:59] planet 49: queue busy, throttled building_hangar
[13:47:59] research: blocked research_energy_technology (building_laboratory 0/1)
[2026-05-11 13:48:50] ==== loop 36/∞ | seed=884546805771057700 archetype=balanced personality=minero focus=eco actions_per_loop=1 ====
[13:48:50] planet 49: queue busy, throttled building_hangar
[13:48:50] research: blocked research_energy_technology (building_laboratory 0/1)
[2026-05-11 13:49:37] ==== loop 37/∞ | seed=884546805771057700 archetype=balanced personality=minero focus=eco actions_per_loop=1 ====
[13:49:37] planet 49: queue busy, throttled building_hangar
[13:49:37] research: blocked research_energy_technology (building_laboratory 0/1)
[2026-05-11 13:50:22] ==== loop 38/∞ | seed=884546805771057700 archetype=balanced personality=minero focus=eco actions_per_loop=1 ====
[13:50:22] planet 49: queued building_deuterium_tank to 9
[2026-05-11 13:52:24] ==== loop 41/∞ | seed=884546805771057700 archetype=balanced personality=minero focus=eco actions_per_loop=1 ====
[13:52:24] planet 49: building queue full (5)
[2026-05-11 13:53:18] ==== loop 1/∞ | seed=884546805771057700 archetype=balanced personality=minero focus=eco actions_per_loop=1 ====
[13:53:18] planet 49: queued building_deuterium_tank to 10
[13:53:18] research: blocked research_energy_technology (building_laboratory 0/1)
[2026-05-11 13:54:02] ==== loop 2/∞ | seed=884546805771057700 archetype=balanced personality=minero focus=eco actions_per_loop=1 ====
[13:54:02] planet 49: building queue full (5)
[2026-05-11 13:54:43] ==== loop 3/∞ | seed=884546805771057700 archetype=balanced personality=minero focus=eco actions_per_loop=1 ====
[13:54:43] planet 49: building queue full (5)
[2026-05-11 13:55:28] ==== loop 4/∞ | seed=884546805771057700 archetype=balanced personality=minero focus=eco actions_per_loop=1 ====
[13:55:29] planet 49: building queue full (5)
[13:55:29] research: blocked research_energy_technology (building_laboratory 0/1)
[2026-05-11 13:56:16] ==== loop 5/∞ | seed=884546805771057700 archetype=balanced personality=minero focus=eco actions_per_loop=1 ====
[13:56:16] planet 49: building queue full (5)
[2026-05-11 13:57:39] ==== loop 7/∞ | seed=884546805771057700 archetype=balanced personality=minero focus=eco actions_per_loop=1 ====
[13:57:39] planet 49: building queue full (5)
[13:57:39] research: blocked research_energy_technology (building_laboratory 0/1)
[2026-05-11 13:58:18] ==== loop 8/∞ | seed=884546805771057700 archetype=balanced personality=minero focus=eco actions_per_loop=1 ====
[13:58:19] planet 49: building queue full (5)
[2026-05-11 13:59:46] ==== loop 10/∞ | seed=884546805771057700 archetype=balanced personality=minero focus=eco actions_per_loop=1 ====
[13:59:47] planet 49: building queue full (5)
[13:59:47] research: blocked research_energy_technology (building_laboratory 0/1)
[2026-05-11 14:00:20] ==== loop 11/∞ | seed=884546805771057700 archetype=balanced personality=minero focus=eco actions_per_loop=1 ====
[14:00:21] planet 49: building queue full (5)
[14:00:21] research: blocked research_energy_technology (building_laboratory 0/1)
[2026-05-11 14:01:00] ==== loop 12/∞ | seed=884546805771057700 archetype=balanced personality=minero focus=eco actions_per_loop=1 ====
[14:01:00] planet 49: building queue full (5)
[14:01:00] research: blocked research_energy_technology (building_laboratory 0/1)
[2026-05-11 14:02:56] ==== loop 15/∞ | seed=884546805771057700 archetype=balanced personality=minero focus=eco actions_per_loop=1 ====
[14:02:57] planet 49: building queue full (5)
[14:02:57] research: blocked research_energy_technology (building_laboratory 0/1)
[2026-05-11 14:03:36] ==== loop 16/∞ | seed=884546805771057700 archetype=balanced personality=minero focus=eco actions_per_loop=1 ====
[14:03:37] planet 49: building queue full (5)
[14:03:37] research: blocked research_energy_technology (building_laboratory 0/1)
[2026-05-11 14:04:16] ==== loop 17/∞ | seed=884546805771057700 archetype=balanced personality=minero focus=eco actions_per_loop=1 ====
[14:04:16] planet 49: building queue full (5)
[14:04:16] research: blocked research_energy_technology (building_laboratory 0/1)
[2026-05-11 14:05:28] ==== loop 19/∞ | seed=884546805771057700 archetype=balanced personality=minero focus=eco actions_per_loop=1 ====
[14:05:29] planet 49: building queue full (5)
[2026-05-11 14:06:09] ==== loop 20/∞ | seed=884546805771057700 archetype=balanced personality=minero focus=eco actions_per_loop=1 ====
[14:06:10] planet 49: building queue full (5)
[14:06:10] research: blocked research_energy_technology (building_laboratory 0/1)
[2026-05-11 14:07:22] ==== loop 22/∞ | seed=884546805771057700 archetype=balanced personality=minero focus=eco actions_per_loop=1 ====
[14:07:23] planet 49: building queue full (5)
[14:07:23] research: blocked research_energy_technology (building_laboratory 0/1)
[2026-05-11 14:07:58] ==== loop 23/∞ | seed=884546805771057700 archetype=balanced personality=minero focus=eco actions_per_loop=1 ====
[14:07:59] planet 49: building queue full (5)
[14:07:59] research: blocked research_energy_technology (building_laboratory 0/1)
[2026-05-11 14:08:39] ==== loop 24/∞ | seed=884546805771057700 archetype=balanced personality=minero focus=eco actions_per_loop=1 ====
[14:08:39] planet 49: building queue full (5)
[2026-05-11 14:09:51] ==== loop 26/∞ | seed=884546805771057700 archetype=balanced personality=minero focus=eco actions_per_loop=1 ====
[14:09:52] planet 49: queued building_deuterium_sintetizer to 25
[14:09:52] research: blocked research_energy_technology (building_laboratory 0/1)
[2026-05-11 14:10:28] ==== loop 27/∞ | seed=884546805771057700 archetype=balanced personality=minero focus=eco actions_per_loop=1 ====
[14:10:29] planet 49: queued defense_gauss_cannon +8
[14:10:29] research: blocked research_energy_technology (building_laboratory 0/1)
[2026-05-11 14:12:30] ==== loop 30/∞ | seed=884546805771057700 archetype=balanced personality=minero focus=eco actions_per_loop=1 ====
[14:12:31] planet 49: queued defense_gauss_cannon +8
[2026-05-11 14:13:12] ==== loop 31/∞ | seed=884546805771057700 archetype=balanced personality=minero focus=eco actions_per_loop=1 ====
[14:13:13] planet 49: queued defense_gauss_cannon +8
[2026-05-11 14:14:38] ==== loop 33/∞ | seed=884546805771057700 archetype=balanced personality=minero focus=eco actions_per_loop=1 ====
[14:14:38] planet 49: queued defense_gauss_cannon +8
[14:14:38] research: blocked research_energy_technology (building_laboratory 0/1)
[2026-05-11 14:15:19] ==== loop 34/∞ | seed=884546805771057700 archetype=balanced personality=minero focus=eco actions_per_loop=1 ====
[14:15:20] planet 49: queued defense_rocket_launcher +8
[2026-05-11 14:16:06] ==== loop 35/∞ | seed=884546805771057700 archetype=balanced personality=minero focus=eco actions_per_loop=1 ====
[14:16:06] planet 49: queued defense_rocket_launcher +8
[14:16:06] research: blocked research_energy_technology (building_laboratory 0/1)
[2026-05-11 14:16:43] ==== loop 36/∞ | seed=884546805771057700 archetype=balanced personality=minero focus=eco actions_per_loop=1 ====
[14:16:44] planet 49: queued defense_rocket_launcher +8
[14:16:44] research: blocked research_energy_technology (building_laboratory 0/1)
[2026-05-11 14:17:23] ==== loop 37/∞ | seed=884546805771057700 archetype=balanced personality=minero focus=eco actions_per_loop=1 ====
[14:17:24] planet 49: queued defense_rocket_launcher +8
[2026-05-11 14:18:02] ==== loop 38/∞ | seed=884546805771057700 archetype=balanced personality=minero focus=eco actions_per_loop=1 ====
[14:18:02] planet 49: queued defense_rocket_launcher +8
[2026-05-11 14:18:42] ==== loop 39/∞ | seed=884546805771057700 archetype=balanced personality=minero focus=eco actions_per_loop=1 ====
[14:18:42] planet 49: queued defense_rocket_launcher +8
[2026-05-11 14:19:22] ==== loop 40/∞ | seed=884546805771057700 archetype=balanced personality=minero focus=eco actions_per_loop=1 ====
[14:19:23] planet 49: queued defense_gauss_cannon +8
[2026-05-11 14:20:00] ==== loop 41/∞ | seed=884546805771057700 archetype=balanced personality=minero focus=eco actions_per_loop=1 ====
[14:20:00] planet 49: queue busy, throttled building_robot_factory
[14:20:00] research: blocked research_energy_technology (building_laboratory 0/1)
[2026-05-11 14:20:33] ==== loop 42/∞ | seed=884546805771057700 archetype=balanced personality=minero focus=eco actions_per_loop=1 ====
[14:20:33] planet 49: queue busy, throttled building_robot_factory
[14:20:33] research: blocked research_energy_technology (building_laboratory 0/1)
[2026-05-11 14:21:53] ==== loop 44/∞ | seed=884546805771057700 archetype=balanced personality=minero focus=eco actions_per_loop=1 ====
[14:21:53] planet 49: queue busy, throttled building_robot_factory
[14:21:53] research: blocked research_energy_technology (building_laboratory 0/1)
[2026-05-11 14:23:01] ==== loop 46/∞ | seed=884546805771057700 archetype=balanced personality=minero focus=eco actions_per_loop=1 ====
[14:23:01] planet 49: queue busy, throttled building_robot_factory
[14:23:01] research: blocked research_energy_technology (building_laboratory 0/1)
[2026-05-11 14:23:33] ==== loop 47/∞ | seed=884546805771057700 archetype=balanced personality=minero focus=eco actions_per_loop=1 ====
[14:23:33] planet 49: queue busy, throttled building_robot_factory
[2026-05-11 14:24:08] ==== loop 48/∞ | seed=884546805771057700 archetype=balanced personality=minero focus=eco actions_per_loop=1 ====
[14:24:08] planet 49: queue busy, throttled building_robot_factory
[2026-05-11 14:25:46] ==== loop 51/∞ | seed=884546805771057700 archetype=balanced personality=minero focus=eco actions_per_loop=1 ====
[14:25:46] planet 49: queue busy, throttled building_robot_factory
[2026-05-11 14:26:53] ==== loop 53/∞ | seed=884546805771057700 archetype=balanced personality=minero focus=eco actions_per_loop=1 ====
[14:26:53] planet 49: queue busy, throttled building_robot_factory
[2026-05-11 14:27:28] ==== loop 54/∞ | seed=884546805771057700 archetype=balanced personality=minero focus=eco actions_per_loop=1 ====
[14:27:28] planet 49: queue busy, throttled building_robot_factory
[14:27:28] research: blocked research_energy_technology (building_laboratory 0/1)
[2026-05-11 14:28:39] ==== loop 56/∞ | seed=884546805771057700 archetype=balanced personality=minero focus=eco actions_per_loop=1 ====
[14:28:39] planet 49: queue busy, throttled building_robot_factory
[2026-05-11 14:29:13] ==== loop 57/∞ | seed=884546805771057700 archetype=balanced personality=minero focus=eco actions_per_loop=1 ====
[14:29:13] planet 49: queue busy, throttled building_robot_factory
[2026-05-11 14:29:44] ==== loop 58/∞ | seed=884546805771057700 archetype=balanced personality=minero focus=eco actions_per_loop=1 ====
[14:29:45] planet 49: queue busy, throttled building_robot_factory
[14:29:45] research: blocked research_energy_technology (building_laboratory 0/1)
[2026-05-11 14:30:20] ==== loop 59/∞ | seed=884546805771057700 archetype=balanced personality=minero focus=eco actions_per_loop=1 ====
[14:30:21] planet 49: building queue full (5)
[14:30:21] research: blocked research_energy_technology (building_laboratory 0/1)
[2026-05-11 14:31:02] ==== loop 60/∞ | seed=884546805771057700 archetype=balanced personality=minero focus=eco actions_per_loop=1 ====
[14:31:02] planet 49: building queue full (5)
[2026-05-11 14:31:43] ==== loop 61/∞ | seed=884546805771057700 archetype=balanced personality=minero focus=eco actions_per_loop=1 ====
[14:31:44] planet 49: building queue full (5)
[2026-05-11 14:33:05] ==== loop 63/∞ | seed=884546805771057700 archetype=balanced personality=minero focus=eco actions_per_loop=1 ====
[14:33:06] planet 49: building queue full (5)
[14:33:06] research: blocked research_energy_technology (building_laboratory 0/1)
[2026-05-11 14:34:32] ==== loop 65/∞ | seed=884546805771057700 archetype=balanced personality=minero focus=eco actions_per_loop=1 ====
[14:34:32] planet 49: building queue full (5)
[14:34:32] research: blocked research_energy_technology (building_laboratory 0/1)
[2026-05-11 14:35:12] ==== loop 66/∞ | seed=884546805771057700 archetype=balanced personality=minero focus=eco actions_per_loop=1 ====
[14:35:13] planet 49: building queue full (5)
[14:35:13] research: blocked research_energy_technology (building_laboratory 0/1)
[2026-05-11 14:35:56] ==== loop 67/∞ | seed=884546805771057700 archetype=balanced personality=minero focus=eco actions_per_loop=1 ====
[14:35:56] planet 49: queued building_metal_mine to 23
[2026-05-11 14:36:40] ==== loop 68/∞ | seed=884546805771057700 archetype=balanced personality=minero focus=eco actions_per_loop=1 ====
[14:36:40] planet 49: building queue full (5)
[14:36:40] research: blocked research_energy_technology (building_laboratory 0/1)
[2026-05-11 14:37:17] ==== loop 69/∞ | seed=884546805771057700 archetype=balanced personality=minero focus=eco actions_per_loop=1 ====
[14:37:18] planet 49: building queue full (5)
[14:37:18] research: blocked research_energy_technology (building_laboratory 0/1)
[2026-05-11 14:38:02] ==== loop 70/∞ | seed=884546805771057700 archetype=balanced personality=minero focus=eco actions_per_loop=1 ====
[14:38:03] planet 49: building queue full (5)
[14:38:03] research: blocked research_energy_technology (building_laboratory 0/1)
[2026-05-11 14:38:45] ==== loop 71/∞ | seed=884546805771057700 archetype=balanced personality=minero focus=eco actions_per_loop=1 ====
[14:38:46] planet 49: building queue full (5)
[14:38:46] research: blocked research_energy_technology (building_laboratory 0/1)
[2026-05-11 14:39:29] ==== loop 72/∞ | seed=884546805771057700 archetype=balanced personality=minero focus=eco actions_per_loop=1 ====
[14:39:29] planet 49: building queue full (5)
[2026-05-11 14:40:12] ==== loop 73/∞ | seed=884546805771057700 archetype=balanced personality=minero focus=eco actions_per_loop=1 ====
[14:40:13] planet 49: building queue full (5)
[14:40:13] research: blocked research_energy_technology (building_laboratory 0/1)
[2026-05-11 14:40:56] ==== loop 74/∞ | seed=884546805771057700 archetype=balanced personality=minero focus=eco actions_per_loop=1 ====
[14:40:57] planet 49: building queue full (5)
[14:40:57] research: blocked research_energy_technology (building_laboratory 0/1)
[2026-05-11 14:41:44] ==== loop 75/∞ | seed=884546805771057700 archetype=balanced personality=minero focus=eco actions_per_loop=1 ====
[14:41:45] planet 49: building queue full (5)
[2026-05-11 14:42:27] ==== loop 76/∞ | seed=884546805771057700 archetype=balanced personality=minero focus=eco actions_per_loop=1 ====
[14:42:27] planet 49: building queue full (5)
[2026-05-11 14:43:09] ==== loop 77/∞ | seed=884546805771057700 archetype=balanced personality=minero focus=eco actions_per_loop=1 ====
[14:43:10] planet 49: building queue full (5)
[2026-05-11 14:44:28] ==== loop 79/∞ | seed=884546805771057700 archetype=balanced personality=minero focus=eco actions_per_loop=1 ====
[14:44:28] planet 49: building queue full (5)
[2026-05-11 14:45:10] ==== loop 80/∞ | seed=884546805771057700 archetype=balanced personality=minero focus=eco actions_per_loop=1 ====
[14:45:11] planet 49: building queue full (5)
[14:45:11] research: blocked research_energy_technology (building_laboratory 0/1)
