[2026-05-11 10:30:32] ==== loop 1/∞ | seed=1111733163699517065 archetype=balanced personality=cazador focus=eco actions_per_loop=1 ====
[10:30:33] planet 46: building queue full (5)
[10:30:33] research: blocked research_energy_technology (building_laboratory 0/1)
[2026-05-11 10:31:51] ==== loop 3/∞ | seed=1111733163699517065 archetype=balanced personality=cazador focus=eco actions_per_loop=1 ====
[10:31:51] planet 46: building queue full (5)
[10:31:51] research: blocked research_energy_technology (building_laboratory 0/1)
[2026-05-11 10:33:10] ==== loop 5/∞ | seed=1111733163699517065 archetype=balanced personality=cazador focus=eco actions_per_loop=1 ====
[10:33:11] planet 46: building queue full (5)
[10:33:11] research: blocked research_energy_technology (building_laboratory 0/1)
[2026-05-11 10:33:50] ==== loop 6/∞ | seed=1111733163699517065 archetype=balanced personality=cazador focus=eco actions_per_loop=1 ====
[10:33:51] planet 46: building queue full (5)
[10:33:51] research: blocked research_energy_technology (building_laboratory 0/1)
[2026-05-11 10:34:35] ==== loop 7/∞ | seed=1111733163699517065 archetype=balanced personality=cazador focus=eco actions_per_loop=1 ====
[10:34:35] planet 46: building queue full (5)
[2026-05-11 10:35:15] ==== loop 8/∞ | seed=1111733163699517065 archetype=balanced personality=cazador focus=eco actions_per_loop=1 ====
[10:35:15] planet 46: building queue full (5)
[10:35:15] research: blocked research_energy_technology (building_laboratory 0/1)
[2026-05-11 10:35:49] ==== loop 9/∞ | seed=1111733163699517065 archetype=balanced personality=cazador focus=eco actions_per_loop=1 ====
[10:35:49] planet 46: building queue full (5)
[2026-05-11 10:36:26] ==== loop 10/∞ | seed=1111733163699517065 archetype=balanced personality=cazador focus=eco actions_per_loop=1 ====
[10:36:27] planet 46: building queue full (5)
[10:36:27] research: blocked research_energy_technology (building_laboratory 0/1)
[2026-05-11 10:37:08] ==== loop 11/∞ | seed=1111733163699517065 archetype=balanced personality=cazador focus=eco actions_per_loop=1 ====
[10:37:10] planet 46: building queue full (5)
[10:37:10] research: blocked research_energy_technology (building_laboratory 0/1)
[2026-05-11 10:37:51] ==== loop 12/∞ | seed=1111733163699517065 archetype=balanced personality=cazador focus=eco actions_per_loop=1 ====
[10:37:52] planet 46: building queue full (5)
[2026-05-11 10:38:30] ==== loop 13/∞ | seed=1111733163699517065 archetype=balanced personality=cazador focus=eco actions_per_loop=1 ====
[10:38:31] planet 46: building queue full (5)
[10:38:31] research: blocked research_energy_technology (building_laboratory 0/1)
[2026-05-11 10:39:10] ==== loop 14/∞ | seed=1111733163699517065 archetype=balanced personality=cazador focus=eco actions_per_loop=1 ====
[10:39:11] planet 46: building queue full (5)
[2026-05-11 10:39:47] ==== loop 15/∞ | seed=1111733163699517065 archetype=balanced personality=cazador focus=eco actions_per_loop=1 ====
[10:39:49] planet 46: building queue full (5)
[10:39:49] research: blocked research_energy_technology (building_laboratory 0/1)
[2026-05-11 10:40:27] ==== loop 16/∞ | seed=1111733163699517065 archetype=balanced personality=cazador focus=eco actions_per_loop=1 ====
[10:40:27] planet 46: queued defense_heavy_laser +8
[2026-05-11 10:41:07] ==== loop 17/∞ | seed=1111733163699517065 archetype=balanced personality=cazador focus=eco actions_per_loop=1 ====
[10:41:08] planet 46: queued defense_heavy_laser +8
[2026-05-11 10:42:24] ==== loop 1/∞ | seed=1111733163699517065 archetype=balanced personality=cazador focus=eco actions_per_loop=1 ====
[10:42:24] planet 46: queued defense_heavy_laser +8
[2026-05-11 10:43:09] ==== loop 2/∞ | seed=1111733163699517065 archetype=balanced personality=cazador focus=eco actions_per_loop=1 ====
[10:43:10] planet 46: queued defense_heavy_laser +8
[10:43:10] research: blocked research_energy_technology (building_laboratory 0/1)
[2026-05-11 10:43:51] ==== loop 3/∞ | seed=1111733163699517065 archetype=balanced personality=cazador focus=eco actions_per_loop=1 ====
[10:43:52] planet 46: queued defense_heavy_laser +3
[10:43:52] research: blocked research_energy_technology (building_laboratory 0/1)
[2026-05-11 10:44:34] ==== loop 4/∞ | seed=1111733163699517065 archetype=balanced personality=cazador focus=eco actions_per_loop=1 ====
[10:44:34] planet 46: queued defense_plasma_turret +8
[10:44:34] research: blocked research_energy_technology (building_laboratory 0/1)
[2026-05-11 10:45:23] ==== loop 5/∞ | seed=1111733163699517065 archetype=balanced personality=cazador focus=eco actions_per_loop=1 ====
[10:45:23] planet 46: queued defense_plasma_turret +8
[10:45:23] research: blocked research_energy_technology (building_laboratory 0/1)
[2026-05-11 10:46:20] ==== loop 1/∞ | seed=1111733163699517065 archetype=balanced personality=cazador focus=eco actions_per_loop=1 ====
[10:46:21] planet 46: queued defense_plasma_turret +2
[10:46:21] research: blocked research_energy_technology (building_laboratory 0/1)
[2026-05-11 10:47:53] ==== loop 3/∞ | seed=1111733163699517065 archetype=balanced personality=cazador focus=eco actions_per_loop=1 ====
[10:47:54] planet 46: queued defense_rocket_launcher +8
[2026-05-11 10:48:37] ==== loop 4/∞ | seed=1111733163699517065 archetype=balanced personality=cazador focus=eco actions_per_loop=1 ====
[10:48:37] planet 46: queued defense_rocket_launcher +8
[2026-05-11 10:49:23] ==== loop 5/∞ | seed=1111733163699517065 archetype=balanced personality=cazador focus=eco actions_per_loop=1 ====
[10:49:25] planet 46: queued defense_rocket_launcher +8
[10:49:25] research: blocked research_energy_technology (building_laboratory 0/1)
[2026-05-11 10:50:08] ==== loop 6/∞ | seed=1111733163699517065 archetype=balanced personality=cazador focus=eco actions_per_loop=1 ====
[10:50:09] planet 46: building queue full (5)
[10:50:09] research: blocked research_energy_technology (building_laboratory 0/1)
[2026-05-11 10:50:57] ==== loop 7/∞ | seed=1111733163699517065 archetype=balanced personality=cazador focus=eco actions_per_loop=1 ====
[10:50:57] planet 46: building queue full (5)
[2026-05-11 10:51:38] ==== loop 8/∞ | seed=1111733163699517065 archetype=balanced personality=cazador focus=eco actions_per_loop=1 ====
[10:51:38] planet 46: building queue full (5)
[10:51:38] research: blocked research_energy_technology (building_laboratory 0/1)
[2026-05-11 10:52:19] ==== loop 9/∞ | seed=1111733163699517065 archetype=balanced personality=cazador focus=eco actions_per_loop=1 ====
[10:52:19] planet 46: building queue full (5)
[2026-05-11 10:52:59] ==== loop 10/∞ | seed=1111733163699517065 archetype=balanced personality=cazador focus=eco actions_per_loop=1 ====
[10:53:00] planet 46: building queue full (5)
[10:53:00] research: blocked research_energy_technology (building_laboratory 0/1)
[2026-05-11 10:53:39] ==== loop 11/∞ | seed=1111733163699517065 archetype=balanced personality=cazador focus=eco actions_per_loop=1 ====
[10:53:40] planet 46: building queue full (5)
[10:53:40] research: blocked research_energy_technology (building_laboratory 0/1)
[2026-05-11 10:54:29] ==== loop 12/∞ | seed=1111733163699517065 archetype=balanced personality=cazador focus=eco actions_per_loop=1 ====
[10:54:29] planet 46: building queue full (5)
[10:54:29] research: blocked research_energy_technology (building_laboratory 0/1)
[2026-05-11 10:55:58] ==== loop 14/∞ | seed=1111733163699517065 archetype=balanced personality=cazador focus=eco actions_per_loop=1 ====
[10:55:59] planet 46: building queue full (5)
[10:55:59] research: blocked research_energy_technology (building_laboratory 0/1)
[2026-05-11 10:56:42] ==== loop 15/∞ | seed=1111733163699517065 archetype=balanced personality=cazador focus=eco actions_per_loop=1 ====
[10:56:42] planet 46: building queue full (5)
[10:56:42] research: blocked research_energy_technology (building_laboratory 0/1)
[2026-05-11 10:57:25] ==== loop 16/∞ | seed=1111733163699517065 archetype=balanced personality=cazador focus=eco actions_per_loop=1 ====
[10:57:26] planet 46: building queue full (5)
[2026-05-11 10:58:11] ==== loop 17/∞ | seed=1111733163699517065 archetype=balanced personality=cazador focus=eco actions_per_loop=1 ====
[10:58:11] planet 46: building queue full (5)
[10:58:11] research: blocked research_energy_technology (building_laboratory 0/1)
[2026-05-11 10:58:52] ==== loop 18/∞ | seed=1111733163699517065 archetype=balanced personality=cazador focus=eco actions_per_loop=1 ====
[10:58:53] planet 46: building queue full (5)
[2026-05-11 10:59:37] ==== loop 19/∞ | seed=1111733163699517065 archetype=balanced personality=cazador focus=eco actions_per_loop=1 ====
[10:59:37] planet 46: building queue full (5)
[2026-05-11 11:00:19] ==== loop 20/∞ | seed=1111733163699517065 archetype=balanced personality=cazador focus=eco actions_per_loop=1 ====
[11:00:19] planet 46: building queue full (5)
[11:00:19] research: blocked research_energy_technology (building_laboratory 0/1)
[2026-05-11 11:01:06] ==== loop 21/∞ | seed=1111733163699517065 archetype=balanced personality=cazador focus=eco actions_per_loop=1 ====
[11:01:07] planet 46: building queue full (5)
[11:01:07] research: blocked research_energy_technology (building_laboratory 0/1)
[2026-05-11 11:02:39] ==== loop 23/∞ | seed=1111733163699517065 archetype=balanced personality=cazador focus=eco actions_per_loop=1 ====
[11:02:39] planet 46: building queue full (5)
[2026-05-11 11:03:18] ==== loop 24/∞ | seed=1111733163699517065 archetype=balanced personality=cazador focus=eco actions_per_loop=1 ====
[11:03:19] planet 46: building queue full (5)
[2026-05-11 11:04:40] ==== loop 26/∞ | seed=1111733163699517065 archetype=balanced personality=cazador focus=eco actions_per_loop=1 ====
[11:04:41] planet 46: building queue full (5)
[2026-05-11 11:05:23] ==== loop 27/∞ | seed=1111733163699517065 archetype=balanced personality=cazador focus=eco actions_per_loop=1 ====
[11:05:23] planet 46: building queue full (5)
[2026-05-11 11:06:08] ==== loop 28/∞ | seed=1111733163699517065 archetype=balanced personality=cazador focus=eco actions_per_loop=1 ====
[11:06:10] planet 46: building queue full (5)
[11:06:10] research: blocked research_energy_technology (building_laboratory 0/1)
[2026-05-11 11:06:49] ==== loop 29/∞ | seed=1111733163699517065 archetype=balanced personality=cazador focus=eco actions_per_loop=1 ====
[11:06:50] planet 46: building queue full (5)
[2026-05-11 11:07:35] ==== loop 30/∞ | seed=1111733163699517065 archetype=balanced personality=cazador focus=eco actions_per_loop=1 ====
[11:07:35] planet 46: building queue full (5)
[11:07:35] research: blocked research_energy_technology (building_laboratory 0/1)
[2026-05-11 11:08:16] ==== loop 31/∞ | seed=1111733163699517065 archetype=balanced personality=cazador focus=eco actions_per_loop=1 ====
[11:08:16] planet 46: building queue full (5)
[11:08:16] research: blocked research_energy_technology (building_laboratory 0/1)
[2026-05-11 11:08:58] ==== loop 32/∞ | seed=1111733163699517065 archetype=balanced personality=cazador focus=eco actions_per_loop=1 ====
[11:08:59] planet 46: building queue full (5)
[11:08:59] research: blocked research_energy_technology (building_laboratory 0/1)
[2026-05-11 11:09:44] ==== loop 33/∞ | seed=1111733163699517065 archetype=balanced personality=cazador focus=eco actions_per_loop=1 ====
[11:09:44] planet 46: building queue full (5)
[11:09:44] research: blocked research_energy_technology (building_laboratory 0/1)
[2026-05-11 11:10:33] ==== loop 34/∞ | seed=1111733163699517065 archetype=balanced personality=cazador focus=eco actions_per_loop=1 ====
[11:10:33] planet 46: building queue full (5)
[11:10:33] research: blocked research_energy_technology (building_laboratory 0/1)
[2026-05-11 11:11:18] ==== loop 35/∞ | seed=1111733163699517065 archetype=balanced personality=cazador focus=eco actions_per_loop=1 ====
[11:11:18] planet 46: building queue full (5)
[11:11:18] research: blocked research_energy_technology (building_laboratory 0/1)
[2026-05-11 11:12:05] ==== loop 36/∞ | seed=1111733163699517065 archetype=balanced personality=cazador focus=eco actions_per_loop=1 ====
[11:12:06] planet 46: building queue full (5)
[2026-05-11 11:12:52] ==== loop 37/∞ | seed=1111733163699517065 archetype=balanced personality=cazador focus=eco actions_per_loop=1 ====
[11:12:53] planet 46: building queue full (5)
[11:12:53] research: blocked research_energy_technology (building_laboratory 0/1)
[2026-05-11 11:13:35] ==== loop 38/∞ | seed=1111733163699517065 archetype=balanced personality=cazador focus=eco actions_per_loop=1 ====
[11:13:35] planet 46: building queue full (5)
[11:13:35] research: blocked research_energy_technology (building_laboratory 0/1)
[2026-05-11 11:14:24] ==== loop 39/∞ | seed=1111733163699517065 archetype=balanced personality=cazador focus=eco actions_per_loop=1 ====
[11:14:24] planet 46: building queue full (5)
[11:14:24] research: blocked research_energy_technology (building_laboratory 0/1)
[2026-05-11 11:15:11] ==== loop 40/∞ | seed=1111733163699517065 archetype=balanced personality=cazador focus=eco actions_per_loop=1 ====
[11:15:12] planet 46: building queue full (5)
[11:15:12] research: blocked research_energy_technology (building_laboratory 0/1)
[2026-05-11 11:15:49] ==== loop 41/∞ | seed=1111733163699517065 archetype=balanced personality=cazador focus=eco actions_per_loop=1 ====
[11:15:49] planet 46: building queue full (5)
[2026-05-11 11:16:34] ==== loop 42/∞ | seed=1111733163699517065 archetype=balanced personality=cazador focus=eco actions_per_loop=1 ====
[11:16:34] planet 46: building queue full (5)
[2026-05-11 11:17:15] ==== loop 43/∞ | seed=1111733163699517065 archetype=balanced personality=cazador focus=eco actions_per_loop=1 ====
[11:17:15] planet 46: building queue full (5)
[2026-05-11 11:18:00] ==== loop 44/∞ | seed=1111733163699517065 archetype=balanced personality=cazador focus=eco actions_per_loop=1 ====
[11:18:00] planet 46: building queue full (5)
[11:18:00] research: blocked research_energy_technology (building_laboratory 0/1)
[2026-05-11 11:18:48] ==== loop 45/∞ | seed=1111733163699517065 archetype=balanced personality=cazador focus=eco actions_per_loop=1 ====
[11:18:49] planet 46: building queue full (5)
[11:18:49] research: blocked research_energy_technology (building_laboratory 0/1)
[2026-05-11 11:19:39] ==== loop 46/∞ | seed=1111733163699517065 archetype=balanced personality=cazador focus=eco actions_per_loop=1 ====
[11:19:39] planet 46: building queue full (5)
[11:19:39] research: blocked research_energy_technology (building_laboratory 0/1)
[2026-05-11 11:20:19] ==== loop 47/∞ | seed=1111733163699517065 archetype=balanced personality=cazador focus=eco actions_per_loop=1 ====
[11:20:19] planet 46: building queue full (5)
[11:20:19] research: blocked research_energy_technology (building_laboratory 0/1)
[2026-05-11 11:20:56] ==== loop 48/∞ | seed=1111733163699517065 archetype=balanced personality=cazador focus=eco actions_per_loop=1 ====
[11:20:56] planet 46: building queue full (5)
[11:20:56] research: blocked research_energy_technology (building_laboratory 0/1)
[2026-05-11 11:21:33] ==== loop 49/∞ | seed=1111733163699517065 archetype=balanced personality=cazador focus=eco actions_per_loop=1 ====
[11:21:33] planet 46: building queue full (5)
[11:21:33] research: blocked research_energy_technology (building_laboratory 0/1)
[2026-05-11 11:22:06] ==== loop 50/∞ | seed=1111733163699517065 archetype=balanced personality=cazador focus=eco actions_per_loop=1 ====
[11:22:07] planet 46: building queue full (5)
[11:22:07] research: blocked research_energy_technology (building_laboratory 0/1)
[2026-05-11 11:22:45] ==== loop 51/∞ | seed=1111733163699517065 archetype=balanced personality=cazador focus=eco actions_per_loop=1 ====
[11:22:45] planet 46: building queue full (5)
[11:22:45] research: blocked research_energy_technology (building_laboratory 0/1)
[2026-05-11 11:23:22] ==== loop 52/∞ | seed=1111733163699517065 archetype=balanced personality=cazador focus=eco actions_per_loop=1 ====
[11:23:23] planet 46: building queue full (5)
[11:23:23] research: blocked research_energy_technology (building_laboratory 0/1)
[2026-05-11 11:24:01] ==== loop 53/∞ | seed=1111733163699517065 archetype=balanced personality=cazador focus=eco actions_per_loop=1 ====
[11:24:01] planet 46: building queue full (5)
[11:24:01] research: blocked research_energy_technology (building_laboratory 0/1)
[2026-05-11 11:24:39] ==== loop 54/∞ | seed=1111733163699517065 archetype=balanced personality=cazador focus=eco actions_per_loop=1 ====
[11:24:40] planet 46: building queue full (5)
[11:24:40] research: blocked research_energy_technology (building_laboratory 0/1)
[2026-05-11 11:25:14] ==== loop 55/∞ | seed=1111733163699517065 archetype=balanced personality=cazador focus=eco actions_per_loop=1 ====
[11:25:14] planet 46: building queue full (5)
[11:25:14] research: blocked research_energy_technology (building_laboratory 0/1)
[2026-05-11 11:25:49] ==== loop 56/∞ | seed=1111733163699517065 archetype=balanced personality=cazador focus=eco actions_per_loop=1 ====
[11:25:50] planet 46: building queue full (5)
[2026-05-11 11:27:01] ==== loop 58/∞ | seed=1111733163699517065 archetype=balanced personality=cazador focus=eco actions_per_loop=1 ====
[2026-05-11 11:27:33] ==== loop 1/∞ | seed=1111733163699517065 archetype=balanced personality=cazador focus=eco actions_per_loop=1 ====
[11:27:34] alliance: apply ally=1
[11:27:34] planet 46: building queue full (5)
[11:27:34] research: blocked research_energy_technology (building_laboratory 0/1)
[2026-05-11 11:28:12] ==== loop 2/∞ | seed=1111733163699517065 archetype=balanced personality=cazador focus=eco actions_per_loop=1 ====
[11:28:12] planet 46: building queue full (5)
[11:28:12] research: blocked research_energy_technology (building_laboratory 0/1)
[2026-05-11 11:28:48] ==== loop 3/∞ | seed=1111733163699517065 archetype=balanced personality=cazador focus=eco actions_per_loop=1 ====
[11:28:48] planet 46: building queue full (5)
[11:28:48] research: blocked research_energy_technology (building_laboratory 0/1)
[2026-05-11 11:29:24] ==== loop 4/∞ | seed=1111733163699517065 archetype=balanced personality=cazador focus=eco actions_per_loop=1 ====
[11:29:24] planet 46: building queue full (5)
[2026-05-11 11:29:57] ==== loop 5/∞ | seed=1111733163699517065 archetype=balanced personality=cazador focus=eco actions_per_loop=1 ====
[11:29:57] planet 46: building queue full (5)
[11:29:57] research: blocked research_energy_technology (building_laboratory 0/1)
[2026-05-11 11:30:40] ==== loop 6/∞ | seed=1111733163699517065 archetype=balanced personality=cazador focus=eco actions_per_loop=1 ====
[11:30:41] planet 46: building queue full (5)
[11:30:41] research: blocked research_energy_technology (building_laboratory 0/1)
[2026-05-11 11:31:29] ==== loop 7/∞ | seed=1111733163699517065 archetype=balanced personality=cazador focus=eco actions_per_loop=1 ====
[11:31:30] alliance: application cleared (rejected or cancelled) ally=1
[11:31:30] alliance: apply ally=3
[11:31:30] planet 46: building queue full (5)
[11:31:30] research: blocked research_energy_technology (building_laboratory 0/1)
[2026-05-11 11:32:22] ==== loop 8/∞ | seed=1111733163699517065 archetype=balanced personality=cazador focus=eco actions_per_loop=1 ====
[11:32:22] planet 46: building queue full (5)
[11:32:22] research: blocked research_energy_technology (building_laboratory 0/1)
[2026-05-11 11:33:09] ==== loop 9/∞ | seed=1111733163699517065 archetype=balanced personality=cazador focus=eco actions_per_loop=1 ====
[11:33:10] planet 46: building queue full (5)
[11:33:10] research: blocked research_energy_technology (building_laboratory 0/1)
[2026-05-11 11:33:56] ==== loop 10/∞ | seed=1111733163699517065 archetype=balanced personality=cazador focus=eco actions_per_loop=1 ====
[11:33:57] planet 46: building queue full (5)
[2026-05-11 11:35:19] ==== loop 1/∞ | seed=1111733163699517065 archetype=balanced personality=cazador focus=eco actions_per_loop=1 ====
[11:35:20] planet 46: building queue full (5)
[11:35:20] research: blocked research_energy_technology (building_laboratory 0/1)
[2026-05-11 11:36:05] ==== loop 2/∞ | seed=1111733163699517065 archetype=balanced personality=cazador focus=eco actions_per_loop=1 ====
[11:36:05] planet 46: building queue full (5)
[11:36:05] research: blocked research_energy_technology (building_laboratory 0/1)
[2026-05-11 11:36:53] ==== loop 3/∞ | seed=1111733163699517065 archetype=balanced personality=cazador focus=eco actions_per_loop=1 ====
[11:36:53] planet 46: building queue full (5)
[11:36:53] research: blocked research_energy_technology (building_laboratory 0/1)
[2026-05-11 11:37:48] ==== loop 1/∞ | seed=1111733163699517065 archetype=balanced personality=cazador focus=eco actions_per_loop=1 ====
[11:37:49] planet 46: building queue full (5)
[2026-05-11 11:38:36] ==== loop 2/∞ | seed=1111733163699517065 archetype=balanced personality=cazador focus=eco actions_per_loop=1 ====
[11:38:36] planet 46: building queue full (5)
[2026-05-11 11:39:24] ==== loop 3/∞ | seed=1111733163699517065 archetype=balanced personality=cazador focus=eco actions_per_loop=1 ====
[11:39:24] planet 46: building queue full (5)
[2026-05-11 11:40:08] ==== loop 4/∞ | seed=1111733163699517065 archetype=balanced personality=cazador focus=eco actions_per_loop=1 ====
[11:40:09] planet 46: building queue full (5)
[11:40:09] research: blocked research_energy_technology (building_laboratory 0/1)
[2026-05-11 11:40:55] ==== loop 5/∞ | seed=1111733163699517065 archetype=balanced personality=cazador focus=eco actions_per_loop=1 ====
[11:40:56] planet 46: building queue full (5)
[11:40:56] research: blocked research_energy_technology (building_laboratory 0/1)
[2026-05-11 11:41:38] ==== loop 6/∞ | seed=1111733163699517065 archetype=balanced personality=cazador focus=eco actions_per_loop=1 ====
[11:41:39] planet 46: building queue full (5)
[11:41:39] research: blocked research_energy_technology (building_laboratory 0/1)
[2026-05-11 11:42:52] ==== loop 1/∞ | seed=1111733163699517065 archetype=balanced personality=cazador focus=eco actions_per_loop=1 ====
[11:42:53] planet 46: building queue full (5)
[2026-05-11 11:43:35] ==== loop 2/∞ | seed=1111733163699517065 archetype=balanced personality=cazador focus=eco actions_per_loop=1 ====
[11:43:36] planet 46: building queue full (5)
[11:43:36] research: blocked research_energy_technology (building_laboratory 0/1)
[2026-05-11 11:44:22] ==== loop 3/∞ | seed=1111733163699517065 archetype=balanced personality=cazador focus=eco actions_per_loop=1 ====
[11:44:23] planet 46: building queue full (5)
[11:44:23] research: blocked research_energy_technology (building_laboratory 0/1)
[2026-05-11 11:45:27] ==== loop 1/∞ | seed=1111733163699517065 archetype=balanced personality=cazador focus=eco actions_per_loop=1 ====
[11:45:27] planet 46: building queue full (5)
[2026-05-11 11:46:10] ==== loop 2/∞ | seed=1111733163699517065 archetype=balanced personality=cazador focus=eco actions_per_loop=1 ====
[11:46:10] alliance: application cleared (rejected or cancelled) ally=3
[11:46:10] planet 46: building queue full (5)
[11:46:10] research: blocked research_energy_technology (building_laboratory 0/1)
[2026-05-11 11:46:48] ==== loop 3/∞ | seed=1111733163699517065 archetype=balanced personality=cazador focus=eco actions_per_loop=1 ====
[11:46:49] alliance: apply ally=6
[11:46:49] planet 46: building queue full (5)
[11:46:49] research: blocked research_energy_technology (building_laboratory 0/1)
[2026-05-11 11:47:28] ==== loop 4/∞ | seed=1111733163699517065 archetype=balanced personality=cazador focus=eco actions_per_loop=1 ====
[11:47:28] planet 46: building queue full (5)
[11:47:28] research: blocked research_energy_technology (building_laboratory 0/1)
[2026-05-11 11:48:07] ==== loop 5/∞ | seed=1111733163699517065 archetype=balanced personality=cazador focus=eco actions_per_loop=1 ====
[11:48:07] alliance: joined ally=6
[11:48:07] planet 46: building queue full (5)
[11:48:07] research: blocked research_energy_technology (building_laboratory 0/1)
[2026-05-11 11:48:48] ==== loop 6/∞ | seed=1111733163699517065 archetype=balanced personality=cazador focus=eco actions_per_loop=1 ====
[11:48:48] planet 46: building queue full (5)
[11:48:48] research: blocked research_energy_technology (building_laboratory 0/1)
[2026-05-11 11:49:26] ==== loop 7/∞ | seed=1111733163699517065 archetype=balanced personality=cazador focus=eco actions_per_loop=1 ====
[11:49:27] planet 46: building queue full (5)
[11:49:27] research: blocked research_energy_technology (building_laboratory 0/1)
[2026-05-11 11:50:08] ==== loop 8/∞ | seed=1111733163699517065 archetype=balanced personality=cazador focus=eco actions_per_loop=1 ====
[11:50:09] planet 46: building queue full (5)
[11:50:09] research: blocked research_energy_technology (building_laboratory 0/1)
[2026-05-11 11:50:44] ==== loop 9/∞ | seed=1111733163699517065 archetype=balanced personality=cazador focus=eco actions_per_loop=1 ====
[11:50:44] planet 46: building queue full (5)
[2026-05-11 11:51:30] ==== loop 10/∞ | seed=1111733163699517065 archetype=balanced personality=cazador focus=eco actions_per_loop=1 ====
[11:51:31] planet 46: building queue full (5)
[2026-05-11 11:52:15] ==== loop 11/∞ | seed=1111733163699517065 archetype=balanced personality=cazador focus=eco actions_per_loop=1 ====
[11:52:16] planet 46: building queue full (5)
[11:52:16] research: blocked research_energy_technology (building_laboratory 0/1)
[2026-05-11 11:52:58] ==== loop 12/∞ | seed=1111733163699517065 archetype=balanced personality=cazador focus=eco actions_per_loop=1 ====
[11:52:59] planet 46: queued ship_solar_satellite +12
[2026-05-11 11:53:38] ==== loop 13/∞ | seed=1111733163699517065 archetype=balanced personality=cazador focus=eco actions_per_loop=1 ====
[11:53:39] planet 46: queued building_crystal_store to 10
[2026-05-11 11:54:17] ==== loop 14/∞ | seed=1111733163699517065 archetype=balanced personality=cazador focus=eco actions_per_loop=1 ====
[11:54:18] planet 46: building queue full (5)
[2026-05-11 11:55:04] ==== loop 15/∞ | seed=1111733163699517065 archetype=balanced personality=cazador focus=eco actions_per_loop=1 ====
[11:55:04] planet 46: building queue full (5)
[11:55:04] research: blocked research_energy_technology (building_laboratory 0/1)
[2026-05-11 11:55:49] ==== loop 16/∞ | seed=1111733163699517065 archetype=balanced personality=cazador focus=eco actions_per_loop=1 ====
[11:55:50] planet 46: building queue full (5)
[11:55:50] research: blocked research_energy_technology (building_laboratory 0/1)
[2026-05-11 11:56:32] ==== loop 17/∞ | seed=1111733163699517065 archetype=balanced personality=cazador focus=eco actions_per_loop=1 ====
[11:56:33] planet 46: building queue full (5)
[11:56:33] research: blocked research_energy_technology (building_laboratory 0/1)
[2026-05-11 11:57:11] ==== loop 18/∞ | seed=1111733163699517065 archetype=balanced personality=cazador focus=eco actions_per_loop=1 ====
[11:57:12] planet 46: building queue full (5)
[2026-05-11 11:57:58] ==== loop 19/∞ | seed=1111733163699517065 archetype=balanced personality=cazador focus=eco actions_per_loop=1 ====
[11:57:58] planet 46: building queue full (5)
[2026-05-11 11:58:39] ==== loop 20/∞ | seed=1111733163699517065 archetype=balanced personality=cazador focus=eco actions_per_loop=1 ====
[11:58:40] planet 46: building queue full (5)
[2026-05-11 11:59:23] ==== loop 21/∞ | seed=1111733163699517065 archetype=balanced personality=cazador focus=eco actions_per_loop=1 ====
[11:59:24] planet 46: building queue full (5)
[11:59:24] research: blocked research_energy_technology (building_laboratory 0/1)
[2026-05-11 12:00:12] ==== loop 22/∞ | seed=1111733163699517065 archetype=balanced personality=cazador focus=eco actions_per_loop=1 ====
[12:00:12] planet 46: building queue full (5)
[12:00:12] research: blocked research_energy_technology (building_laboratory 0/1)
[2026-05-11 12:00:58] ==== loop 23/∞ | seed=1111733163699517065 archetype=balanced personality=cazador focus=eco actions_per_loop=1 ====
[12:00:59] planet 46: building queue full (5)
[12:00:59] research: blocked research_energy_technology (building_laboratory 0/1)
[2026-05-11 12:01:39] ==== loop 24/∞ | seed=1111733163699517065 archetype=balanced personality=cazador focus=eco actions_per_loop=1 ====
[12:01:39] planet 46: building queue full (5)
[2026-05-11 12:02:23] ==== loop 25/∞ | seed=1111733163699517065 archetype=balanced personality=cazador focus=eco actions_per_loop=1 ====
[12:02:23] planet 46: building queue full (5)
[2026-05-11 12:03:00] ==== loop 26/∞ | seed=1111733163699517065 archetype=balanced personality=cazador focus=eco actions_per_loop=1 ====
[12:03:01] planet 46: building queue full (5)
[12:03:01] research: blocked research_energy_technology (building_laboratory 0/1)
[2026-05-11 12:03:40] ==== loop 27/∞ | seed=1111733163699517065 archetype=balanced personality=cazador focus=eco actions_per_loop=1 ====
[12:03:41] planet 46: building queue full (5)
[12:03:41] research: blocked research_energy_technology (building_laboratory 0/1)
[2026-05-11 12:04:17] ==== loop 28/∞ | seed=1111733163699517065 archetype=balanced personality=cazador focus=eco actions_per_loop=1 ====
[12:04:17] planet 46: building queue full (5)
[2026-05-11 12:05:00] ==== loop 29/∞ | seed=1111733163699517065 archetype=balanced personality=cazador focus=eco actions_per_loop=1 ====
[12:05:01] planet 46: building queue full (5)
[2026-05-11 12:05:44] ==== loop 30/∞ | seed=1111733163699517065 archetype=balanced personality=cazador focus=eco actions_per_loop=1 ====
[12:05:45] planet 46: building queue full (5)
[2026-05-11 12:06:29] ==== loop 31/∞ | seed=1111733163699517065 archetype=balanced personality=cazador focus=eco actions_per_loop=1 ====
[12:06:30] planet 46: building queue full (5)
[2026-05-11 12:07:12] ==== loop 32/∞ | seed=1111733163699517065 archetype=balanced personality=cazador focus=eco actions_per_loop=1 ====
[12:07:12] planet 46: building queue full (5)
[2026-05-11 12:07:56] ==== loop 33/∞ | seed=1111733163699517065 archetype=balanced personality=cazador focus=eco actions_per_loop=1 ====
[12:07:56] planet 46: building queue full (5)
[12:07:56] research: blocked research_energy_technology (building_laboratory 0/1)
[2026-05-11 12:08:40] ==== loop 34/∞ | seed=1111733163699517065 archetype=balanced personality=cazador focus=eco actions_per_loop=1 ====
[12:08:41] planet 46: building queue full (5)
[12:08:41] research: blocked research_energy_technology (building_laboratory 0/1)
[2026-05-11 12:09:20] ==== loop 35/∞ | seed=1111733163699517065 archetype=balanced personality=cazador focus=eco actions_per_loop=1 ====
[12:09:21] planet 46: building queue full (5)
[2026-05-11 12:10:08] ==== loop 36/∞ | seed=1111733163699517065 archetype=balanced personality=cazador focus=eco actions_per_loop=1 ====
[12:10:08] planet 46: queued building_crystal_mine to 21
[12:10:08] research: blocked research_energy_technology (building_laboratory 0/1)
[2026-05-11 12:10:50] ==== loop 37/∞ | seed=1111733163699517065 archetype=balanced personality=cazador focus=eco actions_per_loop=1 ====
[12:10:51] planet 46: building queue full (5)
[12:10:51] research: blocked research_energy_technology (building_laboratory 0/1)
[2026-05-11 12:11:46] ==== loop 1/∞ | seed=1111733163699517065 archetype=balanced personality=cazador focus=eco actions_per_loop=1 ====
[12:11:47] planet 46: building queue full (5)
[12:11:47] research: blocked research_energy_technology (building_laboratory 0/1)
[2026-05-11 12:12:26] ==== loop 2/∞ | seed=1111733163699517065 archetype=balanced personality=cazador focus=eco actions_per_loop=1 ====
[12:12:28] planet 46: building queue full (5)
[2026-05-11 12:13:06] ==== loop 1/∞ | seed=1111733163699517065 archetype=balanced personality=cazador focus=eco actions_per_loop=1 ====
[12:13:08] planet 46: building queue full (5)
[12:13:08] research: blocked research_energy_technology (building_laboratory 0/1)
[2026-05-11 12:13:44] ==== loop 2/∞ | seed=1111733163699517065 archetype=balanced personality=cazador focus=eco actions_per_loop=1 ====
[12:13:45] planet 46: building queue full (5)
[12:13:45] research: blocked research_energy_technology (building_laboratory 0/1)
[2026-05-11 12:14:17] ==== loop 3/∞ | seed=1111733163699517065 archetype=balanced personality=cazador focus=eco actions_per_loop=1 ====
[12:14:17] planet 46: building queue full (5)
[2026-05-11 12:14:53] ==== loop 4/∞ | seed=1111733163699517065 archetype=balanced personality=cazador focus=eco actions_per_loop=1 ====
[12:14:54] planet 46: building queue full (5)
[12:14:54] research: blocked research_energy_technology (building_laboratory 0/1)
[2026-05-11 12:15:57] ==== loop 1/∞ | seed=1111733163699517065 archetype=balanced personality=cazador focus=mil actions_per_loop=1 ====
[12:15:57] planet 46: building queue full (5)
[12:15:57] research: blocked research_energy_technology (building_laboratory 0/1)
[2026-05-11 12:16:38] ==== loop 2/∞ | seed=1111733163699517065 archetype=balanced personality=cazador focus=mil actions_per_loop=1 ====
[12:16:38] planet 46: building queue full (5)
[12:16:38] research: blocked research_energy_technology (building_laboratory 0/1)
[2026-05-11 12:17:18] ==== loop 1/∞ | seed=1111733163699517065 archetype=balanced personality=cazador focus=mil actions_per_loop=1 ====
[12:17:18] planet 46: building queue full (5)
[2026-05-11 12:18:36] ==== loop 3/∞ | seed=1111733163699517065 archetype=balanced personality=cazador focus=mil actions_per_loop=1 ====
[12:18:37] planet 46: queued building_metal_store to 13
[12:18:37] research: blocked research_energy_technology (building_laboratory 0/1)
[2026-05-11 12:19:15] ==== loop 4/∞ | seed=1111733163699517065 archetype=balanced personality=cazador focus=mil actions_per_loop=1 ====
[12:19:16] planet 46: building queue full (5)
[12:19:16] research: blocked research_energy_technology (building_laboratory 0/1)
[2026-05-11 12:19:53] ==== loop 5/∞ | seed=1111733163699517065 archetype=balanced personality=cazador focus=mil actions_per_loop=1 ====
[12:19:54] planet 46: building queue full (5)
[2026-05-11 12:20:32] ==== loop 6/∞ | seed=1111733163699517065 archetype=balanced personality=cazador focus=mil actions_per_loop=1 ====
[12:20:32] planet 46: queue busy, throttled building_robot_factory
[12:20:32] research: blocked research_energy_technology (building_laboratory 0/1)
[2026-05-11 12:21:04] ==== loop 7/∞ | seed=1111733163699517065 archetype=balanced personality=cazador focus=mil actions_per_loop=1 ====
[12:21:04] planet 46: queue busy, throttled building_robot_factory
[2026-05-11 12:21:41] ==== loop 8/∞ | seed=1111733163699517065 archetype=balanced personality=cazador focus=mil actions_per_loop=1 ====
[12:21:41] planet 46: queue busy, throttled building_robot_factory
[12:21:41] research: blocked research_energy_technology (building_laboratory 0/1)
[2026-05-11 12:22:19] ==== loop 9/∞ | seed=1111733163699517065 archetype=balanced personality=cazador focus=mil actions_per_loop=1 ====
[12:22:19] planet 46: queue busy, throttled building_robot_factory
[2026-05-11 12:22:55] ==== loop 10/∞ | seed=1111733163699517065 archetype=balanced personality=cazador focus=mil actions_per_loop=1 ====
[12:22:55] planet 46: queue busy, throttled building_robot_factory
[12:22:55] research: blocked research_energy_technology (building_laboratory 0/1)
[2026-05-11 12:23:29] ==== loop 11/∞ | seed=1111733163699517065 archetype=balanced personality=cazador focus=mil actions_per_loop=1 ====
[12:23:29] planet 46: queue busy, throttled building_robot_factory
[12:23:29] research: blocked research_energy_technology (building_laboratory 0/1)
[2026-05-11 12:24:08] ==== loop 12/∞ | seed=1111733163699517065 archetype=balanced personality=cazador focus=mil actions_per_loop=1 ====
[12:24:08] planet 46: queue busy, throttled building_robot_factory
[2026-05-11 12:24:41] ==== loop 13/∞ | seed=1111733163699517065 archetype=balanced personality=cazador focus=mil actions_per_loop=1 ====
[12:24:41] planet 46: queue busy, throttled building_robot_factory
[2026-05-11 12:25:59] ==== loop 15/∞ | seed=1111733163699517065 archetype=balanced personality=cazador focus=mil actions_per_loop=1 ====
[12:25:59] planet 46: queue busy, throttled building_robot_factory
[2026-05-11 12:26:36] ==== loop 16/∞ | seed=1111733163699517065 archetype=balanced personality=cazador focus=mil actions_per_loop=1 ====
[12:26:36] planet 46: queue busy, throttled building_robot_factory
[12:26:36] research: blocked research_energy_technology (building_laboratory 0/1)
[2026-05-11 12:27:12] ==== loop 17/∞ | seed=1111733163699517065 archetype=balanced personality=cazador focus=mil actions_per_loop=1 ====
[12:27:12] planet 46: queue busy, throttled building_robot_factory
[2026-05-11 12:28:30] ==== loop 19/∞ | seed=1111733163699517065 archetype=balanced personality=cazador focus=mil actions_per_loop=1 ====
[12:28:30] planet 46: queue busy, throttled building_robot_factory
[2026-05-11 12:29:11] ==== loop 20/∞ | seed=1111733163699517065 archetype=balanced personality=cazador focus=mil actions_per_loop=1 ====
[12:29:11] planet 46: queue busy, throttled building_robot_factory
[12:29:11] research: blocked research_energy_technology (building_laboratory 0/1)
[2026-05-11 12:29:52] ==== loop 21/∞ | seed=1111733163699517065 archetype=balanced personality=cazador focus=mil actions_per_loop=1 ====
[12:29:52] planet 46: queue busy, throttled building_robot_factory
[2026-05-11 12:30:32] ==== loop 22/∞ | seed=1111733163699517065 archetype=balanced personality=cazador focus=mil actions_per_loop=1 ====
[12:30:32] planet 46: queued ship_light_fighter +5
[2026-05-11 12:31:17] ==== loop 23/∞ | seed=1111733163699517065 archetype=balanced personality=cazador focus=mil actions_per_loop=1 ====
[12:31:17] planet 46: queued ship_light_fighter +5
[12:31:17] research: blocked research_energy_technology (building_laboratory 0/1)
[2026-05-11 12:32:02] ==== loop 24/∞ | seed=1111733163699517065 archetype=balanced personality=cazador focus=mil actions_per_loop=1 ====
[12:32:04] planet 46: queued ship_light_fighter +5
[12:32:04] research: blocked research_energy_technology (building_laboratory 0/1)
[2026-05-11 12:32:47] ==== loop 25/∞ | seed=1111733163699517065 archetype=balanced personality=cazador focus=mil actions_per_loop=1 ====
[12:32:48] planet 46: queued ship_light_fighter +5
[12:32:48] research: blocked research_energy_technology (building_laboratory 0/1)
[2026-05-11 12:33:33] ==== loop 26/∞ | seed=1111733163699517065 archetype=balanced personality=cazador focus=mil actions_per_loop=1 ====
[12:33:33] planet 46: queued ship_light_fighter +5
[12:33:33] research: blocked research_energy_technology (building_laboratory 0/1)
[2026-05-11 12:34:16] ==== loop 27/∞ | seed=1111733163699517065 archetype=balanced personality=cazador focus=mil actions_per_loop=1 ====
[12:34:16] planet 46: queued ship_light_fighter +5
[12:34:16] research: blocked research_energy_technology (building_laboratory 0/1)
[2026-05-11 12:35:00] ==== loop 28/∞ | seed=1111733163699517065 archetype=balanced personality=cazador focus=mil actions_per_loop=1 ====
[12:35:01] planet 46: queued ship_light_fighter +5
[12:35:01] research: blocked research_energy_technology (building_laboratory 0/1)
[2026-05-11 12:35:44] ==== loop 29/∞ | seed=1111733163699517065 archetype=balanced personality=cazador focus=mil actions_per_loop=1 ====
[12:35:44] planet 46: queued ship_light_fighter +5
[2026-05-11 12:36:31] ==== loop 30/∞ | seed=1111733163699517065 archetype=balanced personality=cazador focus=mil actions_per_loop=1 ====
[12:36:31] planet 46: queued ship_light_fighter +5
[12:36:31] research: blocked research_energy_technology (building_laboratory 0/1)
[2026-05-11 12:37:14] ==== loop 31/∞ | seed=1111733163699517065 archetype=balanced personality=cazador focus=mil actions_per_loop=1 ====
[12:37:15] planet 46: queued ship_light_fighter +5
[12:37:15] research: blocked research_energy_technology (building_laboratory 0/1)
[2026-05-11 12:37:57] ==== loop 32/∞ | seed=1111733163699517065 archetype=balanced personality=cazador focus=mil actions_per_loop=1 ====
[12:37:57] planet 46: queued ship_light_fighter +5
[12:37:57] research: blocked research_energy_technology (building_laboratory 0/1)
[2026-05-11 12:38:41] ==== loop 33/∞ | seed=1111733163699517065 archetype=balanced personality=cazador focus=mil actions_per_loop=1 ====
[12:38:42] planet 46: queued ship_light_fighter +5
[12:38:42] research: blocked research_energy_technology (building_laboratory 0/1)
[2026-05-11 12:39:26] ==== loop 34/∞ | seed=1111733163699517065 archetype=balanced personality=cazador focus=mil actions_per_loop=1 ====
[12:39:27] planet 46: queued ship_light_fighter +5
[12:39:27] research: blocked research_energy_technology (building_laboratory 0/1)
[2026-05-11 12:40:07] ==== loop 35/∞ | seed=1111733163699517065 archetype=balanced personality=cazador focus=mil actions_per_loop=1 ====
[12:40:07] planet 46: building queue full (5)
[12:40:07] research: blocked research_energy_technology (building_laboratory 0/1)
[2026-05-11 12:40:46] ==== loop 36/∞ | seed=1111733163699517065 archetype=balanced personality=cazador focus=mil actions_per_loop=1 ====
[12:40:47] planet 46: building queue full (5)
[2026-05-11 12:41:22] ==== loop 37/∞ | seed=1111733163699517065 archetype=balanced personality=cazador focus=mil actions_per_loop=1 ====
[12:41:23] planet 46: building queue full (5)
[2026-05-11 12:41:57] ==== loop 38/∞ | seed=1111733163699517065 archetype=balanced personality=cazador focus=mil actions_per_loop=1 ====
[12:41:58] planet 46: building queue full (5)
[12:41:58] research: blocked research_energy_technology (building_laboratory 0/1)
[2026-05-11 12:42:39] ==== loop 39/∞ | seed=1111733163699517065 archetype=balanced personality=cazador focus=mil actions_per_loop=1 ====
[12:42:40] planet 46: building queue full (5)
[2026-05-11 12:43:14] ==== loop 40/∞ | seed=1111733163699517065 archetype=balanced personality=cazador focus=mil actions_per_loop=1 ====
[12:43:14] planet 46: building queue full (5)
[12:43:14] research: blocked research_energy_technology (building_laboratory 0/1)
[2026-05-11 12:43:52] ==== loop 41/∞ | seed=1111733163699517065 archetype=balanced personality=cazador focus=mil actions_per_loop=1 ====
[12:43:52] planet 46: building queue full (5)
[12:43:52] research: blocked research_energy_technology (building_laboratory 0/1)
[2026-05-11 12:44:33] ==== loop 42/∞ | seed=1111733163699517065 archetype=balanced personality=cazador focus=mil actions_per_loop=1 ====
[12:44:34] planet 46: building queue full (5)
[12:44:34] research: blocked research_energy_technology (building_laboratory 0/1)
[2026-05-11 12:45:09] ==== loop 43/∞ | seed=1111733163699517065 archetype=balanced personality=cazador focus=mil actions_per_loop=1 ====
[12:45:09] planet 46: building queue full (5)
[2026-05-11 12:45:46] ==== loop 44/∞ | seed=1111733163699517065 archetype=balanced personality=cazador focus=mil actions_per_loop=1 ====
[12:45:46] planet 46: building queue full (5)
[12:45:46] research: blocked research_energy_technology (building_laboratory 0/1)
[2026-05-11 12:46:23] ==== loop 45/∞ | seed=1111733163699517065 archetype=balanced personality=cazador focus=mil actions_per_loop=1 ====
[12:46:24] planet 46: building queue full (5)
[12:46:24] research: blocked research_energy_technology (building_laboratory 0/1)
[2026-05-11 12:47:01] ==== loop 46/∞ | seed=1111733163699517065 archetype=balanced personality=cazador focus=mil actions_per_loop=1 ====
[12:47:02] planet 46: building queue full (5)
[12:47:02] research: blocked research_energy_technology (building_laboratory 0/1)
[2026-05-11 12:47:36] ==== loop 47/∞ | seed=1111733163699517065 archetype=balanced personality=cazador focus=mil actions_per_loop=1 ====
[12:47:37] planet 46: building queue full (5)
[12:47:37] research: blocked research_energy_technology (building_laboratory 0/1)
[2026-05-11 12:48:11] ==== loop 48/∞ | seed=1111733163699517065 archetype=balanced personality=cazador focus=mil actions_per_loop=1 ====
[12:48:11] planet 46: building queue full (5)
[2026-05-11 12:48:48] ==== loop 49/∞ | seed=1111733163699517065 archetype=balanced personality=cazador focus=mil actions_per_loop=1 ====
[12:48:48] planet 46: building queue full (5)
[12:48:48] research: blocked research_energy_technology (building_laboratory 0/1)
[2026-05-11 12:49:23] ==== loop 50/∞ | seed=1111733163699517065 archetype=balanced personality=cazador focus=mil actions_per_loop=1 ====
[12:49:25] planet 46: building queue full (5)
[2026-05-11 12:50:07] ==== loop 51/∞ | seed=1111733163699517065 archetype=balanced personality=cazador focus=mil actions_per_loop=1 ====
[12:50:08] planet 46: building queue full (5)
[2026-05-11 12:50:45] ==== loop 52/∞ | seed=1111733163699517065 archetype=balanced personality=cazador focus=mil actions_per_loop=1 ====
[12:50:46] planet 46: building queue full (5)
[2026-05-11 12:52:32] ==== loop 55/∞ | seed=1111733163699517065 archetype=balanced personality=cazador focus=mil actions_per_loop=1 ====
[12:52:33] planet 46: queued building_metal_mine to 30
[2026-05-11 12:53:12] ==== loop 56/∞ | seed=1111733163699517065 archetype=balanced personality=cazador focus=mil actions_per_loop=1 ====
[12:53:12] planet 46: building queue full (5)
[12:53:12] research: blocked research_energy_technology (building_laboratory 0/1)
[2026-05-11 12:53:43] ==== loop 57/∞ | seed=1111733163699517065 archetype=balanced personality=cazador focus=mil actions_per_loop=1 ====
[12:53:43] planet 46: building queue full (5)
[12:53:43] research: blocked research_energy_technology (building_laboratory 0/1)
[2026-05-11 12:54:19] ==== loop 58/∞ | seed=1111733163699517065 archetype=balanced personality=cazador focus=mil actions_per_loop=1 ====
[12:54:19] planet 46: building queue full (5)
[2026-05-11 12:54:54] ==== loop 59/∞ | seed=1111733163699517065 archetype=balanced personality=cazador focus=mil actions_per_loop=1 ====
[12:54:54] planet 46: building queue full (5)
[12:54:54] research: blocked research_energy_technology (building_laboratory 0/1)
[2026-05-11 12:55:30] ==== loop 60/∞ | seed=1111733163699517065 archetype=balanced personality=cazador focus=mil actions_per_loop=1 ====
[12:55:31] planet 46: building queue full (5)
[2026-05-11 12:56:03] ==== loop 61/∞ | seed=1111733163699517065 archetype=balanced personality=cazador focus=mil actions_per_loop=1 ====
[12:56:03] planet 46: building queue full (5)
[2026-05-11 12:56:37] ==== loop 62/∞ | seed=1111733163699517065 archetype=balanced personality=cazador focus=mil actions_per_loop=1 ====
[12:56:38] planet 46: building queue full (5)
[2026-05-11 12:57:15] ==== loop 63/∞ | seed=1111733163699517065 archetype=balanced personality=cazador focus=mil actions_per_loop=1 ====
[12:57:16] planet 46: building queue full (5)
[12:57:16] research: blocked research_energy_technology (building_laboratory 0/1)
[2026-05-11 12:57:52] ==== loop 64/∞ | seed=1111733163699517065 archetype=balanced personality=cazador focus=mil actions_per_loop=1 ====
[12:57:52] planet 46: building queue full (5)
[12:57:52] research: blocked research_energy_technology (building_laboratory 0/1)
[2026-05-11 12:58:27] ==== loop 65/∞ | seed=1111733163699517065 archetype=balanced personality=cazador focus=mil actions_per_loop=1 ====
[12:58:27] planet 46: queued building_metal_mine to 31
[2026-05-11 12:59:06] ==== loop 66/∞ | seed=1111733163699517065 archetype=balanced personality=cazador focus=mil actions_per_loop=1 ====
[12:59:07] planet 46: building queue full (5)
[2026-05-11 12:59:41] ==== loop 67/∞ | seed=1111733163699517065 archetype=balanced personality=cazador focus=mil actions_per_loop=1 ====
[12:59:42] planet 46: building queue full (5)
[12:59:42] research: blocked research_energy_technology (building_laboratory 0/1)
[2026-05-11 13:00:14] ==== loop 68/∞ | seed=1111733163699517065 archetype=balanced personality=cazador focus=mil actions_per_loop=1 ====
[13:00:15] planet 46: building queue full (5)
[13:00:15] research: blocked research_energy_technology (building_laboratory 0/1)
[2026-05-11 13:00:54] ==== loop 69/∞ | seed=1111733163699517065 archetype=balanced personality=cazador focus=mil actions_per_loop=1 ====
[13:00:55] planet 46: building queue full (5)
[13:00:55] research: blocked research_energy_technology (building_laboratory 0/1)
[2026-05-11 13:01:31] ==== loop 70/∞ | seed=1111733163699517065 archetype=balanced personality=cazador focus=mil actions_per_loop=1 ====
[13:01:31] planet 46: building queue full (5)
[2026-05-11 13:02:06] ==== loop 71/∞ | seed=1111733163699517065 archetype=balanced personality=cazador focus=mil actions_per_loop=1 ====
[13:02:07] planet 46: building queue full (5)
[13:02:07] research: blocked research_energy_technology (building_laboratory 0/1)
[2026-05-11 13:02:41] ==== loop 72/∞ | seed=1111733163699517065 archetype=balanced personality=cazador focus=mil actions_per_loop=1 ====
[13:02:41] planet 46: building queue full (5)
[13:02:41] research: blocked research_energy_technology (building_laboratory 0/1)
[2026-05-11 13:03:15] ==== loop 73/∞ | seed=1111733163699517065 archetype=balanced personality=cazador focus=mil actions_per_loop=1 ====
[13:03:16] planet 46: building queue full (5)
[13:03:16] research: blocked research_energy_technology (building_laboratory 0/1)
[2026-05-11 13:03:52] ==== loop 74/∞ | seed=1111733163699517065 archetype=balanced personality=cazador focus=mil actions_per_loop=1 ====
[13:03:53] planet 46: building queue full (5)
[13:03:53] research: blocked research_energy_technology (building_laboratory 0/1)
[2026-05-11 13:04:25] ==== loop 75/∞ | seed=1111733163699517065 archetype=balanced personality=cazador focus=mil actions_per_loop=1 ====
[13:04:26] planet 46: building queue full (5)
[13:04:26] research: blocked research_energy_technology (building_laboratory 0/1)
[2026-05-11 13:05:01] ==== loop 76/∞ | seed=1111733163699517065 archetype=balanced personality=cazador focus=mil actions_per_loop=1 ====
[13:05:01] planet 46: building queue full (5)
[13:05:01] research: blocked research_energy_technology (building_laboratory 0/1)
[2026-05-11 13:05:37] ==== loop 77/∞ | seed=1111733163699517065 archetype=balanced personality=cazador focus=mil actions_per_loop=1 ====
[13:05:38] planet 46: building queue full (5)
[13:05:38] research: blocked research_energy_technology (building_laboratory 0/1)
[2026-05-11 13:06:46] ==== loop 79/∞ | seed=1111733163699517065 archetype=balanced personality=cazador focus=mil actions_per_loop=1 ====
[13:06:46] planet 46: building queue full (5)
[2026-05-11 13:07:22] ==== loop 80/∞ | seed=1111733163699517065 archetype=balanced personality=cazador focus=mil actions_per_loop=1 ====
[13:07:24] planet 46: building queue full (5)
[13:07:24] research: blocked research_energy_technology (building_laboratory 0/1)
[2026-05-11 13:07:55] ==== loop 81/∞ | seed=1111733163699517065 archetype=balanced personality=cazador focus=mil actions_per_loop=1 ====
[13:07:57] planet 46: building queue full (5)
[2026-05-11 13:09:02] ==== loop 83/∞ | seed=1111733163699517065 archetype=balanced personality=cazador focus=mil actions_per_loop=1 ====
[13:09:02] planet 46: building queue full (5)
[13:09:02] research: blocked research_energy_technology (building_laboratory 0/1)
[2026-05-11 13:09:37] ==== loop 84/∞ | seed=1111733163699517065 archetype=balanced personality=cazador focus=mil actions_per_loop=1 ====
[13:09:37] planet 46: building queue full (5)
[2026-05-11 13:10:20] ==== loop 85/∞ | seed=1111733163699517065 archetype=balanced personality=cazador focus=mil actions_per_loop=1 ====
[13:10:21] planet 46: building queue full (5)
[13:10:21] research: blocked research_energy_technology (building_laboratory 0/1)
[2026-05-11 13:11:03] ==== loop 86/∞ | seed=1111733163699517065 archetype=balanced personality=cazador focus=mil actions_per_loop=1 ====
[13:11:03] planet 46: queued building_deuterium_tank to 10
[2026-05-11 13:12:30] ==== loop 88/∞ | seed=1111733163699517065 archetype=balanced personality=cazador focus=mil actions_per_loop=1 ====
[13:12:31] planet 46: building queue full (5)
[13:12:31] research: blocked research_energy_technology (building_laboratory 0/1)
[2026-05-11 13:13:12] ==== loop 89/∞ | seed=1111733163699517065 archetype=balanced personality=cazador focus=mil actions_per_loop=1 ====
[13:13:12] planet 46: building queue full (5)
[2026-05-11 13:13:53] ==== loop 90/∞ | seed=1111733163699517065 archetype=balanced personality=cazador focus=mil actions_per_loop=1 ====
[13:13:53] planet 46: building queue full (5)
[13:13:53] research: blocked research_energy_technology (building_laboratory 0/1)
[2026-05-11 13:14:36] ==== loop 91/∞ | seed=1111733163699517065 archetype=balanced personality=cazador focus=mil actions_per_loop=1 ====
[13:14:37] planet 46: building queue full (5)
[13:14:37] research: blocked research_energy_technology (building_laboratory 0/1)
[2026-05-11 13:15:24] ==== loop 92/∞ | seed=1111733163699517065 archetype=balanced personality=cazador focus=mil actions_per_loop=1 ====
[13:15:25] planet 46: building queue full (5)
[2026-05-11 13:16:09] ==== loop 93/∞ | seed=1111733163699517065 archetype=balanced personality=cazador focus=mil actions_per_loop=1 ====
[13:16:09] planet 46: building queue full (5)
[2026-05-11 13:16:59] ==== loop 94/∞ | seed=1111733163699517065 archetype=balanced personality=cazador focus=mil actions_per_loop=1 ====
[13:17:00] planet 46: building queue full (5)
[13:17:00] research: blocked research_energy_technology (building_laboratory 0/1)
[2026-05-11 13:17:42] ==== loop 95/∞ | seed=1111733163699517065 archetype=balanced personality=cazador focus=mil actions_per_loop=1 ====
[13:17:43] planet 46: building queue full (5)
[2026-05-11 13:18:29] ==== loop 96/∞ | seed=1111733163699517065 archetype=balanced personality=cazador focus=mil actions_per_loop=1 ====
[13:18:30] planet 46: building queue full (5)
[2026-05-11 13:19:18] ==== loop 97/∞ | seed=1111733163699517065 archetype=balanced personality=cazador focus=mil actions_per_loop=1 ====
[13:19:19] planet 46: building queue full (5)
[2026-05-11 13:19:57] ==== loop 98/∞ | seed=1111733163699517065 archetype=balanced personality=cazador focus=mil actions_per_loop=1 ====
[13:19:57] planet 46: building queue full (5)
[13:19:57] research: blocked research_energy_technology (building_laboratory 0/1)
[2026-05-11 13:20:40] ==== loop 99/∞ | seed=1111733163699517065 archetype=balanced personality=cazador focus=mil actions_per_loop=1 ====
[13:20:41] planet 46: queued ship_light_fighter +5
[13:20:41] research: blocked research_energy_technology (building_laboratory 0/1)
[2026-05-11 13:21:22] ==== loop 100/∞ | seed=1111733163699517065 archetype=balanced personality=cazador focus=mil actions_per_loop=1 ====
[13:21:23] planet 46: queued ship_light_fighter +5
[13:21:23] research: blocked research_energy_technology (building_laboratory 0/1)
[2026-05-11 13:22:28] ==== loop 1/∞ | seed=1111733163699517065 archetype=balanced personality=cazador focus=mil actions_per_loop=1 ====
[13:22:29] planet 46: queued ship_light_fighter +5
[2026-05-11 13:23:10] ==== loop 2/∞ | seed=1111733163699517065 archetype=balanced personality=cazador focus=mil actions_per_loop=1 ====
[13:23:11] planet 46: queued ship_light_fighter +5
[13:23:11] research: blocked research_energy_technology (building_laboratory 0/1)
[2026-05-11 13:23:59] ==== loop 3/∞ | seed=1111733163699517065 archetype=balanced personality=cazador focus=mil actions_per_loop=1 ====
[13:24:00] planet 46: queued ship_light_fighter +5
[13:24:00] research: blocked research_energy_technology (building_laboratory 0/1)
[2026-05-11 13:24:44] ==== loop 4/∞ | seed=1111733163699517065 archetype=balanced personality=cazador focus=mil actions_per_loop=1 ====
[13:24:45] planet 46: queued ship_light_fighter +5
[13:24:45] research: blocked research_energy_technology (building_laboratory 0/1)
[2026-05-11 13:25:29] ==== loop 5/∞ | seed=1111733163699517065 archetype=balanced personality=cazador focus=mil actions_per_loop=1 ====
[13:25:29] planet 46: queued ship_solar_satellite +7
[13:25:29] research: blocked research_energy_technology (building_laboratory 0/1)
[2026-05-11 13:26:53] ==== loop 7/∞ | seed=1111733163699517065 archetype=balanced personality=cazador focus=mil actions_per_loop=1 ====
[13:26:53] planet 46: queued ship_light_fighter +5
[13:26:53] research: blocked research_energy_technology (building_laboratory 0/1)
[2026-05-11 13:27:33] ==== loop 8/∞ | seed=1111733163699517065 archetype=balanced personality=cazador focus=mil actions_per_loop=1 ====
[13:27:33] planet 46: queued ship_light_fighter +5
[13:27:33] research: blocked research_energy_technology (building_laboratory 0/1)
[2026-05-11 13:28:18] ==== loop 9/∞ | seed=1111733163699517065 archetype=balanced personality=cazador focus=mil actions_per_loop=1 ====
[13:28:19] planet 46: queued ship_light_fighter +5
[2026-05-11 13:29:00] ==== loop 10/∞ | seed=1111733163699517065 archetype=balanced personality=cazador focus=mil actions_per_loop=1 ====
[13:29:01] planet 46: queued ship_light_fighter +5
[13:29:01] research: blocked research_energy_technology (building_laboratory 0/1)
[2026-05-11 13:29:40] ==== loop 11/∞ | seed=1111733163699517065 archetype=balanced personality=cazador focus=mil actions_per_loop=1 ====
[13:29:41] planet 46: queued ship_light_fighter +5
[2026-05-11 13:30:18] ==== loop 12/∞ | seed=1111733163699517065 archetype=balanced personality=cazador focus=mil actions_per_loop=1 ====
[13:30:18] planet 46: queued defense_light_laser +8
[2026-05-11 13:31:01] ==== loop 13/∞ | seed=1111733163699517065 archetype=balanced personality=cazador focus=mil actions_per_loop=1 ====
[13:31:02] planet 46: queued defense_light_laser +8
[2026-05-11 13:31:45] ==== loop 14/∞ | seed=1111733163699517065 archetype=balanced personality=cazador focus=mil actions_per_loop=1 ====
[13:31:46] planet 46: queued defense_light_laser +8
[2026-05-11 13:32:29] ==== loop 15/∞ | seed=1111733163699517065 archetype=balanced personality=cazador focus=mil actions_per_loop=1 ====
[13:32:29] planet 46: queued defense_heavy_laser +2
[13:32:29] research: blocked research_energy_technology (building_laboratory 0/1)
[2026-05-11 13:33:16] ==== loop 16/∞ | seed=1111733163699517065 archetype=balanced personality=cazador focus=mil actions_per_loop=1 ====
[13:33:16] planet 46: queued defense_light_laser +8
[2026-05-11 13:34:03] ==== loop 17/∞ | seed=1111733163699517065 archetype=balanced personality=cazador focus=mil actions_per_loop=1 ====
[13:34:04] planet 46: queued defense_rocket_launcher +8
[13:34:04] research: blocked research_energy_technology (building_laboratory 0/1)
[2026-05-11 13:34:48] ==== loop 18/∞ | seed=1111733163699517065 archetype=balanced personality=cazador focus=mil actions_per_loop=1 ====
[13:34:49] planet 46: queued defense_rocket_launcher +8
[2026-05-11 13:35:36] ==== loop 19/∞ | seed=1111733163699517065 archetype=balanced personality=cazador focus=mil actions_per_loop=1 ====
[13:35:37] planet 46: queued defense_rocket_launcher +8
[2026-05-11 13:36:27] ==== loop 20/∞ | seed=1111733163699517065 archetype=balanced personality=cazador focus=mil actions_per_loop=1 ====
[13:36:27] planet 46: queued defense_rocket_launcher +8
[13:36:27] research: blocked research_energy_technology (building_laboratory 0/1)
[2026-05-11 13:37:14] ==== loop 21/∞ | seed=1111733163699517065 archetype=balanced personality=cazador focus=mil actions_per_loop=1 ====
[13:37:14] planet 46: queued defense_rocket_launcher +8
[2026-05-11 13:38:01] ==== loop 22/∞ | seed=1111733163699517065 archetype=balanced personality=cazador focus=mil actions_per_loop=1 ====
[13:38:02] planet 46: queued defense_light_laser +7
[13:38:02] research: blocked research_energy_technology (building_laboratory 0/1)
[2026-05-11 13:38:50] ==== loop 23/∞ | seed=1111733163699517065 archetype=balanced personality=cazador focus=mil actions_per_loop=1 ====
[13:38:50] planet 46: queued defense_rocket_launcher +8
[13:38:50] research: blocked research_energy_technology (building_laboratory 0/1)
[2026-05-11 13:39:36] ==== loop 24/∞ | seed=1111733163699517065 archetype=balanced personality=cazador focus=mil actions_per_loop=1 ====
[13:39:37] planet 46: queued defense_rocket_launcher +8
[2026-05-11 13:40:27] ==== loop 25/∞ | seed=1111733163699517065 archetype=balanced personality=cazador focus=mil actions_per_loop=1 ====
[13:40:28] planet 46: queued ship_cruiser +5
[2026-05-11 13:42:02] ==== loop 27/∞ | seed=1111733163699517065 archetype=balanced personality=cazador focus=mil actions_per_loop=1 ====
[13:42:03] planet 46: queued ship_cruiser +5
[13:42:03] research: blocked research_energy_technology (building_laboratory 0/1)
[2026-05-11 13:42:41] ==== loop 28/∞ | seed=1111733163699517065 archetype=balanced personality=cazador focus=mil actions_per_loop=1 ====
[13:42:42] planet 46: queued ship_cruiser +5
[13:42:42] research: blocked research_energy_technology (building_laboratory 0/1)
[2026-05-11 13:43:25] ==== loop 29/∞ | seed=1111733163699517065 archetype=balanced personality=cazador focus=mil actions_per_loop=1 ====
[13:43:26] planet 46: queued ship_cruiser +5
[13:43:26] research: blocked research_energy_technology (building_laboratory 0/1)
[2026-05-11 13:44:10] ==== loop 30/∞ | seed=1111733163699517065 archetype=balanced personality=cazador focus=mil actions_per_loop=1 ====
[13:44:10] planet 46: queued ship_cruiser +5
[13:44:10] research: blocked research_energy_technology (building_laboratory 0/1)
[2026-05-11 13:44:58] ==== loop 31/∞ | seed=1111733163699517065 archetype=balanced personality=cazador focus=mil actions_per_loop=1 ====
[13:44:59] planet 46: queued ship_cruiser +5
[13:44:59] research: blocked research_energy_technology (building_laboratory 0/1)
[2026-05-11 13:45:45] ==== loop 32/∞ | seed=1111733163699517065 archetype=balanced personality=cazador focus=mil actions_per_loop=1 ====
[13:45:45] planet 46: queued ship_cruiser +5
[13:45:45] research: blocked research_energy_technology (building_laboratory 0/1)
[2026-05-11 13:46:31] ==== loop 33/∞ | seed=1111733163699517065 archetype=balanced personality=cazador focus=mil actions_per_loop=1 ====
[13:46:31] planet 46: queued ship_cruiser +5
[2026-05-11 13:47:13] ==== loop 34/∞ | seed=1111733163699517065 archetype=balanced personality=cazador focus=mil actions_per_loop=1 ====
[13:47:14] planet 46: queued ship_cruiser +5
[2026-05-11 13:47:59] ==== loop 35/∞ | seed=1111733163699517065 archetype=balanced personality=cazador focus=mil actions_per_loop=1 ====
[13:47:59] planet 46: queued ship_cruiser +5
[2026-05-11 13:48:49] ==== loop 36/∞ | seed=1111733163699517065 archetype=balanced personality=cazador focus=mil actions_per_loop=1 ====
[13:48:50] planet 46: queued ship_cruiser +5
[13:48:50] research: blocked research_energy_technology (building_laboratory 0/1)
[2026-05-11 13:49:36] ==== loop 37/∞ | seed=1111733163699517065 archetype=balanced personality=cazador focus=mil actions_per_loop=1 ====
[13:49:37] planet 46: queued ship_cruiser +5
[13:49:37] research: blocked research_energy_technology (building_laboratory 0/1)
[2026-05-11 13:51:01] ==== loop 39/∞ | seed=1111733163699517065 archetype=balanced personality=cazador focus=mil actions_per_loop=1 ====
[13:51:01] planet 46: queued building_crystal_store to 11
[2026-05-11 13:51:41] ==== loop 40/∞ | seed=1111733163699517065 archetype=balanced personality=cazador focus=mil actions_per_loop=1 ====
[13:51:42] planet 46: building queue full (5)
[13:51:42] research: blocked research_energy_technology (building_laboratory 0/1)
[2026-05-11 13:52:23] ==== loop 41/∞ | seed=1111733163699517065 archetype=balanced personality=cazador focus=mil actions_per_loop=1 ====
[13:52:24] planet 46: building queue full (5)
[2026-05-11 13:53:17] ==== loop 1/∞ | seed=1111733163699517065 archetype=balanced personality=cazador focus=mil actions_per_loop=1 ====
[13:53:18] planet 46: building queue full (5)
[2026-05-11 13:54:02] ==== loop 2/∞ | seed=1111733163699517065 archetype=balanced personality=cazador focus=mil actions_per_loop=1 ====
[13:54:02] planet 46: building queue full (5)
[2026-05-11 13:54:43] ==== loop 3/∞ | seed=1111733163699517065 archetype=balanced personality=cazador focus=mil actions_per_loop=1 ====
[13:54:43] planet 46: building queue full (5)
[13:54:43] research: blocked research_energy_technology (building_laboratory 0/1)
[2026-05-11 13:55:28] ==== loop 4/∞ | seed=1111733163699517065 archetype=balanced personality=cazador focus=mil actions_per_loop=1 ====
[13:55:28] planet 46: building queue full (5)
[13:55:28] research: blocked research_energy_technology (building_laboratory 0/1)
[2026-05-11 13:56:15] ==== loop 5/∞ | seed=1111733163699517065 archetype=balanced personality=cazador focus=mil actions_per_loop=1 ====
[13:56:16] planet 46: building queue full (5)
[2026-05-11 13:56:57] ==== loop 6/∞ | seed=1111733163699517065 archetype=balanced personality=cazador focus=mil actions_per_loop=1 ====
[13:56:57] planet 46: building queue full (5)
[2026-05-11 13:57:38] ==== loop 7/∞ | seed=1111733163699517065 archetype=balanced personality=cazador focus=mil actions_per_loop=1 ====
[13:57:39] planet 46: building queue full (5)
[13:57:39] research: blocked research_energy_technology (building_laboratory 0/1)
[2026-05-11 13:58:17] ==== loop 8/∞ | seed=1111733163699517065 archetype=balanced personality=cazador focus=mil actions_per_loop=1 ====
[13:58:18] planet 46: building queue full (5)
[13:58:18] research: blocked research_energy_technology (building_laboratory 0/1)
[2026-05-11 13:59:03] ==== loop 9/∞ | seed=1111733163699517065 archetype=balanced personality=cazador focus=mil actions_per_loop=1 ====
[13:59:03] planet 46: building queue full (5)
[2026-05-11 13:59:45] ==== loop 10/∞ | seed=1111733163699517065 archetype=balanced personality=cazador focus=mil actions_per_loop=1 ====
[13:59:46] planet 46: building queue full (5)
[13:59:46] research: blocked research_energy_technology (building_laboratory 0/1)
[2026-05-11 14:00:59] ==== loop 12/∞ | seed=1111733163699517065 archetype=balanced personality=cazador focus=mil actions_per_loop=1 ====
[14:01:00] planet 46: building queue full (5)
[14:01:00] research: blocked research_energy_technology (building_laboratory 0/1)
[2026-05-11 14:02:14] ==== loop 14/∞ | seed=1111733163699517065 archetype=balanced personality=cazador focus=mil actions_per_loop=1 ====
[14:02:14] planet 46: building queue full (5)
[2026-05-11 14:02:55] ==== loop 15/∞ | seed=1111733163699517065 archetype=balanced personality=cazador focus=mil actions_per_loop=1 ====
[14:02:56] planet 46: building queue full (5)
[2026-05-11 14:03:35] ==== loop 16/∞ | seed=1111733163699517065 archetype=balanced personality=cazador focus=mil actions_per_loop=1 ====
[14:03:36] planet 46: building queue full (5)
[14:03:36] research: blocked research_energy_technology (building_laboratory 0/1)
[2026-05-11 14:04:15] ==== loop 17/∞ | seed=1111733163699517065 archetype=balanced personality=cazador focus=mil actions_per_loop=1 ====
[14:04:16] planet 46: building queue full (5)
[14:04:16] research: blocked research_energy_technology (building_laboratory 0/1)
[2026-05-11 14:04:54] ==== loop 18/∞ | seed=1111733163699517065 archetype=balanced personality=cazador focus=mil actions_per_loop=1 ====
[14:04:54] planet 46: building queue full (5)
[2026-05-11 14:05:28] ==== loop 19/∞ | seed=1111733163699517065 archetype=balanced personality=cazador focus=mil actions_per_loop=1 ====
[14:05:28] planet 46: building queue full (5)
[2026-05-11 14:06:09] ==== loop 20/∞ | seed=1111733163699517065 archetype=balanced personality=cazador focus=mil actions_per_loop=1 ====
[14:06:09] planet 46: building queue full (5)
[2026-05-11 14:06:45] ==== loop 21/∞ | seed=1111733163699517065 archetype=balanced personality=cazador focus=mil actions_per_loop=1 ====
[14:06:45] planet 46: building queue full (5)
[2026-05-11 14:07:21] ==== loop 22/∞ | seed=1111733163699517065 archetype=balanced personality=cazador focus=mil actions_per_loop=1 ====
[14:07:22] planet 46: building queue full (5)
[14:07:22] research: blocked research_energy_technology (building_laboratory 0/1)
[2026-05-11 14:07:58] ==== loop 23/∞ | seed=1111733163699517065 archetype=balanced personality=cazador focus=mil actions_per_loop=1 ====
[14:07:58] planet 46: building queue full (5)
[14:07:58] research: blocked research_energy_technology (building_laboratory 0/1)
[2026-05-11 14:08:38] ==== loop 24/∞ | seed=1111733163699517065 archetype=balanced personality=cazador focus=mil actions_per_loop=1 ====
[14:08:39] planet 46: building queue full (5)
[14:08:39] research: blocked research_energy_technology (building_laboratory 0/1)
[2026-05-11 14:09:15] ==== loop 25/∞ | seed=1111733163699517065 archetype=balanced personality=cazador focus=mil actions_per_loop=1 ====
[14:09:16] planet 46: building queue full (5)
[14:09:16] research: blocked research_energy_technology (building_laboratory 0/1)
[2026-05-11 14:09:50] ==== loop 26/∞ | seed=1111733163699517065 archetype=balanced personality=cazador focus=mil actions_per_loop=1 ====
[14:09:51] planet 46: building queue full (5)
[2026-05-11 14:10:28] ==== loop 27/∞ | seed=1111733163699517065 archetype=balanced personality=cazador focus=mil actions_per_loop=1 ====
[14:10:28] planet 46: building queue full (5)
[14:10:28] research: blocked research_energy_technology (building_laboratory 0/1)
[2026-05-11 14:11:10] ==== loop 28/∞ | seed=1111733163699517065 archetype=balanced personality=cazador focus=mil actions_per_loop=1 ====
[14:11:10] planet 46: building queue full (5)
[14:11:10] research: blocked research_energy_technology (building_laboratory 0/1)
[2026-05-11 14:11:52] ==== loop 29/∞ | seed=1111733163699517065 archetype=balanced personality=cazador focus=mil actions_per_loop=1 ====
[14:11:53] planet 46: building queue full (5)
[2026-05-11 14:12:30] ==== loop 30/∞ | seed=1111733163699517065 archetype=balanced personality=cazador focus=mil actions_per_loop=1 ====
[14:12:30] planet 46: building queue full (5)
[2026-05-11 14:13:11] ==== loop 31/∞ | seed=1111733163699517065 archetype=balanced personality=cazador focus=mil actions_per_loop=1 ====
[14:13:12] planet 46: building queue full (5)
[14:13:12] research: blocked research_energy_technology (building_laboratory 0/1)
[2026-05-11 14:13:56] ==== loop 32/∞ | seed=1111733163699517065 archetype=balanced personality=cazador focus=mil actions_per_loop=1 ====
[14:13:56] planet 46: building queue full (5)
[2026-05-11 14:14:37] ==== loop 33/∞ | seed=1111733163699517065 archetype=balanced personality=cazador focus=mil actions_per_loop=1 ====
[14:14:38] planet 46: building queue full (5)
[14:14:38] research: blocked research_energy_technology (building_laboratory 0/1)
[2026-05-11 14:15:18] ==== loop 34/∞ | seed=1111733163699517065 archetype=balanced personality=cazador focus=mil actions_per_loop=1 ====
[14:15:19] planet 46: building queue full (5)
[14:15:19] research: blocked research_energy_technology (building_laboratory 0/1)
[2026-05-11 14:16:05] ==== loop 35/∞ | seed=1111733163699517065 archetype=balanced personality=cazador focus=mil actions_per_loop=1 ====
[14:16:06] planet 46: building queue full (5)
[2026-05-11 14:16:42] ==== loop 36/∞ | seed=1111733163699517065 archetype=balanced personality=cazador focus=mil actions_per_loop=1 ====
[14:16:43] planet 46: building queue full (5)
[14:16:43] research: blocked research_energy_technology (building_laboratory 0/1)
[2026-05-11 14:17:23] ==== loop 37/∞ | seed=1111733163699517065 archetype=balanced personality=cazador focus=mil actions_per_loop=1 ====
[14:17:23] planet 46: building queue full (5)
[14:17:23] research: blocked research_energy_technology (building_laboratory 0/1)
[2026-05-11 14:18:01] ==== loop 38/∞ | seed=1111733163699517065 archetype=balanced personality=cazador focus=mil actions_per_loop=1 ====
[14:18:02] planet 46: building queue full (5)
[14:18:02] research: blocked research_energy_technology (building_laboratory 0/1)
[2026-05-11 14:18:41] ==== loop 39/∞ | seed=1111733163699517065 archetype=balanced personality=cazador focus=mil actions_per_loop=1 ====
[14:18:42] planet 46: building queue full (5)
[14:18:42] research: blocked research_energy_technology (building_laboratory 0/1)
[2026-05-11 14:19:21] ==== loop 40/∞ | seed=1111733163699517065 archetype=balanced personality=cazador focus=mil actions_per_loop=1 ====
[14:19:22] planet 46: building queue full (5)
[14:19:22] research: blocked research_energy_technology (building_laboratory 0/1)
[2026-05-11 14:19:59] ==== loop 41/∞ | seed=1111733163699517065 archetype=balanced personality=cazador focus=mil actions_per_loop=1 ====
[14:20:00] planet 46: building queue full (5)
[2026-05-11 14:20:33] ==== loop 42/∞ | seed=1111733163699517065 archetype=balanced personality=cazador focus=mil actions_per_loop=1 ====
[14:20:33] planet 46: queued ship_light_fighter +5
[14:20:33] research: blocked research_energy_technology (building_laboratory 0/1)
[2026-05-11 14:21:12] ==== loop 43/∞ | seed=1111733163699517065 archetype=balanced personality=cazador focus=mil actions_per_loop=1 ====
[14:21:12] planet 46: queued ship_light_fighter +5
[2026-05-11 14:21:52] ==== loop 44/∞ | seed=1111733163699517065 archetype=balanced personality=cazador focus=mil actions_per_loop=1 ====
[14:21:53] planet 46: queued ship_light_fighter +5
[14:21:53] research: blocked research_energy_technology (building_laboratory 0/1)
[2026-05-11 14:22:25] ==== loop 45/∞ | seed=1111733163699517065 archetype=balanced personality=cazador focus=mil actions_per_loop=1 ====
[14:22:26] planet 46: queued ship_light_fighter +5
[14:22:26] research: blocked research_energy_technology (building_laboratory 0/1)
[2026-05-11 14:23:00] ==== loop 46/∞ | seed=1111733163699517065 archetype=balanced personality=cazador focus=mil actions_per_loop=1 ====
[14:23:01] planet 46: queued ship_light_fighter +5
[14:23:01] research: blocked research_energy_technology (building_laboratory 0/1)
[2026-05-11 14:23:32] ==== loop 47/∞ | seed=1111733163699517065 archetype=balanced personality=cazador focus=mil actions_per_loop=1 ====
[14:23:33] planet 46: queued ship_light_fighter +5
[2026-05-11 14:24:07] ==== loop 48/∞ | seed=1111733163699517065 archetype=balanced personality=cazador focus=mil actions_per_loop=1 ====
[14:24:08] planet 46: queued ship_light_fighter +5
[14:24:08] research: blocked research_energy_technology (building_laboratory 0/1)
[2026-05-11 14:24:39] ==== loop 49/∞ | seed=1111733163699517065 archetype=balanced personality=cazador focus=mil actions_per_loop=1 ====
[14:24:39] planet 46: queued ship_light_fighter +5
[14:24:39] research: blocked research_energy_technology (building_laboratory 0/1)
[2026-05-11 14:25:08] ==== loop 50/∞ | seed=1111733163699517065 archetype=balanced personality=cazador focus=mil actions_per_loop=1 ====
[14:25:10] planet 46: queued ship_light_fighter +5
[2026-05-11 14:25:46] ==== loop 51/∞ | seed=1111733163699517065 archetype=balanced personality=cazador focus=mil actions_per_loop=1 ====
[14:25:46] planet 46: queued ship_light_fighter +5
[14:25:46] research: blocked research_energy_technology (building_laboratory 0/1)
[2026-05-11 14:26:17] ==== loop 52/∞ | seed=1111733163699517065 archetype=balanced personality=cazador focus=mil actions_per_loop=1 ====
[14:26:17] planet 46: queued ship_light_fighter +5
[14:26:17] research: blocked research_energy_technology (building_laboratory 0/1)
[2026-05-11 14:26:52] ==== loop 53/∞ | seed=1111733163699517065 archetype=balanced personality=cazador focus=mil actions_per_loop=1 ====
[14:26:53] planet 46: queued ship_light_fighter +5
[14:26:53] research: blocked research_energy_technology (building_laboratory 0/1)
[2026-05-11 14:27:27] ==== loop 54/∞ | seed=1111733163699517065 archetype=balanced personality=cazador focus=mil actions_per_loop=1 ====
[14:27:28] planet 46: queued ship_light_fighter +5
[14:27:28] research: blocked research_energy_technology (building_laboratory 0/1)
[2026-05-11 14:28:04] ==== loop 55/∞ | seed=1111733163699517065 archetype=balanced personality=cazador focus=mil actions_per_loop=1 ====
[14:28:05] planet 46: queued ship_light_fighter +5
[14:28:05] research: blocked research_energy_technology (building_laboratory 0/1)
[2026-05-11 14:28:38] ==== loop 56/∞ | seed=1111733163699517065 archetype=balanced personality=cazador focus=mil actions_per_loop=1 ====
[14:28:39] planet 46: queued ship_light_fighter +5
[2026-05-11 14:29:13] ==== loop 57/∞ | seed=1111733163699517065 archetype=balanced personality=cazador focus=mil actions_per_loop=1 ====
[14:29:13] planet 46: queued ship_light_fighter +5
[2026-05-11 14:29:44] ==== loop 58/∞ | seed=1111733163699517065 archetype=balanced personality=cazador focus=mil actions_per_loop=1 ====
[14:29:44] planet 46: queued ship_light_fighter +5
[2026-05-11 14:30:20] ==== loop 59/∞ | seed=1111733163699517065 archetype=balanced personality=cazador focus=mil actions_per_loop=1 ====
[14:30:20] planet 46: building queue full (5)
[14:30:20] research: blocked research_energy_technology (building_laboratory 0/1)
[2026-05-11 14:31:01] ==== loop 60/∞ | seed=1111733163699517065 archetype=balanced personality=cazador focus=mil actions_per_loop=1 ====
[14:31:02] planet 46: building queue full (5)
[2026-05-11 14:31:43] ==== loop 61/∞ | seed=1111733163699517065 archetype=balanced personality=cazador focus=mil actions_per_loop=1 ====
[14:31:43] planet 46: building queue full (5)
[2026-05-11 14:33:05] ==== loop 63/∞ | seed=1111733163699517065 archetype=balanced personality=cazador focus=mil actions_per_loop=1 ====
[14:33:05] planet 46: queued building_crystal_store to 12
[2026-05-11 14:33:49] ==== loop 64/∞ | seed=1111733163699517065 archetype=balanced personality=cazador focus=mil actions_per_loop=1 ====
[14:33:50] planet 46: building queue full (5)
[14:33:50] research: blocked research_energy_technology (building_laboratory 0/1)
[2026-05-11 14:34:31] ==== loop 65/∞ | seed=1111733163699517065 archetype=balanced personality=cazador focus=mil actions_per_loop=1 ====
[14:34:32] planet 46: building queue full (5)
[14:34:32] research: blocked research_energy_technology (building_laboratory 0/1)
[2026-05-11 14:35:11] ==== loop 66/∞ | seed=1111733163699517065 archetype=balanced personality=cazador focus=mil actions_per_loop=1 ====
[14:35:12] planet 46: building queue full (5)
[14:35:12] research: blocked research_energy_technology (building_laboratory 0/1)
[2026-05-11 14:35:54] ==== loop 67/∞ | seed=1111733163699517065 archetype=balanced personality=cazador focus=mil actions_per_loop=1 ====
[14:35:56] planet 46: building queue full (5)
[2026-05-11 14:36:39] ==== loop 68/∞ | seed=1111733163699517065 archetype=balanced personality=cazador focus=mil actions_per_loop=1 ====
[14:36:40] planet 46: building queue full (5)
[2026-05-11 14:37:17] ==== loop 69/∞ | seed=1111733163699517065 archetype=balanced personality=cazador focus=mil actions_per_loop=1 ====
[14:37:17] planet 46: building queue full (5)
[2026-05-11 14:38:01] ==== loop 70/∞ | seed=1111733163699517065 archetype=balanced personality=cazador focus=mil actions_per_loop=1 ====
[14:38:02] planet 46: building queue full (5)
[14:38:02] research: blocked research_energy_technology (building_laboratory 0/1)
[2026-05-11 14:38:45] ==== loop 71/∞ | seed=1111733163699517065 archetype=balanced personality=cazador focus=mil actions_per_loop=1 ====
[14:38:45] planet 46: building queue full (5)
[14:38:45] research: blocked research_energy_technology (building_laboratory 0/1)
[2026-05-11 14:39:28] ==== loop 72/∞ | seed=1111733163699517065 archetype=balanced personality=cazador focus=mil actions_per_loop=1 ====
[14:39:29] planet 46: building queue full (5)
[2026-05-11 14:40:12] ==== loop 73/∞ | seed=1111733163699517065 archetype=balanced personality=cazador focus=mil actions_per_loop=1 ====
[14:40:12] planet 46: building queue full (5)
[14:40:12] research: blocked research_energy_technology (building_laboratory 0/1)
[2026-05-11 14:40:55] ==== loop 1/1 | seed=1111733163699517065 archetype=balanced personality=cazador focus=mil actions_per_loop=1 ====
[2026-05-11 14:40:55] ==== loop 74/∞ | seed=1111733163699517065 archetype=balanced personality=cazador focus=mil actions_per_loop=1 ====
[14:40:56] planet 46: building queue full (5)
[14:40:56] research: blocked research_energy_technology (building_laboratory 0/1)
[14:40:56] planet 46: building queue full (5)
[14:40:56] research: blocked research_energy_technology (building_laboratory 0/1)
[2026-05-11 14:41:43] ==== loop 75/∞ | seed=1111733163699517065 archetype=balanced personality=cazador focus=mil actions_per_loop=1 ====
[14:41:44] planet 46: building queue full (5)
[2026-05-11 14:42:26] ==== loop 76/∞ | seed=1111733163699517065 archetype=balanced personality=cazador focus=mil actions_per_loop=1 ====
[14:42:27] planet 46: building queue full (5)
[14:42:27] research: blocked research_energy_technology (building_laboratory 0/1)
[2026-05-11 14:43:09] ==== loop 77/∞ | seed=1111733163699517065 archetype=balanced personality=cazador focus=mil actions_per_loop=1 ====
[14:43:09] planet 46: building queue full (5)
[14:43:09] research: blocked research_energy_technology (building_laboratory 0/1)
[2026-05-11 14:43:52] ==== loop 78/∞ | seed=1111733163699517065 archetype=balanced personality=cazador focus=mil actions_per_loop=1 ====
[14:43:53] planet 46: building queue full (5)
[2026-05-11 14:44:27] ==== loop 79/∞ | seed=1111733163699517065 archetype=balanced personality=cazador focus=mil actions_per_loop=1 ====
[14:44:28] planet 46: building queue full (5)
[2026-05-11 14:45:10] ==== loop 80/∞ | seed=1111733163699517065 archetype=balanced personality=cazador focus=mil actions_per_loop=1 ====
[14:45:10] planet 46: building queue full (5)
