[2026-05-08 12:42:06] ==== loop 1/∞ | seed=884546805771057700 archetype=balanced personality=minero focus=eco actions_per_loop=1 ====
[12:42:07] planet 49: queued building_crystal_mine to 1
[12:42:07] research: blocked research_energy_technology (building_laboratory 0/1)
[2026-05-08 12:43:20] ==== loop 3/∞ | seed=884546805771057700 archetype=balanced personality=minero focus=eco actions_per_loop=1 ====
[12:43:21] planet 49: queued building_crystal_mine to 2
[2026-05-08 12:43:58] ==== loop 4/∞ | seed=884546805771057700 archetype=balanced personality=minero focus=eco actions_per_loop=1 ====
[12:43:58] planet 49: queued building_crystal_mine to 3
[2026-05-08 12:44:36] ==== loop 5/∞ | seed=884546805771057700 archetype=balanced personality=minero focus=eco actions_per_loop=1 ====
[12:44:36] planet 49: queued building_crystal_mine to 4
[2026-05-08 12:45:14] ==== loop 6/∞ | seed=884546805771057700 archetype=balanced personality=minero focus=eco actions_per_loop=1 ====
[12:45:14] planet 49: queued building_crystal_mine to 5
[12:45:14] research: blocked research_energy_technology (building_laboratory 0/1)
[2026-05-08 12:45:50] ==== loop 7/∞ | seed=884546805771057700 archetype=balanced personality=minero focus=eco actions_per_loop=1 ====
[12:45:50] planet 49: queued building_crystal_mine to 6
[2026-05-08 12:46:27] ==== loop 8/∞ | seed=884546805771057700 archetype=balanced personality=minero focus=eco actions_per_loop=1 ====
[12:46:28] planet 49: queued building_crystal_mine to 7
[12:46:28] research: blocked research_energy_technology (building_laboratory 0/1)
[2026-05-08 12:47:03] ==== loop 9/∞ | seed=884546805771057700 archetype=balanced personality=minero focus=eco actions_per_loop=1 ====
[12:47:03] planet 49: no resources for building_crystal_mine+1
[2026-05-08 12:47:43] ==== loop 10/∞ | seed=884546805771057700 archetype=balanced personality=minero focus=eco actions_per_loop=1 ====
[12:47:44] planet 49: no resources for building_crystal_mine+1
[12:47:44] research: blocked research_energy_technology (building_laboratory 0/1)
[2026-05-08 12:48:59] ==== loop 12/∞ | seed=884546805771057700 archetype=balanced personality=minero focus=eco actions_per_loop=1 ====
[12:48:59] planet 49: queued building_crystal_mine to 8
[2026-05-08 12:49:36] ==== loop 13/∞ | seed=884546805771057700 archetype=balanced personality=minero focus=eco actions_per_loop=1 ====
[12:49:37] planet 49: no resources for building_crystal_mine+1
[12:49:37] research: blocked research_energy_technology (building_laboratory 0/1)
[2026-05-08 12:50:12] ==== loop 14/∞ | seed=884546805771057700 archetype=balanced personality=minero focus=eco actions_per_loop=1 ====
[12:50:13] planet 49: queued building_robot_factory to 1
[12:50:13] research: blocked research_energy_technology (building_laboratory 0/1)
[2026-05-08 12:51:50] ==== loop 1/∞ | seed=884546805771057700 archetype=balanced personality=minero focus=eco actions_per_loop=1 ====
[12:51:50] planet 49: queued building_solar_plant to 1
[12:51:50] research: blocked research_energy_technology (building_laboratory 0/1)
[2026-05-08 12:52:27] ==== loop 2/∞ | seed=884546805771057700 archetype=balanced personality=minero focus=eco actions_per_loop=1 ====
[12:52:28] planet 49: queued building_solar_plant to 2
[2026-05-08 12:53:04] ==== loop 3/∞ | seed=884546805771057700 archetype=balanced personality=minero focus=eco actions_per_loop=1 ====
[12:53:05] planet 49: queued building_solar_plant to 3
[2026-05-08 12:53:43] ==== loop 4/∞ | seed=884546805771057700 archetype=balanced personality=minero focus=eco actions_per_loop=1 ====
[12:53:43] planet 49: queued building_solar_plant to 4
[12:53:43] research: blocked research_energy_technology (building_laboratory 0/1)
[2026-05-08 12:54:22] ==== loop 5/∞ | seed=884546805771057700 archetype=balanced personality=minero focus=eco actions_per_loop=1 ====
[12:54:22] planet 49: queued building_solar_plant to 5
[2026-05-08 12:56:51] ==== loop 9/∞ | seed=884546805771057700 archetype=balanced personality=minero focus=eco actions_per_loop=1 ====
[12:56:51] planet 49: queued building_solar_plant to 6
[12:56:51] research: blocked research_energy_technology (building_laboratory 0/1)
[2026-05-08 12:57:30] ==== loop 10/∞ | seed=884546805771057700 archetype=balanced personality=minero focus=eco actions_per_loop=1 ====
[12:57:30] planet 49: queued building_robot_factory to 2
[12:57:30] research: blocked research_energy_technology (building_laboratory 0/1)
[2026-05-08 12:58:40] ==== loop 12/∞ | seed=884546805771057700 archetype=balanced personality=minero focus=eco actions_per_loop=1 ====
[12:58:41] planet 49: no resources for building_robot_factory+1
[12:58:41] research: blocked research_energy_technology (building_laboratory 0/1)
[2026-05-08 12:59:17] ==== loop 13/∞ | seed=884546805771057700 archetype=balanced personality=minero focus=eco actions_per_loop=1 ====
[12:59:17] planet 49: no resources for building_robot_factory+1
[12:59:17] research: blocked research_energy_technology (building_laboratory 0/1)
[2026-05-08 13:00:29] ==== loop 15/∞ | seed=884546805771057700 archetype=balanced personality=minero focus=eco actions_per_loop=1 ====
[13:00:30] planet 49: queued building_crystal_mine to 9
[13:00:30] research: blocked research_energy_technology (building_laboratory 0/1)
[2026-05-08 13:01:03] ==== loop 16/∞ | seed=884546805771057700 archetype=balanced personality=minero focus=eco actions_per_loop=1 ====
[13:01:04] planet 49: queued building_solar_plant to 7
[13:01:04] research: blocked research_energy_technology (building_laboratory 0/1)
[2026-05-08 13:01:41] ==== loop 17/∞ | seed=884546805771057700 archetype=balanced personality=minero focus=eco actions_per_loop=1 ====
[13:01:41] planet 49: no resources for building_crystal_mine+1
[2026-05-08 13:02:17] ==== loop 18/∞ | seed=884546805771057700 archetype=balanced personality=minero focus=eco actions_per_loop=1 ====
[13:02:18] planet 49: no resources for building_crystal_mine+1
[2026-05-08 13:02:57] ==== loop 19/∞ | seed=884546805771057700 archetype=balanced personality=minero focus=eco actions_per_loop=1 ====
[13:02:58] planet 49: no resources for building_crystal_mine+1
[13:02:58] research: blocked research_energy_technology (building_laboratory 0/1)
[2026-05-08 13:04:11] ==== loop 21/∞ | seed=884546805771057700 archetype=balanced personality=minero focus=eco actions_per_loop=1 ====
[13:04:12] planet 49: no resources for building_crystal_mine+1
[2026-05-08 13:05:26] ==== loop 23/∞ | seed=884546805771057700 archetype=balanced personality=minero focus=eco actions_per_loop=1 ====
[13:05:27] planet 49: no resources for building_crystal_mine+1
[2026-05-08 13:06:05] ==== loop 24/∞ | seed=884546805771057700 archetype=balanced personality=minero focus=eco actions_per_loop=1 ====
[13:06:05] planet 49: no resources for building_crystal_mine+1
[2026-05-08 13:06:49] ==== loop 25/∞ | seed=884546805771057700 archetype=balanced personality=minero focus=eco actions_per_loop=1 ====
[13:06:50] planet 49: no resources for building_crystal_mine+1
[13:06:50] research: blocked research_energy_technology (building_laboratory 0/1)
[2026-05-08 13:07:26] ==== loop 26/∞ | seed=884546805771057700 archetype=balanced personality=minero focus=eco actions_per_loop=1 ====
[13:07:27] planet 49: no resources for building_crystal_mine+1
[13:07:27] research: blocked research_energy_technology (building_laboratory 0/1)
[2026-05-08 13:08:04] ==== loop 27/∞ | seed=884546805771057700 archetype=balanced personality=minero focus=eco actions_per_loop=1 ====
[13:08:05] planet 49: no resources for building_crystal_mine+1
[13:08:05] research: blocked research_energy_technology (building_laboratory 0/1)
[2026-05-08 13:09:21] ==== loop 29/∞ | seed=884546805771057700 archetype=balanced personality=minero focus=eco actions_per_loop=1 ====
[13:09:22] planet 49: no resources for building_crystal_mine+1
[13:09:22] research: blocked research_energy_technology (building_laboratory 0/1)
[2026-05-08 13:10:03] ==== loop 30/∞ | seed=884546805771057700 archetype=balanced personality=minero focus=eco actions_per_loop=1 ====
[13:10:04] planet 49: queued building_crystal_store to 1
[2026-05-08 13:10:47] ==== loop 31/∞ | seed=884546805771057700 archetype=balanced personality=minero focus=eco actions_per_loop=1 ====
[13:10:47] planet 49: queued building_crystal_store to 2
[13:10:47] research: blocked research_energy_technology (building_laboratory 0/1)
[2026-05-08 13:11:18] ==== loop 1/∞ | seed=884546805771057700 archetype=balanced personality=minero focus=eco actions_per_loop=1 ====
[13:11:20] planet 49: queued building_deuterium_sintetizer to 1
[13:11:20] research: blocked research_energy_technology (building_laboratory 0/1)
[2026-05-08 13:11:59] ==== loop 2/∞ | seed=884546805771057700 archetype=balanced personality=minero focus=eco actions_per_loop=1 ====
[13:11:59] planet 49: no resources for building_crystal_store+1
[2026-05-08 13:12:39] ==== loop 3/∞ | seed=884546805771057700 archetype=balanced personality=minero focus=eco actions_per_loop=1 ====
[13:12:40] planet 49: no resources for building_crystal_store+1
[13:12:40] research: blocked research_energy_technology (building_laboratory 0/1)
[2026-05-08 13:13:18] ==== loop 4/∞ | seed=884546805771057700 archetype=balanced personality=minero focus=eco actions_per_loop=1 ====
[13:13:19] planet 49: no resources for building_crystal_store+1
[2026-05-08 13:13:58] ==== loop 5/∞ | seed=884546805771057700 archetype=balanced personality=minero focus=eco actions_per_loop=1 ====
[13:13:59] planet 49: no resources for building_crystal_store+1
[13:13:59] research: blocked research_energy_technology (building_laboratory 0/1)
[2026-05-08 13:14:36] ==== loop 6/∞ | seed=884546805771057700 archetype=balanced personality=minero focus=eco actions_per_loop=1 ====
[13:14:37] planet 49: no resources for building_crystal_store+1
[13:14:37] research: blocked research_energy_technology (building_laboratory 0/1)
[2026-05-08 13:16:37] ==== loop 9/∞ | seed=884546805771057700 archetype=balanced personality=minero focus=eco actions_per_loop=1 ====
[13:16:38] planet 49: no resources for building_crystal_store+1
[13:16:38] research: blocked research_energy_technology (building_laboratory 0/1)
[2026-05-08 13:17:54] ==== loop 11/∞ | seed=884546805771057700 archetype=balanced personality=minero focus=eco actions_per_loop=1 ====
[13:17:54] planet 49: no resources for building_crystal_store+1
[13:17:54] research: blocked research_energy_technology (building_laboratory 0/1)
[2026-05-08 13:18:36] ==== loop 12/∞ | seed=884546805771057700 archetype=balanced personality=minero focus=eco actions_per_loop=1 ====
[13:18:37] planet 49: no resources for building_crystal_store+1
[13:18:37] research: blocked research_energy_technology (building_laboratory 0/1)
[2026-05-08 13:19:15] ==== loop 13/∞ | seed=884546805771057700 archetype=balanced personality=minero focus=eco actions_per_loop=1 ====
[13:19:16] planet 49: no resources for building_crystal_store+1
[13:19:16] research: blocked research_energy_technology (building_laboratory 0/1)
[2026-05-08 13:22:02] ==== loop 17/∞ | seed=884546805771057700 archetype=balanced personality=minero focus=eco actions_per_loop=1 ====
[13:22:02] planet 49: queued building_deuterium_sintetizer to 2
[2026-05-08 13:22:43] ==== loop 18/∞ | seed=884546805771057700 archetype=balanced personality=minero focus=eco actions_per_loop=1 ====
[13:22:43] planet 49: queued building_crystal_store to 3
[13:22:43] research: blocked research_energy_technology (building_laboratory 0/1)
[2026-05-08 13:23:25] ==== loop 19/∞ | seed=884546805771057700 archetype=balanced personality=minero focus=eco actions_per_loop=1 ====
[13:23:27] planet 49: no resources for building_crystal_store+1
[2026-05-08 13:24:09] ==== loop 20/∞ | seed=884546805771057700 archetype=balanced personality=minero focus=eco actions_per_loop=1 ====
[13:24:10] planet 49: no resources for building_crystal_store+1
[2026-05-08 13:24:48] ==== loop 21/∞ | seed=884546805771057700 archetype=balanced personality=minero focus=eco actions_per_loop=1 ====
[13:24:49] planet 49: no resources for building_crystal_store+1
[13:24:49] research: blocked research_energy_technology (building_laboratory 0/1)
[2026-05-08 13:25:30] ==== loop 22/∞ | seed=884546805771057700 archetype=balanced personality=minero focus=eco actions_per_loop=1 ====
[13:25:31] planet 49: no resources for building_crystal_store+1
[13:25:31] research: blocked research_energy_technology (building_laboratory 0/1)
[2026-05-08 13:26:06] ==== loop 23/∞ | seed=884546805771057700 archetype=balanced personality=minero focus=eco actions_per_loop=1 ====
[13:26:07] planet 49: no resources for building_crystal_store+1
[2026-05-08 13:26:47] ==== loop 24/∞ | seed=884546805771057700 archetype=balanced personality=minero focus=eco actions_per_loop=1 ====
[13:26:48] planet 49: no resources for building_crystal_store+1
[2026-05-08 13:27:27] ==== loop 25/∞ | seed=884546805771057700 archetype=balanced personality=minero focus=eco actions_per_loop=1 ====
[13:27:28] planet 49: no resources for building_crystal_store+1
[13:27:28] research: blocked research_energy_technology (building_laboratory 0/1)
[2026-05-08 13:29:19] ==== loop 28/∞ | seed=884546805771057700 archetype=balanced personality=minero focus=eco actions_per_loop=1 ====
[13:29:19] planet 49: no resources for building_crystal_store+1
[13:29:19] research: blocked research_energy_technology (building_laboratory 0/1)
[2026-05-08 13:29:57] ==== loop 29/∞ | seed=884546805771057700 archetype=balanced personality=minero focus=eco actions_per_loop=1 ====
[13:29:58] planet 49: no resources for building_crystal_store+1
[13:29:58] research: blocked research_energy_technology (building_laboratory 0/1)
[2026-05-08 13:30:38] ==== loop 30/∞ | seed=884546805771057700 archetype=balanced personality=minero focus=eco actions_per_loop=1 ====
[13:30:38] planet 49: queued building_deuterium_sintetizer to 3
[13:30:38] research: blocked research_energy_technology (building_laboratory 0/1)
[2026-05-08 13:31:17] ==== loop 31/∞ | seed=884546805771057700 archetype=balanced personality=minero focus=eco actions_per_loop=1 ====
[13:31:18] planet 49: queued building_solar_plant to 8
[13:31:18] research: blocked research_energy_technology (building_laboratory 0/1)
[2026-05-08 13:31:56] ==== loop 32/∞ | seed=884546805771057700 archetype=balanced personality=minero focus=eco actions_per_loop=1 ====
[13:31:57] planet 49: queued building_crystal_mine to 10
[13:31:57] research: blocked research_energy_technology (building_laboratory 0/1)
[2026-05-08 13:32:38] ==== loop 33/∞ | seed=884546805771057700 archetype=balanced personality=minero focus=eco actions_per_loop=1 ====
[13:32:39] planet 49: queued building_deuterium_sintetizer to 4
[13:32:39] research: blocked research_energy_technology (building_laboratory 0/1)
[2026-05-08 13:33:18] ==== loop 34/∞ | seed=884546805771057700 archetype=balanced personality=minero focus=eco actions_per_loop=1 ====
[13:33:20] planet 49: queued building_solar_plant to 9
[2026-05-08 13:34:02] ==== loop 35/∞ | seed=884546805771057700 archetype=balanced personality=minero focus=eco actions_per_loop=1 ====
[13:34:02] planet 49: queued building_deuterium_sintetizer to 5
[13:34:02] research: blocked research_energy_technology (building_laboratory 0/1)
[2026-05-08 13:34:44] ==== loop 36/∞ | seed=884546805771057700 archetype=balanced personality=minero focus=eco actions_per_loop=1 ====
[13:34:45] planet 49: queued building_deuterium_sintetizer to 6
[2026-05-08 13:35:26] ==== loop 37/∞ | seed=884546805771057700 archetype=balanced personality=minero focus=eco actions_per_loop=1 ====
[13:35:26] planet 49: queued building_solar_plant to 10
[13:35:26] research: blocked research_energy_technology (building_laboratory 0/1)
[2026-05-08 13:36:52] ==== loop 39/∞ | seed=884546805771057700 archetype=balanced personality=minero focus=eco actions_per_loop=1 ====
[13:36:53] planet 49: queued building_deuterium_sintetizer to 7
[13:36:53] research: blocked research_energy_technology (building_laboratory 0/1)
[2026-05-08 13:37:31] ==== loop 40/∞ | seed=884546805771057700 archetype=balanced personality=minero focus=eco actions_per_loop=1 ====
[13:37:32] planet 49: queued building_solar_plant to 11
[2026-05-08 13:38:10] ==== loop 41/∞ | seed=884546805771057700 archetype=balanced personality=minero focus=eco actions_per_loop=1 ====
[13:38:11] planet 49: queued building_deuterium_sintetizer to 8
[2026-05-08 13:40:06] ==== loop 44/∞ | seed=884546805771057700 archetype=balanced personality=minero focus=eco actions_per_loop=1 ====
[13:40:07] planet 49: queued building_metal_mine to 1
[13:40:07] research: blocked research_energy_technology (building_laboratory 0/1)
[2026-05-08 13:40:52] ==== loop 45/∞ | seed=884546805771057700 archetype=balanced personality=minero focus=eco actions_per_loop=1 ====
[13:40:53] planet 49: queued building_metal_mine to 2
[13:40:53] research: blocked research_energy_technology (building_laboratory 0/1)
[2026-05-08 13:42:11] ==== loop 47/∞ | seed=884546805771057700 archetype=balanced personality=minero focus=eco actions_per_loop=1 ====
[13:42:12] planet 49: queued building_metal_mine to 3
[2026-05-08 13:43:32] ==== loop 49/∞ | seed=884546805771057700 archetype=balanced personality=minero focus=eco actions_per_loop=1 ====
[13:43:33] planet 49: queued building_solar_plant to 12
[13:43:33] research: blocked research_energy_technology (building_laboratory 0/1)
[2026-05-08 13:44:13] ==== loop 50/∞ | seed=884546805771057700 archetype=balanced personality=minero focus=eco actions_per_loop=1 ====
[13:44:14] planet 49: queued building_metal_mine to 4
[13:44:14] research: blocked research_energy_technology (building_laboratory 0/1)
[2026-05-08 13:44:55] ==== loop 51/∞ | seed=884546805771057700 archetype=balanced personality=minero focus=eco actions_per_loop=1 ====
[13:44:55] planet 49: queued building_metal_mine to 5
[2026-05-08 13:46:16] ==== loop 53/∞ | seed=884546805771057700 archetype=balanced personality=minero focus=eco actions_per_loop=1 ====
[13:46:17] planet 49: queued building_metal_mine to 6
[13:46:17] research: blocked research_energy_technology (building_laboratory 0/1)
[2026-05-08 13:46:56] ==== loop 54/∞ | seed=884546805771057700 archetype=balanced personality=minero focus=eco actions_per_loop=1 ====
[13:46:56] planet 49: queued building_metal_mine to 7
[13:46:56] research: blocked research_energy_technology (building_laboratory 0/1)
[2026-05-08 13:47:40] ==== loop 55/∞ | seed=884546805771057700 archetype=balanced personality=minero focus=eco actions_per_loop=1 ====
[13:47:40] planet 49: queued building_metal_mine to 8
[13:47:40] research: blocked research_energy_technology (building_laboratory 0/1)
[2026-05-08 13:49:43] ==== loop 58/∞ | seed=884546805771057700 archetype=balanced personality=minero focus=eco actions_per_loop=1 ====
[13:49:44] planet 49: queued building_solar_plant to 13
[13:49:44] research: blocked research_energy_technology (building_laboratory 0/1)
[2026-05-08 13:50:29] ==== loop 59/∞ | seed=884546805771057700 archetype=balanced personality=minero focus=eco actions_per_loop=1 ====
[13:50:29] planet 49: queued building_metal_store to 1
[2026-05-08 13:51:13] ==== loop 60/∞ | seed=884546805771057700 archetype=balanced personality=minero focus=eco actions_per_loop=1 ====
[13:51:13] planet 49: queued building_metal_store to 2
[2026-05-08 13:54:15] ==== loop 64/∞ | seed=884546805771057700 archetype=balanced personality=minero focus=eco actions_per_loop=1 ====
[13:54:16] planet 49: queued building_metal_store to 3
[13:54:16] research: blocked research_energy_technology (building_laboratory 0/1)
[2026-05-08 13:55:03] ==== loop 65/∞ | seed=884546805771057700 archetype=balanced personality=minero focus=eco actions_per_loop=1 ====
[13:55:04] planet 49: queued building_metal_store to 4
[13:55:04] research: blocked research_energy_technology (building_laboratory 0/1)
[2026-05-08 13:56:28] ==== loop 67/∞ | seed=884546805771057700 archetype=balanced personality=minero focus=eco actions_per_loop=1 ====
[13:56:29] planet 49: queued building_crystal_store to 4
[13:56:29] research: blocked research_energy_technology (building_laboratory 0/1)
[2026-05-08 13:57:10] ==== loop 68/∞ | seed=884546805771057700 archetype=balanced personality=minero focus=eco actions_per_loop=1 ====
[13:57:11] planet 49: queued building_deuterium_sintetizer to 9
[2026-05-08 13:57:50] ==== loop 69/∞ | seed=884546805771057700 archetype=balanced personality=minero focus=eco actions_per_loop=1 ====
[13:57:51] planet 49: queued building_crystal_store to 5
[2026-05-08 13:58:30] ==== loop 70/∞ | seed=884546805771057700 archetype=balanced personality=minero focus=eco actions_per_loop=1 ====
[13:58:31] planet 49: queued building_crystal_store to 6
[2026-05-08 13:59:12] ==== loop 71/∞ | seed=884546805771057700 archetype=balanced personality=minero focus=eco actions_per_loop=1 ====
[13:59:12] planet 49: queued building_deuterium_sintetizer to 10
[13:59:12] research: blocked research_energy_technology (building_laboratory 0/1)
[2026-05-08 13:59:52] ==== loop 72/∞ | seed=884546805771057700 archetype=balanced personality=minero focus=eco actions_per_loop=1 ====
[13:59:52] planet 49: queued building_deuterium_sintetizer to 11
[2026-05-08 14:00:32] ==== loop 73/∞ | seed=884546805771057700 archetype=balanced personality=minero focus=eco actions_per_loop=1 ====
[14:00:33] planet 49: queued building_metal_mine to 9
[2026-05-08 14:01:48] ==== loop 75/∞ | seed=884546805771057700 archetype=balanced personality=minero focus=eco actions_per_loop=1 ====
[14:01:49] planet 49: queued building_solar_plant to 14
[14:01:49] research: blocked research_energy_technology (building_laboratory 0/1)
[2026-05-08 14:02:26] ==== loop 76/∞ | seed=884546805771057700 archetype=balanced personality=minero focus=eco actions_per_loop=1 ====
[14:02:26] planet 49: queued building_solar_plant to 15
[14:02:26] research: blocked research_energy_technology (building_laboratory 0/1)
[2026-05-08 14:03:41] ==== loop 78/∞ | seed=884546805771057700 archetype=balanced personality=minero focus=eco actions_per_loop=1 ====
[14:03:42] planet 49: queued building_solar_plant to 16
[2026-05-08 14:04:15] ==== loop 79/∞ | seed=884546805771057700 archetype=balanced personality=minero focus=eco actions_per_loop=1 ====
[14:04:17] planet 49: queued building_metal_mine to 10
[14:04:17] research: blocked research_energy_technology (building_laboratory 0/1)
[2026-05-08 14:05:01] ==== loop 80/∞ | seed=884546805771057700 archetype=balanced personality=minero focus=eco actions_per_loop=1 ====
[14:05:02] planet 49: queued building_metal_mine to 11
[14:05:02] research: blocked research_energy_technology (building_laboratory 0/1)
[2026-05-08 14:05:37] ==== loop 81/∞ | seed=884546805771057700 archetype=balanced personality=minero focus=eco actions_per_loop=1 ====
[14:05:38] planet 49: queued building_metal_mine to 12
[14:05:38] research: blocked research_energy_technology (building_laboratory 0/1)
[2026-05-08 14:06:14] ==== loop 82/∞ | seed=884546805771057700 archetype=balanced personality=minero focus=eco actions_per_loop=1 ====
[14:06:15] planet 49: queued building_metal_mine to 13
[2026-05-08 14:06:51] ==== loop 83/∞ | seed=884546805771057700 archetype=balanced personality=minero focus=eco actions_per_loop=1 ====
[14:06:53] planet 49: queued building_metal_mine to 14
[2026-05-08 14:07:28] ==== loop 84/∞ | seed=884546805771057700 archetype=balanced personality=minero focus=eco actions_per_loop=1 ====
[14:07:29] planet 49: queued building_metal_mine to 15
[14:07:29] research: blocked research_energy_technology (building_laboratory 0/1)
[2026-05-08 14:08:04] ==== loop 85/∞ | seed=884546805771057700 archetype=balanced personality=minero focus=eco actions_per_loop=1 ====
[14:08:04] planet 49: queued building_metal_mine to 16
[14:08:04] research: blocked research_energy_technology (building_laboratory 0/1)
[2026-05-08 14:08:38] ==== loop 86/∞ | seed=884546805771057700 archetype=balanced personality=minero focus=eco actions_per_loop=1 ====
[14:08:39] planet 49: queued building_metal_mine to 17
[14:08:39] research: blocked research_energy_technology (building_laboratory 0/1)
[2026-05-08 14:09:15] ==== loop 87/∞ | seed=884546805771057700 archetype=balanced personality=minero focus=eco actions_per_loop=1 ====
[14:09:16] planet 49: queued building_solar_plant to 17
[14:09:16] research: blocked research_energy_technology (building_laboratory 0/1)
[2026-05-08 14:10:25] ==== loop 89/∞ | seed=884546805771057700 archetype=balanced personality=minero focus=eco actions_per_loop=1 ====
[14:10:26] planet 49: queued building_solar_plant to 18
[2026-05-08 14:11:05] ==== loop 90/∞ | seed=884546805771057700 archetype=balanced personality=minero focus=eco actions_per_loop=1 ====
[14:11:06] planet 49: no resources for building_solar_plant+1
[14:11:06] research: blocked research_energy_technology (building_laboratory 0/1)
[2026-05-08 14:12:22] ==== loop 92/∞ | seed=884546805771057700 archetype=balanced personality=minero focus=eco actions_per_loop=1 ====
[14:12:22] planet 49: no resources for building_solar_plant+1
[14:12:22] research: blocked research_energy_technology (building_laboratory 0/1)
[2026-05-08 14:13:43] ==== loop 94/∞ | seed=884546805771057700 archetype=balanced personality=minero focus=eco actions_per_loop=1 ====
[14:13:44] planet 49: queued building_solar_plant to 19
[14:13:44] research: blocked research_energy_technology (building_laboratory 0/1)
[2026-05-08 14:14:24] ==== loop 95/∞ | seed=884546805771057700 archetype=balanced personality=minero focus=eco actions_per_loop=1 ====
[14:14:25] planet 49: no resources for building_solar_plant+1
[14:14:25] research: blocked research_energy_technology (building_laboratory 0/1)
[2026-05-08 14:15:08] ==== loop 96/∞ | seed=884546805771057700 archetype=balanced personality=minero focus=eco actions_per_loop=1 ====
[14:15:09] planet 49: no resources for building_solar_plant+1
[2026-05-08 14:15:51] ==== loop 97/∞ | seed=884546805771057700 archetype=balanced personality=minero focus=eco actions_per_loop=1 ====
[14:15:52] planet 49: no resources for building_solar_plant+1
[14:15:52] research: blocked research_energy_technology (building_laboratory 0/1)
[2026-05-08 14:16:32] ==== loop 98/∞ | seed=884546805771057700 archetype=balanced personality=minero focus=eco actions_per_loop=1 ====
[14:16:33] planet 49: no resources for building_solar_plant+1
[14:16:33] research: blocked research_energy_technology (building_laboratory 0/1)
[2026-05-08 14:17:11] ==== loop 99/∞ | seed=884546805771057700 archetype=balanced personality=minero focus=eco actions_per_loop=1 ====
[14:17:12] planet 49: no resources for building_solar_plant+1
[2026-05-08 14:17:49] ==== loop 100/∞ | seed=884546805771057700 archetype=balanced personality=minero focus=eco actions_per_loop=1 ====
[14:17:50] planet 49: queued building_solar_plant to 20
[14:17:50] research: blocked research_energy_technology (building_laboratory 0/1)
[2026-05-08 14:18:29] ==== loop 101/∞ | seed=884546805771057700 archetype=balanced personality=minero focus=eco actions_per_loop=1 ====
[14:18:30] planet 49: no resources for building_solar_plant+1
[2026-05-08 14:19:50] ==== loop 103/∞ | seed=884546805771057700 archetype=balanced personality=minero focus=eco actions_per_loop=1 ====
[14:19:50] planet 49: no resources for building_solar_plant+1
[14:19:50] research: blocked research_energy_technology (building_laboratory 0/1)
[2026-05-08 14:20:31] ==== loop 104/∞ | seed=884546805771057700 archetype=balanced personality=minero focus=eco actions_per_loop=1 ====
[14:20:32] planet 49: queued building_crystal_mine to 11
[2026-05-08 14:21:11] ==== loop 105/∞ | seed=884546805771057700 archetype=balanced personality=minero focus=eco actions_per_loop=1 ====
[14:21:12] planet 49: queued building_crystal_mine to 12
[14:21:12] research: blocked research_energy_technology (building_laboratory 0/1)
[2026-05-08 14:21:51] ==== loop 106/∞ | seed=884546805771057700 archetype=balanced personality=minero focus=eco actions_per_loop=1 ====
[14:21:52] planet 49: queued building_crystal_mine to 13
[2026-05-08 14:23:14] ==== loop 108/∞ | seed=884546805771057700 archetype=balanced personality=minero focus=eco actions_per_loop=1 ====
[14:23:15] planet 49: building queue full (5)
[14:23:15] research: blocked research_energy_technology (building_laboratory 0/1)
[2026-05-08 14:23:57] ==== loop 109/∞ | seed=884546805771057700 archetype=balanced personality=minero focus=eco actions_per_loop=1 ====
[14:23:57] planet 49: building queue full (5)
[14:23:57] research: blocked research_energy_technology (building_laboratory 0/1)
[2026-05-08 14:24:37] ==== loop 110/∞ | seed=884546805771057700 archetype=balanced personality=minero focus=eco actions_per_loop=1 ====
[14:24:37] planet 49: building queue full (5)
[14:24:37] research: blocked research_energy_technology (building_laboratory 0/1)
[2026-05-08 14:25:14] ==== loop 111/∞ | seed=884546805771057700 archetype=balanced personality=minero focus=eco actions_per_loop=1 ====
[14:25:15] planet 49: building queue full (5)
[2026-05-08 14:25:54] ==== loop 112/∞ | seed=884546805771057700 archetype=balanced personality=minero focus=eco actions_per_loop=1 ====
[14:25:54] planet 49: building queue full (5)
[2026-05-08 14:26:34] ==== loop 113/∞ | seed=884546805771057700 archetype=balanced personality=minero focus=eco actions_per_loop=1 ====
[14:26:35] planet 49: building queue full (5)
[2026-05-08 14:27:13] ==== loop 114/∞ | seed=884546805771057700 archetype=balanced personality=minero focus=eco actions_per_loop=1 ====
[14:27:14] planet 49: queued building_crystal_mine to 14
[14:27:14] research: blocked research_energy_technology (building_laboratory 0/1)
[2026-05-08 14:27:54] ==== loop 115/∞ | seed=884546805771057700 archetype=balanced personality=minero focus=eco actions_per_loop=1 ====
[14:27:54] planet 49: building queue full (5)
[14:27:54] research: blocked research_energy_technology (building_laboratory 0/1)
[2026-05-08 14:28:37] ==== loop 116/∞ | seed=884546805771057700 archetype=balanced personality=minero focus=eco actions_per_loop=1 ====
[14:28:37] planet 49: building queue full (5)
[14:28:37] research: blocked research_energy_technology (building_laboratory 0/1)
[2026-05-08 14:29:20] ==== loop 117/∞ | seed=884546805771057700 archetype=balanced personality=minero focus=eco actions_per_loop=1 ====
[14:29:21] planet 49: building queue full (5)
[14:29:21] research: blocked research_energy_technology (building_laboratory 0/1)
[2026-05-08 14:30:00] ==== loop 118/∞ | seed=884546805771057700 archetype=balanced personality=minero focus=eco actions_per_loop=1 ====
[14:30:00] planet 49: queue busy, throttled building_hangar
[14:30:00] research: blocked research_energy_technology (building_laboratory 0/1)
[2026-05-08 14:30:43] ==== loop 119/∞ | seed=884546805771057700 archetype=balanced personality=minero focus=eco actions_per_loop=1 ====
[14:30:43] planet 49: queue busy, throttled building_hangar
[14:30:43] research: blocked research_energy_technology (building_laboratory 0/1)
[2026-05-08 14:32:03] ==== loop 121/∞ | seed=884546805771057700 archetype=balanced personality=minero focus=eco actions_per_loop=1 ====
[14:32:03] planet 49: queue busy, throttled building_hangar
[2026-05-08 14:32:46] ==== loop 122/∞ | seed=884546805771057700 archetype=balanced personality=minero focus=eco actions_per_loop=1 ====
[14:32:46] planet 49: queue busy, throttled building_hangar
[14:32:46] research: blocked research_energy_technology (building_laboratory 0/1)
[2026-05-08 14:34:03] ==== loop 124/∞ | seed=884546805771057700 archetype=balanced personality=minero focus=eco actions_per_loop=1 ====
[14:34:03] planet 49: queue busy, throttled building_hangar
[14:34:03] research: blocked research_energy_technology (building_laboratory 0/1)
[2026-05-08 14:34:45] ==== loop 125/∞ | seed=884546805771057700 archetype=balanced personality=minero focus=eco actions_per_loop=1 ====
[14:34:45] planet 49: queue busy, throttled building_hangar
[14:34:45] research: blocked research_energy_technology (building_laboratory 0/1)
[2026-05-08 14:36:08] ==== loop 127/∞ | seed=884546805771057700 archetype=balanced personality=minero focus=eco actions_per_loop=1 ====
[14:36:08] planet 49: queue busy, throttled building_hangar
[2026-05-08 14:37:26] ==== loop 129/∞ | seed=884546805771057700 archetype=balanced personality=minero focus=eco actions_per_loop=1 ====
[14:37:26] planet 49: queue busy, throttled building_hangar
[2026-05-08 14:39:30] ==== loop 132/∞ | seed=884546805771057700 archetype=balanced personality=minero focus=eco actions_per_loop=1 ====
[14:39:31] planet 49: queued building_robot_factory to 3
[14:39:31] research: blocked research_energy_technology (building_laboratory 0/1)
[2026-05-08 14:40:09] ==== loop 133/∞ | seed=884546805771057700 archetype=balanced personality=minero focus=eco actions_per_loop=1 ====
[14:40:09] planet 49: queued building_crystal_store to 7
[14:40:09] research: blocked research_energy_technology (building_laboratory 0/1)
[2026-05-08 14:41:59] ==== loop 136/∞ | seed=884546805771057700 archetype=balanced personality=minero focus=eco actions_per_loop=1 ====
[14:42:00] planet 49: queued building_crystal_store to 8
[14:42:00] research: blocked research_energy_technology (building_laboratory 0/1)
[2026-05-08 14:42:41] ==== loop 137/∞ | seed=884546805771057700 archetype=balanced personality=minero focus=eco actions_per_loop=1 ====
[14:42:41] planet 49: queued building_crystal_store to 9
[14:42:41] research: blocked research_energy_technology (building_laboratory 0/1)
[2026-05-08 14:43:20] ==== loop 138/∞ | seed=884546805771057700 archetype=balanced personality=minero focus=eco actions_per_loop=1 ====
[14:43:21] planet 49: no resources for building_crystal_store+1
[2026-05-08 14:44:34] ==== loop 140/∞ | seed=884546805771057700 archetype=balanced personality=minero focus=eco actions_per_loop=1 ====
[14:44:35] planet 49: queued building_crystal_store to 10
[2026-05-08 14:45:12] ==== loop 141/∞ | seed=884546805771057700 archetype=balanced personality=minero focus=eco actions_per_loop=1 ====
[14:45:13] planet 49: no resources for building_crystal_store+1
[14:45:13] research: blocked research_energy_technology (building_laboratory 0/1)
[2026-05-08 14:45:52] ==== loop 142/∞ | seed=884546805771057700 archetype=balanced personality=minero focus=eco actions_per_loop=1 ====
[14:45:53] planet 49: no resources for building_crystal_store+1
[14:45:53] research: blocked research_energy_technology (building_laboratory 0/1)
[2026-05-08 14:46:31] ==== loop 143/∞ | seed=884546805771057700 archetype=balanced personality=minero focus=eco actions_per_loop=1 ====
[14:46:32] planet 49: no resources for building_crystal_store+1
[14:46:32] research: blocked research_energy_technology (building_laboratory 0/1)
[2026-05-08 14:47:12] ==== loop 144/∞ | seed=884546805771057700 archetype=balanced personality=minero focus=eco actions_per_loop=1 ====
[14:47:12] planet 49: no resources for building_crystal_store+1
[2026-05-08 14:47:51] ==== loop 145/∞ | seed=884546805771057700 archetype=balanced personality=minero focus=eco actions_per_loop=1 ====
[14:47:52] planet 49: no resources for building_crystal_store+1
[2026-05-08 14:48:29] ==== loop 146/∞ | seed=884546805771057700 archetype=balanced personality=minero focus=eco actions_per_loop=1 ====
[14:48:30] planet 49: no resources for building_crystal_store+1
[2026-05-08 14:49:09] ==== loop 147/∞ | seed=884546805771057700 archetype=balanced personality=minero focus=eco actions_per_loop=1 ====
[14:49:10] planet 49: no resources for building_crystal_store+1
[14:49:10] research: blocked research_energy_technology (building_laboratory 0/1)
[2026-05-08 14:49:48] ==== loop 148/∞ | seed=884546805771057700 archetype=balanced personality=minero focus=eco actions_per_loop=1 ====
[14:49:48] planet 49: no resources for building_crystal_store+1
[14:49:48] research: blocked research_energy_technology (building_laboratory 0/1)
[2026-05-08 14:50:30] ==== loop 149/∞ | seed=884546805771057700 archetype=balanced personality=minero focus=eco actions_per_loop=1 ====
[14:50:30] planet 49: queued building_metal_mine to 18
[2026-05-08 14:51:50] ==== loop 151/∞ | seed=884546805771057700 archetype=balanced personality=minero focus=eco actions_per_loop=1 ====
[14:51:50] planet 49: queued building_metal_mine to 19
[14:51:50] research: blocked research_energy_technology (building_laboratory 0/1)
[2026-05-11 07:01:57] ==== loop 1/∞ | seed=884546805771057700 archetype=balanced personality=minero focus=eco actions_per_loop=1 ====
[07:01:58] planet 49: queued building_metal_store to 5
[07:01:58] research: blocked research_energy_technology (building_laboratory 0/1)
[2026-05-11 07:02:26] ==== loop 2/∞ | seed=884546805771057700 archetype=balanced personality=minero focus=eco actions_per_loop=1 ====
[07:02:26] planet 49: queued building_deuterium_tank to 1
[07:02:26] research: blocked research_energy_technology (building_laboratory 0/1)
[2026-05-11 07:03:40] ==== loop 5/∞ | seed=884546805771057700 archetype=balanced personality=minero focus=eco actions_per_loop=1 ====
[07:03:40] planet 49: queued building_deuterium_sintetizer to 12
[07:03:40] research: blocked research_energy_technology (building_laboratory 0/1)
[2026-05-11 07:04:11] ==== loop 6/∞ | seed=884546805771057700 archetype=balanced personality=minero focus=eco actions_per_loop=1 ====
[07:04:12] planet 49: queued building_deuterium_sintetizer to 13
[07:04:12] research: blocked research_energy_technology (building_laboratory 0/1)
[2026-05-11 07:04:49] ==== loop 7/∞ | seed=884546805771057700 archetype=balanced personality=minero focus=eco actions_per_loop=1 ====
[07:04:50] planet 49: queued building_deuterium_sintetizer to 14
[07:04:50] research: blocked research_energy_technology (building_laboratory 0/1)
[2026-05-11 07:05:24] ==== loop 8/∞ | seed=884546805771057700 archetype=balanced personality=minero focus=eco actions_per_loop=1 ====
[07:05:25] planet 49: queued building_deuterium_sintetizer to 15
[2026-05-11 07:06:04] ==== loop 9/∞ | seed=884546805771057700 archetype=balanced personality=minero focus=eco actions_per_loop=1 ====
[07:06:05] planet 49: queued building_metal_store to 6
[07:06:05] research: blocked research_energy_technology (building_laboratory 0/1)
[2026-05-11 07:06:40] ==== loop 10/∞ | seed=884546805771057700 archetype=balanced personality=minero focus=eco actions_per_loop=1 ====
[07:06:41] planet 49: queued building_metal_store to 7
[2026-05-11 07:07:55] ==== loop 12/∞ | seed=884546805771057700 archetype=balanced personality=minero focus=eco actions_per_loop=1 ====
[07:07:55] planet 49: queued ship_solar_satellite +3
[07:07:55] research: blocked research_energy_technology (building_laboratory 0/1)
[2026-05-11 07:09:48] ==== loop 15/∞ | seed=884546805771057700 archetype=balanced personality=minero focus=eco actions_per_loop=1 ====
[07:09:49] planet 49: queued building_metal_store to 8
[07:09:49] research: blocked research_energy_technology (building_laboratory 0/1)
[2026-05-11 07:10:25] ==== loop 16/∞ | seed=884546805771057700 archetype=balanced personality=minero focus=eco actions_per_loop=1 ====
[07:10:26] planet 49: queued ship_solar_satellite +4
[2026-05-11 07:11:04] ==== loop 17/∞ | seed=884546805771057700 archetype=balanced personality=minero focus=eco actions_per_loop=1 ====
[07:11:05] planet 49: queued building_deuterium_sintetizer to 16
[07:11:05] research: blocked research_energy_technology (building_laboratory 0/1)
[2026-05-11 07:11:45] ==== loop 18/∞ | seed=884546805771057700 archetype=balanced personality=minero focus=eco actions_per_loop=1 ====
[07:11:46] planet 49: queued building_deuterium_sintetizer to 17
[07:11:46] research: blocked research_energy_technology (building_laboratory 0/1)
[2026-05-11 07:12:29] ==== loop 19/∞ | seed=884546805771057700 archetype=balanced personality=minero focus=eco actions_per_loop=1 ====
[07:12:30] planet 49: queued building_deuterium_sintetizer to 18
[2026-05-11 07:13:11] ==== loop 20/∞ | seed=884546805771057700 archetype=balanced personality=minero focus=eco actions_per_loop=1 ====
[07:13:12] planet 49: queued building_deuterium_sintetizer to 19
[07:13:12] research: blocked research_energy_technology (building_laboratory 0/1)
[2026-05-11 07:13:59] ==== loop 21/∞ | seed=884546805771057700 archetype=balanced personality=minero focus=eco actions_per_loop=1 ====
[07:13:59] planet 49: building queue full (5)
[07:13:59] research: blocked research_energy_technology (building_laboratory 0/1)
[2026-05-11 07:14:39] ==== loop 22/∞ | seed=884546805771057700 archetype=balanced personality=minero focus=eco actions_per_loop=1 ====
[07:14:40] planet 49: building queue full (5)
[07:14:40] research: blocked research_energy_technology (building_laboratory 0/1)
[2026-05-11 07:15:25] ==== loop 23/∞ | seed=884546805771057700 archetype=balanced personality=minero focus=eco actions_per_loop=1 ====
[07:15:26] planet 49: building queue full (5)
[2026-05-11 07:16:13] ==== loop 24/∞ | seed=884546805771057700 archetype=balanced personality=minero focus=eco actions_per_loop=1 ====
[07:16:14] planet 49: building queue full (5)
[07:16:14] research: blocked research_energy_technology (building_laboratory 0/1)
[2026-05-11 07:16:59] ==== loop 25/∞ | seed=884546805771057700 archetype=balanced personality=minero focus=eco actions_per_loop=1 ====
[07:17:00] planet 49: queued building_deuterium_sintetizer to 20
[07:17:00] research: blocked research_energy_technology (building_laboratory 0/1)
[2026-05-11 07:18:26] ==== loop 27/∞ | seed=884546805771057700 archetype=balanced personality=minero focus=eco actions_per_loop=1 ====
[07:18:27] planet 49: building queue full (5)
[07:18:27] research: blocked research_energy_technology (building_laboratory 0/1)
[2026-05-11 07:19:12] ==== loop 28/∞ | seed=884546805771057700 archetype=balanced personality=minero focus=eco actions_per_loop=1 ====
[07:19:12] planet 49: building queue full (5)
[07:19:12] research: blocked research_energy_technology (building_laboratory 0/1)
[2026-05-11 07:19:57] ==== loop 29/∞ | seed=884546805771057700 archetype=balanced personality=minero focus=eco actions_per_loop=1 ====
[07:19:58] planet 49: building queue full (5)
[07:19:58] research: blocked research_energy_technology (building_laboratory 0/1)
[2026-05-11 07:21:11] ==== loop 31/∞ | seed=884546805771057700 archetype=balanced personality=minero focus=eco actions_per_loop=1 ====
[07:21:11] planet 49: queued ship_solar_satellite +4
[07:21:11] research: blocked research_energy_technology (building_laboratory 0/1)
[2026-05-11 07:21:49] ==== loop 32/∞ | seed=884546805771057700 archetype=balanced personality=minero focus=eco actions_per_loop=1 ====
[07:21:50] planet 49: queued building_crystal_mine to 15
[2026-05-11 07:22:30] ==== loop 33/∞ | seed=884546805771057700 archetype=balanced personality=minero focus=eco actions_per_loop=1 ====
[07:22:31] planet 49: building queue full (5)
[07:22:31] research: blocked research_energy_technology (building_laboratory 0/1)
[2026-05-11 07:23:11] ==== loop 34/∞ | seed=884546805771057700 archetype=balanced personality=minero focus=eco actions_per_loop=1 ====
[07:23:12] planet 49: building queue full (5)
[07:23:12] research: blocked research_energy_technology (building_laboratory 0/1)
[2026-05-11 07:23:52] ==== loop 35/∞ | seed=884546805771057700 archetype=balanced personality=minero focus=eco actions_per_loop=1 ====
[07:23:53] planet 49: building queue full (5)
[2026-05-11 07:24:33] ==== loop 36/∞ | seed=884546805771057700 archetype=balanced personality=minero focus=eco actions_per_loop=1 ====
[07:24:33] planet 49: building queue full (5)
[2026-05-11 07:27:03] ==== loop 40/∞ | seed=884546805771057700 archetype=balanced personality=minero focus=eco actions_per_loop=1 ====
[07:27:04] planet 49: queued ship_solar_satellite +5
[07:27:04] research: blocked research_energy_technology (building_laboratory 0/1)
[2026-05-11 07:28:24] ==== loop 42/∞ | seed=884546805771057700 archetype=balanced personality=minero focus=eco actions_per_loop=1 ====
[07:28:25] planet 49: queued building_crystal_mine to 16
[07:28:25] research: blocked research_energy_technology (building_laboratory 0/1)
[2026-05-11 07:30:13] ==== loop 45/∞ | seed=884546805771057700 archetype=balanced personality=minero focus=eco actions_per_loop=1 ====
[07:30:14] planet 49: building queue full (5)
[07:30:14] research: blocked research_energy_technology (building_laboratory 0/1)
[2026-05-11 07:31:08] ==== loop 1/∞ | seed=884546805771057700 archetype=balanced personality=minero focus=eco actions_per_loop=1 ====
[07:31:08] planet 49: building queue full (5)
[07:31:08] attack: idle candidates=45 fresh_intel=0 no_spy_src=45 no_atk_src=0 raidmix_fail=0 cooldown_spy=0
[07:31:08] research: blocked research_energy_technology (building_laboratory 0/1)
[2026-05-11 07:31:51] ==== loop 2/∞ | seed=884546805771057700 archetype=balanced personality=minero focus=eco actions_per_loop=1 ====
[07:31:52] planet 49: building queue full (5)
[07:31:52] attack: idle candidates=45 fresh_intel=0 no_spy_src=45 no_atk_src=0 raidmix_fail=0 cooldown_spy=0
[2026-05-11 07:32:31] ==== loop 3/∞ | seed=884546805771057700 archetype=balanced personality=minero focus=eco actions_per_loop=1 ====
[07:32:32] planet 49: building queue full (5)
[07:32:32] attack: idle candidates=45 fresh_intel=0 no_spy_src=45 no_atk_src=0 raidmix_fail=0 cooldown_spy=0
[07:32:32] research: blocked research_energy_technology (building_laboratory 0/1)
[2026-05-11 07:33:11] ==== loop 4/∞ | seed=884546805771057700 archetype=balanced personality=minero focus=eco actions_per_loop=1 ====
[07:33:11] planet 49: building queue full (5)
[07:33:11] attack: idle candidates=45 fresh_intel=0 no_spy_src=45 no_atk_src=0 raidmix_fail=0 cooldown_spy=0
[07:33:11] research: blocked research_energy_technology (building_laboratory 0/1)
[2026-05-11 07:34:29] ==== loop 6/∞ | seed=884546805771057700 archetype=balanced personality=minero focus=eco actions_per_loop=1 ====
[07:34:29] planet 49: building queue full (5)
[07:34:29] attack: idle candidates=45 fresh_intel=0 no_spy_src=45 no_atk_src=0 raidmix_fail=0 cooldown_spy=0
[07:34:29] research: blocked research_energy_technology (building_laboratory 0/1)
[2026-05-11 07:35:12] ==== loop 7/∞ | seed=884546805771057700 archetype=balanced personality=minero focus=eco actions_per_loop=1 ====
[07:35:13] planet 49: building queue full (5)
[07:35:13] attack: idle candidates=45 fresh_intel=0 no_spy_src=45 no_atk_src=0 raidmix_fail=0 cooldown_spy=0
[07:35:13] research: blocked research_energy_technology (building_laboratory 0/1)
[2026-05-11 07:35:48] ==== loop 8/∞ | seed=884546805771057700 archetype=balanced personality=minero focus=eco actions_per_loop=1 ====
[07:35:48] planet 49: queued ship_solar_satellite +5
[07:35:48] attack: idle candidates=45 fresh_intel=0 no_spy_src=45 no_atk_src=0 raidmix_fail=0 cooldown_spy=0
[07:35:48] research: blocked research_energy_technology (building_laboratory 0/1)
[2026-05-11 07:36:28] ==== loop 9/∞ | seed=884546805771057700 archetype=balanced personality=minero focus=eco actions_per_loop=1 ====
[07:36:28] planet 49: queued building_metal_mine to 20
[07:36:28] attack: idle candidates=45 fresh_intel=0 no_spy_src=45 no_atk_src=0 raidmix_fail=0 cooldown_spy=0
[2026-05-11 07:37:10] ==== loop 10/∞ | seed=884546805771057700 archetype=balanced personality=minero focus=eco actions_per_loop=1 ====
[07:37:10] planet 49: building queue full (5)
[07:37:10] attack: idle candidates=45 fresh_intel=0 no_spy_src=45 no_atk_src=0 raidmix_fail=0 cooldown_spy=0
[07:37:10] research: blocked research_energy_technology (building_laboratory 0/1)
[2026-05-11 07:37:49] ==== loop 11/∞ | seed=884546805771057700 archetype=balanced personality=minero focus=eco actions_per_loop=1 ====
[07:37:49] planet 49: building queue full (5)
[07:37:49] attack: idle candidates=45 fresh_intel=0 no_spy_src=45 no_atk_src=0 raidmix_fail=0 cooldown_spy=0
[07:37:49] research: blocked research_energy_technology (building_laboratory 0/1)
[2026-05-11 07:38:24] ==== loop 12/∞ | seed=884546805771057700 archetype=balanced personality=minero focus=eco actions_per_loop=1 ====
[07:38:25] planet 49: building queue full (5)
[07:38:25] attack: idle candidates=45 fresh_intel=0 no_spy_src=45 no_atk_src=0 raidmix_fail=0 cooldown_spy=0
[07:38:25] research: blocked research_energy_technology (building_laboratory 0/1)
[2026-05-11 07:39:51] ==== loop 14/∞ | seed=884546805771057700 archetype=balanced personality=minero focus=eco actions_per_loop=1 ====
[07:39:52] planet 49: building queue full (5)
[07:39:52] attack: idle candidates=45 fresh_intel=0 no_spy_src=45 no_atk_src=0 raidmix_fail=0 cooldown_spy=0
[2026-05-11 07:40:30] ==== loop 15/∞ | seed=884546805771057700 archetype=balanced personality=minero focus=eco actions_per_loop=1 ====
[07:40:31] planet 49: building queue full (5)
[07:40:31] attack: idle candidates=45 fresh_intel=0 no_spy_src=45 no_atk_src=0 raidmix_fail=0 cooldown_spy=0
[07:40:31] research: blocked research_energy_technology (building_laboratory 0/1)
[2026-05-11 07:41:07] ==== loop 16/∞ | seed=884546805771057700 archetype=balanced personality=minero focus=eco actions_per_loop=1 ====
[07:41:08] planet 49: building queue full (5)
[07:41:08] attack: idle candidates=45 fresh_intel=0 no_spy_src=45 no_atk_src=0 raidmix_fail=0 cooldown_spy=0
[07:41:08] research: blocked research_energy_technology (building_laboratory 0/1)
[2026-05-11 07:43:08] ==== loop 19/∞ | seed=884546805771057700 archetype=balanced personality=minero focus=eco actions_per_loop=1 ====
[07:43:08] planet 49: building queue full (5)
[07:43:08] attack: idle candidates=45 fresh_intel=0 no_spy_src=45 no_atk_src=0 raidmix_fail=0 cooldown_spy=0
[07:43:08] research: blocked research_energy_technology (building_laboratory 0/1)
[2026-05-11 07:45:39] ==== loop 1/∞ | seed=884546805771057700 archetype=balanced personality=minero focus=eco actions_per_loop=1 ====
[07:45:41] planet 49: building queue full (5)
[2026-05-11 07:46:25] ==== loop 2/∞ | seed=884546805771057700 archetype=balanced personality=minero focus=eco actions_per_loop=1 ====
[07:46:25] planet 49: building queue full (5)
[07:46:25] research: blocked research_energy_technology (building_laboratory 0/1)
[2026-05-11 07:47:04] ==== loop 3/∞ | seed=884546805771057700 archetype=balanced personality=minero focus=eco actions_per_loop=1 ====
[07:47:05] planet 49: building queue full (5)
[07:47:05] research: blocked research_energy_technology (building_laboratory 0/1)
[2026-05-11 07:47:47] ==== loop 4/∞ | seed=884546805771057700 archetype=balanced personality=minero focus=eco actions_per_loop=1 ====
[07:47:47] planet 49: building queue full (5)
[07:47:47] research: blocked research_energy_technology (building_laboratory 0/1)
[2026-05-11 07:48:25] ==== loop 5/∞ | seed=884546805771057700 archetype=balanced personality=minero focus=eco actions_per_loop=1 ====
[07:48:27] planet 49: building queue full (5)
[2026-05-11 07:49:52] ==== loop 7/∞ | seed=884546805771057700 archetype=balanced personality=minero focus=eco actions_per_loop=1 ====
[07:49:52] planet 49: queued ship_solar_satellite +7
[07:49:52] research: blocked research_energy_technology (building_laboratory 0/1)
[2026-05-11 07:50:33] ==== loop 8/∞ | seed=884546805771057700 archetype=balanced personality=minero focus=eco actions_per_loop=1 ====
[07:50:34] planet 49: queued building_metal_mine to 21
[2026-05-11 07:51:11] ==== loop 9/∞ | seed=884546805771057700 archetype=balanced personality=minero focus=eco actions_per_loop=1 ====
[07:51:11] planet 49: building queue full (5)
[07:51:11] research: blocked research_energy_technology (building_laboratory 0/1)
[2026-05-11 07:51:55] ==== loop 10/∞ | seed=884546805771057700 archetype=balanced personality=minero focus=eco actions_per_loop=1 ====
[07:51:55] planet 49: building queue full (5)
[07:51:55] research: blocked research_energy_technology (building_laboratory 0/1)
[2026-05-11 07:52:40] ==== loop 11/∞ | seed=884546805771057700 archetype=balanced personality=minero focus=eco actions_per_loop=1 ====
[07:52:40] planet 49: building queue full (5)
[07:52:40] research: blocked research_energy_technology (building_laboratory 0/1)
[2026-05-11 07:53:26] ==== loop 12/∞ | seed=884546805771057700 archetype=balanced personality=minero focus=eco actions_per_loop=1 ====
[07:53:27] planet 49: building queue full (5)
[2026-05-11 07:54:09] ==== loop 13/∞ | seed=884546805771057700 archetype=balanced personality=minero focus=eco actions_per_loop=1 ====
[07:54:09] planet 49: building queue full (5)
[2026-05-11 07:54:51] ==== loop 14/∞ | seed=884546805771057700 archetype=balanced personality=minero focus=eco actions_per_loop=1 ====
[07:54:52] planet 49: building queue full (5)
[07:54:52] research: blocked research_energy_technology (building_laboratory 0/1)
[2026-05-11 07:55:33] ==== loop 15/∞ | seed=884546805771057700 archetype=balanced personality=minero focus=eco actions_per_loop=1 ====
[07:55:33] planet 49: building queue full (5)
[2026-05-11 07:56:15] ==== loop 16/∞ | seed=884546805771057700 archetype=balanced personality=minero focus=eco actions_per_loop=1 ====
[07:56:16] planet 49: building queue full (5)
[07:56:16] research: blocked research_energy_technology (building_laboratory 0/1)
[2026-05-11 07:57:01] ==== loop 17/∞ | seed=884546805771057700 archetype=balanced personality=minero focus=eco actions_per_loop=1 ====
[07:57:02] planet 49: building queue full (5)
[07:57:02] research: blocked research_energy_technology (building_laboratory 0/1)
[2026-05-11 07:58:28] ==== loop 19/∞ | seed=884546805771057700 archetype=balanced personality=minero focus=eco actions_per_loop=1 ====
[07:58:28] planet 49: building queue full (5)
[07:58:28] research: blocked research_energy_technology (building_laboratory 0/1)
[2026-05-11 07:59:09] ==== loop 20/∞ | seed=884546805771057700 archetype=balanced personality=minero focus=eco actions_per_loop=1 ====
[07:59:10] planet 49: building queue full (5)
[2026-05-11 07:59:51] ==== loop 21/∞ | seed=884546805771057700 archetype=balanced personality=minero focus=eco actions_per_loop=1 ====
[07:59:52] planet 49: building queue full (5)
[2026-05-11 08:00:37] ==== loop 22/∞ | seed=884546805771057700 archetype=balanced personality=minero focus=eco actions_per_loop=1 ====
[08:00:37] planet 49: building queue full (5)
[2026-05-11 08:02:36] ==== loop 1/∞ | seed=884546805771057700 archetype=balanced personality=minero focus=eco actions_per_loop=1 ====
[08:02:37] planet 49: building queue full (5)
[2026-05-11 08:03:17] ==== loop 2/∞ | seed=884546805771057700 archetype=balanced personality=minero focus=eco actions_per_loop=1 ====
[08:03:17] planet 49: building queue full (5)
[08:03:17] research: blocked research_energy_technology (building_laboratory 0/1)
[2026-05-11 08:03:58] ==== loop 3/∞ | seed=884546805771057700 archetype=balanced personality=minero focus=eco actions_per_loop=1 ====
[08:03:59] planet 49: building queue full (5)
[2026-05-11 08:04:36] ==== loop 4/∞ | seed=884546805771057700 archetype=balanced personality=minero focus=eco actions_per_loop=1 ====
[08:04:37] planet 49: building queue full (5)
[08:04:37] research: blocked research_energy_technology (building_laboratory 0/1)
[2026-05-11 08:05:18] ==== loop 5/∞ | seed=884546805771057700 archetype=balanced personality=minero focus=eco actions_per_loop=1 ====
[08:05:19] planet 49: building queue full (5)
[2026-05-11 08:06:10] ==== loop 1/∞ | seed=884546805771057700 archetype=balanced personality=minero focus=eco actions_per_loop=1 ====
[08:06:10] planet 49: building queue full (5)
[2026-05-11 08:06:53] ==== loop 2/∞ | seed=884546805771057700 archetype=balanced personality=minero focus=eco actions_per_loop=1 ====
[08:06:53] planet 49: building queue full (5)
[2026-05-11 08:07:36] ==== loop 3/∞ | seed=884546805771057700 archetype=balanced personality=minero focus=eco actions_per_loop=1 ====
[08:07:37] planet 49: building queue full (5)
[08:07:37] research: blocked research_energy_technology (building_laboratory 0/1)
[2026-05-11 08:09:40] ==== loop 6/∞ | seed=884546805771057700 archetype=balanced personality=minero focus=eco actions_per_loop=1 ====
[08:09:41] planet 49: queued ship_solar_satellite +6
[08:09:41] research: blocked research_energy_technology (building_laboratory 0/1)
[2026-05-11 08:10:26] ==== loop 7/∞ | seed=884546805771057700 archetype=balanced personality=minero focus=eco actions_per_loop=1 ====
[08:10:26] planet 49: queued ship_solar_satellite +2
[08:10:26] research: blocked research_energy_technology (building_laboratory 0/1)
[2026-05-11 08:11:11] ==== loop 8/∞ | seed=884546805771057700 archetype=balanced personality=minero focus=eco actions_per_loop=1 ====
[08:11:12] planet 49: queued building_deuterium_sintetizer to 21
[08:11:12] research: blocked research_energy_technology (building_laboratory 0/1)
[2026-05-11 08:11:58] ==== loop 9/∞ | seed=884546805771057700 archetype=balanced personality=minero focus=eco actions_per_loop=1 ====
[08:11:59] planet 49: queued building_deuterium_sintetizer to 22
[08:11:59] research: blocked research_energy_technology (building_laboratory 0/1)
[2026-05-11 08:12:35] ==== loop 10/∞ | seed=884546805771057700 archetype=balanced personality=minero focus=eco actions_per_loop=1 ====
[08:12:36] planet 49: building queue full (5)
[08:12:36] research: blocked research_energy_technology (building_laboratory 0/1)
[2026-05-11 08:13:20] ==== loop 11/∞ | seed=884546805771057700 archetype=balanced personality=minero focus=eco actions_per_loop=1 ====
[08:13:21] planet 49: queued building_deuterium_sintetizer to 23
[08:13:21] research: blocked research_energy_technology (building_laboratory 0/1)
[2026-05-11 08:14:07] ==== loop 12/∞ | seed=884546805771057700 archetype=balanced personality=minero focus=eco actions_per_loop=1 ====
[08:14:08] planet 49: building queue full (5)
[2026-05-11 08:14:54] ==== loop 13/∞ | seed=884546805771057700 archetype=balanced personality=minero focus=eco actions_per_loop=1 ====
[08:14:55] planet 49: building queue full (5)
[08:14:55] research: blocked research_energy_technology (building_laboratory 0/1)
[2026-05-11 08:15:35] ==== loop 14/∞ | seed=884546805771057700 archetype=balanced personality=minero focus=eco actions_per_loop=1 ====
[08:15:36] planet 49: building queue full (5)
[2026-05-11 08:17:05] ==== loop 16/∞ | seed=884546805771057700 archetype=balanced personality=minero focus=eco actions_per_loop=1 ====
[08:17:06] planet 49: building queue full (5)
[2026-05-11 08:17:47] ==== loop 17/∞ | seed=884546805771057700 archetype=balanced personality=minero focus=eco actions_per_loop=1 ====
[08:17:48] planet 49: queued ship_solar_satellite +4
[08:17:48] research: blocked research_energy_technology (building_laboratory 0/1)
[2026-05-11 08:18:32] ==== loop 18/∞ | seed=884546805771057700 archetype=balanced personality=minero focus=eco actions_per_loop=1 ====
[08:18:32] planet 49: queued building_deuterium_sintetizer to 24
[2026-05-11 08:20:18] ==== loop 1/∞ | seed=884546805771057700 archetype=balanced personality=minero focus=eco actions_per_loop=1 ====
[08:20:19] planet 49: building queue full (5)
[08:20:19] research: blocked research_energy_technology (building_laboratory 0/1)
[2026-05-11 08:21:47] ==== loop 3/∞ | seed=884546805771057700 archetype=balanced personality=minero focus=eco actions_per_loop=1 ====
[08:21:48] planet 49: building queue full (5)
[08:21:48] research: blocked research_energy_technology (building_laboratory 0/1)
[2026-05-11 08:22:32] ==== loop 4/∞ | seed=884546805771057700 archetype=balanced personality=minero focus=eco actions_per_loop=1 ====
[08:22:33] planet 49: building queue full (5)
[08:22:33] research: blocked research_energy_technology (building_laboratory 0/1)
[2026-05-11 08:23:16] ==== loop 5/∞ | seed=884546805771057700 archetype=balanced personality=minero focus=eco actions_per_loop=1 ====
[08:23:17] planet 49: building queue full (5)
[08:23:17] research: blocked research_energy_technology (building_laboratory 0/1)
[2026-05-11 08:24:46] ==== loop 7/∞ | seed=884546805771057700 archetype=balanced personality=minero focus=eco actions_per_loop=1 ====
[08:24:47] planet 49: building queue full (5)
[08:24:47] research: blocked research_energy_technology (building_laboratory 0/1)
[2026-05-11 08:25:30] ==== loop 8/∞ | seed=884546805771057700 archetype=balanced personality=minero focus=eco actions_per_loop=1 ====
[08:25:31] planet 49: queued ship_solar_satellite +4
[08:25:31] research: blocked research_energy_technology (building_laboratory 0/1)
[2026-05-11 08:26:16] ==== loop 9/∞ | seed=884546805771057700 archetype=balanced personality=minero focus=eco actions_per_loop=1 ====
[08:26:17] planet 49: queued building_metal_store to 9
[2026-05-11 08:26:57] ==== loop 10/∞ | seed=884546805771057700 archetype=balanced personality=minero focus=eco actions_per_loop=1 ====
[08:26:57] planet 49: building queue full (5)
[08:26:57] research: blocked research_energy_technology (building_laboratory 0/1)
[2026-05-11 08:27:38] ==== loop 11/∞ | seed=884546805771057700 archetype=balanced personality=minero focus=eco actions_per_loop=1 ====
[08:27:38] planet 49: building queue full (5)
[08:27:38] research: blocked research_energy_technology (building_laboratory 0/1)
[2026-05-11 08:28:21] ==== loop 12/∞ | seed=884546805771057700 archetype=balanced personality=minero focus=eco actions_per_loop=1 ====
[08:28:23] planet 49: building queue full (5)
[08:28:23] research: blocked research_energy_technology (building_laboratory 0/1)
[2026-05-11 08:29:06] ==== loop 13/∞ | seed=884546805771057700 archetype=balanced personality=minero focus=eco actions_per_loop=1 ====
[08:29:06] planet 49: building queue full (5)
[2026-05-11 08:29:52] ==== loop 14/∞ | seed=884546805771057700 archetype=balanced personality=minero focus=eco actions_per_loop=1 ====
[08:29:53] planet 49: building queue full (5)
[2026-05-11 08:32:44] ==== loop 18/∞ | seed=884546805771057700 archetype=balanced personality=minero focus=eco actions_per_loop=1 ====
[08:32:44] planet 49: building queue full (5)
[08:32:44] research: blocked research_energy_technology (building_laboratory 0/1)
[2026-05-11 08:33:27] ==== loop 19/∞ | seed=884546805771057700 archetype=balanced personality=minero focus=eco actions_per_loop=1 ====
[08:33:28] planet 49: building queue full (5)
[08:33:28] research: blocked research_energy_technology (building_laboratory 0/1)
[2026-05-11 08:34:11] ==== loop 20/∞ | seed=884546805771057700 archetype=balanced personality=minero focus=eco actions_per_loop=1 ====
[08:34:11] planet 49: building queue full (5)
[2026-05-11 08:34:59] ==== loop 21/∞ | seed=884546805771057700 archetype=balanced personality=minero focus=eco actions_per_loop=1 ====
[08:35:00] planet 49: building queue full (5)
[08:35:00] research: blocked research_energy_technology (building_laboratory 0/1)
[2026-05-11 08:36:28] ==== loop 23/∞ | seed=884546805771057700 archetype=balanced personality=minero focus=eco actions_per_loop=1 ====
[08:36:29] planet 49: building queue full (5)
[08:36:29] research: blocked research_energy_technology (building_laboratory 0/1)
[2026-05-11 08:40:06] ==== loop 3/∞ | seed=884546805771057700 archetype=balanced personality=minero focus=eco actions_per_loop=1 ====
[08:40:06] planet 49: building queue full (5)
[08:40:06] research: blocked research_energy_technology (building_laboratory 0/1)
[2026-05-11 08:40:51] ==== loop 4/∞ | seed=884546805771057700 archetype=balanced personality=minero focus=eco actions_per_loop=1 ====
[08:40:52] planet 49: building queue full (5)
[2026-05-11 08:41:35] ==== loop 5/∞ | seed=884546805771057700 archetype=balanced personality=minero focus=eco actions_per_loop=1 ====
[08:41:36] planet 49: building queue full (5)
[2026-05-11 08:42:23] ==== loop 6/∞ | seed=884546805771057700 archetype=balanced personality=minero focus=eco actions_per_loop=1 ====
[08:42:23] planet 49: building queue full (5)
[2026-05-11 08:43:06] ==== loop 7/∞ | seed=884546805771057700 archetype=balanced personality=minero focus=eco actions_per_loop=1 ====
[08:43:06] planet 49: building queue full (5)
[08:43:06] research: blocked research_energy_technology (building_laboratory 0/1)
[2026-05-11 08:43:49] ==== loop 8/∞ | seed=884546805771057700 archetype=balanced personality=minero focus=eco actions_per_loop=1 ====
[08:43:50] planet 49: building queue full (5)
[08:43:50] research: blocked research_energy_technology (building_laboratory 0/1)
[2026-05-11 08:44:35] ==== loop 9/∞ | seed=884546805771057700 archetype=balanced personality=minero focus=eco actions_per_loop=1 ====
[08:44:35] planet 49: building queue full (5)
[08:44:35] research: blocked research_energy_technology (building_laboratory 0/1)
[2026-05-11 08:45:19] ==== loop 10/∞ | seed=884546805771057700 archetype=balanced personality=minero focus=eco actions_per_loop=1 ====
[08:45:20] planet 49: building queue full (5)
[2026-05-11 08:46:02] ==== loop 11/∞ | seed=884546805771057700 archetype=balanced personality=minero focus=eco actions_per_loop=1 ====
[08:46:02] planet 49: building queue full (5)
[2026-05-11 08:46:50] ==== loop 12/∞ | seed=884546805771057700 archetype=balanced personality=minero focus=eco actions_per_loop=1 ====
[08:46:50] planet 49: building queue full (5)
[08:46:50] research: blocked research_energy_technology (building_laboratory 0/1)
[2026-05-11 08:47:32] ==== loop 13/∞ | seed=884546805771057700 archetype=balanced personality=minero focus=eco actions_per_loop=1 ====
[08:47:33] planet 49: building queue full (5)
[08:47:33] research: blocked research_energy_technology (building_laboratory 0/1)
[2026-05-11 08:48:17] ==== loop 14/∞ | seed=884546805771057700 archetype=balanced personality=minero focus=eco actions_per_loop=1 ====
[08:48:18] planet 49: building queue full (5)
[08:48:18] research: blocked research_energy_technology (building_laboratory 0/1)
[2026-05-11 08:49:03] ==== loop 15/∞ | seed=884546805771057700 archetype=balanced personality=minero focus=eco actions_per_loop=1 ====
[08:49:04] planet 49: building queue full (5)
[08:49:04] research: blocked research_energy_technology (building_laboratory 0/1)
[2026-05-11 08:51:14] ==== loop 18/∞ | seed=884546805771057700 archetype=balanced personality=minero focus=eco actions_per_loop=1 ====
[08:51:14] planet 49: queue busy, throttled building_robot_factory
[08:51:14] research: blocked research_energy_technology (building_laboratory 0/1)
[2026-05-11 08:51:59] ==== loop 19/∞ | seed=884546805771057700 archetype=balanced personality=minero focus=eco actions_per_loop=1 ====
[08:51:59] planet 49: queue busy, throttled building_robot_factory
[08:51:59] research: blocked research_energy_technology (building_laboratory 0/1)
[2026-05-11 08:52:43] ==== loop 20/∞ | seed=884546805771057700 archetype=balanced personality=minero focus=eco actions_per_loop=1 ====
[08:52:43] planet 49: queue busy, throttled building_robot_factory
[08:52:43] research: blocked research_energy_technology (building_laboratory 0/1)
[2026-05-11 08:54:04] ==== loop 22/∞ | seed=884546805771057700 archetype=balanced personality=minero focus=eco actions_per_loop=1 ====
[08:54:04] planet 49: queue busy, throttled building_robot_factory
[2026-05-11 08:54:45] ==== loop 23/∞ | seed=884546805771057700 archetype=balanced personality=minero focus=eco actions_per_loop=1 ====
[08:54:45] planet 49: queue busy, throttled building_robot_factory
[08:54:45] research: blocked research_energy_technology (building_laboratory 0/1)
[2026-05-11 08:55:25] ==== loop 24/∞ | seed=884546805771057700 archetype=balanced personality=minero focus=eco actions_per_loop=1 ====
[08:55:25] planet 49: queued ship_solar_satellite +11
[08:55:25] research: blocked research_energy_technology (building_laboratory 0/1)
[2026-05-11 08:56:07] ==== loop 25/∞ | seed=884546805771057700 archetype=balanced personality=minero focus=eco actions_per_loop=1 ====
[08:56:07] planet 49: queue busy, throttled building_robot_factory
[2026-05-11 08:56:51] ==== loop 26/∞ | seed=884546805771057700 archetype=balanced personality=minero focus=eco actions_per_loop=1 ====
[08:56:51] planet 49: queue busy, throttled building_robot_factory
[08:56:51] research: blocked research_energy_technology (building_laboratory 0/1)
[2026-05-11 08:57:33] ==== loop 27/∞ | seed=884546805771057700 archetype=balanced personality=minero focus=eco actions_per_loop=1 ====
[08:57:33] planet 49: queue busy, throttled building_robot_factory
[2026-05-11 08:58:13] ==== loop 28/∞ | seed=884546805771057700 archetype=balanced personality=minero focus=eco actions_per_loop=1 ====
[08:58:13] planet 49: queue busy, throttled building_robot_factory
[2026-05-11 08:58:57] ==== loop 29/∞ | seed=884546805771057700 archetype=balanced personality=minero focus=eco actions_per_loop=1 ====
[08:58:57] planet 49: queue busy, throttled building_robot_factory
[08:58:57] research: blocked research_energy_technology (building_laboratory 0/1)
[2026-05-11 08:59:42] ==== loop 30/∞ | seed=884546805771057700 archetype=balanced personality=minero focus=eco actions_per_loop=1 ====
[08:59:42] planet 49: queue busy, throttled building_robot_factory
[08:59:42] research: blocked research_energy_technology (building_laboratory 0/1)
[2026-05-11 09:02:31] ==== loop 34/∞ | seed=884546805771057700 archetype=balanced personality=minero focus=eco actions_per_loop=1 ====
[09:02:32] planet 49: queued building_deuterium_tank to 2
[09:02:32] research: blocked research_energy_technology (building_laboratory 0/1)
[2026-05-11 09:03:15] ==== loop 35/∞ | seed=884546805771057700 archetype=balanced personality=minero focus=eco actions_per_loop=1 ====
[09:03:15] planet 49: building queue full (5)
[09:03:15] research: blocked research_energy_technology (building_laboratory 0/1)
[2026-05-11 09:03:54] ==== loop 36/∞ | seed=884546805771057700 archetype=balanced personality=minero focus=eco actions_per_loop=1 ====
[09:03:54] planet 49: building queue full (5)
[09:03:54] research: blocked research_energy_technology (building_laboratory 0/1)
[2026-05-11 09:04:37] ==== loop 37/∞ | seed=884546805771057700 archetype=balanced personality=minero focus=eco actions_per_loop=1 ====
[09:04:38] planet 49: building queue full (5)
[09:04:38] research: blocked research_energy_technology (building_laboratory 0/1)
[2026-05-11 09:05:15] ==== loop 38/∞ | seed=884546805771057700 archetype=balanced personality=minero focus=eco actions_per_loop=1 ====
[09:05:16] planet 49: building queue full (5)
[09:05:16] research: blocked research_energy_technology (building_laboratory 0/1)
[2026-05-11 09:05:59] ==== loop 39/∞ | seed=884546805771057700 archetype=balanced personality=minero focus=eco actions_per_loop=1 ====
[09:05:59] planet 49: building queue full (5)
[09:05:59] research: blocked research_energy_technology (building_laboratory 0/1)
[2026-05-11 09:07:19] ==== loop 41/∞ | seed=884546805771057700 archetype=balanced personality=minero focus=eco actions_per_loop=1 ====
[09:07:19] planet 49: building queue full (5)
[2026-05-11 09:08:01] ==== loop 42/∞ | seed=884546805771057700 archetype=balanced personality=minero focus=eco actions_per_loop=1 ====
[09:08:02] planet 49: building queue full (5)
[09:08:02] research: blocked research_energy_technology (building_laboratory 0/1)
[2026-05-11 09:08:41] ==== loop 43/∞ | seed=884546805771057700 archetype=balanced personality=minero focus=eco actions_per_loop=1 ====
[09:08:41] planet 49: building queue full (5)
[09:08:41] research: blocked research_energy_technology (building_laboratory 0/1)
[2026-05-11 09:10:00] ==== loop 45/∞ | seed=884546805771057700 archetype=balanced personality=minero focus=eco actions_per_loop=1 ====
[09:10:00] planet 49: building queue full (5)
[09:10:00] research: blocked research_energy_technology (building_laboratory 0/1)
[2026-05-11 09:10:41] ==== loop 46/∞ | seed=884546805771057700 archetype=balanced personality=minero focus=eco actions_per_loop=1 ====
[09:10:41] planet 49: building queue full (5)
[2026-05-11 09:11:23] ==== loop 47/∞ | seed=884546805771057700 archetype=balanced personality=minero focus=eco actions_per_loop=1 ====
[09:11:24] planet 49: building queue full (5)
[09:11:24] research: blocked research_energy_technology (building_laboratory 0/1)
[2026-05-11 09:12:07] ==== loop 48/∞ | seed=884546805771057700 archetype=balanced personality=minero focus=eco actions_per_loop=1 ====
[09:12:08] planet 49: building queue full (5)
[2026-05-11 09:12:52] ==== loop 49/∞ | seed=884546805771057700 archetype=balanced personality=minero focus=eco actions_per_loop=1 ====
[09:12:52] planet 49: building queue full (5)
[2026-05-11 09:13:29] ==== loop 50/∞ | seed=884546805771057700 archetype=balanced personality=minero focus=eco actions_per_loop=1 ====
[09:13:30] planet 49: building queue full (5)
[09:13:30] research: blocked research_energy_technology (building_laboratory 0/1)
[2026-05-11 09:14:13] ==== loop 51/∞ | seed=884546805771057700 archetype=balanced personality=minero focus=eco actions_per_loop=1 ====
[09:14:14] planet 49: building queue full (5)
[2026-05-11 09:15:03] ==== loop 52/∞ | seed=884546805771057700 archetype=balanced personality=minero focus=eco actions_per_loop=1 ====
[09:15:03] planet 49: building queue full (5)
[09:15:03] research: blocked research_energy_technology (building_laboratory 0/1)
[2026-05-11 09:15:51] ==== loop 53/∞ | seed=884546805771057700 archetype=balanced personality=minero focus=eco actions_per_loop=1 ====
[09:15:52] planet 49: building queue full (5)
[09:15:52] research: blocked research_energy_technology (building_laboratory 0/1)
[2026-05-11 09:16:31] ==== loop 54/∞ | seed=884546805771057700 archetype=balanced personality=minero focus=eco actions_per_loop=1 ====
[09:16:31] planet 49: building queue full (5)
[09:16:31] research: blocked research_energy_technology (building_laboratory 0/1)
[2026-05-11 09:17:16] ==== loop 55/∞ | seed=884546805771057700 archetype=balanced personality=minero focus=eco actions_per_loop=1 ====
[09:17:17] planet 49: building queue full (5)
[09:17:17] research: blocked research_energy_technology (building_laboratory 0/1)
[2026-05-11 09:18:03] ==== loop 56/∞ | seed=884546805771057700 archetype=balanced personality=minero focus=eco actions_per_loop=1 ====
[09:18:05] planet 49: building queue full (5)
[09:18:05] research: blocked research_energy_technology (building_laboratory 0/1)
[2026-05-11 09:18:49] ==== loop 57/∞ | seed=884546805771057700 archetype=balanced personality=minero focus=eco actions_per_loop=1 ====
[09:18:50] planet 49: building queue full (5)
[09:18:50] research: blocked research_energy_technology (building_laboratory 0/1)
[2026-05-11 09:19:37] ==== loop 58/∞ | seed=884546805771057700 archetype=balanced personality=minero focus=eco actions_per_loop=1 ====
[09:19:38] planet 49: building queue full (5)
[09:19:38] research: blocked research_energy_technology (building_laboratory 0/1)
[2026-05-11 09:20:18] ==== loop 59/∞ | seed=884546805771057700 archetype=balanced personality=minero focus=eco actions_per_loop=1 ====
[09:20:19] planet 49: building queue full (5)
[2026-05-11 09:21:04] ==== loop 60/∞ | seed=884546805771057700 archetype=balanced personality=minero focus=eco actions_per_loop=1 ====
[09:21:06] planet 49: building queue full (5)
[09:21:06] research: blocked research_energy_technology (building_laboratory 0/1)
[2026-05-11 09:21:51] ==== loop 61/∞ | seed=884546805771057700 archetype=balanced personality=minero focus=eco actions_per_loop=1 ====
[09:21:52] planet 49: building queue full (5)
[09:21:52] research: blocked research_energy_technology (building_laboratory 0/1)
[2026-05-11 09:22:36] ==== loop 62/∞ | seed=884546805771057700 archetype=balanced personality=minero focus=eco actions_per_loop=1 ====
[09:22:37] planet 49: building queue full (5)
[09:22:37] research: blocked research_energy_technology (building_laboratory 0/1)
[2026-05-11 09:23:17] ==== loop 63/∞ | seed=884546805771057700 archetype=balanced personality=minero focus=eco actions_per_loop=1 ====
[09:23:18] planet 49: building queue full (5)
[2026-05-11 09:24:50] ==== loop 65/∞ | seed=884546805771057700 archetype=balanced personality=minero focus=eco actions_per_loop=1 ====
[09:24:51] planet 49: building queue full (5)
[09:24:51] research: blocked research_energy_technology (building_laboratory 0/1)
[2026-05-11 09:26:23] ==== loop 67/∞ | seed=884546805771057700 archetype=balanced personality=minero focus=eco actions_per_loop=1 ====
[09:26:24] planet 49: building queue full (5)
[09:26:24] research: blocked research_energy_technology (building_laboratory 0/1)
[2026-05-11 09:27:52] ==== loop 69/∞ | seed=884546805771057700 archetype=balanced personality=minero focus=eco actions_per_loop=1 ====
[09:27:53] planet 49: building queue full (5)
[09:27:53] research: blocked research_energy_technology (building_laboratory 0/1)
[2026-05-11 09:28:36] ==== loop 70/∞ | seed=884546805771057700 archetype=balanced personality=minero focus=eco actions_per_loop=1 ====
[09:28:37] planet 49: building queue full (5)
[09:28:37] research: blocked research_energy_technology (building_laboratory 0/1)
[2026-05-11 09:29:14] ==== loop 71/∞ | seed=884546805771057700 archetype=balanced personality=minero focus=eco actions_per_loop=1 ====
[09:29:15] planet 49: building queue full (5)
[09:29:15] research: blocked research_energy_technology (building_laboratory 0/1)
[2026-05-11 09:29:58] ==== loop 72/∞ | seed=884546805771057700 archetype=balanced personality=minero focus=eco actions_per_loop=1 ====
[09:29:59] planet 49: building queue full (5)
[09:29:59] research: blocked research_energy_technology (building_laboratory 0/1)
[2026-05-11 09:32:09] ==== loop 75/∞ | seed=884546805771057700 archetype=balanced personality=minero focus=eco actions_per_loop=1 ====
[09:32:10] planet 49: building queue full (5)
[09:32:10] research: blocked research_energy_technology (building_laboratory 0/1)
[2026-05-11 09:32:51] ==== loop 76/∞ | seed=884546805771057700 archetype=balanced personality=minero focus=eco actions_per_loop=1 ====
[09:32:51] planet 49: building queue full (5)
[2026-05-11 09:33:38] ==== loop 77/∞ | seed=884546805771057700 archetype=balanced personality=minero focus=eco actions_per_loop=1 ====
[09:33:39] planet 49: building queue full (5)
[09:33:39] research: blocked research_energy_technology (building_laboratory 0/1)
[2026-05-11 09:34:25] ==== loop 78/∞ | seed=884546805771057700 archetype=balanced personality=minero focus=eco actions_per_loop=1 ====
[09:34:25] planet 49: building queue full (5)
[2026-05-11 09:35:16] ==== loop 79/∞ | seed=884546805771057700 archetype=balanced personality=minero focus=eco actions_per_loop=1 ====
[09:35:17] planet 49: building queue full (5)
[09:35:17] research: blocked research_energy_technology (building_laboratory 0/1)
[2026-05-11 09:36:03] ==== loop 80/∞ | seed=884546805771057700 archetype=balanced personality=minero focus=eco actions_per_loop=1 ====
[09:36:03] planet 49: building queue full (5)
[09:36:03] research: blocked research_energy_technology (building_laboratory 0/1)
[2026-05-11 09:36:47] ==== loop 81/∞ | seed=884546805771057700 archetype=balanced personality=minero focus=eco actions_per_loop=1 ====
[09:36:48] planet 49: building queue full (5)
[09:36:48] research: blocked research_energy_technology (building_laboratory 0/1)
[2026-05-11 09:38:22] ==== loop 83/∞ | seed=884546805771057700 archetype=balanced personality=minero focus=eco actions_per_loop=1 ====
[09:38:22] planet 49: building queue full (5)
[09:38:22] research: blocked research_energy_technology (building_laboratory 0/1)
[2026-05-11 09:39:07] ==== loop 84/∞ | seed=884546805771057700 archetype=balanced personality=minero focus=eco actions_per_loop=1 ====
[09:39:07] planet 49: building queue full (5)
[09:39:07] research: blocked research_energy_technology (building_laboratory 0/1)
[2026-05-11 09:41:49] ==== loop 3/∞ | seed=884546805771057700 archetype=balanced personality=minero focus=eco actions_per_loop=1 ====
[09:41:49] planet 49: queued ship_solar_satellite +7
[2026-05-11 09:43:19] ==== loop 5/∞ | seed=884546805771057700 archetype=balanced personality=minero focus=eco actions_per_loop=1 ====
[09:43:20] planet 49: queued building_metal_store to 10
[2026-05-11 09:44:08] ==== loop 6/∞ | seed=884546805771057700 archetype=balanced personality=minero focus=eco actions_per_loop=1 ====
[09:44:09] planet 49: building queue full (5)
[2026-05-11 09:44:54] ==== loop 7/∞ | seed=884546805771057700 archetype=balanced personality=minero focus=eco actions_per_loop=1 ====
[09:44:55] planet 49: building queue full (5)
[09:44:55] research: blocked research_energy_technology (building_laboratory 0/1)
[2026-05-11 09:45:41] ==== loop 8/∞ | seed=884546805771057700 archetype=balanced personality=minero focus=eco actions_per_loop=1 ====
[09:45:42] planet 49: building queue full (5)
[2026-05-11 09:47:05] ==== loop 10/∞ | seed=884546805771057700 archetype=balanced personality=minero focus=eco actions_per_loop=1 ====
[09:47:05] planet 49: building queue full (5)
[09:47:05] research: blocked research_energy_technology (building_laboratory 0/1)
[2026-05-11 09:47:53] ==== loop 11/∞ | seed=884546805771057700 archetype=balanced personality=minero focus=eco actions_per_loop=1 ====
[09:47:54] planet 49: building queue full (5)
[09:47:54] research: blocked research_energy_technology (building_laboratory 0/1)
[2026-05-11 09:48:36] ==== loop 12/∞ | seed=884546805771057700 archetype=balanced personality=minero focus=eco actions_per_loop=1 ====
[09:48:36] planet 49: building queue full (5)
[09:48:36] research: blocked research_energy_technology (building_laboratory 0/1)
[2026-05-11 09:50:06] ==== loop 14/∞ | seed=884546805771057700 archetype=balanced personality=minero focus=eco actions_per_loop=1 ====
[09:50:07] planet 49: building queue full (5)
[2026-05-11 09:50:45] ==== loop 15/∞ | seed=884546805771057700 archetype=balanced personality=minero focus=eco actions_per_loop=1 ====
[09:50:46] planet 49: building queue full (5)
[09:50:46] research: blocked research_energy_technology (building_laboratory 0/1)
[2026-05-11 09:51:26] ==== loop 16/∞ | seed=884546805771057700 archetype=balanced personality=minero focus=eco actions_per_loop=1 ====
[09:51:27] planet 49: building queue full (5)
[09:51:27] research: blocked research_energy_technology (building_laboratory 0/1)
[2026-05-11 09:52:48] ==== loop 18/∞ | seed=884546805771057700 archetype=balanced personality=minero focus=eco actions_per_loop=1 ====
[09:52:49] planet 49: building queue full (5)
[09:52:49] research: blocked research_energy_technology (building_laboratory 0/1)
[2026-05-11 09:53:29] ==== loop 19/∞ | seed=884546805771057700 archetype=balanced personality=minero focus=eco actions_per_loop=1 ====
[09:53:30] planet 49: building queue full (5)
[2026-05-11 09:54:13] ==== loop 20/∞ | seed=884546805771057700 archetype=balanced personality=minero focus=eco actions_per_loop=1 ====
[09:54:13] planet 49: building queue full (5)
[09:54:13] research: blocked research_energy_technology (building_laboratory 0/1)
[2026-05-11 09:54:56] ==== loop 21/∞ | seed=884546805771057700 archetype=balanced personality=minero focus=eco actions_per_loop=1 ====
[09:54:56] planet 49: building queue full (5)
[09:54:56] research: blocked research_energy_technology (building_laboratory 0/1)
[2026-05-11 09:55:36] ==== loop 22/∞ | seed=884546805771057700 archetype=balanced personality=minero focus=eco actions_per_loop=1 ====
[09:55:37] planet 49: building queue full (5)
[09:55:37] research: blocked research_energy_technology (building_laboratory 0/1)
[2026-05-11 09:56:15] ==== loop 23/∞ | seed=884546805771057700 archetype=balanced personality=minero focus=eco actions_per_loop=1 ====
[09:56:16] planet 49: building queue full (5)
[09:56:16] research: blocked research_energy_technology (building_laboratory 0/1)
[2026-05-11 09:56:53] ==== loop 24/∞ | seed=884546805771057700 archetype=balanced personality=minero focus=eco actions_per_loop=1 ====
[09:56:54] planet 49: building queue full (5)
[09:56:54] research: blocked research_energy_technology (building_laboratory 0/1)
[2026-05-11 09:57:31] ==== loop 25/∞ | seed=884546805771057700 archetype=balanced personality=minero focus=eco actions_per_loop=1 ====
[09:57:32] planet 49: building queue full (5)
[09:57:32] research: blocked research_energy_technology (building_laboratory 0/1)
[2026-05-11 09:58:14] ==== loop 26/∞ | seed=884546805771057700 archetype=balanced personality=minero focus=eco actions_per_loop=1 ====
[09:58:15] planet 49: building queue full (5)
[09:58:15] research: blocked research_energy_technology (building_laboratory 0/1)
[2026-05-11 09:58:55] ==== loop 27/∞ | seed=884546805771057700 archetype=balanced personality=minero focus=eco actions_per_loop=1 ====
[09:58:56] planet 49: building queue full (5)
[09:58:56] research: blocked research_energy_technology (building_laboratory 0/1)
[2026-05-11 09:59:38] ==== loop 28/∞ | seed=884546805771057700 archetype=balanced personality=minero focus=eco actions_per_loop=1 ====
[09:59:38] planet 49: building queue full (5)
[09:59:38] research: blocked research_energy_technology (building_laboratory 0/1)
[2026-05-11 10:01:00] ==== loop 30/∞ | seed=884546805771057700 archetype=balanced personality=minero focus=eco actions_per_loop=1 ====
[10:01:00] planet 49: building queue full (5)
[2026-05-11 10:01:40] ==== loop 31/∞ | seed=884546805771057700 archetype=balanced personality=minero focus=eco actions_per_loop=1 ====
[10:01:40] planet 49: building queue full (5)
[10:01:40] research: blocked research_energy_technology (building_laboratory 0/1)
[2026-05-11 10:02:18] ==== loop 32/∞ | seed=884546805771057700 archetype=balanced personality=minero focus=eco actions_per_loop=1 ====
[10:02:19] planet 49: building queue full (5)
[2026-05-11 10:02:53] ==== loop 33/∞ | seed=884546805771057700 archetype=balanced personality=minero focus=eco actions_per_loop=1 ====
[10:02:54] planet 49: building queue full (5)
[10:02:54] research: blocked research_energy_technology (building_laboratory 0/1)
[2026-05-11 10:03:33] ==== loop 34/∞ | seed=884546805771057700 archetype=balanced personality=minero focus=eco actions_per_loop=1 ====
[10:03:34] planet 49: building queue full (5)
[2026-05-11 10:04:53] ==== loop 36/∞ | seed=884546805771057700 archetype=balanced personality=minero focus=eco actions_per_loop=1 ====
[10:04:54] planet 49: building queue full (5)
[10:04:54] research: blocked research_energy_technology (building_laboratory 0/1)
[2026-05-11 10:05:35] ==== loop 37/∞ | seed=884546805771057700 archetype=balanced personality=minero focus=eco actions_per_loop=1 ====
[10:05:36] planet 49: building queue full (5)
[10:05:36] research: blocked research_energy_technology (building_laboratory 0/1)
[2026-05-11 10:06:12] ==== loop 38/∞ | seed=884546805771057700 archetype=balanced personality=minero focus=eco actions_per_loop=1 ====
[10:06:13] planet 49: building queue full (5)
[10:06:13] research: blocked research_energy_technology (building_laboratory 0/1)
[2026-05-11 10:06:51] ==== loop 39/∞ | seed=884546805771057700 archetype=balanced personality=minero focus=eco actions_per_loop=1 ====
[10:06:51] planet 49: building queue full (5)
[10:06:51] research: blocked research_energy_technology (building_laboratory 0/1)
[2026-05-11 10:07:31] ==== loop 40/∞ | seed=884546805771057700 archetype=balanced personality=minero focus=eco actions_per_loop=1 ====
[10:07:31] planet 49: building queue full (5)
[10:07:31] research: blocked research_energy_technology (building_laboratory 0/1)
[2026-05-11 10:08:11] ==== loop 41/∞ | seed=884546805771057700 archetype=balanced personality=minero focus=eco actions_per_loop=1 ====
[10:08:11] planet 49: building queue full (5)
[10:08:11] research: blocked research_energy_technology (building_laboratory 0/1)
[2026-05-11 10:08:45] ==== loop 42/∞ | seed=884546805771057700 archetype=balanced personality=minero focus=eco actions_per_loop=1 ====
[10:08:45] planet 49: building queue full (5)
[10:08:45] research: blocked research_energy_technology (building_laboratory 0/1)
[2026-05-11 10:09:55] ==== loop 44/∞ | seed=884546805771057700 archetype=balanced personality=minero focus=eco actions_per_loop=1 ====
[10:09:55] planet 49: building queue full (5)
[10:09:55] research: blocked research_energy_technology (building_laboratory 0/1)
[2026-05-11 10:10:38] ==== loop 45/∞ | seed=884546805771057700 archetype=balanced personality=minero focus=eco actions_per_loop=1 ====
[10:10:39] planet 49: building queue full (5)
[2026-05-11 10:12:05] ==== loop 47/∞ | seed=884546805771057700 archetype=balanced personality=minero focus=eco actions_per_loop=1 ====
[10:12:06] planet 49: building queue full (5)
[10:12:06] research: blocked research_energy_technology (building_laboratory 0/1)
[2026-05-11 10:12:46] ==== loop 48/∞ | seed=884546805771057700 archetype=balanced personality=minero focus=eco actions_per_loop=1 ====
[10:12:47] planet 49: building queue full (5)
[2026-05-11 10:13:31] ==== loop 49/∞ | seed=884546805771057700 archetype=balanced personality=minero focus=eco actions_per_loop=1 ====
[10:13:32] planet 49: building queue full (5)
[10:13:32] research: blocked research_energy_technology (building_laboratory 0/1)
[2026-05-11 10:14:13] ==== loop 50/∞ | seed=884546805771057700 archetype=balanced personality=minero focus=eco actions_per_loop=1 ====
[10:14:13] planet 49: building queue full (5)
[10:14:13] research: blocked research_energy_technology (building_laboratory 0/1)
[2026-05-11 10:15:40] ==== loop 52/∞ | seed=884546805771057700 archetype=balanced personality=minero focus=eco actions_per_loop=1 ====
[10:15:41] planet 49: building queue full (5)
[10:15:41] research: blocked research_energy_technology (building_laboratory 0/1)
[2026-05-11 10:17:01] ==== loop 54/∞ | seed=884546805771057700 archetype=balanced personality=minero focus=eco actions_per_loop=1 ====
[10:17:01] planet 49: building queue full (5)
[10:17:01] research: blocked research_energy_technology (building_laboratory 0/1)
[2026-05-11 10:17:49] ==== loop 55/∞ | seed=884546805771057700 archetype=balanced personality=minero focus=eco actions_per_loop=1 ====
[10:17:49] planet 49: building queue full (5)
[10:17:49] research: blocked research_energy_technology (building_laboratory 0/1)
[2026-05-11 10:18:32] ==== loop 56/∞ | seed=884546805771057700 archetype=balanced personality=minero focus=eco actions_per_loop=1 ====
[10:18:33] planet 49: building queue full (5)
[2026-05-11 10:20:00] ==== loop 58/∞ | seed=884546805771057700 archetype=balanced personality=minero focus=eco actions_per_loop=1 ====
[10:20:00] planet 49: building queue full (5)
[10:20:00] research: blocked research_energy_technology (building_laboratory 0/1)
[2026-05-11 10:20:51] ==== loop 59/∞ | seed=884546805771057700 archetype=balanced personality=minero focus=eco actions_per_loop=1 ====
[10:20:51] planet 49: building queue full (5)
[10:20:51] research: blocked research_energy_technology (building_laboratory 0/1)
[2026-05-11 10:22:35] ==== loop 61/∞ | seed=884546805771057700 archetype=balanced personality=minero focus=eco actions_per_loop=1 ====
[10:22:35] planet 49: building queue full (5)
[10:22:35] research: blocked research_energy_technology (building_laboratory 0/1)
[2026-05-11 10:23:19] ==== loop 62/∞ | seed=884546805771057700 archetype=balanced personality=minero focus=eco actions_per_loop=1 ====
[10:23:20] planet 49: building queue full (5)
[2026-05-11 10:24:53] ==== loop 64/∞ | seed=884546805771057700 archetype=balanced personality=minero focus=eco actions_per_loop=1 ====
[10:24:54] planet 49: building queue full (5)
[10:24:54] research: blocked research_energy_technology (building_laboratory 0/1)
[2026-05-11 10:25:41] ==== loop 65/∞ | seed=884546805771057700 archetype=balanced personality=minero focus=eco actions_per_loop=1 ====
[10:25:42] planet 49: building queue full (5)
[10:25:42] research: blocked research_energy_technology (building_laboratory 0/1)
[2026-05-11 10:26:26] ==== loop 66/∞ | seed=884546805771057700 archetype=balanced personality=minero focus=eco actions_per_loop=1 ====
[10:26:26] planet 49: building queue full (5)
[2026-05-11 10:27:13] ==== loop 67/∞ | seed=884546805771057700 archetype=balanced personality=minero focus=eco actions_per_loop=1 ====
[10:27:14] planet 49: building queue full (5)
[2026-05-11 10:27:59] ==== loop 68/∞ | seed=884546805771057700 archetype=balanced personality=minero focus=eco actions_per_loop=1 ====
[10:27:59] planet 49: building queue full (5)
[10:27:59] research: blocked research_energy_technology (building_laboratory 0/1)
[2026-05-11 10:28:48] ==== loop 69/∞ | seed=884546805771057700 archetype=balanced personality=minero focus=eco actions_per_loop=1 ====
[10:28:49] planet 49: building queue full (5)
