[2026-05-11 10:30:08] ==== loop 1/∞ | seed=36664732937360798 archetype=turbo personality=defensor focus=eco actions_per_loop=1 ====
[10:30:09] planet 29: queued ship_solar_satellite +6
[2026-05-11 10:30:48] ==== loop 2/∞ | seed=36664732937360798 archetype=turbo personality=defensor focus=eco actions_per_loop=1 ====
[10:30:49] planet 29: no resources for building_metal_mine+1
[10:30:49] research: blocked research_energy_technology (building_laboratory 0/1)
[2026-05-11 10:31:29] ==== loop 3/∞ | seed=36664732937360798 archetype=turbo personality=defensor focus=eco actions_per_loop=1 ====
[10:31:30] planet 29: no resources for building_metal_mine+1
[10:31:30] research: blocked research_energy_technology (building_laboratory 0/1)
[2026-05-11 10:32:44] ==== loop 5/∞ | seed=36664732937360798 archetype=turbo personality=defensor focus=eco actions_per_loop=1 ====
[10:32:44] planet 29: no resources for building_metal_mine+1
[2026-05-11 10:33:25] ==== loop 6/∞ | seed=36664732937360798 archetype=turbo personality=defensor focus=eco actions_per_loop=1 ====
[10:33:26] planet 29: queued ship_solar_satellite +2
[2026-05-11 10:34:06] ==== loop 7/∞ | seed=36664732937360798 archetype=turbo personality=defensor focus=eco actions_per_loop=1 ====
[10:34:06] planet 29: no resources for building_metal_mine+1
[2026-05-11 10:34:51] ==== loop 8/∞ | seed=36664732937360798 archetype=turbo personality=defensor focus=eco actions_per_loop=1 ====
[10:34:52] planet 29: no resources for building_metal_mine+1
[2026-05-11 10:35:32] ==== loop 9/∞ | seed=36664732937360798 archetype=turbo personality=defensor focus=eco actions_per_loop=1 ====
[10:35:33] planet 29: no resources for building_metal_mine+1
[10:35:33] research: blocked research_energy_technology (building_laboratory 0/1)
[2026-05-11 10:36:04] ==== loop 10/∞ | seed=36664732937360798 archetype=turbo personality=defensor focus=eco actions_per_loop=1 ====
[10:36:05] planet 29: no resources for building_metal_mine+1
[10:36:05] research: blocked research_energy_technology (building_laboratory 0/1)
[2026-05-11 10:36:43] ==== loop 11/∞ | seed=36664732937360798 archetype=turbo personality=defensor focus=eco actions_per_loop=1 ====
[10:36:44] planet 29: no resources for building_metal_mine+1
[10:36:44] research: blocked research_energy_technology (building_laboratory 0/1)
[2026-05-11 10:37:25] ==== loop 12/∞ | seed=36664732937360798 archetype=turbo personality=defensor focus=eco actions_per_loop=1 ====
[10:37:26] planet 29: no resources for building_metal_mine+1
[10:37:26] research: blocked research_energy_technology (building_laboratory 0/1)
[2026-05-11 10:38:06] ==== loop 13/∞ | seed=36664732937360798 archetype=turbo personality=defensor focus=eco actions_per_loop=1 ====
[10:38:07] planet 29: no resources for building_metal_mine+1
[10:38:07] research: blocked research_energy_technology (building_laboratory 0/1)
[2026-05-11 10:38:45] ==== loop 14/∞ | seed=36664732937360798 archetype=turbo personality=defensor focus=eco actions_per_loop=1 ====
[10:38:46] planet 29: queued ship_solar_satellite +6
[2026-05-11 10:40:04] ==== loop 16/∞ | seed=36664732937360798 archetype=turbo personality=defensor focus=eco actions_per_loop=1 ====
[10:40:05] planet 29: queued building_crystal_mine to 25
[2026-05-11 10:40:45] ==== loop 17/∞ | seed=36664732937360798 archetype=turbo personality=defensor focus=eco actions_per_loop=1 ====
[10:40:45] planet 29: no resources for building_crystal_mine+1
[10:40:45] research: blocked research_energy_technology (building_laboratory 0/1)
[2026-05-11 10:41:28] ==== loop 18/∞ | seed=36664732937360798 archetype=turbo personality=defensor focus=eco actions_per_loop=1 ====
[10:41:29] planet 29: no resources for building_crystal_mine+1
[10:41:29] research: blocked research_energy_technology (building_laboratory 0/1)
[2026-05-11 10:42:02] ==== loop 1/∞ | seed=36664732937360798 archetype=turbo personality=defensor focus=eco actions_per_loop=1 ====
[10:42:03] planet 29: no resources for building_crystal_mine+1
[10:42:03] research: blocked research_energy_technology (building_laboratory 0/1)
[2026-05-11 10:43:28] ==== loop 3/∞ | seed=36664732937360798 archetype=turbo personality=defensor focus=eco actions_per_loop=1 ====
[10:43:28] planet 29: no resources for building_crystal_mine+1
[2026-05-11 10:44:09] ==== loop 4/∞ | seed=36664732937360798 archetype=turbo personality=defensor focus=eco actions_per_loop=1 ====
[10:44:10] planet 29: no resources for building_crystal_mine+1
[10:44:10] research: blocked research_energy_technology (building_laboratory 0/1)
[2026-05-11 10:44:54] ==== loop 5/∞ | seed=36664732937360798 archetype=turbo personality=defensor focus=eco actions_per_loop=1 ====
[10:44:54] planet 29: no resources for building_crystal_mine+1
[2026-05-11 10:45:54] ==== loop 1/∞ | seed=36664732937360798 archetype=turbo personality=defensor focus=eco actions_per_loop=1 ====
[10:45:55] planet 29: no resources for building_crystal_mine+1
[10:45:55] research: blocked research_energy_technology (building_laboratory 0/1)
[2026-05-11 10:47:21] ==== loop 3/∞ | seed=36664732937360798 archetype=turbo personality=defensor focus=eco actions_per_loop=1 ====
[10:47:22] planet 29: queued ship_solar_satellite +4
[10:47:22] research: blocked research_energy_technology (building_laboratory 0/1)
[2026-05-11 10:48:12] ==== loop 4/∞ | seed=36664732937360798 archetype=turbo personality=defensor focus=eco actions_per_loop=1 ====
[10:48:13] planet 29: no resources for building_crystal_mine+1
[2026-05-11 10:49:42] ==== loop 6/∞ | seed=36664732937360798 archetype=turbo personality=defensor focus=eco actions_per_loop=1 ====
[10:49:42] planet 29: no resources for building_crystal_mine+1
[10:49:42] research: blocked research_energy_technology (building_laboratory 0/1)
[2026-05-11 10:50:28] ==== loop 7/∞ | seed=36664732937360798 archetype=turbo personality=defensor focus=eco actions_per_loop=1 ====
[10:50:29] planet 29: queued building_metal_mine to 30
[10:50:29] research: blocked research_energy_technology (building_laboratory 0/1)
[2026-05-11 10:51:58] ==== loop 9/∞ | seed=36664732937360798 archetype=turbo personality=defensor focus=eco actions_per_loop=1 ====
[10:51:59] planet 29: no resources for building_metal_mine+1
[10:51:59] research: blocked research_energy_technology (building_laboratory 0/1)
[2026-05-11 10:52:36] ==== loop 10/∞ | seed=36664732937360798 archetype=turbo personality=defensor focus=eco actions_per_loop=1 ====
[10:52:36] planet 29: no resources for building_metal_mine+1
[10:52:36] research: blocked research_energy_technology (building_laboratory 0/1)
[2026-05-11 10:53:17] ==== loop 11/∞ | seed=36664732937360798 archetype=turbo personality=defensor focus=eco actions_per_loop=1 ====
[10:53:18] planet 29: no resources for building_metal_mine+1
[10:53:18] research: blocked research_energy_technology (building_laboratory 0/1)
[2026-05-11 10:53:59] ==== loop 12/∞ | seed=36664732937360798 archetype=turbo personality=defensor focus=eco actions_per_loop=1 ====
[10:54:00] planet 29: no resources for building_metal_mine+1
[10:54:00] research: blocked research_energy_technology (building_laboratory 0/1)
[2026-05-11 10:54:48] ==== loop 13/∞ | seed=36664732937360798 archetype=turbo personality=defensor focus=eco actions_per_loop=1 ====
[10:54:49] planet 29: no resources for building_metal_mine+1
[10:54:49] research: blocked research_energy_technology (building_laboratory 0/1)
[2026-05-11 10:55:32] ==== loop 14/∞ | seed=36664732937360798 archetype=turbo personality=defensor focus=eco actions_per_loop=1 ====
[10:55:33] planet 29: no resources for building_metal_mine+1
[2026-05-11 10:56:16] ==== loop 15/∞ | seed=36664732937360798 archetype=turbo personality=defensor focus=eco actions_per_loop=1 ====
[10:56:17] planet 29: no resources for building_metal_mine+1
[10:56:17] research: blocked research_energy_technology (building_laboratory 0/1)
[2026-05-11 10:57:01] ==== loop 16/∞ | seed=36664732937360798 archetype=turbo personality=defensor focus=eco actions_per_loop=1 ====
[10:57:02] planet 29: no resources for building_metal_mine+1
[10:57:02] research: blocked research_energy_technology (building_laboratory 0/1)
[2026-05-11 10:58:28] ==== loop 18/∞ | seed=36664732937360798 archetype=turbo personality=defensor focus=eco actions_per_loop=1 ====
[10:58:28] planet 29: no resources for building_metal_mine+1
[2026-05-11 10:59:11] ==== loop 19/∞ | seed=36664732937360798 archetype=turbo personality=defensor focus=eco actions_per_loop=1 ====
[10:59:12] planet 29: no resources for building_metal_mine+1
[10:59:12] research: blocked research_energy_technology (building_laboratory 0/1)
[2026-05-11 10:59:54] ==== loop 20/∞ | seed=36664732937360798 archetype=turbo personality=defensor focus=eco actions_per_loop=1 ====
[10:59:54] planet 29: no resources for building_metal_mine+1
[10:59:54] research: blocked research_energy_technology (building_laboratory 0/1)
[2026-05-11 11:01:27] ==== loop 22/∞ | seed=36664732937360798 archetype=turbo personality=defensor focus=eco actions_per_loop=1 ====
[11:01:28] planet 29: queued ship_solar_satellite +7
[2026-05-11 11:02:15] ==== loop 23/∞ | seed=36664732937360798 archetype=turbo personality=defensor focus=eco actions_per_loop=1 ====
[11:02:16] planet 29: queued building_deuterium_sintetizer to 13
[11:02:16] research: blocked research_energy_technology (building_laboratory 0/1)
[2026-05-11 11:03:34] ==== loop 25/∞ | seed=36664732937360798 archetype=turbo personality=defensor focus=eco actions_per_loop=1 ====
[11:03:35] planet 29: queued building_deuterium_sintetizer to 14
[11:03:35] research: blocked research_energy_technology (building_laboratory 0/1)
[2026-05-11 11:04:17] ==== loop 26/∞ | seed=36664732937360798 archetype=turbo personality=defensor focus=eco actions_per_loop=1 ====
[11:04:17] planet 29: queued building_deuterium_sintetizer to 15
[2026-05-11 11:04:59] ==== loop 27/∞ | seed=36664732937360798 archetype=turbo personality=defensor focus=eco actions_per_loop=1 ====
[11:05:00] planet 29: queued building_deuterium_sintetizer to 16
[11:05:00] research: blocked research_energy_technology (building_laboratory 0/1)
[2026-05-11 11:05:41] ==== loop 28/∞ | seed=36664732937360798 archetype=turbo personality=defensor focus=eco actions_per_loop=1 ====
[11:05:42] planet 29: building queue full (5)
[11:05:42] research: blocked research_energy_technology (building_laboratory 0/1)
[2026-05-11 11:06:27] ==== loop 29/∞ | seed=36664732937360798 archetype=turbo personality=defensor focus=eco actions_per_loop=1 ====
[11:06:27] planet 29: building queue full (5)
[2026-05-11 11:07:10] ==== loop 30/∞ | seed=36664732937360798 archetype=turbo personality=defensor focus=eco actions_per_loop=1 ====
[11:07:11] planet 29: building queue full (5)
[11:07:11] research: blocked research_energy_technology (building_laboratory 0/1)
[2026-05-11 11:07:52] ==== loop 31/∞ | seed=36664732937360798 archetype=turbo personality=defensor focus=eco actions_per_loop=1 ====
[11:07:53] planet 29: building queue full (5)
[11:07:53] research: blocked research_energy_technology (building_laboratory 0/1)
[2026-05-11 11:08:33] ==== loop 32/∞ | seed=36664732937360798 archetype=turbo personality=defensor focus=eco actions_per_loop=1 ====
[11:08:33] planet 29: building queue full (5)
[2026-05-11 11:09:19] ==== loop 33/∞ | seed=36664732937360798 archetype=turbo personality=defensor focus=eco actions_per_loop=1 ====
[11:09:20] planet 29: building queue full (5)
[11:09:20] research: blocked research_energy_technology (building_laboratory 0/1)
[2026-05-11 11:10:03] ==== loop 34/∞ | seed=36664732937360798 archetype=turbo personality=defensor focus=eco actions_per_loop=1 ====
[11:10:04] planet 29: no resources for building_metal_store+1
[2026-05-11 11:10:52] ==== loop 35/∞ | seed=36664732937360798 archetype=turbo personality=defensor focus=eco actions_per_loop=1 ====
[11:10:53] planet 29: no resources for building_metal_store+1
[11:10:53] research: blocked research_energy_technology (building_laboratory 0/1)
[2026-05-11 11:11:36] ==== loop 36/∞ | seed=36664732937360798 archetype=turbo personality=defensor focus=eco actions_per_loop=1 ====
[11:11:36] planet 29: no resources for building_metal_store+1
[11:11:36] research: blocked research_energy_technology (building_laboratory 0/1)
[2026-05-11 11:12:23] ==== loop 37/∞ | seed=36664732937360798 archetype=turbo personality=defensor focus=eco actions_per_loop=1 ====
[11:12:23] planet 29: no resources for building_metal_store+1
[11:12:23] research: blocked research_energy_technology (building_laboratory 0/1)
[2026-05-11 11:13:10] ==== loop 38/∞ | seed=36664732937360798 archetype=turbo personality=defensor focus=eco actions_per_loop=1 ====
[11:13:11] planet 29: no resources for building_metal_store+1
[11:13:11] research: blocked research_energy_technology (building_laboratory 0/1)
[2026-05-11 11:13:52] ==== loop 39/∞ | seed=36664732937360798 archetype=turbo personality=defensor focus=eco actions_per_loop=1 ====
[11:13:52] planet 29: no resources for building_metal_store+1
[2026-05-11 11:14:41] ==== loop 40/∞ | seed=36664732937360798 archetype=turbo personality=defensor focus=eco actions_per_loop=1 ====
[11:14:42] planet 29: no resources for building_metal_store+1
[2026-05-11 11:16:06] ==== loop 42/∞ | seed=36664732937360798 archetype=turbo personality=defensor focus=eco actions_per_loop=1 ====
[11:16:06] planet 29: no resources for building_metal_store+1
[11:16:06] research: blocked research_energy_technology (building_laboratory 0/1)
[2026-05-11 11:16:53] ==== loop 43/∞ | seed=36664732937360798 archetype=turbo personality=defensor focus=eco actions_per_loop=1 ====
[11:16:53] planet 29: no resources for building_metal_store+1
[11:16:53] research: blocked research_energy_technology (building_laboratory 0/1)
[2026-05-11 11:17:33] ==== loop 44/∞ | seed=36664732937360798 archetype=turbo personality=defensor focus=eco actions_per_loop=1 ====
[11:17:33] planet 29: no resources for building_metal_store+1
[11:17:33] research: blocked research_energy_technology (building_laboratory 0/1)
[2026-05-11 11:18:18] ==== loop 45/∞ | seed=36664732937360798 archetype=turbo personality=defensor focus=eco actions_per_loop=1 ====
[11:18:19] planet 29: no resources for building_metal_store+1
[11:18:19] research: blocked research_energy_technology (building_laboratory 0/1)
[2026-05-11 11:19:07] ==== loop 46/∞ | seed=36664732937360798 archetype=turbo personality=defensor focus=eco actions_per_loop=1 ====
[11:19:08] planet 29: no resources for building_metal_store+1
[11:19:08] research: blocked research_energy_technology (building_laboratory 0/1)
[2026-05-11 11:19:57] ==== loop 47/∞ | seed=36664732937360798 archetype=turbo personality=defensor focus=eco actions_per_loop=1 ====
[11:19:58] planet 29: no resources for building_metal_store+1
[2026-05-11 11:20:38] ==== loop 48/∞ | seed=36664732937360798 archetype=turbo personality=defensor focus=eco actions_per_loop=1 ====
[11:20:39] planet 29: queued ship_battleship +5
[11:20:39] research: blocked research_energy_technology (building_laboratory 0/1)
[2026-05-11 11:21:14] ==== loop 49/∞ | seed=36664732937360798 archetype=turbo personality=defensor focus=eco actions_per_loop=1 ====
[11:21:15] planet 29: queued ship_battleship +5
[11:21:15] research: blocked research_energy_technology (building_laboratory 0/1)
[2026-05-11 11:21:50] ==== loop 50/∞ | seed=36664732937360798 archetype=turbo personality=defensor focus=eco actions_per_loop=1 ====
[11:21:51] planet 29: queued ship_battleship +5
[11:21:51] research: blocked research_energy_technology (building_laboratory 0/1)
[2026-05-11 11:23:05] ==== loop 52/∞ | seed=36664732937360798 archetype=turbo personality=defensor focus=eco actions_per_loop=1 ====
[11:23:06] planet 29: queued ship_solar_satellite +30
[2026-05-11 11:23:43] ==== loop 53/∞ | seed=36664732937360798 archetype=turbo personality=defensor focus=eco actions_per_loop=1 ====
[11:23:43] planet 29: queued ship_solar_satellite +7
[2026-05-11 11:24:20] ==== loop 54/∞ | seed=36664732937360798 archetype=turbo personality=defensor focus=eco actions_per_loop=1 ====
[11:24:20] planet 29: queued ship_battleship +5
[11:24:20] research: blocked research_energy_technology (building_laboratory 0/1)
[2026-05-11 11:24:58] ==== loop 55/∞ | seed=36664732937360798 archetype=turbo personality=defensor focus=eco actions_per_loop=1 ====
[11:24:58] planet 29: queued ship_battleship +5
[11:24:58] research: blocked research_energy_technology (building_laboratory 0/1)
[2026-05-11 11:25:32] ==== loop 56/∞ | seed=36664732937360798 archetype=turbo personality=defensor focus=eco actions_per_loop=1 ====
[11:25:32] planet 29: queued ship_battleship +5
[2026-05-11 11:26:09] ==== loop 57/∞ | seed=36664732937360798 archetype=turbo personality=defensor focus=eco actions_per_loop=1 ====
[11:26:10] planet 29: queued ship_battleship +5
[11:26:10] research: blocked research_energy_technology (building_laboratory 0/1)
[2026-05-11 11:26:39] ==== loop 58/∞ | seed=36664732937360798 archetype=turbo personality=defensor focus=eco actions_per_loop=1 ====
[11:26:40] planet 29: queued ship_battleship +5
[2026-05-11 11:27:53] ==== loop 2/∞ | seed=36664732937360798 archetype=turbo personality=defensor focus=eco actions_per_loop=1 ====
[11:27:54] planet 29: queued ship_battleship +5
[11:27:54] research: blocked research_energy_technology (building_laboratory 0/1)
[2026-05-11 11:28:30] ==== loop 3/∞ | seed=36664732937360798 archetype=turbo personality=defensor focus=eco actions_per_loop=1 ====
[11:28:31] planet 29: queued ship_battleship +5
[2026-05-11 11:29:06] ==== loop 4/∞ | seed=36664732937360798 archetype=turbo personality=defensor focus=eco actions_per_loop=1 ====
[11:29:07] planet 29: queued ship_battleship +5
[11:29:07] research: blocked research_energy_technology (building_laboratory 0/1)
[2026-05-11 11:29:41] ==== loop 5/∞ | seed=36664732937360798 archetype=turbo personality=defensor focus=eco actions_per_loop=1 ====
[11:29:42] planet 29: queued ship_battleship +5
[11:29:42] research: blocked research_energy_technology (building_laboratory 0/1)
[2026-05-11 11:31:01] ==== loop 7/∞ | seed=36664732937360798 archetype=turbo personality=defensor focus=eco actions_per_loop=1 ====
[11:31:01] planet 29: queued ship_light_fighter +5
[11:31:01] research: blocked research_energy_technology (building_laboratory 0/1)
[2026-05-11 11:32:43] ==== loop 9/∞ | seed=36664732937360798 archetype=turbo personality=defensor focus=eco actions_per_loop=1 ====
[11:32:44] planet 29: queued ship_light_fighter +5
[11:32:44] research: blocked research_energy_technology (building_laboratory 0/1)
[2026-05-11 11:33:30] ==== loop 10/∞ | seed=36664732937360798 archetype=turbo personality=defensor focus=eco actions_per_loop=1 ====
[11:33:31] planet 29: queued ship_light_fighter +5
[11:33:31] research: blocked research_energy_technology (building_laboratory 0/1)
[2026-05-11 11:34:13] ==== loop 11/∞ | seed=36664732937360798 archetype=turbo personality=defensor focus=eco actions_per_loop=1 ====
[11:34:14] planet 29: queued ship_light_fighter +5
[2026-05-11 11:34:49] ==== loop 1/∞ | seed=36664732937360798 archetype=turbo personality=defensor focus=eco actions_per_loop=1 ====
[11:34:50] planet 29: queued ship_light_fighter +5
[2026-05-11 11:35:39] ==== loop 2/∞ | seed=36664732937360798 archetype=turbo personality=defensor focus=eco actions_per_loop=1 ====
[11:35:40] planet 29: queued ship_light_fighter +5
[11:35:40] research: blocked research_energy_technology (building_laboratory 0/1)
[2026-05-11 11:36:22] ==== loop 3/∞ | seed=36664732937360798 archetype=turbo personality=defensor focus=eco actions_per_loop=1 ====
[11:36:23] planet 29: queued ship_light_fighter +5
[11:36:23] research: blocked research_energy_technology (building_laboratory 0/1)
[2026-05-11 11:37:25] ==== loop 1/∞ | seed=36664732937360798 archetype=turbo personality=defensor focus=eco actions_per_loop=1 ====
[11:37:25] planet 29: queued ship_light_fighter +5
[11:37:25] research: blocked research_energy_technology (building_laboratory 0/1)
[2026-05-11 11:38:07] ==== loop 2/∞ | seed=36664732937360798 archetype=turbo personality=defensor focus=eco actions_per_loop=1 ====
[11:38:08] planet 29: queued ship_light_fighter +5
[11:38:08] research: blocked research_energy_technology (building_laboratory 0/1)
[2026-05-11 11:38:55] ==== loop 3/∞ | seed=36664732937360798 archetype=turbo personality=defensor focus=eco actions_per_loop=1 ====
[11:38:56] planet 29: queued ship_light_fighter +5
[11:38:56] research: blocked research_energy_technology (building_laboratory 0/1)
[2026-05-11 11:39:43] ==== loop 4/∞ | seed=36664732937360798 archetype=turbo personality=defensor focus=eco actions_per_loop=1 ====
[11:39:43] planet 29: queued ship_light_fighter +5
[11:39:43] research: blocked research_energy_technology (building_laboratory 0/1)
[2026-05-11 11:40:29] ==== loop 5/∞ | seed=36664732937360798 archetype=turbo personality=defensor focus=eco actions_per_loop=1 ====
[11:40:29] planet 29: no resources for building_metal_mine+1
[11:40:29] research: blocked research_energy_technology (building_laboratory 0/1)
[2026-05-11 11:41:14] ==== loop 6/∞ | seed=36664732937360798 archetype=turbo personality=defensor focus=eco actions_per_loop=1 ====
[11:41:15] planet 29: no resources for building_metal_mine+1
[11:41:15] research: blocked research_energy_technology (building_laboratory 0/1)
[2026-05-11 11:41:58] ==== loop 7/∞ | seed=36664732937360798 archetype=turbo personality=defensor focus=eco actions_per_loop=1 ====
[11:41:59] planet 29: no resources for building_metal_mine+1
[2026-05-11 11:42:30] ==== loop 1/∞ | seed=36664732937360798 archetype=turbo personality=defensor focus=eco actions_per_loop=1 ====
[11:42:30] planet 29: no resources for building_metal_mine+1
[2026-05-11 11:43:12] ==== loop 2/∞ | seed=36664732937360798 archetype=turbo personality=defensor focus=eco actions_per_loop=1 ====
[11:43:12] planet 29: no resources for building_metal_mine+1
[11:43:12] research: blocked research_energy_technology (building_laboratory 0/1)
[2026-05-11 11:43:57] ==== loop 3/∞ | seed=36664732937360798 archetype=turbo personality=defensor focus=eco actions_per_loop=1 ====
[11:43:58] planet 29: no resources for building_metal_mine+1
[2026-05-11 11:44:39] ==== loop 4/∞ | seed=36664732937360798 archetype=turbo personality=defensor focus=eco actions_per_loop=1 ====
[11:44:40] planet 29: no resources for building_metal_mine+1
[11:44:40] research: blocked research_energy_technology (building_laboratory 0/1)
[2026-05-11 11:45:06] ==== loop 1/∞ | seed=36664732937360798 archetype=turbo personality=defensor focus=eco actions_per_loop=1 ====
[11:45:07] planet 29: no resources for building_metal_mine+1
[2026-05-11 11:45:47] ==== loop 2/∞ | seed=36664732937360798 archetype=turbo personality=defensor focus=eco actions_per_loop=1 ====
[11:45:48] planet 29: no resources for building_metal_mine+1
[2026-05-11 11:46:28] ==== loop 3/∞ | seed=36664732937360798 archetype=turbo personality=defensor focus=eco actions_per_loop=1 ====
[11:46:28] planet 29: no resources for building_metal_mine+1
[11:46:28] research: blocked research_energy_technology (building_laboratory 0/1)
[2026-05-11 11:47:08] ==== loop 4/∞ | seed=36664732937360798 archetype=turbo personality=defensor focus=eco actions_per_loop=1 ====
[11:47:08] planet 29: no resources for building_metal_mine+1
[11:47:08] research: blocked research_energy_technology (building_laboratory 0/1)
[2026-05-11 11:48:25] ==== loop 6/∞ | seed=36664732937360798 archetype=turbo personality=defensor focus=eco actions_per_loop=1 ====
[11:48:25] planet 29: no resources for building_metal_mine+1
[11:48:25] research: blocked research_energy_technology (building_laboratory 0/1)
[2026-05-11 11:49:07] ==== loop 7/∞ | seed=36664732937360798 archetype=turbo personality=defensor focus=eco actions_per_loop=1 ====
[11:49:07] planet 29: no resources for building_metal_mine+1
[11:49:07] research: blocked research_energy_technology (building_laboratory 0/1)
[2026-05-11 11:49:44] ==== loop 8/∞ | seed=36664732937360798 archetype=turbo personality=defensor focus=eco actions_per_loop=1 ====
[11:49:44] planet 29: no resources for building_metal_mine+1
[11:49:44] research: blocked research_energy_technology (building_laboratory 0/1)
[2026-05-11 11:50:26] ==== loop 9/∞ | seed=36664732937360798 archetype=turbo personality=defensor focus=eco actions_per_loop=1 ====
[11:50:26] planet 29: queued building_crystal_store to 13
[11:50:26] research: blocked research_energy_technology (building_laboratory 0/1)
[2026-05-11 11:51:46] ==== loop 11/∞ | seed=36664732937360798 archetype=turbo personality=defensor focus=eco actions_per_loop=1 ====
[11:51:47] planet 29: no resources for building_crystal_store+1
[11:51:47] research: blocked research_energy_technology (building_laboratory 0/1)
[2026-05-11 11:52:32] ==== loop 12/∞ | seed=36664732937360798 archetype=turbo personality=defensor focus=eco actions_per_loop=1 ====
[11:52:33] planet 29: no resources for building_crystal_store+1
[2026-05-11 11:53:14] ==== loop 13/∞ | seed=36664732937360798 archetype=turbo personality=defensor focus=eco actions_per_loop=1 ====
[11:53:14] planet 29: no resources for building_crystal_store+1
[11:53:14] research: blocked research_energy_technology (building_laboratory 0/1)
[2026-05-11 11:53:53] ==== loop 14/∞ | seed=36664732937360798 archetype=turbo personality=defensor focus=eco actions_per_loop=1 ====
[11:53:54] planet 29: no resources for building_crystal_store+1
[2026-05-11 11:54:34] ==== loop 15/∞ | seed=36664732937360798 archetype=turbo personality=defensor focus=eco actions_per_loop=1 ====
[11:54:35] planet 29: no resources for building_crystal_store+1
[11:54:35] research: blocked research_energy_technology (building_laboratory 0/1)
[2026-05-11 11:56:05] ==== loop 17/∞ | seed=36664732937360798 archetype=turbo personality=defensor focus=eco actions_per_loop=1 ====
[11:56:05] planet 29: no resources for building_crystal_store+1
[11:56:05] research: blocked research_energy_technology (building_laboratory 0/1)
[2026-05-11 11:58:55] ==== loop 21/∞ | seed=36664732937360798 archetype=turbo personality=defensor focus=eco actions_per_loop=1 ====
[11:58:55] planet 29: no resources for building_crystal_store+1
[11:58:55] research: blocked research_energy_technology (building_laboratory 0/1)
[2026-05-11 11:59:43] ==== loop 22/∞ | seed=36664732937360798 archetype=turbo personality=defensor focus=eco actions_per_loop=1 ====
[11:59:44] planet 29: no resources for building_crystal_store+1
[11:59:44] research: blocked research_energy_technology (building_laboratory 0/1)
[2026-05-11 12:00:25] ==== loop 23/∞ | seed=36664732937360798 archetype=turbo personality=defensor focus=eco actions_per_loop=1 ====
[12:00:26] planet 29: no resources for building_crystal_mine+1
[12:00:26] research: blocked research_energy_technology (building_laboratory 0/1)
[2026-05-11 12:01:14] ==== loop 24/∞ | seed=36664732937360798 archetype=turbo personality=defensor focus=eco actions_per_loop=1 ====
[12:01:14] planet 29: no resources for building_crystal_mine+1
[2026-05-11 12:02:39] ==== loop 26/∞ | seed=36664732937360798 archetype=turbo personality=defensor focus=eco actions_per_loop=1 ====
[12:02:39] planet 29: no resources for building_crystal_mine+1
[2026-05-11 12:03:14] ==== loop 27/∞ | seed=36664732937360798 archetype=turbo personality=defensor focus=eco actions_per_loop=1 ====
[12:03:15] planet 29: no resources for building_crystal_mine+1
[12:03:15] research: blocked research_energy_technology (building_laboratory 0/1)
[2026-05-11 12:03:54] ==== loop 28/∞ | seed=36664732937360798 archetype=turbo personality=defensor focus=eco actions_per_loop=1 ====
[12:03:55] planet 29: no resources for building_crystal_mine+1
[12:03:55] research: blocked research_energy_technology (building_laboratory 0/1)
[2026-05-11 12:04:31] ==== loop 29/∞ | seed=36664732937360798 archetype=turbo personality=defensor focus=eco actions_per_loop=1 ====
[12:04:32] planet 29: no resources for building_crystal_mine+1
[2026-05-11 12:05:16] ==== loop 30/∞ | seed=36664732937360798 archetype=turbo personality=defensor focus=eco actions_per_loop=1 ====
[12:05:17] planet 29: no resources for building_crystal_mine+1
[12:05:17] research: blocked research_energy_technology (building_laboratory 0/1)
[2026-05-11 12:06:01] ==== loop 31/∞ | seed=36664732937360798 archetype=turbo personality=defensor focus=eco actions_per_loop=1 ====
[12:06:01] planet 29: no resources for building_crystal_mine+1
[12:06:01] research: blocked research_energy_technology (building_laboratory 0/1)
[2026-05-11 12:06:44] ==== loop 32/∞ | seed=36664732937360798 archetype=turbo personality=defensor focus=eco actions_per_loop=1 ====
[12:06:44] planet 29: no resources for building_crystal_mine+1
[12:06:44] research: blocked research_energy_technology (building_laboratory 0/1)
[2026-05-11 12:07:26] ==== loop 33/∞ | seed=36664732937360798 archetype=turbo personality=defensor focus=eco actions_per_loop=1 ====
[12:07:26] planet 29: no resources for building_crystal_mine+1
[12:07:26] research: blocked research_energy_technology (building_laboratory 0/1)
[2026-05-11 12:08:12] ==== loop 34/∞ | seed=36664732937360798 archetype=turbo personality=defensor focus=eco actions_per_loop=1 ====
[12:08:12] planet 29: no resources for building_crystal_mine+1
[2026-05-11 12:10:24] ==== loop 37/∞ | seed=36664732937360798 archetype=turbo personality=defensor focus=eco actions_per_loop=1 ====
[12:10:25] planet 29: queued ship_espionage_probe +5
[12:10:25] research: blocked research_energy_technology (building_laboratory 0/1)
[2026-05-11 12:11:07] ==== loop 38/∞ | seed=36664732937360798 archetype=turbo personality=defensor focus=eco actions_per_loop=1 ====
[12:11:07] planet 29: queued ship_espionage_probe +5
[12:11:07] research: blocked research_energy_technology (building_laboratory 0/1)
[2026-05-11 12:12:46] ==== loop 1/∞ | seed=36664732937360798 archetype=turbo personality=defensor focus=eco actions_per_loop=1 ====
[12:12:47] planet 29: queued ship_espionage_probe +5
[12:12:47] research: blocked research_energy_technology (building_laboratory 0/1)
[2026-05-11 12:13:22] ==== loop 2/∞ | seed=36664732937360798 archetype=turbo personality=defensor focus=eco actions_per_loop=1 ====
[12:13:22] planet 29: queued ship_espionage_probe +5
[12:13:22] research: blocked research_energy_technology (building_laboratory 0/1)
[2026-05-11 12:14:33] ==== loop 4/∞ | seed=36664732937360798 archetype=turbo personality=defensor focus=eco actions_per_loop=1 ====
[12:14:34] planet 29: queued ship_espionage_probe +5
[12:14:34] research: blocked research_energy_technology (building_laboratory 0/1)
[2026-05-11 12:15:10] ==== loop 5/∞ | seed=36664732937360798 archetype=turbo personality=defensor focus=eco actions_per_loop=1 ====
[12:15:11] planet 29: queued ship_espionage_probe +5
[12:15:11] research: blocked research_energy_technology (building_laboratory 0/1)
[2026-05-11 12:15:38] ==== loop 1/∞ | seed=36664732937360798 archetype=turbo personality=defensor focus=mil actions_per_loop=1 ====
[12:15:38] planet 29: queued ship_espionage_probe +5
[12:15:38] research: blocked research_energy_technology (building_laboratory 0/1)
[2026-05-11 12:17:00] ==== loop 1/∞ | seed=36664732937360798 archetype=turbo personality=defensor focus=mil actions_per_loop=1 ====
[12:17:00] planet 29: queued ship_espionage_probe +5
[2026-05-11 12:17:36] ==== loop 2/∞ | seed=36664732937360798 archetype=turbo personality=defensor focus=mil actions_per_loop=1 ====
[12:17:37] planet 29: queued ship_espionage_probe +5
[2026-05-11 12:18:16] ==== loop 3/∞ | seed=36664732937360798 archetype=turbo personality=defensor focus=mil actions_per_loop=1 ====
[12:18:17] planet 29: queued ship_espionage_probe +5
[12:18:17] research: blocked research_energy_technology (building_laboratory 0/1)
[2026-05-11 12:18:54] ==== loop 4/∞ | seed=36664732937360798 archetype=turbo personality=defensor focus=mil actions_per_loop=1 ====
[12:18:54] planet 29: queued ship_espionage_probe +5
[2026-05-11 12:19:31] ==== loop 5/∞ | seed=36664732937360798 archetype=turbo personality=defensor focus=mil actions_per_loop=1 ====
[12:19:32] planet 29: queued ship_espionage_probe +5
[12:19:32] research: blocked research_energy_technology (building_laboratory 0/1)
[2026-05-11 12:20:13] ==== loop 6/∞ | seed=36664732937360798 archetype=turbo personality=defensor focus=mil actions_per_loop=1 ====
[12:20:13] planet 29: no resources for building_crystal_store+1
[2026-05-11 12:20:47] ==== loop 7/∞ | seed=36664732937360798 archetype=turbo personality=defensor focus=mil actions_per_loop=1 ====
[12:20:48] planet 29: no resources for building_crystal_store+1
[12:20:48] research: blocked research_energy_technology (building_laboratory 0/1)
[2026-05-11 12:21:22] ==== loop 8/∞ | seed=36664732937360798 archetype=turbo personality=defensor focus=mil actions_per_loop=1 ====
[12:21:22] planet 29: no resources for building_crystal_store+1
[12:21:22] research: blocked research_energy_technology (building_laboratory 0/1)
[2026-05-11 12:22:00] ==== loop 9/∞ | seed=36664732937360798 archetype=turbo personality=defensor focus=mil actions_per_loop=1 ====
[12:22:01] planet 29: no resources for building_crystal_store+1
[2026-05-11 12:22:36] ==== loop 10/∞ | seed=36664732937360798 archetype=turbo personality=defensor focus=mil actions_per_loop=1 ====
[12:22:36] planet 29: no resources for building_crystal_store+1
[12:22:36] research: blocked research_energy_technology (building_laboratory 0/1)
[2026-05-11 12:24:59] ==== loop 14/∞ | seed=36664732937360798 archetype=turbo personality=defensor focus=mil actions_per_loop=1 ====
[12:25:00] planet 29: no resources for building_crystal_store+1
[12:25:00] research: blocked research_energy_technology (building_laboratory 0/1)
[2026-05-11 12:25:38] ==== loop 15/∞ | seed=36664732937360798 archetype=turbo personality=defensor focus=mil actions_per_loop=1 ====
[12:25:39] planet 29: no resources for building_crystal_store+1
[12:25:39] research: blocked research_energy_technology (building_laboratory 0/1)
[2026-05-11 12:26:16] ==== loop 16/∞ | seed=36664732937360798 archetype=turbo personality=defensor focus=mil actions_per_loop=1 ====
[12:26:16] planet 29: no resources for building_crystal_store+1
[12:26:16] research: blocked research_energy_technology (building_laboratory 0/1)
[2026-05-11 12:26:53] ==== loop 17/∞ | seed=36664732937360798 archetype=turbo personality=defensor focus=mil actions_per_loop=1 ====
[12:26:53] planet 29: no resources for building_crystal_store+1
[2026-05-11 12:27:28] ==== loop 18/∞ | seed=36664732937360798 archetype=turbo personality=defensor focus=mil actions_per_loop=1 ====
[12:27:29] planet 29: no resources for building_crystal_store+1
[12:27:29] research: blocked research_energy_technology (building_laboratory 0/1)
[2026-05-11 12:28:09] ==== loop 19/∞ | seed=36664732937360798 archetype=turbo personality=defensor focus=mil actions_per_loop=1 ====
[12:28:10] planet 29: no resources for building_crystal_store+1
[12:28:10] research: blocked research_energy_technology (building_laboratory 0/1)
[2026-05-11 12:29:29] ==== loop 21/∞ | seed=36664732937360798 archetype=turbo personality=defensor focus=mil actions_per_loop=1 ====
[12:29:30] planet 29: no resources for building_crystal_store+1
[12:29:30] research: blocked research_energy_technology (building_laboratory 0/1)
[2026-05-11 12:30:06] ==== loop 22/∞ | seed=36664732937360798 archetype=turbo personality=defensor focus=mil actions_per_loop=1 ====
[12:30:07] planet 29: no resources for building_metal_store+1
[12:30:07] research: blocked research_energy_technology (building_laboratory 0/1)
[2026-05-11 12:30:49] ==== loop 23/∞ | seed=36664732937360798 archetype=turbo personality=defensor focus=mil actions_per_loop=1 ====
[12:30:49] planet 29: no resources for building_metal_store+1
[12:30:49] research: blocked research_energy_technology (building_laboratory 0/1)
[2026-05-11 12:31:34] ==== loop 24/∞ | seed=36664732937360798 archetype=turbo personality=defensor focus=mil actions_per_loop=1 ====
[12:31:35] planet 29: no resources for building_metal_store+1
[12:31:35] research: blocked research_energy_technology (building_laboratory 0/1)
[2026-05-11 12:32:18] ==== loop 25/∞ | seed=36664732937360798 archetype=turbo personality=defensor focus=mil actions_per_loop=1 ====
[12:32:18] planet 29: no resources for building_metal_store+1
[12:32:18] research: blocked research_energy_technology (building_laboratory 0/1)
[2026-05-11 12:33:05] ==== loop 26/∞ | seed=36664732937360798 archetype=turbo personality=defensor focus=mil actions_per_loop=1 ====
[12:33:05] planet 29: no resources for building_metal_store+1
[2026-05-11 12:33:51] ==== loop 27/∞ | seed=36664732937360798 archetype=turbo personality=defensor focus=mil actions_per_loop=1 ====
[12:33:52] planet 29: no resources for building_metal_store+1
[12:33:52] research: blocked research_energy_technology (building_laboratory 0/1)
[2026-05-11 12:34:32] ==== loop 28/∞ | seed=36664732937360798 archetype=turbo personality=defensor focus=mil actions_per_loop=1 ====
[12:34:33] planet 29: no resources for building_metal_store+1
[2026-05-11 12:35:18] ==== loop 29/∞ | seed=36664732937360798 archetype=turbo personality=defensor focus=mil actions_per_loop=1 ====
[12:35:18] planet 29: no resources for building_metal_store+1
[12:35:18] research: blocked research_energy_technology (building_laboratory 0/1)
[2026-05-11 12:36:01] ==== loop 30/∞ | seed=36664732937360798 archetype=turbo personality=defensor focus=mil actions_per_loop=1 ====
[12:36:02] planet 29: no resources for building_metal_store+1
[12:36:02] research: blocked research_energy_technology (building_laboratory 0/1)
[2026-05-11 12:36:46] ==== loop 31/∞ | seed=36664732937360798 archetype=turbo personality=defensor focus=mil actions_per_loop=1 ====
[12:36:47] planet 29: no resources for building_metal_store+1
[12:36:47] research: blocked research_energy_technology (building_laboratory 0/1)
[2026-05-11 12:37:30] ==== loop 32/∞ | seed=36664732937360798 archetype=turbo personality=defensor focus=mil actions_per_loop=1 ====
[12:37:31] planet 29: no resources for building_metal_store+1
[12:37:31] research: blocked research_energy_technology (building_laboratory 0/1)
[2026-05-11 12:38:15] ==== loop 33/∞ | seed=36664732937360798 archetype=turbo personality=defensor focus=mil actions_per_loop=1 ====
[12:38:15] alliance: idle no_candidate
[12:38:15] planet 29: no resources for building_metal_store+1
[12:38:15] research: blocked research_energy_technology (building_laboratory 0/1)
[2026-05-11 12:38:58] ==== loop 34/∞ | seed=36664732937360798 archetype=turbo personality=defensor focus=mil actions_per_loop=1 ====
[12:38:58] planet 29: no resources for building_metal_store+1
[12:38:58] research: blocked research_energy_technology (building_laboratory 0/1)
[2026-05-11 12:39:43] ==== loop 35/∞ | seed=36664732937360798 archetype=turbo personality=defensor focus=mil actions_per_loop=1 ====
[12:39:44] planet 29: no resources for building_metal_store+1
[12:39:44] research: blocked research_energy_technology (building_laboratory 0/1)
[2026-05-11 12:40:24] ==== loop 36/∞ | seed=36664732937360798 archetype=turbo personality=defensor focus=mil actions_per_loop=1 ====
[12:40:24] planet 29: queued building_deuterium_tank to 7
[12:40:24] research: blocked research_energy_technology (building_laboratory 0/1)
[2026-05-11 12:41:03] ==== loop 37/∞ | seed=36664732937360798 archetype=turbo personality=defensor focus=mil actions_per_loop=1 ====
[12:41:04] planet 29: queued building_deuterium_tank to 8
[12:41:04] research: blocked research_energy_technology (building_laboratory 0/1)
[2026-05-11 12:42:15] ==== loop 39/∞ | seed=36664732937360798 archetype=turbo personality=defensor focus=mil actions_per_loop=1 ====
[12:42:15] planet 29: queued building_deuterium_tank to 9
[2026-05-11 12:42:56] ==== loop 40/∞ | seed=36664732937360798 archetype=turbo personality=defensor focus=mil actions_per_loop=1 ====
[12:42:56] planet 29: queued building_deuterium_tank to 10
[2026-05-11 12:43:31] ==== loop 41/∞ | seed=36664732937360798 archetype=turbo personality=defensor focus=mil actions_per_loop=1 ====
[12:43:32] planet 29: queued building_deuterium_tank to 11
[12:43:32] research: blocked research_energy_technology (building_laboratory 0/1)
[2026-05-11 12:44:09] ==== loop 42/∞ | seed=36664732937360798 archetype=turbo personality=defensor focus=mil actions_per_loop=1 ====
[12:44:10] planet 29: queued building_deuterium_tank to 12
[12:44:10] research: blocked research_energy_technology (building_laboratory 0/1)
[2026-05-11 12:44:48] ==== loop 43/∞ | seed=36664732937360798 archetype=turbo personality=defensor focus=mil actions_per_loop=1 ====
[12:44:49] planet 29: no resources for building_deuterium_tank+1
[12:44:49] research: blocked research_energy_technology (building_laboratory 0/1)
[2026-05-11 12:45:26] ==== loop 44/∞ | seed=36664732937360798 archetype=turbo personality=defensor focus=mil actions_per_loop=1 ====
[12:45:27] planet 29: no resources for building_deuterium_tank+1
[12:45:27] research: blocked research_energy_technology (building_laboratory 0/1)
[2026-05-11 12:46:01] ==== loop 45/∞ | seed=36664732937360798 archetype=turbo personality=defensor focus=mil actions_per_loop=1 ====
[12:46:02] planet 29: no resources for building_crystal_store+1
[12:46:02] research: blocked research_energy_technology (building_laboratory 0/1)
[2026-05-11 12:46:38] ==== loop 46/∞ | seed=36664732937360798 archetype=turbo personality=defensor focus=mil actions_per_loop=1 ====
[12:46:38] planet 29: no resources for building_crystal_store+1
[12:46:38] research: blocked research_energy_technology (building_laboratory 0/1)
[2026-05-11 12:47:52] ==== loop 48/∞ | seed=36664732937360798 archetype=turbo personality=defensor focus=mil actions_per_loop=1 ====
[12:47:52] planet 29: no resources for building_crystal_store+1
[2026-05-11 12:48:27] ==== loop 49/∞ | seed=36664732937360798 archetype=turbo personality=defensor focus=mil actions_per_loop=1 ====
[12:48:28] planet 29: no resources for building_crystal_store+1
[2026-05-11 12:49:05] ==== loop 50/∞ | seed=36664732937360798 archetype=turbo personality=defensor focus=mil actions_per_loop=1 ====
[12:49:06] planet 29: no resources for building_crystal_store+1
[12:49:06] research: blocked research_energy_technology (building_laboratory 0/1)
[2026-05-11 12:49:42] ==== loop 51/∞ | seed=36664732937360798 archetype=turbo personality=defensor focus=mil actions_per_loop=1 ====
[12:49:43] planet 29: no resources for building_crystal_store+1
[12:49:43] research: blocked research_energy_technology (building_laboratory 0/1)
[2026-05-11 12:50:21] ==== loop 52/∞ | seed=36664732937360798 archetype=turbo personality=defensor focus=mil actions_per_loop=1 ====
[12:50:21] planet 29: queued defense_plasma_turret +8
[12:50:21] research: blocked research_energy_technology (building_laboratory 0/1)
[2026-05-11 12:51:00] ==== loop 53/∞ | seed=36664732937360798 archetype=turbo personality=defensor focus=mil actions_per_loop=1 ====
[12:51:02] alliance: idle no_candidate
[12:51:02] planet 29: queued defense_plasma_turret +8
[2026-05-11 12:51:34] ==== loop 54/∞ | seed=36664732937360798 archetype=turbo personality=defensor focus=mil actions_per_loop=1 ====
[12:51:35] planet 29: queued defense_plasma_turret +8
[12:51:35] research: blocked research_energy_technology (building_laboratory 0/1)
[2026-05-11 12:52:10] ==== loop 55/∞ | seed=36664732937360798 archetype=turbo personality=defensor focus=mil actions_per_loop=1 ====
[12:52:10] planet 29: no resources for defense_plasma_turret+8
[2026-05-11 12:52:48] ==== loop 56/∞ | seed=36664732937360798 archetype=turbo personality=defensor focus=mil actions_per_loop=1 ====
[12:52:48] planet 29: no resources for defense_plasma_turret+8
[12:52:48] research: blocked research_energy_technology (building_laboratory 0/1)
[2026-05-11 12:53:26] ==== loop 57/∞ | seed=36664732937360798 archetype=turbo personality=defensor focus=mil actions_per_loop=1 ====
[12:53:26] planet 29: no resources for defense_plasma_turret+8
[12:53:26] research: blocked research_energy_technology (building_laboratory 0/1)
[2026-05-11 12:55:08] ==== loop 60/∞ | seed=36664732937360798 archetype=turbo personality=defensor focus=mil actions_per_loop=1 ====
[12:55:09] planet 29: no resources for defense_plasma_turret+8
[12:55:09] research: blocked research_energy_technology (building_laboratory 0/1)
[2026-05-11 12:56:17] ==== loop 62/∞ | seed=36664732937360798 archetype=turbo personality=defensor focus=mil actions_per_loop=1 ====
[12:56:18] planet 29: no resources for defense_plasma_turret+8
[2026-05-11 12:56:52] ==== loop 63/∞ | seed=36664732937360798 archetype=turbo personality=defensor focus=mil actions_per_loop=1 ====
[12:56:53] planet 29: no resources for defense_plasma_turret+8
[12:56:53] research: blocked research_energy_technology (building_laboratory 0/1)
[2026-05-11 12:57:31] ==== loop 64/∞ | seed=36664732937360798 archetype=turbo personality=defensor focus=mil actions_per_loop=1 ====
[12:57:32] planet 29: no resources for defense_plasma_turret+8
[12:57:32] research: blocked research_energy_technology (building_laboratory 0/1)
[2026-05-11 12:58:06] ==== loop 65/∞ | seed=36664732937360798 archetype=turbo personality=defensor focus=mil actions_per_loop=1 ====
[12:58:06] planet 29: no resources for defense_plasma_turret+8
[2026-05-11 12:58:41] ==== loop 66/∞ | seed=36664732937360798 archetype=turbo personality=defensor focus=mil actions_per_loop=1 ====
[12:58:42] planet 29: no resources for defense_plasma_turret+8
[12:58:42] research: blocked research_energy_technology (building_laboratory 0/1)
[2026-05-11 12:59:21] ==== loop 67/∞ | seed=36664732937360798 archetype=turbo personality=defensor focus=mil actions_per_loop=1 ====
[12:59:22] planet 29: no resources for defense_plasma_turret+8
[12:59:22] research: blocked research_energy_technology (building_laboratory 0/1)
[2026-05-11 12:59:55] ==== loop 68/∞ | seed=36664732937360798 archetype=turbo personality=defensor focus=mil actions_per_loop=1 ====
[12:59:56] planet 29: no resources for defense_plasma_turret+8
[2026-05-11 13:00:32] ==== loop 69/∞ | seed=36664732937360798 archetype=turbo personality=defensor focus=mil actions_per_loop=1 ====
[13:00:33] planet 29: queued building_hangar to 1
[13:00:33] research: blocked research_energy_technology (building_laboratory 0/1)
[2026-05-11 13:01:12] ==== loop 70/∞ | seed=36664732937360798 archetype=turbo personality=defensor focus=mil actions_per_loop=1 ====
[13:01:13] planet 29: queued building_hangar to 2
[13:01:13] research: blocked research_energy_technology (building_laboratory 0/1)
[2026-05-11 13:02:24] ==== loop 72/∞ | seed=36664732937360798 archetype=turbo personality=defensor focus=mil actions_per_loop=1 ====
[13:02:24] planet 29: queued building_hangar to 3
[13:02:24] research: blocked research_energy_technology (building_laboratory 0/1)
[2026-05-11 13:02:57] ==== loop 73/∞ | seed=36664732937360798 archetype=turbo personality=defensor focus=mil actions_per_loop=1 ====
[13:02:58] alliance: create id=9 tag=BOT378
[13:02:58] planet 29: queued building_hangar to 4
[13:02:58] research: blocked research_energy_technology (building_laboratory 0/1)
[2026-05-11 13:03:33] ==== loop 74/∞ | seed=36664732937360798 archetype=turbo personality=defensor focus=mil actions_per_loop=1 ====
[13:03:33] alliance: accept user=7
[13:03:33] alliance: accept user=9
[13:03:33] alliance: accept user=10
[13:03:33] alliance: accept user=11
[13:03:33] alliance: accept user=14
[13:03:33] alliance: accept user=15
[13:03:33] alliance: accept user=16
[13:03:33] alliance: accept user=18
[13:03:33] alliance: accept user=19
[13:03:33] alliance: accept user=21
[13:03:33] alliance: accept user=24
[13:03:33] alliance: accept user=26
[13:03:33] alliance: accept user=3
[13:03:33] planet 29: queued building_hangar to 5
[13:03:33] research: blocked research_energy_technology (building_laboratory 0/1)
[2026-05-11 13:04:08] ==== loop 75/∞ | seed=36664732937360798 archetype=turbo personality=defensor focus=mil actions_per_loop=1 ====
[13:04:08] planet 29: queued building_hangar to 6
[13:04:08] research: blocked research_energy_technology (building_laboratory 0/1)
[2026-05-11 13:04:41] ==== loop 76/∞ | seed=36664732937360798 archetype=turbo personality=defensor focus=mil actions_per_loop=1 ====
[13:04:42] planet 29: queued building_hangar to 7
[13:04:42] research: blocked research_energy_technology (building_laboratory 0/1)
[2026-05-11 13:05:18] ==== loop 77/∞ | seed=36664732937360798 archetype=turbo personality=defensor focus=mil actions_per_loop=1 ====
[13:05:18] planet 29: queued building_hangar to 8
[13:05:18] research: blocked research_energy_technology (building_laboratory 0/1)
[2026-05-11 13:05:54] ==== loop 78/∞ | seed=36664732937360798 archetype=turbo personality=defensor focus=mil actions_per_loop=1 ====
[13:05:54] planet 29: queued building_hangar to 9
[13:05:54] research: blocked research_energy_technology (building_laboratory 0/1)
[2026-05-11 13:06:27] ==== loop 79/∞ | seed=36664732937360798 archetype=turbo personality=defensor focus=mil actions_per_loop=1 ====
[13:06:28] planet 29: queued building_hangar to 10
[13:06:28] research: blocked research_energy_technology (building_laboratory 0/1)
[2026-05-11 13:07:01] ==== loop 80/∞ | seed=36664732937360798 archetype=turbo personality=defensor focus=mil actions_per_loop=1 ====
[13:07:02] planet 29: queued building_hangar to 11
[2026-05-11 13:07:40] ==== loop 81/∞ | seed=36664732937360798 archetype=turbo personality=defensor focus=mil actions_per_loop=1 ====
[13:07:41] planet 29: queued building_hangar to 12
[13:07:41] research: blocked research_energy_technology (building_laboratory 0/1)
[2026-05-11 13:08:42] ==== loop 83/∞ | seed=36664732937360798 archetype=turbo personality=defensor focus=mil actions_per_loop=1 ====
[13:08:42] planet 29: no resources for building_hangar+1
[13:08:42] research: blocked research_energy_technology (building_laboratory 0/1)
[2026-05-11 13:09:18] ==== loop 84/∞ | seed=36664732937360798 archetype=turbo personality=defensor focus=mil actions_per_loop=1 ====
[13:09:19] planet 29: no resources for building_hangar+1
[13:09:19] research: blocked research_energy_technology (building_laboratory 0/1)
[2026-05-11 13:09:52] ==== loop 85/∞ | seed=36664732937360798 archetype=turbo personality=defensor focus=mil actions_per_loop=1 ====
[13:09:53] planet 29: no resources for building_hangar+1
[2026-05-11 13:10:38] ==== loop 86/∞ | seed=36664732937360798 archetype=turbo personality=defensor focus=mil actions_per_loop=1 ====
[13:10:39] planet 29: queued ship_battleship +5
[13:10:39] research: blocked research_energy_technology (building_laboratory 0/1)
[2026-05-11 13:12:07] ==== loop 88/∞ | seed=36664732937360798 archetype=turbo personality=defensor focus=mil actions_per_loop=1 ====
[13:12:09] planet 29: queued ship_battleship +5
[13:12:09] attack: spy 1:2:1 probes=4 eta=1s
[2026-05-11 13:12:49] ==== loop 89/∞ | seed=36664732937360798 archetype=turbo personality=defensor focus=mil actions_per_loop=1 ====
[13:12:49] planet 29: queued ship_battleship +5
[13:12:49] attack: intel 1:2:1 ships=0 defs=0 res=5724306863
[13:12:49] attack: idle no_fleet_slots (used=1 max=1)
[13:12:49] research: blocked research_energy_technology (building_laboratory 0/1)
[2026-05-11 13:13:29] ==== loop 90/∞ | seed=36664732937360798 archetype=turbo personality=defensor focus=mil actions_per_loop=1 ====
[13:13:30] planet 29: queued ship_battleship +5
[13:13:30] attack: idle no_fleet_slots (used=1 max=1)
[13:13:30] research: blocked research_energy_technology (building_laboratory 0/1)
[2026-05-11 13:14:10] ==== loop 91/∞ | seed=36664732937360798 archetype=turbo personality=defensor focus=mil actions_per_loop=1 ====
[13:14:11] planet 29: queued ship_battleship +5
[13:14:11] attack: spy 1:2:2 probes=4 eta=1s
[2026-05-11 13:14:56] ==== loop 92/∞ | seed=36664732937360798 archetype=turbo personality=defensor focus=mil actions_per_loop=1 ====
[13:14:57] planet 29: queued ship_battleship +5
[13:14:57] attack: intel 1:2:2 ships=0 defs=0 res=5788354267
[13:14:57] attack: spy 1:2:3 probes=4 eta=1s
[13:14:57] research: blocked research_energy_technology (building_laboratory 0/1)
[2026-05-11 13:15:44] ==== loop 93/∞ | seed=36664732937360798 archetype=turbo personality=defensor focus=mil actions_per_loop=1 ====
[13:15:45] planet 29: queued ship_battleship +5
[13:15:45] attack: intel 1:2:3 ships=0 defs=0 res=5790946336
[13:15:45] attack: spy 1:2:4 probes=4 eta=1s
[13:15:45] research: blocked research_energy_technology (building_laboratory 0/1)
[2026-05-11 13:16:28] ==== loop 94/∞ | seed=36664732937360798 archetype=turbo personality=defensor focus=mil actions_per_loop=1 ====
[13:16:28] planet 29: queued ship_battleship +5
[13:16:28] attack: intel 1:2:4 ships=0 defs=0 res=5790400253
[13:16:28] attack: spy 1:2:5 probes=4 eta=1s
[13:16:28] research: blocked research_energy_technology (building_laboratory 0/1)
[2026-05-11 13:17:17] ==== loop 95/∞ | seed=36664732937360798 archetype=turbo personality=defensor focus=mil actions_per_loop=1 ====
[13:17:17] planet 29: queued ship_battleship +5
[13:17:17] attack: intel 1:2:5 ships=0 defs=0 res=5656889662
[13:17:17] attack: spy 1:2:6 probes=4 eta=1s
[2026-05-11 13:18:03] ==== loop 96/∞ | seed=36664732937360798 archetype=turbo personality=defensor focus=mil actions_per_loop=1 ====
[13:18:04] planet 29: queued ship_battleship +5
[13:18:04] attack: intel 1:2:6 ships=0 defs=0 res=5780531278
[13:18:04] attack: idle no_fleet_slots (used=1 max=1)
[2026-05-11 13:18:48] ==== loop 97/∞ | seed=36664732937360798 archetype=turbo personality=defensor focus=mil actions_per_loop=1 ====
[13:18:48] planet 29: queued ship_battleship +5
[13:18:48] attack: idle no_fleet_slots (used=1 max=1)
[2026-05-11 13:19:37] ==== loop 98/∞ | seed=36664732937360798 archetype=turbo personality=defensor focus=mil actions_per_loop=1 ====
[13:19:38] planet 29: queued ship_battleship +5
[13:19:38] attack: idle no_fleet_slots (used=1 max=1)
[13:19:38] research: blocked research_energy_technology (building_laboratory 0/1)
[2026-05-11 13:20:59] ==== loop 100/∞ | seed=36664732937360798 archetype=turbo personality=defensor focus=mil actions_per_loop=1 ====
[13:20:59] planet 29: no resources for building_crystal_store+1
[13:20:59] attack: spy 1:2:7 probes=4 eta=1s
[13:20:59] research: blocked research_energy_technology (building_laboratory 0/1)
[2026-05-11 13:21:40] ==== loop 101/∞ | seed=36664732937360798 archetype=turbo personality=defensor focus=mil actions_per_loop=1 ====
[13:21:41] planet 29: no resources for building_crystal_store+1
[13:21:41] attack: intel 1:2:7 ships=0 defs=0 res=5780667539
[13:21:41] attack: spy 1:2:8 probes=4 eta=1s
[2026-05-11 13:22:47] ==== loop 2/∞ | seed=36664732937360798 archetype=turbo personality=defensor focus=mil actions_per_loop=1 ====
[13:22:48] planet 29: no resources for building_crystal_store+1
[13:22:48] attack: intel 1:2:8 ships=0 defs=0 res=5637471027
[13:22:48] attack: spy 1:2:1 probes=4 eta=1s
[13:22:48] research: blocked research_energy_technology (building_laboratory 0/1)
[2026-05-11 13:23:29] ==== loop 3/∞ | seed=36664732937360798 archetype=turbo personality=defensor focus=mil actions_per_loop=1 ====
[13:23:30] alliance: accept user=17
[13:23:30] planet 29: no resources for building_crystal_store+1
[13:23:30] attack: intel 1:2:1 ships=0 defs=0 res=5784551121
[13:23:30] attack: spy 1:2:9 probes=4 eta=1s
[13:23:30] research: blocked research_energy_technology (building_laboratory 0/1)
[2026-05-11 13:24:19] ==== loop 4/∞ | seed=36664732937360798 archetype=turbo personality=defensor focus=mil actions_per_loop=1 ====
[13:24:20] planet 29: no resources for building_crystal_store+1
[13:24:20] attack: intel 1:2:9 ships=0 defs=0 res=6146572326
[13:24:20] attack: spy 1:2:2 probes=4 eta=1s
[2026-05-11 13:25:03] ==== loop 5/∞ | seed=36664732937360798 archetype=turbo personality=defensor focus=mil actions_per_loop=1 ====
[13:25:04] planet 29: no resources for building_crystal_store+1
[13:25:04] attack: intel 1:2:2 ships=0 defs=0 res=5798335779
[13:25:04] attack: spy 1:2:3 probes=4 eta=1s
[13:25:04] research: blocked research_energy_technology (building_laboratory 0/1)
[2026-05-11 13:26:31] ==== loop 7/∞ | seed=36664732937360798 archetype=turbo personality=defensor focus=mil actions_per_loop=1 ====
[13:26:32] planet 29: no resources for building_crystal_store+1
[13:26:32] attack: intel 1:2:3 ships=0 defs=0 res=5801648163
[13:26:32] attack: spy 1:2:4 probes=4 eta=1s
[13:26:32] research: blocked research_energy_technology (building_laboratory 0/1)
[2026-05-11 13:27:10] ==== loop 8/∞ | seed=36664732937360798 archetype=turbo personality=defensor focus=mil actions_per_loop=1 ====
[13:27:11] planet 29: no resources for building_crystal_store+1
[13:27:11] attack: intel 1:2:4 ships=0 defs=0 res=5801376486
[13:27:11] attack: spy 1:2:5 probes=4 eta=1s
[13:27:11] research: blocked research_energy_technology (building_laboratory 0/1)
[2026-05-11 13:27:51] ==== loop 9/∞ | seed=36664732937360798 archetype=turbo personality=defensor focus=mil actions_per_loop=1 ====
[13:27:52] planet 29: no resources for building_crystal_store+1
[13:27:52] attack: intel 1:2:5 ships=0 defs=0 res=5666716821
[13:27:52] attack: idle no_fleet_slots (used=1 max=1)
[2026-05-11 13:28:38] ==== loop 10/∞ | seed=36664732937360798 archetype=turbo personality=defensor focus=mil actions_per_loop=1 ====
[13:28:38] planet 29: no resources for building_crystal_store+1
[13:28:38] attack: spy 1:2:6 probes=4 eta=1s
[13:28:38] research: blocked research_energy_technology (building_laboratory 0/1)
[2026-05-11 13:30:35] ==== loop 13/∞ | seed=36664732937360798 archetype=turbo personality=defensor focus=mil actions_per_loop=1 ====
[13:30:35] planet 29: no resources for building_crystal_store+1
[13:30:35] attack: intel 1:2:6 ships=0 defs=0 res=5791233106
[13:30:35] attack: idle no_fleet_slots (used=1 max=1)
[13:30:35] research: blocked research_energy_technology (building_laboratory 0/1)
[2026-05-11 13:31:20] ==== loop 14/∞ | seed=36664732937360798 archetype=turbo personality=defensor focus=mil actions_per_loop=1 ====
[13:31:20] planet 29: no resources for building_crystal_store+1
[13:31:20] attack: idle no_fleet_slots (used=1 max=1)
[2026-05-11 13:32:48] ==== loop 16/∞ | seed=36664732937360798 archetype=turbo personality=defensor focus=mil actions_per_loop=1 ====
[13:32:49] planet 29: no resources for building_crystal_store+1
[13:32:49] attack: idle no_fleet_slots (used=1 max=1)
[2026-05-11 13:34:20] ==== loop 18/∞ | seed=36664732937360798 archetype=turbo personality=defensor focus=mil actions_per_loop=1 ====
[13:34:21] planet 29: no resources for building_crystal_store+1
[13:34:21] attack: spy 1:2:1 probes=4 eta=1s
[2026-05-11 13:35:06] ==== loop 19/∞ | seed=36664732937360798 archetype=turbo personality=defensor focus=mil actions_per_loop=1 ====
[13:35:07] planet 29: no resources for building_crystal_store+1
[13:35:07] attack: intel 1:2:1 ships=0 defs=0 res=5797002285
[13:35:07] attack: spy 1:2:2 probes=4 eta=1s
[2026-05-11 13:35:57] ==== loop 20/∞ | seed=36664732937360798 archetype=turbo personality=defensor focus=mil actions_per_loop=1 ====
[13:35:58] planet 29: no resources for building_crystal_store+1
[13:35:58] attack: intel 1:2:2 ships=0 defs=0 res=5809449215
[13:35:58] attack: spy 1:2:3 probes=4 eta=1s
[2026-05-11 13:36:46] ==== loop 21/∞ | seed=36664732937360798 archetype=turbo personality=defensor focus=mil actions_per_loop=1 ====
[13:36:47] planet 29: no resources for building_crystal_store+1
[13:36:47] attack: intel 1:2:3 ships=0 defs=0 res=5811869781
[13:36:47] attack: spy 1:2:4 probes=4 eta=1s
[2026-05-11 13:37:33] ==== loop 22/∞ | seed=36664732937360798 archetype=turbo personality=defensor focus=mil actions_per_loop=1 ====
[13:37:33] planet 29: no resources for building_crystal_store+1
[13:37:33] attack: intel 1:2:4 ships=0 defs=0 res=5812026862
[13:37:33] attack: spy 1:2:5 probes=4 eta=1s
[13:37:33] research: blocked research_energy_technology (building_laboratory 0/1)
[2026-05-11 13:38:23] ==== loop 23/∞ | seed=36664732937360798 archetype=turbo personality=defensor focus=mil actions_per_loop=1 ====
[13:38:23] planet 29: no resources for building_crystal_store+1
[13:38:23] attack: intel 1:2:5 ships=0 defs=0 res=5679167985
[13:38:23] attack: spy 1:2:7 probes=4 eta=1s
[2026-05-11 13:39:11] ==== loop 24/∞ | seed=36664732937360798 archetype=turbo personality=defensor focus=mil actions_per_loop=1 ====
[13:39:11] planet 29: no resources for building_crystal_store+1
[13:39:11] attack: intel 1:2:7 ships=0 defs=0 res=5798623971
[13:39:11] attack: spy 1:2:6 probes=4 eta=1s
[2026-05-11 13:40:43] ==== loop 26/∞ | seed=36664732937360798 archetype=turbo personality=defensor focus=mil actions_per_loop=1 ====
[13:40:43] planet 29: no resources for building_crystal_store+1
[13:40:43] attack: intel 1:2:6 ships=0 defs=0 res=5804901947
[13:40:43] attack: spy 1:2:8 probes=4 eta=1s
[13:40:43] research: blocked research_energy_technology (building_laboratory 0/1)
[2026-05-11 13:41:28] ==== loop 27/∞ | seed=36664732937360798 archetype=turbo personality=defensor focus=mil actions_per_loop=1 ====
[13:41:29] planet 29: no resources for building_crystal_store+1
[13:41:29] attack: intel 1:2:8 ships=0 defs=0 res=5654912947
[13:41:29] attack: idle no_fleet_slots (used=1 max=1)
[13:41:29] research: blocked research_energy_technology (building_laboratory 0/1)
[2026-05-11 13:42:16] ==== loop 28/∞ | seed=36664732937360798 archetype=turbo personality=defensor focus=mil actions_per_loop=1 ====
[13:42:17] planet 29: no resources for building_crystal_store+1
[13:42:17] attack: idle no_fleet_slots (used=1 max=1)
[13:42:17] research: blocked research_energy_technology (building_laboratory 0/1)
[2026-05-11 13:43:42] ==== loop 30/∞ | seed=36664732937360798 archetype=turbo personality=defensor focus=mil actions_per_loop=1 ====
[13:43:42] planet 29: no resources for building_crystal_store+1
[13:43:42] attack: spy 1:2:9 probes=4 eta=1s
[13:43:42] research: blocked research_energy_technology (building_laboratory 0/1)
[2026-05-11 13:44:26] ==== loop 31/∞ | seed=36664732937360798 archetype=turbo personality=defensor focus=mil actions_per_loop=1 ====
[13:44:26] planet 29: no resources for building_crystal_store+1
[13:44:26] attack: intel 1:2:9 ships=0 defs=0 res=6168044582
[13:44:26] attack: spy 1:2:1 probes=4 eta=1s
[2026-05-11 13:45:15] ==== loop 32/∞ | seed=36664732937360798 archetype=turbo personality=defensor focus=mil actions_per_loop=1 ====
[13:45:16] planet 29: no resources for building_crystal_store+1
[13:45:16] attack: intel 1:2:1 ships=0 defs=0 res=5807189601
[13:45:16] attack: spy 1:2:2 probes=4 eta=1s
[2026-05-11 13:46:02] ==== loop 33/∞ | seed=36664732937360798 archetype=turbo personality=defensor focus=mil actions_per_loop=1 ====
[13:46:02] planet 29: no resources for building_crystal_store+1
[13:46:02] attack: intel 1:2:2 ships=0 defs=0 res=5819910937
[13:46:02] attack: spy 1:2:3 probes=4 eta=1s
[13:46:02] research: blocked research_energy_technology (building_laboratory 0/1)
[2026-05-11 13:47:29] ==== loop 35/∞ | seed=36664732937360798 archetype=turbo personality=defensor focus=mil actions_per_loop=1 ====
[13:47:29] planet 29: no resources for building_crystal_store+1
[13:47:29] attack: intel 1:2:3 ships=0 defs=0 res=5822674511
[13:47:29] attack: spy 1:2:4 probes=4 eta=1s
[13:47:29] research: blocked research_energy_technology (building_laboratory 0/1)
[2026-05-11 13:48:14] ==== loop 36/∞ | seed=36664732937360798 archetype=turbo personality=defensor focus=mil actions_per_loop=1 ====
[13:48:15] planet 29: no resources for building_crystal_store+1
[13:48:15] attack: intel 1:2:4 ships=0 defs=0 res=5822968794
[13:48:15] attack: spy 1:2:5 probes=4 eta=1s
[2026-05-11 13:49:06] ==== loop 37/∞ | seed=36664732937360798 archetype=turbo personality=defensor focus=mil actions_per_loop=1 ====
[13:49:06] planet 29: no resources for building_crystal_store+1
[13:49:06] attack: intel 1:2:5 ships=0 defs=0 res=5689869813
[13:49:06] attack: spy 1:2:7 probes=4 eta=1s
[13:49:06] research: blocked research_energy_technology (building_laboratory 0/1)
[2026-05-11 13:50:38] ==== loop 39/∞ | seed=36664732937360798 archetype=turbo personality=defensor focus=mil actions_per_loop=1 ====
[13:50:39] planet 29: no resources for building_crystal_store+1
[13:50:39] attack: intel 1:2:7 ships=0 defs=0 res=5809583053
[13:50:39] attack: spy 1:2:6 probes=4 eta=1s
[13:50:39] research: blocked research_energy_technology (building_laboratory 0/1)
[2026-05-11 13:51:21] ==== loop 40/∞ | seed=36664732937360798 archetype=turbo personality=defensor focus=mil actions_per_loop=1 ====
[13:51:21] planet 29: no resources for building_crystal_store+1
[13:51:21] attack: intel 1:2:6 ships=0 defs=0 res=5816564194
[13:51:21] attack: spy 1:2:8 probes=4 eta=1s
[13:51:21] research: blocked research_energy_technology (building_laboratory 0/1)
[2026-05-11 13:51:59] ==== loop 41/∞ | seed=36664732937360798 archetype=turbo personality=defensor focus=mil actions_per_loop=1 ====
[13:52:00] planet 29: no resources for building_crystal_store+1
[13:52:00] attack: intel 1:2:8 ships=0 defs=0 res=5667535615
[13:52:00] attack: spy 1:2:10 probes=4 eta=1s
[13:52:00] research: blocked research_energy_technology (building_laboratory 0/1)
[2026-05-11 13:52:50] ==== loop 1/∞ | seed=36664732937360798 archetype=turbo personality=defensor focus=mil actions_per_loop=1 ====
[13:52:50] planet 29: no resources for building_crystal_store+1
[13:52:50] attack: intel 1:2:10 ships=0 defs=0 res=7370200251
[13:52:50] attack: idle no_fleet_slots (used=1 max=1)
[2026-05-11 13:53:36] ==== loop 2/∞ | seed=36664732937360798 archetype=turbo personality=defensor focus=mil actions_per_loop=1 ====
[13:53:37] planet 29: no resources for building_crystal_store+1
[13:53:37] attack: spy 1:2:11 probes=4 eta=1s
[13:53:37] research: blocked research_energy_technology (building_laboratory 0/1)
[2026-05-11 13:54:20] ==== loop 3/∞ | seed=36664732937360798 archetype=turbo personality=defensor focus=mil actions_per_loop=1 ====
[13:54:20] planet 29: no resources for building_crystal_store+1
[13:54:20] attack: intel 1:2:11 ships=0 defs=0 res=7376539281
[13:54:20] attack: spy 1:2:9 probes=4 eta=1s
[2026-05-11 13:55:48] ==== loop 5/∞ | seed=36664732937360798 archetype=turbo personality=defensor focus=mil actions_per_loop=1 ====
[13:55:49] planet 29: no resources for building_crystal_store+1
[13:55:49] attack: intel 1:2:9 ships=0 defs=0 res=6178300500
[13:55:49] attack: spy 1:2:1 probes=4 eta=1s
[13:55:49] research: blocked research_energy_technology (building_laboratory 0/1)
[2026-05-11 13:56:33] ==== loop 6/∞ | seed=36664732937360798 archetype=turbo personality=defensor focus=mil actions_per_loop=1 ====
[13:56:34] planet 29: no resources for building_crystal_store+1
[13:56:34] attack: intel 1:2:1 ships=0 defs=0 res=5813998296
[13:56:34] attack: idle no_fleet_slots (used=1 max=1)
[2026-05-11 13:57:55] ==== loop 8/∞ | seed=36664732937360798 archetype=turbo personality=defensor focus=mil actions_per_loop=1 ====
[13:57:56] planet 29: no resources for building_crystal_store+1
[13:57:56] attack: spy 1:2:2 probes=4 eta=1s
[13:57:56] acs: leader group=1 target=1:4:10 enemy_user=13 end=1778508517
[13:57:56] research: blocked research_energy_technology (building_laboratory 0/1)
[2026-05-11 13:58:37] ==== loop 9/∞ | seed=36664732937360798 archetype=turbo personality=defensor focus=mil actions_per_loop=1 ====
[13:58:38] planet 29: no resources for building_crystal_store+1
[13:58:38] attack: intel 1:2:2 ships=0 defs=0 res=5832962365
[13:58:38] attack: idle no_fleet_slots (used=1 max=1)
[13:58:38] attack: idle candidates=35 fresh_intel=1 no_spy_src=0 no_atk_src=1 raidmix_fail=0 cooldown_spy=0
[13:58:38] acs: leader group=2 target=1:4:10 enemy_user=13 end=1778508559
[2026-05-11 13:59:23] ==== loop 10/∞ | seed=36664732937360798 archetype=turbo personality=defensor focus=mil actions_per_loop=1 ====
[13:59:24] planet 29: no resources for building_crystal_store+1
[13:59:24] attack: idle no_fleet_slots (used=2 max=1)
[13:59:24] attack: idle candidates=35 fresh_intel=1 no_spy_src=0 no_atk_src=1 raidmix_fail=0 cooldown_spy=0
[13:59:24] research: blocked research_energy_technology (building_laboratory 0/1)
[2026-05-11 14:00:37] ==== loop 12/∞ | seed=36664732937360798 archetype=turbo personality=defensor focus=mil actions_per_loop=1 ====
[14:00:38] planet 29: queued defense_ion_cannon +8
[14:00:38] attack: idle no_fleet_slots (used=1 max=1)
[14:00:38] attack: idle candidates=35 fresh_intel=1 no_spy_src=0 no_atk_src=1 raidmix_fail=0 cooldown_spy=0
[14:00:38] acs: leader group=3 target=1:4:10 enemy_user=13 end=1778508679
[14:00:38] research: blocked research_energy_technology (building_laboratory 0/1)
[2026-05-11 14:01:14] ==== loop 13/∞ | seed=36664732937360798 archetype=turbo personality=defensor focus=mil actions_per_loop=1 ====
[14:01:15] planet 29: queued defense_ion_cannon +8
[14:01:15] attack: idle no_fleet_slots (used=2 max=1)
[14:01:15] attack: idle candidates=35 fresh_intel=1 no_spy_src=0 no_atk_src=1 raidmix_fail=0 cooldown_spy=0
[14:01:15] research: blocked research_energy_technology (building_laboratory 0/1)
[2026-05-11 14:01:51] ==== loop 14/∞ | seed=36664732937360798 archetype=turbo personality=defensor focus=mil actions_per_loop=1 ====
[14:01:51] planet 29: queued defense_ion_cannon +8
[14:01:51] attack: idle no_fleet_slots (used=2 max=1)
[14:01:51] attack: idle candidates=35 fresh_intel=1 no_spy_src=0 no_atk_src=1 raidmix_fail=0 cooldown_spy=0
[14:01:51] research: blocked research_energy_technology (building_laboratory 0/1)
[2026-05-11 14:02:32] ==== loop 15/∞ | seed=36664732937360798 archetype=turbo personality=defensor focus=mil actions_per_loop=1 ====
[14:02:32] planet 29: queued defense_ion_cannon +8
[14:02:32] attack: idle no_fleet_slots (used=2 max=1)
[14:02:32] attack: idle candidates=35 fresh_intel=1 no_spy_src=0 no_atk_src=1 raidmix_fail=0 cooldown_spy=0
[14:02:32] research: blocked research_energy_technology (building_laboratory 0/1)
[2026-05-11 14:03:14] ==== loop 16/∞ | seed=36664732937360798 archetype=turbo personality=defensor focus=mil actions_per_loop=1 ====
[14:03:15] planet 29: queued defense_ion_cannon +8
[14:03:15] attack: idle no_fleet_slots (used=2 max=1)
[14:03:15] attack: idle candidates=35 fresh_intel=1 no_spy_src=0 no_atk_src=1 raidmix_fail=0 cooldown_spy=0
[2026-05-11 14:03:52] ==== loop 17/∞ | seed=36664732937360798 archetype=turbo personality=defensor focus=mil actions_per_loop=1 ====
[14:03:52] alliance: kick user=9
[14:03:52] planet 29: queued defense_ion_cannon +8
[14:03:52] attack: idle no_fleet_slots (used=2 max=1)
[14:03:52] attack: idle candidates=36 fresh_intel=1 no_spy_src=0 no_atk_src=1 raidmix_fail=0 cooldown_spy=0
[14:03:52] research: blocked research_energy_technology (building_laboratory 0/1)
[2026-05-11 14:04:33] ==== loop 18/∞ | seed=36664732937360798 archetype=turbo personality=defensor focus=mil actions_per_loop=1 ====
[14:04:33] planet 29: queued defense_ion_cannon +8
[14:04:33] attack: idle no_fleet_slots (used=2 max=1)
[14:04:33] attack: idle candidates=36 fresh_intel=1 no_spy_src=0 no_atk_src=1 raidmix_fail=0 cooldown_spy=0
[14:04:33] research: blocked research_energy_technology (building_laboratory 0/1)
[2026-05-11 14:05:09] ==== loop 19/∞ | seed=36664732937360798 archetype=turbo personality=defensor focus=mil actions_per_loop=1 ====
[14:05:10] planet 29: queued defense_ion_cannon +8
[14:05:10] attack: idle no_fleet_slots (used=2 max=1)
[14:05:10] attack: idle candidates=36 fresh_intel=1 no_spy_src=0 no_atk_src=1 raidmix_fail=0 cooldown_spy=0
[2026-05-11 14:05:47] ==== loop 20/∞ | seed=36664732937360798 archetype=turbo personality=defensor focus=mil actions_per_loop=1 ====
[14:05:48] planet 29: queued defense_ion_cannon +8
[14:05:48] attack: idle no_fleet_slots (used=2 max=1)
[14:05:48] attack: idle candidates=36 fresh_intel=1 no_spy_src=0 no_atk_src=1 raidmix_fail=0 cooldown_spy=0
[2026-05-11 14:06:27] ==== loop 21/∞ | seed=36664732937360798 archetype=turbo personality=defensor focus=mil actions_per_loop=1 ====
[14:06:28] planet 29: queued defense_ion_cannon +8
[14:06:28] attack: idle no_fleet_slots (used=2 max=1)
[14:06:28] attack: idle candidates=36 fresh_intel=1 no_spy_src=0 no_atk_src=1 raidmix_fail=0 cooldown_spy=0
[14:06:28] research: blocked research_energy_technology (building_laboratory 0/1)
[2026-05-11 14:07:01] ==== loop 22/∞ | seed=36664732937360798 archetype=turbo personality=defensor focus=mil actions_per_loop=1 ====
[14:07:02] planet 29: queued defense_ion_cannon +8
[14:07:02] attack: idle no_fleet_slots (used=2 max=1)
[14:07:02] attack: idle candidates=36 fresh_intel=1 no_spy_src=0 no_atk_src=1 raidmix_fail=0 cooldown_spy=0
[2026-05-11 14:07:37] ==== loop 23/∞ | seed=36664732937360798 archetype=turbo personality=defensor focus=mil actions_per_loop=1 ====
[14:07:37] planet 29: queued defense_ion_cannon +8
[14:07:37] attack: idle no_fleet_slots (used=2 max=1)
[14:07:37] attack: idle candidates=36 fresh_intel=1 no_spy_src=0 no_atk_src=1 raidmix_fail=0 cooldown_spy=0
[14:07:37] research: blocked research_energy_technology (building_laboratory 0/1)
[2026-05-11 14:08:16] ==== loop 24/∞ | seed=36664732937360798 archetype=turbo personality=defensor focus=mil actions_per_loop=1 ====
[14:08:17] planet 29: queued defense_ion_cannon +8
[14:08:17] attack: idle no_fleet_slots (used=2 max=1)
[14:08:17] attack: idle candidates=36 fresh_intel=1 no_spy_src=0 no_atk_src=1 raidmix_fail=0 cooldown_spy=0
[14:08:17] research: blocked research_energy_technology (building_laboratory 0/1)
[2026-05-11 14:08:54] ==== loop 25/∞ | seed=36664732937360798 archetype=turbo personality=defensor focus=mil actions_per_loop=1 ====
[14:08:55] planet 29: queued defense_ion_cannon +8
[14:08:55] attack: idle no_fleet_slots (used=2 max=1)
[14:08:55] attack: idle candidates=36 fresh_intel=1 no_spy_src=0 no_atk_src=1 raidmix_fail=0 cooldown_spy=0
[2026-05-11 14:09:31] ==== loop 26/∞ | seed=36664732937360798 archetype=turbo personality=defensor focus=mil actions_per_loop=1 ====
[14:09:32] planet 29: queued defense_ion_cannon +8
[14:09:32] attack: idle no_fleet_slots (used=2 max=1)
[14:09:32] attack: idle candidates=36 fresh_intel=1 no_spy_src=0 no_atk_src=1 raidmix_fail=0 cooldown_spy=0
[2026-05-11 14:10:08] ==== loop 27/∞ | seed=36664732937360798 archetype=turbo personality=defensor focus=mil actions_per_loop=1 ====
[14:10:08] planet 29: no resources for building_metal_store+1
[14:10:08] attack: idle no_fleet_slots (used=2 max=1)
[14:10:08] attack: idle candidates=36 fresh_intel=1 no_spy_src=0 no_atk_src=1 raidmix_fail=0 cooldown_spy=0
[14:10:08] research: blocked research_energy_technology (building_laboratory 0/1)
[2026-05-11 14:10:44] ==== loop 28/∞ | seed=36664732937360798 archetype=turbo personality=defensor focus=mil actions_per_loop=1 ====
[14:10:45] planet 29: no resources for building_metal_store+1
[14:10:45] attack: idle no_fleet_slots (used=2 max=1)
[14:10:45] attack: idle candidates=36 fresh_intel=1 no_spy_src=0 no_atk_src=1 raidmix_fail=0 cooldown_spy=0
[14:10:45] research: blocked research_energy_technology (building_laboratory 0/1)
[2026-05-11 14:11:27] ==== loop 29/∞ | seed=36664732937360798 archetype=turbo personality=defensor focus=mil actions_per_loop=1 ====
[14:11:28] planet 29: no resources for building_metal_store+1
[14:11:28] attack: idle no_fleet_slots (used=2 max=1)
[14:11:28] attack: idle candidates=36 fresh_intel=1 no_spy_src=0 no_atk_src=1 raidmix_fail=0 cooldown_spy=0
[2026-05-11 14:12:08] ==== loop 30/∞ | seed=36664732937360798 archetype=turbo personality=defensor focus=mil actions_per_loop=1 ====
[14:12:09] planet 29: no resources for building_metal_store+1
[14:12:09] attack: idle no_fleet_slots (used=2 max=1)
[14:12:09] attack: idle candidates=36 fresh_intel=1 no_spy_src=0 no_atk_src=1 raidmix_fail=0 cooldown_spy=0
[2026-05-11 14:12:45] ==== loop 31/∞ | seed=36664732937360798 archetype=turbo personality=defensor focus=mil actions_per_loop=1 ====
[14:12:46] planet 29: no resources for building_metal_store+1
[14:12:46] attack: idle no_fleet_slots (used=2 max=1)
[14:12:46] attack: idle candidates=36 fresh_intel=1 no_spy_src=0 no_atk_src=1 raidmix_fail=0 cooldown_spy=0
[2026-05-11 14:13:29] ==== loop 32/∞ | seed=36664732937360798 archetype=turbo personality=defensor focus=mil actions_per_loop=1 ====
[14:13:29] planet 29: no resources for building_metal_store+1
[14:13:29] attack: idle no_fleet_slots (used=2 max=1)
[14:13:29] attack: idle candidates=36 fresh_intel=1 no_spy_src=0 no_atk_src=1 raidmix_fail=0 cooldown_spy=0
[14:13:29] research: blocked research_energy_technology (building_laboratory 0/1)
[2026-05-11 14:14:11] ==== loop 33/∞ | seed=36664732937360798 archetype=turbo personality=defensor focus=mil actions_per_loop=1 ====
[14:14:12] planet 29: no resources for building_metal_store+1
[14:14:12] attack: idle no_fleet_slots (used=2 max=1)
[14:14:12] attack: idle candidates=36 fresh_intel=1 no_spy_src=0 no_atk_src=1 raidmix_fail=0 cooldown_spy=0
[14:14:12] research: blocked research_energy_technology (building_laboratory 0/1)
[2026-05-11 14:14:53] ==== loop 34/∞ | seed=36664732937360798 archetype=turbo personality=defensor focus=mil actions_per_loop=1 ====
[14:14:54] planet 29: queued building_metal_store to 15
[14:14:54] attack: idle no_fleet_slots (used=2 max=1)
[14:14:54] attack: idle candidates=36 fresh_intel=1 no_spy_src=0 no_atk_src=1 raidmix_fail=0 cooldown_spy=0
[14:14:54] acs: leader group=4 target=1:4:10 enemy_user=13 end=1778509535
[2026-05-11 14:15:36] ==== loop 35/∞ | seed=36664732937360798 archetype=turbo personality=defensor focus=mil actions_per_loop=1 ====
[14:15:37] planet 29: no resources for building_metal_store+1
[14:15:37] attack: idle no_fleet_slots (used=3 max=1)
[14:15:37] attack: idle candidates=36 fresh_intel=1 no_spy_src=0 no_atk_src=1 raidmix_fail=0 cooldown_spy=0
[14:15:37] research: blocked research_energy_technology (building_laboratory 0/1)
[2026-05-11 14:16:20] ==== loop 36/∞ | seed=36664732937360798 archetype=turbo personality=defensor focus=mil actions_per_loop=1 ====
[14:16:22] planet 29: no resources for building_metal_store+1
[14:16:22] attack: idle no_fleet_slots (used=3 max=1)
[14:16:22] attack: idle candidates=36 fresh_intel=1 no_spy_src=0 no_atk_src=1 raidmix_fail=0 cooldown_spy=0
[14:16:22] research: blocked research_energy_technology (building_laboratory 0/1)
[2026-05-11 14:16:59] ==== loop 37/∞ | seed=36664732937360798 archetype=turbo personality=defensor focus=mil actions_per_loop=1 ====
[14:17:00] planet 29: no resources for building_metal_store+1
[14:17:00] attack: idle no_fleet_slots (used=3 max=1)
[14:17:00] attack: idle candidates=36 fresh_intel=1 no_spy_src=0 no_atk_src=1 raidmix_fail=0 cooldown_spy=0
[14:17:00] research: blocked research_energy_technology (building_laboratory 0/1)
[2026-05-11 14:17:38] ==== loop 38/∞ | seed=36664732937360798 archetype=turbo personality=defensor focus=mil actions_per_loop=1 ====
[14:17:39] planet 29: no resources for building_metal_store+1
[14:17:39] attack: idle no_fleet_slots (used=3 max=1)
[14:17:39] attack: idle candidates=36 fresh_intel=1 no_spy_src=0 no_atk_src=1 raidmix_fail=0 cooldown_spy=0
[14:17:39] research: blocked research_energy_technology (building_laboratory 0/1)
[2026-05-11 14:18:20] ==== loop 39/∞ | seed=36664732937360798 archetype=turbo personality=defensor focus=mil actions_per_loop=1 ====
[14:18:20] planet 29: no resources for building_metal_store+1
[14:18:20] attack: idle no_fleet_slots (used=3 max=1)
[14:18:20] attack: idle candidates=36 fresh_intel=1 no_spy_src=0 no_atk_src=1 raidmix_fail=0 cooldown_spy=0
[14:18:20] research: blocked research_energy_technology (building_laboratory 0/1)
[2026-05-11 14:19:37] ==== loop 41/∞ | seed=36664732937360798 archetype=turbo personality=defensor focus=mil actions_per_loop=1 ====
[14:19:37] planet 29: no resources for building_metal_store+1
[14:19:37] attack: idle no_fleet_slots (used=3 max=1)
[14:19:37] attack: idle candidates=36 fresh_intel=1 no_spy_src=0 no_atk_src=1 raidmix_fail=0 cooldown_spy=0
[14:19:37] research: blocked research_energy_technology (building_laboratory 0/1)
[2026-05-11 14:20:11] ==== loop 42/∞ | seed=36664732937360798 archetype=turbo personality=defensor focus=mil actions_per_loop=1 ====
[14:20:12] planet 29: no resources for building_metal_store+1
[14:20:12] attack: idle no_fleet_slots (used=3 max=1)
[14:20:12] attack: idle candidates=36 fresh_intel=1 no_spy_src=0 no_atk_src=1 raidmix_fail=0 cooldown_spy=0
[2026-05-11 14:20:47] ==== loop 43/∞ | seed=36664732937360798 archetype=turbo personality=defensor focus=mil actions_per_loop=1 ====
[14:20:48] planet 29: no resources for building_metal_store+1
[14:20:48] attack: idle no_fleet_slots (used=3 max=1)
[14:20:48] attack: idle candidates=36 fresh_intel=1 no_spy_src=0 no_atk_src=1 raidmix_fail=0 cooldown_spy=0
[14:20:48] research: blocked research_energy_technology (building_laboratory 0/1)
[2026-05-11 14:21:24] ==== loop 44/∞ | seed=36664732937360798 archetype=turbo personality=defensor focus=mil actions_per_loop=1 ====
[14:21:25] planet 29: no resources for building_metal_store+1
[14:21:25] attack: idle no_fleet_slots (used=1 max=1)
[14:21:25] attack: idle candidates=36 fresh_intel=1 no_spy_src=0 no_atk_src=1 raidmix_fail=0 cooldown_spy=0
[14:21:25] acs: leader group=5 target=1:4:10 enemy_user=13 end=1778509926
[2026-05-11 14:22:05] ==== loop 45/∞ | seed=36664732937360798 archetype=turbo personality=defensor focus=mil actions_per_loop=1 ====
[14:22:05] planet 29: no resources for building_metal_store+1
[14:22:05] attack: idle no_fleet_slots (used=2 max=1)
[14:22:05] attack: idle candidates=36 fresh_intel=1 no_spy_src=0 no_atk_src=1 raidmix_fail=0 cooldown_spy=0
[14:22:05] research: blocked research_energy_technology (building_laboratory 0/1)
[2026-05-11 14:22:40] ==== loop 46/∞ | seed=36664732937360798 archetype=turbo personality=defensor focus=mil actions_per_loop=1 ====
[14:22:41] planet 29: no resources for building_metal_store+1
[14:22:41] attack: idle no_fleet_slots (used=2 max=1)
[14:22:41] attack: idle candidates=36 fresh_intel=1 no_spy_src=0 no_atk_src=1 raidmix_fail=0 cooldown_spy=0
[14:22:41] research: blocked research_energy_technology (building_laboratory 0/1)
[2026-05-11 14:23:15] ==== loop 47/∞ | seed=36664732937360798 archetype=turbo personality=defensor focus=mil actions_per_loop=1 ====
[14:23:15] planet 29: no resources for building_metal_store+1
[14:23:15] attack: idle no_fleet_slots (used=2 max=1)
[14:23:15] attack: idle candidates=36 fresh_intel=1 no_spy_src=0 no_atk_src=1 raidmix_fail=0 cooldown_spy=0
[14:23:15] acs: leader group=6 target=1:4:10 enemy_user=13 end=1778510036
[14:23:15] research: blocked research_energy_technology (building_laboratory 0/1)
[2026-05-11 14:23:46] ==== loop 48/∞ | seed=36664732937360798 archetype=turbo personality=defensor focus=mil actions_per_loop=1 ====
[14:23:46] planet 29: no resources for building_metal_store+1
[14:23:46] attack: idle no_fleet_slots (used=3 max=1)
[14:23:46] attack: idle candidates=36 fresh_intel=1 no_spy_src=0 no_atk_src=1 raidmix_fail=0 cooldown_spy=0
[14:23:46] acs: leader group=7 target=1:4:10 enemy_user=13 end=1778510067
[14:23:46] research: blocked research_energy_technology (building_laboratory 0/1)
[2026-05-11 14:24:19] ==== loop 49/∞ | seed=36664732937360798 archetype=turbo personality=defensor focus=mil actions_per_loop=1 ====
[14:24:20] planet 29: no resources for building_metal_store+1
[14:24:20] attack: idle no_fleet_slots (used=4 max=1)
[14:24:20] attack: idle candidates=36 fresh_intel=1 no_spy_src=0 no_atk_src=1 raidmix_fail=0 cooldown_spy=0
[14:24:20] research: blocked research_energy_technology (building_laboratory 0/1)
[2026-05-11 14:24:52] ==== loop 50/∞ | seed=36664732937360798 archetype=turbo personality=defensor focus=mil actions_per_loop=1 ====
[14:24:52] planet 29: no resources for building_metal_store+1
[14:24:52] attack: idle no_fleet_slots (used=4 max=1)
[14:24:52] attack: idle candidates=36 fresh_intel=1 no_spy_src=0 no_atk_src=1 raidmix_fail=0 cooldown_spy=0
[14:24:52] research: blocked research_energy_technology (building_laboratory 0/1)
[2026-05-11 14:25:21] ==== loop 51/∞ | seed=36664732937360798 archetype=turbo personality=defensor focus=mil actions_per_loop=1 ====
[14:25:22] planet 29: no resources for building_metal_store+1
[14:25:22] attack: idle no_fleet_slots (used=4 max=1)
[14:25:22] attack: idle candidates=36 fresh_intel=1 no_spy_src=0 no_atk_src=1 raidmix_fail=0 cooldown_spy=0
[14:25:22] research: blocked research_energy_technology (building_laboratory 0/1)
[2026-05-11 14:25:58] ==== loop 52/∞ | seed=36664732937360798 archetype=turbo personality=defensor focus=mil actions_per_loop=1 ====
[14:25:59] planet 29: no resources for building_metal_store+1
[14:25:59] attack: idle no_fleet_slots (used=3 max=1)
[14:25:59] attack: idle candidates=36 fresh_intel=1 no_spy_src=0 no_atk_src=1 raidmix_fail=0 cooldown_spy=0
[14:25:59] acs: leader group=8 target=1:4:10 enemy_user=13 end=1778510200
[14:25:59] research: blocked research_energy_technology (building_laboratory 0/1)
[2026-05-11 14:26:31] ==== loop 53/∞ | seed=36664732937360798 archetype=turbo personality=defensor focus=mil actions_per_loop=1 ====
[14:26:31] planet 29: no resources for building_metal_store+1
[14:26:31] attack: idle no_fleet_slots (used=4 max=1)
[14:26:31] attack: idle candidates=36 fresh_intel=1 no_spy_src=0 no_atk_src=1 raidmix_fail=0 cooldown_spy=0
[14:26:31] acs: leader group=9 target=1:4:10 enemy_user=13 end=1778510232
[14:26:31] research: blocked research_energy_technology (building_laboratory 0/1)
[2026-05-11 14:27:05] ==== loop 54/∞ | seed=36664732937360798 archetype=turbo personality=defensor focus=mil actions_per_loop=1 ====
[14:27:06] planet 29: no resources for building_metal_store+1
[14:27:06] attack: idle no_fleet_slots (used=5 max=1)
[14:27:06] research: blocked research_energy_technology (building_laboratory 0/1)
[2026-05-11 14:28:52] ==== loop 57/∞ | seed=36664732937360798 archetype=turbo personality=defensor focus=mil actions_per_loop=1 ====
[14:28:53] planet 29: no resources for building_metal_store+1
[14:28:53] attack: idle no_fleet_slots (used=5 max=1)
[14:28:53] research: blocked research_energy_technology (building_laboratory 0/1)
[2026-05-11 14:31:18] ==== loop 61/∞ | seed=36664732937360798 archetype=turbo personality=defensor focus=mil actions_per_loop=1 ====
[14:31:18] planet 29: queued defense_plasma_turret +8
[14:31:18] attack: idle no_fleet_slots (used=5 max=1)
[14:31:18] research: blocked research_energy_technology (building_laboratory 0/1)
[2026-05-11 14:32:02] ==== loop 62/∞ | seed=36664732937360798 archetype=turbo personality=defensor focus=mil actions_per_loop=1 ====
[14:32:03] planet 29: queued defense_ion_cannon +8
[14:32:03] attack: idle no_fleet_slots (used=5 max=1)
[2026-05-11 14:32:43] ==== loop 63/∞ | seed=36664732937360798 archetype=turbo personality=defensor focus=mil actions_per_loop=1 ====
[14:32:44] planet 29: queued defense_plasma_turret +8
[14:32:44] attack: idle no_fleet_slots (used=4 max=1)
[14:32:44] acs: leader group=10 target=1:4:10 enemy_user=13 end=1778510605
[14:32:44] research: blocked research_energy_technology (building_laboratory 0/1)
[2026-05-11 14:33:24] ==== loop 64/∞ | seed=36664732937360798 archetype=turbo personality=defensor focus=mil actions_per_loop=1 ====
[14:33:25] planet 29: queued defense_ion_cannon +8
[14:33:25] attack: idle no_fleet_slots (used=5 max=1)
[14:33:25] acs: leader group=11 target=1:4:10 enemy_user=13 end=1778510646
[14:33:25] research: blocked research_energy_technology (building_laboratory 0/1)
[2026-05-11 14:34:50] ==== loop 66/∞ | seed=36664732937360798 archetype=turbo personality=defensor focus=mil actions_per_loop=1 ====
[14:34:51] planet 29: queued defense_plasma_turret +2
[14:34:51] attack: idle no_fleet_slots (used=5 max=1)
[14:34:51] acs: leader group=12 target=1:4:10 enemy_user=13 end=1778510732
[14:34:51] research: blocked research_energy_technology (building_laboratory 0/1)
[2026-05-11 14:36:15] ==== loop 68/∞ | seed=36664732937360798 archetype=turbo personality=defensor focus=mil actions_per_loop=1 ====
[14:36:15] planet 29: queued defense_ion_cannon +8
[14:36:15] attack: idle no_fleet_slots (used=5 max=1)
[14:36:15] acs: leader group=13 target=1:4:10 enemy_user=13 end=1778510816
[14:36:15] research: blocked research_energy_technology (building_laboratory 0/1)
[2026-05-11 14:36:56] ==== loop 69/∞ | seed=36664732937360798 archetype=turbo personality=defensor focus=mil actions_per_loop=1 ====
[14:36:56] planet 29: queued defense_ion_cannon +8
[14:36:56] attack: idle no_fleet_slots (used=6 max=1)
[14:36:56] research: blocked research_energy_technology (building_laboratory 0/1)
[2026-05-11 14:38:20] ==== loop 71/∞ | seed=36664732937360798 archetype=turbo personality=defensor focus=mil actions_per_loop=1 ====
[14:38:21] alliance: accept user=6
[14:38:21] planet 29: queued defense_ion_cannon +8
[14:38:21] attack: idle no_fleet_slots (used=4 max=1)
[14:38:21] acs: leader group=14 target=1:4:10 enemy_user=13 end=1778510942
[14:38:21] research: blocked research_energy_technology (building_laboratory 0/1)
[2026-05-11 14:39:46] ==== loop 73/∞ | seed=36664732937360798 archetype=turbo personality=defensor focus=mil actions_per_loop=1 ====
[14:39:47] planet 29: queued defense_ion_cannon +8
[14:39:47] attack: idle no_fleet_slots (used=5 max=1)
[14:39:47] acs: leader group=15 target=1:4:10 enemy_user=13 end=1778511028
[2026-05-11 14:40:29] ==== loop 1/1 | seed=36664732937360798 archetype=turbo personality=defensor focus=mil actions_per_loop=1 ====
[14:40:30] planet 29: no resources for building_metal_mine+1
[14:40:30] attack: idle no_fleet_slots (used=6 max=1)
[14:40:30] research: blocked research_energy_technology (building_laboratory 0/1)
[2026-05-11 14:40:30] ==== loop 74/∞ | seed=36664732937360798 archetype=turbo personality=defensor focus=mil actions_per_loop=1 ====
[14:40:31] planet 29: no resources for building_metal_mine+1
[14:40:31] attack: idle no_fleet_slots (used=6 max=1)
[14:40:31] research: blocked research_energy_technology (building_laboratory 0/1)
[2026-05-11 14:41:16] ==== loop 75/∞ | seed=36664732937360798 archetype=turbo personality=defensor focus=mil actions_per_loop=1 ====
[14:41:17] planet 29: no resources for building_metal_mine+1
[14:41:17] attack: idle no_fleet_slots (used=6 max=1)
[14:41:17] research: blocked research_energy_technology (building_laboratory 0/1)
[2026-05-11 14:42:02] ==== loop 1/1 | seed=36664732937360798 archetype=turbo personality=defensor focus=mil actions_per_loop=1 ====
[14:42:02] planet 29: no resources for building_metal_mine+1
[14:42:02] attack: idle no_fleet_slots (used=6 max=1)
[14:42:02] research: blocked research_energy_technology (building_laboratory 0/1)
[2026-05-11 14:42:04] ==== loop 76/∞ | seed=36664732937360798 archetype=turbo personality=defensor focus=mil actions_per_loop=1 ====
[14:42:05] planet 29: no resources for building_metal_mine+1
[14:42:05] attack: idle no_fleet_slots (used=6 max=1)
[14:42:05] research: blocked research_energy_technology (building_laboratory 0/1)
[2026-05-11 14:42:47] ==== loop 77/∞ | seed=36664732937360798 archetype=turbo personality=defensor focus=mil actions_per_loop=1 ====
[14:42:48] planet 29: no resources for building_metal_mine+1
[14:42:48] attack: idle no_fleet_slots (used=6 max=1)
[14:42:48] research: blocked research_energy_technology (building_laboratory 0/1)
[2026-05-11 14:43:29] ==== loop 78/∞ | seed=36664732937360798 archetype=turbo personality=defensor focus=mil actions_per_loop=1 ====
[14:43:30] planet 29: no resources for building_metal_mine+1
[14:43:30] attack: idle no_fleet_slots (used=5 max=1)
[14:43:30] acs: leader group=16 target=1:4:10 enemy_user=13 end=1778511251
[14:43:30] research: blocked research_energy_technology (building_laboratory 0/1)
[2026-05-11 14:44:08] ==== loop 79/∞ | seed=36664732937360798 archetype=turbo personality=defensor focus=mil actions_per_loop=1 ====
[14:44:09] planet 29: no resources for building_metal_mine+1
[14:44:09] attack: idle no_fleet_slots (used=6 max=1)
[14:44:09] acs: leader group=17 target=1:4:10 enemy_user=13 end=1778511290
[14:44:09] research: blocked research_energy_technology (building_laboratory 0/1)
[2026-05-11 14:44:44] ==== loop 80/∞ | seed=36664732937360798 archetype=turbo personality=defensor focus=mil actions_per_loop=1 ====
[14:44:45] planet 29: no resources for building_metal_mine+1
[14:44:45] attack: idle no_fleet_slots (used=7 max=1)
[14:44:45] research: blocked research_energy_technology (building_laboratory 0/1)
