[2026-05-13 10:11:36] ==== loop 1/∞ | seed=630860493361450395 archetype=turbo personality=minero focus=tech actions_per_loop=4 ====
[10:11:37] planet 30: queued building_metal_mine to 21
[2026-05-13 10:12:13] ==== loop 2/∞ | seed=630860493361450395 archetype=turbo personality=minero focus=tech actions_per_loop=4 ====
[10:12:16] planet 30: building queue full (5)
[10:12:16] planet 30: building queue full (5)
[10:12:16] planet 30: building queue full (5)
[10:12:16] planet 30: building queue full (5)
[10:12:16] research: already in progress
[2026-05-13 10:12:52] ==== loop 3/∞ | seed=630860493361450395 archetype=turbo personality=minero focus=tech actions_per_loop=4 ====
[10:12:55] planet 30: building queue full (5)
[10:12:55] planet 30: building queue full (5)
[10:12:55] planet 30: building queue full (5)
[10:12:55] planet 30: building queue full (5)
[2026-05-13 10:13:35] ==== loop 4/∞ | seed=630860493361450395 archetype=turbo personality=minero focus=tech actions_per_loop=4 ====
[10:13:36] planet 30: building queue full (5)
[10:13:36] planet 30: building queue full (5)
[10:13:36] planet 30: building queue full (5)
[10:13:36] planet 30: building queue full (5)
[10:13:36] research: already in progress
[2026-05-13 10:14:11] ==== loop 5/∞ | seed=630860493361450395 archetype=turbo personality=minero focus=tech actions_per_loop=4 ====
[10:14:15] planet 30: building queue full (5)
[10:14:15] planet 30: building queue full (5)
[10:14:15] planet 30: building queue full (5)
[10:14:15] planet 30: building queue full (5)
[10:14:15] research: already in progress
[2026-05-13 10:14:55] ==== loop 6/∞ | seed=630860493361450395 archetype=turbo personality=minero focus=tech actions_per_loop=4 ====
[10:14:57] planet 30: queued building_metal_mine to 22
[10:14:57] research: already in progress
[2026-05-13 10:15:36] ==== loop 7/∞ | seed=630860493361450395 archetype=turbo personality=minero focus=tech actions_per_loop=4 ====
[10:15:39] planet 30: building queue full (5)
[10:15:39] planet 30: building queue full (5)
[10:15:39] planet 30: building queue full (5)
[10:15:39] research: already in progress
[2026-05-13 10:16:22] ==== loop 8/∞ | seed=630860493361450395 archetype=turbo personality=minero focus=tech actions_per_loop=4 ====
[10:16:24] planet 30: building queue full (5)
[10:16:24] planet 30: building queue full (5)
[10:16:24] planet 30: building queue full (5)
[10:16:24] planet 30: building queue full (5)
[10:16:24] research: already in progress
[2026-05-13 10:17:05] ==== loop 9/∞ | seed=630860493361450395 archetype=turbo personality=minero focus=tech actions_per_loop=4 ====
[10:17:08] planet 30: building queue full (5)
[10:17:08] planet 30: building queue full (5)
[10:17:08] planet 30: building queue full (5)
[10:17:08] planet 30: building queue full (5)
[10:17:08] research: already in progress
[2026-05-13 10:17:48] ==== loop 10/∞ | seed=630860493361450395 archetype=turbo personality=minero focus=tech actions_per_loop=4 ====
[10:17:50] planet 30: building queue full (5)
[10:17:50] planet 30: building queue full (5)
[10:17:50] planet 30: building queue full (5)
[10:17:50] planet 30: building queue full (5)
[10:17:50] research: already in progress
[2026-05-13 10:18:32] ==== loop 11/∞ | seed=630860493361450395 archetype=turbo personality=minero focus=tech actions_per_loop=4 ====
[10:18:35] planet 30: building queue full (5)
[10:18:35] planet 30: building queue full (5)
[10:18:35] planet 30: building queue full (5)
[10:18:35] planet 30: building queue full (5)
[2026-05-13 10:19:19] ==== loop 12/∞ | seed=630860493361450395 archetype=turbo personality=minero focus=tech actions_per_loop=4 ====
[10:19:22] planet 30: building queue full (5)
[10:19:22] planet 30: building queue full (5)
[10:19:22] planet 30: building queue full (5)
[10:19:22] planet 30: building queue full (5)
[10:19:22] research: already in progress
[2026-05-13 10:20:05] ==== loop 13/∞ | seed=630860493361450395 archetype=turbo personality=minero focus=tech actions_per_loop=4 ====
[10:20:06] planet 30: queued building_crystal_store to 11
[10:20:06] research: already in progress
[2026-05-13 10:20:43] ==== loop 14/∞ | seed=630860493361450395 archetype=turbo personality=minero focus=tech actions_per_loop=4 ====
[10:20:46] planet 30: building queue full (5)
[10:20:46] planet 30: building queue full (5)
[10:20:46] planet 30: building queue full (5)
[10:20:46] planet 30: building queue full (5)
[2026-05-13 10:21:31] ==== loop 15/∞ | seed=630860493361450395 archetype=turbo personality=minero focus=tech actions_per_loop=4 ====
[10:21:33] planet 30: building queue full (5)
[10:21:33] planet 30: building queue full (5)
[10:21:33] planet 30: building queue full (5)
[10:21:33] research: already in progress
[2026-05-13 10:22:16] ==== loop 16/∞ | seed=630860493361450395 archetype=turbo personality=minero focus=tech actions_per_loop=4 ====
[10:22:18] planet 30: building queue full (5)
[10:22:18] planet 30: building queue full (5)
[10:22:18] planet 30: building queue full (5)
[10:22:18] planet 30: building queue full (5)
[2026-05-13 10:23:02] ==== loop 17/∞ | seed=630860493361450395 archetype=turbo personality=minero focus=tech actions_per_loop=4 ====
[10:23:05] planet 30: building queue full (5)
[10:23:05] planet 30: building queue full (5)
[10:23:05] planet 30: building queue full (5)
[10:23:05] planet 30: building queue full (5)
[10:23:05] research: already in progress
[2026-05-13 10:23:48] ==== loop 18/∞ | seed=630860493361450395 archetype=turbo personality=minero focus=tech actions_per_loop=4 ====
[10:23:51] planet 30: building queue full (5)
[10:23:51] planet 30: building queue full (5)
[10:23:51] planet 30: building queue full (5)
[10:23:51] planet 30: building queue full (5)
[2026-05-13 10:24:36] ==== loop 19/∞ | seed=630860493361450395 archetype=turbo personality=minero focus=tech actions_per_loop=4 ====
[10:24:38] planet 30: building queue full (5)
[10:24:38] planet 30: building queue full (5)
[10:24:38] planet 30: building queue full (5)
[10:24:38] planet 30: building queue full (5)
[2026-05-13 10:25:26] ==== loop 20/∞ | seed=630860493361450395 archetype=turbo personality=minero focus=tech actions_per_loop=4 ====
[10:25:29] planet 30: building queue full (5)
[10:25:29] planet 30: building queue full (5)
[10:25:29] planet 30: building queue full (5)
[10:25:29] planet 30: building queue full (5)
[10:25:29] research: already in progress
[2026-05-13 10:26:10] ==== loop 21/∞ | seed=630860493361450395 archetype=turbo personality=minero focus=tech actions_per_loop=4 ====
[10:26:13] planet 30: building queue full (5)
[10:26:13] planet 30: building queue full (5)
[10:26:13] planet 30: building queue full (5)
[10:26:13] planet 30: building queue full (5)
[2026-05-13 10:26:59] ==== loop 22/∞ | seed=630860493361450395 archetype=turbo personality=minero focus=tech actions_per_loop=4 ====
[10:27:00] planet 30: building queue full (5)
[10:27:00] planet 30: building queue full (5)
[10:27:00] planet 30: building queue full (5)
[10:27:00] planet 30: building queue full (5)
[10:27:00] research: already in progress
[2026-05-13 10:27:42] ==== loop 23/∞ | seed=630860493361450395 archetype=turbo personality=minero focus=tech actions_per_loop=4 ====
[10:27:43] planet 30: building queue full (5)
[10:27:43] planet 30: building queue full (5)
[10:27:43] planet 30: building queue full (5)
[10:27:43] research: already in progress
[2026-05-13 10:28:29] ==== loop 24/∞ | seed=630860493361450395 archetype=turbo personality=minero focus=tech actions_per_loop=4 ====
[10:28:33] planet 30: building queue full (5)
[10:28:33] planet 30: building queue full (5)
[10:28:33] planet 30: building queue full (5)
[10:28:33] planet 30: building queue full (5)
[2026-05-13 10:29:17] ==== loop 25/∞ | seed=630860493361450395 archetype=turbo personality=minero focus=tech actions_per_loop=4 ====
[10:29:19] planet 30: building queue full (5)
[10:29:19] planet 30: building queue full (5)
[10:29:19] planet 30: building queue full (5)
[10:29:19] planet 30: building queue full (5)
[10:29:19] research: already in progress
[2026-05-13 10:30:02] ==== loop 26/∞ | seed=630860493361450395 archetype=turbo personality=minero focus=tech actions_per_loop=4 ====
[10:30:03] planet 30: queued building_metal_mine to 23
[10:30:03] research: already in progress
[2026-05-13 10:30:42] ==== loop 27/∞ | seed=630860493361450395 archetype=turbo personality=minero focus=tech actions_per_loop=4 ====
[10:30:45] planet 30: building queue full (5)
[10:30:45] planet 30: building queue full (5)
[10:30:45] planet 30: building queue full (5)
[10:30:45] planet 30: building queue full (5)
[10:30:45] research: already in progress
[2026-05-13 10:31:24] ==== loop 28/∞ | seed=630860493361450395 archetype=turbo personality=minero focus=tech actions_per_loop=4 ====
[10:31:27] planet 30: building queue full (5)
[10:31:27] planet 30: building queue full (5)
[10:31:27] planet 30: building queue full (5)
[10:31:27] planet 30: building queue full (5)
[2026-05-13 10:32:06] ==== loop 29/∞ | seed=630860493361450395 archetype=turbo personality=minero focus=tech actions_per_loop=4 ====
[10:32:09] planet 30: building queue full (5)
[10:32:09] planet 30: building queue full (5)
[10:32:09] planet 30: building queue full (5)
[10:32:09] planet 30: building queue full (5)
[10:32:09] research: already in progress
[2026-05-13 10:32:48] ==== loop 30/∞ | seed=630860493361450395 archetype=turbo personality=minero focus=tech actions_per_loop=4 ====
[10:32:51] planet 30: building queue full (5)
[10:32:51] planet 30: building queue full (5)
[10:32:51] planet 30: building queue full (5)
[10:32:51] planet 30: building queue full (5)
[2026-05-13 10:33:35] ==== loop 31/∞ | seed=630860493361450395 archetype=turbo personality=minero focus=tech actions_per_loop=4 ====
[10:33:37] planet 30: building queue full (5)
[10:33:37] planet 30: building queue full (5)
[10:33:37] planet 30: building queue full (5)
[10:33:37] planet 30: building queue full (5)
[10:33:37] research: already in progress
[2026-05-13 10:34:18] ==== loop 32/∞ | seed=630860493361450395 archetype=turbo personality=minero focus=tech actions_per_loop=4 ====
[10:34:21] planet 30: building queue full (5)
[10:34:21] planet 30: building queue full (5)
[10:34:21] planet 30: building queue full (5)
[10:34:21] planet 30: building queue full (5)
[10:34:21] research: already in progress
[2026-05-13 10:35:02] ==== loop 33/∞ | seed=630860493361450395 archetype=turbo personality=minero focus=tech actions_per_loop=4 ====
[10:35:05] planet 30: building queue full (5)
[10:35:05] planet 30: building queue full (5)
[10:35:05] planet 30: building queue full (5)
[10:35:05] planet 30: building queue full (5)
[10:35:05] research: already in progress
[2026-05-13 10:35:46] ==== loop 34/∞ | seed=630860493361450395 archetype=turbo personality=minero focus=tech actions_per_loop=4 ====
[10:35:49] planet 30: building queue full (5)
[10:35:49] planet 30: building queue full (5)
[10:35:49] planet 30: building queue full (5)
[10:35:49] planet 30: building queue full (5)
[10:35:49] research: already in progress
[2026-05-13 10:36:31] ==== loop 35/∞ | seed=630860493361450395 archetype=turbo personality=minero focus=tech actions_per_loop=4 ====
[10:36:33] planet 30: building queue full (5)
[10:36:33] planet 30: building queue full (5)
[10:36:33] planet 30: building queue full (5)
[10:36:33] planet 30: building queue full (5)
[10:36:33] research: already in progress
[2026-05-13 10:37:09] ==== loop 36/∞ | seed=630860493361450395 archetype=turbo personality=minero focus=tech actions_per_loop=4 ====
[10:37:12] planet 30: building queue full (5)
[10:37:12] planet 30: building queue full (5)
[10:37:12] planet 30: building queue full (5)
[10:37:12] planet 30: building queue full (5)
[10:37:12] research: already in progress
[2026-05-13 10:37:48] ==== loop 37/∞ | seed=630860493361450395 archetype=turbo personality=minero focus=tech actions_per_loop=4 ====
[10:37:50] planet 30: building queue full (5)
[10:37:50] planet 30: building queue full (5)
[10:37:50] planet 30: building queue full (5)
[10:37:50] planet 30: building queue full (5)
[10:37:50] research: already in progress
[2026-05-13 10:38:29] ==== loop 38/∞ | seed=630860493361450395 archetype=turbo personality=minero focus=tech actions_per_loop=4 ====
[10:38:31] planet 30: building queue full (5)
[10:38:31] planet 30: building queue full (5)
[10:38:31] planet 30: building queue full (5)
[10:38:31] planet 30: building queue full (5)
[10:38:31] research: already in progress
[2026-05-13 10:39:10] ==== loop 39/∞ | seed=630860493361450395 archetype=turbo personality=minero focus=tech actions_per_loop=4 ====
[10:39:12] planet 30: building queue full (5)
[10:39:12] planet 30: building queue full (5)
[10:39:12] planet 30: building queue full (5)
[10:39:12] planet 30: building queue full (5)
[10:39:12] research: already in progress
[2026-05-13 10:39:55] ==== loop 40/∞ | seed=630860493361450395 archetype=turbo personality=minero focus=tech actions_per_loop=4 ====
[10:39:58] planet 30: building queue full (5)
[10:39:58] planet 30: building queue full (5)
[10:39:58] planet 30: building queue full (5)
[10:39:58] planet 30: building queue full (5)
[10:39:58] research: already in progress
[2026-05-13 10:40:33] ==== loop 41/∞ | seed=630860493361450395 archetype=turbo personality=minero focus=tech actions_per_loop=4 ====
[10:40:34] planet 30: queued building_robot_factory to 7
[2026-05-13 10:41:20] ==== loop 42/∞ | seed=630860493361450395 archetype=turbo personality=minero focus=tech actions_per_loop=4 ====
[10:41:23] planet 30: building queue full (5)
[10:41:23] planet 30: building queue full (5)
[10:41:23] planet 30: building queue full (5)
[10:41:23] planet 30: building queue full (5)
[2026-05-13 10:42:06] ==== loop 43/∞ | seed=630860493361450395 archetype=turbo personality=minero focus=tech actions_per_loop=4 ====
[10:42:09] planet 30: building queue full (5)
[10:42:09] planet 30: building queue full (5)
[10:42:09] planet 30: building queue full (5)
[10:42:09] planet 30: building queue full (5)
[10:42:09] research: already in progress
[2026-05-13 10:42:48] ==== loop 44/∞ | seed=630860493361450395 archetype=turbo personality=minero focus=tech actions_per_loop=4 ====
[10:42:51] planet 30: building queue full (5)
[10:42:51] planet 30: building queue full (5)
[10:42:51] planet 30: building queue full (5)
[10:42:51] planet 30: building queue full (5)
[10:42:51] research: already in progress
[2026-05-13 10:43:35] ==== loop 45/∞ | seed=630860493361450395 archetype=turbo personality=minero focus=tech actions_per_loop=4 ====
[10:43:37] planet 30: building queue full (5)
[10:43:37] planet 30: building queue full (5)
[10:43:37] planet 30: building queue full (5)
[10:43:37] planet 30: building queue full (5)
[10:43:37] research: already in progress
[2026-05-13 10:44:21] ==== loop 46/∞ | seed=630860493361450395 archetype=turbo personality=minero focus=tech actions_per_loop=4 ====
[10:44:24] planet 30: building queue full (5)
[10:44:24] planet 30: building queue full (5)
[10:44:24] planet 30: building queue full (5)
[10:44:24] planet 30: building queue full (5)
[2026-05-13 10:45:01] ==== loop 47/∞ | seed=630860493361450395 archetype=turbo personality=minero focus=tech actions_per_loop=4 ====
[10:45:04] planet 30: building queue full (5)
[10:45:04] planet 30: building queue full (5)
[10:45:04] planet 30: building queue full (5)
[10:45:04] planet 30: building queue full (5)
[10:45:04] research: already in progress
[2026-05-13 10:45:51] ==== loop 48/∞ | seed=630860493361450395 archetype=turbo personality=minero focus=tech actions_per_loop=4 ====
[10:45:53] planet 30: building queue full (5)
[10:45:53] planet 30: building queue full (5)
[10:45:53] planet 30: building queue full (5)
[10:45:53] planet 30: building queue full (5)
[2026-05-13 10:46:37] ==== loop 49/∞ | seed=630860493361450395 archetype=turbo personality=minero focus=tech actions_per_loop=4 ====
[10:46:38] planet 30: building queue full (5)
[10:46:38] planet 30: building queue full (5)
[10:46:38] planet 30: building queue full (5)
[10:46:38] planet 30: building queue full (5)
[10:46:38] research: already in progress
[2026-05-13 10:47:30] ==== loop 50/∞ | seed=630860493361450395 archetype=turbo personality=minero focus=tech actions_per_loop=4 ====
[10:47:31] planet 30: queued building_solar_plant to 26
[10:47:31] research: already in progress
[2026-05-13 10:48:16] ==== loop 51/∞ | seed=630860493361450395 archetype=turbo personality=minero focus=tech actions_per_loop=4 ====
[10:48:19] planet 30: building queue full (5)
[10:48:19] planet 30: building queue full (5)
[10:48:19] planet 30: building queue full (5)
[10:48:19] planet 30: building queue full (5)
[10:48:19] research: already in progress
[2026-05-13 10:49:04] ==== loop 52/∞ | seed=630860493361450395 archetype=turbo personality=minero focus=tech actions_per_loop=4 ====
[10:49:07] planet 30: building queue full (5)
[10:49:07] planet 30: building queue full (5)
[10:49:07] planet 30: building queue full (5)
[10:49:07] planet 30: building queue full (5)
[2026-05-13 10:49:57] ==== loop 53/∞ | seed=630860493361450395 archetype=turbo personality=minero focus=tech actions_per_loop=4 ====
[10:50:01] planet 30: building queue full (5)
[10:50:01] planet 30: building queue full (5)
[10:50:01] planet 30: building queue full (5)
[10:50:01] planet 30: building queue full (5)
[10:50:01] research: already in progress
[2026-05-13 10:50:45] ==== loop 54/∞ | seed=630860493361450395 archetype=turbo personality=minero focus=tech actions_per_loop=4 ====
[10:50:48] planet 30: building queue full (5)
[10:50:48] planet 30: building queue full (5)
[10:50:48] planet 30: building queue full (5)
[10:50:48] planet 30: building queue full (5)
[2026-05-13 10:51:37] ==== loop 55/∞ | seed=630860493361450395 archetype=turbo personality=minero focus=tech actions_per_loop=4 ====
[10:51:39] planet 30: building queue full (5)
[10:51:39] planet 30: building queue full (5)
[10:51:39] planet 30: building queue full (5)
[10:51:39] planet 30: building queue full (5)
[10:51:39] research: already in progress
[2026-05-13 10:52:24] ==== loop 56/∞ | seed=630860493361450395 archetype=turbo personality=minero focus=tech actions_per_loop=4 ====
[10:52:27] planet 30: building queue full (5)
[10:52:27] planet 30: building queue full (5)
[10:52:27] planet 30: building queue full (5)
[10:52:27] planet 30: building queue full (5)
[10:52:27] research: already in progress
[2026-05-13 10:53:08] ==== loop 57/∞ | seed=630860493361450395 archetype=turbo personality=minero focus=tech actions_per_loop=4 ====
[10:53:11] planet 30: building queue full (5)
[10:53:11] planet 30: building queue full (5)
[10:53:11] planet 30: building queue full (5)
[10:53:11] planet 30: building queue full (5)
[10:53:11] research: already in progress
[2026-05-13 10:53:56] ==== loop 58/∞ | seed=630860493361450395 archetype=turbo personality=minero focus=tech actions_per_loop=4 ====
[10:53:58] planet 30: building queue full (5)
[10:53:58] planet 30: building queue full (5)
[10:53:58] planet 30: building queue full (5)
[10:53:58] planet 30: building queue full (5)
[2026-05-13 10:54:43] ==== loop 59/∞ | seed=630860493361450395 archetype=turbo personality=minero focus=tech actions_per_loop=4 ====
[10:54:46] planet 30: building queue full (5)
[10:54:46] planet 30: building queue full (5)
[10:54:46] planet 30: building queue full (5)
[10:54:46] planet 30: building queue full (5)
[10:54:46] research: already in progress
[2026-05-13 10:55:31] ==== loop 60/∞ | seed=630860493361450395 archetype=turbo personality=minero focus=tech actions_per_loop=4 ====
[10:55:34] planet 30: building queue full (5)
[10:55:34] planet 30: building queue full (5)
[10:55:34] planet 30: building queue full (5)
[10:55:34] planet 30: building queue full (5)
[10:55:34] research: already in progress
[2026-05-13 10:56:16] ==== loop 61/∞ | seed=630860493361450395 archetype=turbo personality=minero focus=tech actions_per_loop=4 ====
[10:56:20] planet 30: building queue full (5)
[10:56:20] planet 30: building queue full (5)
[10:56:20] planet 30: building queue full (5)
[10:56:20] planet 30: building queue full (5)
[10:56:20] research: already in progress
[2026-05-13 10:57:05] ==== loop 62/∞ | seed=630860493361450395 archetype=turbo personality=minero focus=tech actions_per_loop=4 ====
[10:57:06] planet 30: building queue full (5)
[10:57:06] planet 30: building queue full (5)
[10:57:06] planet 30: building queue full (5)
[10:57:06] planet 30: building queue full (5)
[2026-05-13 10:57:49] ==== loop 63/∞ | seed=630860493361450395 archetype=turbo personality=minero focus=tech actions_per_loop=4 ====
[10:57:52] planet 30: building queue full (5)
[10:57:52] planet 30: building queue full (5)
[10:57:52] planet 30: building queue full (5)
[10:57:52] planet 30: building queue full (5)
[10:57:52] research: already in progress
[2026-05-13 10:58:34] ==== loop 64/∞ | seed=630860493361450395 archetype=turbo personality=minero focus=tech actions_per_loop=4 ====
[10:58:36] planet 30: building queue full (5)
[10:58:36] planet 30: building queue full (5)
[10:58:36] planet 30: building queue full (5)
[10:58:36] research: already in progress
[2026-05-13 10:59:20] ==== loop 65/∞ | seed=630860493361450395 archetype=turbo personality=minero focus=tech actions_per_loop=4 ====
[10:59:22] planet 30: building queue full (5)
[10:59:22] planet 30: building queue full (5)
[10:59:22] planet 30: building queue full (5)
[10:59:22] planet 30: building queue full (5)
[2026-05-13 11:00:11] ==== loop 66/∞ | seed=630860493361450395 archetype=turbo personality=minero focus=tech actions_per_loop=4 ====
[11:00:13] planet 30: building queue full (5)
[11:00:13] planet 30: building queue full (5)
[11:00:13] planet 30: building queue full (5)
[11:00:13] planet 30: building queue full (5)
[11:00:13] research: already in progress
[2026-05-13 11:01:01] ==== loop 67/∞ | seed=630860493361450395 archetype=turbo personality=minero focus=tech actions_per_loop=4 ====
[11:01:04] planet 30: building queue full (5)
[11:01:04] planet 30: building queue full (5)
[11:01:04] planet 30: building queue full (5)
[11:01:04] planet 30: building queue full (5)
[11:01:04] research: already in progress
[2026-05-13 11:01:47] ==== loop 68/∞ | seed=630860493361450395 archetype=turbo personality=minero focus=tech actions_per_loop=4 ====
[11:01:50] planet 30: building queue full (5)
[11:01:50] planet 30: building queue full (5)
[11:01:50] planet 30: building queue full (5)
[11:01:50] planet 30: building queue full (5)
[11:01:50] research: already in progress
[2026-05-13 11:02:38] ==== loop 69/∞ | seed=630860493361450395 archetype=turbo personality=minero focus=tech actions_per_loop=4 ====
[11:02:40] planet 30: building queue full (5)
[11:02:40] planet 30: building queue full (5)
[11:02:40] planet 30: building queue full (5)
[11:02:40] planet 30: building queue full (5)
[11:02:40] research: already in progress
[2026-05-13 11:03:26] ==== loop 70/∞ | seed=630860493361450395 archetype=turbo personality=minero focus=tech actions_per_loop=4 ====
[11:03:29] planet 30: building queue full (5)
[11:03:29] planet 30: building queue full (5)
[11:03:29] planet 30: building queue full (5)
[11:03:29] planet 30: building queue full (5)
[11:03:29] research: already in progress
[2026-05-13 11:04:17] ==== loop 71/∞ | seed=630860493361450395 archetype=turbo personality=minero focus=tech actions_per_loop=4 ====
[11:04:20] planet 30: building queue full (5)
[11:04:20] planet 30: building queue full (5)
[11:04:20] planet 30: building queue full (5)
[11:04:20] research: already in progress
[2026-05-13 11:05:04] ==== loop 72/∞ | seed=630860493361450395 archetype=turbo personality=minero focus=tech actions_per_loop=4 ====
[11:05:06] planet 30: building queue full (5)
[11:05:06] planet 30: building queue full (5)
[11:05:06] planet 30: building queue full (5)
[11:05:06] planet 30: building queue full (5)
[2026-05-13 11:05:53] ==== loop 73/∞ | seed=630860493361450395 archetype=turbo personality=minero focus=tech actions_per_loop=4 ====
[11:05:56] planet 30: building queue full (5)
[11:05:56] planet 30: building queue full (5)
[11:05:56] planet 30: building queue full (5)
[11:05:56] planet 30: building queue full (5)
[11:05:56] research: already in progress
[2026-05-13 11:06:37] ==== loop 74/∞ | seed=630860493361450395 archetype=turbo personality=minero focus=tech actions_per_loop=4 ====
[11:06:38] planet 30: building queue full (5)
[11:06:38] planet 30: building queue full (5)
[11:06:38] planet 30: building queue full (5)
[11:06:38] planet 30: building queue full (5)
[11:06:38] research: already in progress
[2026-05-13 11:07:25] ==== loop 75/∞ | seed=630860493361450395 archetype=turbo personality=minero focus=tech actions_per_loop=4 ====
[11:07:28] planet 30: building queue full (5)
[11:07:28] planet 30: building queue full (5)
[11:07:28] planet 30: building queue full (5)
[11:07:28] planet 30: building queue full (5)
[11:07:28] research: already in progress
[2026-05-13 11:08:12] ==== loop 76/∞ | seed=630860493361450395 archetype=turbo personality=minero focus=tech actions_per_loop=4 ====
[11:08:16] planet 30: building queue full (5)
[11:08:16] planet 30: building queue full (5)
[11:08:16] planet 30: building queue full (5)
[11:08:16] planet 30: building queue full (5)
[2026-05-13 11:09:01] ==== loop 77/∞ | seed=630860493361450395 archetype=turbo personality=minero focus=tech actions_per_loop=4 ====
[11:09:03] planet 30: building queue full (5)
[11:09:03] planet 30: building queue full (5)
[11:09:03] planet 30: building queue full (5)
[11:09:03] planet 30: building queue full (5)
[11:09:03] research: already in progress
[2026-05-13 11:09:49] ==== loop 78/∞ | seed=630860493361450395 archetype=turbo personality=minero focus=tech actions_per_loop=4 ====
[11:09:51] planet 30: building queue full (5)
[11:09:51] planet 30: building queue full (5)
[11:09:51] planet 30: building queue full (5)
[11:09:51] planet 30: building queue full (5)
[11:09:51] research: already in progress
[2026-05-13 11:10:29] ==== loop 79/∞ | seed=630860493361450395 archetype=turbo personality=minero focus=tech actions_per_loop=4 ====
[11:10:33] planet 30: building queue full (5)
[11:10:33] planet 30: building queue full (5)
[11:10:33] planet 30: building queue full (5)
[11:10:33] planet 30: building queue full (5)
[2026-05-13 11:11:18] ==== loop 80/∞ | seed=630860493361450395 archetype=turbo personality=minero focus=tech actions_per_loop=4 ====
[11:11:20] planet 30: building queue full (5)
[11:11:20] planet 30: building queue full (5)
[11:11:20] planet 30: building queue full (5)
[11:11:20] planet 30: building queue full (5)
[11:11:20] research: already in progress
[2026-05-13 11:12:03] ==== loop 81/∞ | seed=630860493361450395 archetype=turbo personality=minero focus=tech actions_per_loop=4 ====
[11:12:05] planet 30: building queue full (5)
[11:12:05] planet 30: building queue full (5)
[11:12:05] planet 30: building queue full (5)
[11:12:05] planet 30: building queue full (5)
[11:12:05] research: already in progress
[2026-05-13 11:12:44] ==== loop 82/∞ | seed=630860493361450395 archetype=turbo personality=minero focus=tech actions_per_loop=4 ====
[11:12:47] planet 30: building queue full (5)
[11:12:47] planet 30: building queue full (5)
[11:12:47] planet 30: building queue full (5)
[11:12:47] planet 30: building queue full (5)
[11:12:47] research: already in progress
[2026-05-13 11:13:30] ==== loop 83/∞ | seed=630860493361450395 archetype=turbo personality=minero focus=tech actions_per_loop=4 ====
[11:13:32] planet 30: building queue full (5)
[11:13:32] planet 30: building queue full (5)
[11:13:32] planet 30: building queue full (5)
[11:13:32] planet 30: building queue full (5)
[2026-05-13 11:14:11] ==== loop 84/∞ | seed=630860493361450395 archetype=turbo personality=minero focus=tech actions_per_loop=4 ====
[11:14:14] planet 30: building queue full (5)
[11:14:14] planet 30: building queue full (5)
[11:14:14] planet 30: building queue full (5)
[11:14:14] planet 30: building queue full (5)
[11:14:14] research: already in progress
[2026-05-13 11:14:53] ==== loop 85/∞ | seed=630860493361450395 archetype=turbo personality=minero focus=tech actions_per_loop=4 ====
[11:14:56] planet 30: building queue full (5)
[11:14:56] planet 30: building queue full (5)
[11:14:56] planet 30: building queue full (5)
[11:14:56] planet 30: building queue full (5)
[11:14:56] research: already in progress
[2026-05-13 11:15:38] ==== loop 86/∞ | seed=630860493361450395 archetype=turbo personality=minero focus=tech actions_per_loop=4 ====
[11:15:42] planet 30: building queue full (5)
[11:15:42] planet 30: building queue full (5)
[11:15:42] planet 30: building queue full (5)
[11:15:42] planet 30: building queue full (5)
[2026-05-13 11:16:22] ==== loop 87/∞ | seed=630860493361450395 archetype=turbo personality=minero focus=tech actions_per_loop=4 ====
[11:16:24] planet 30: building queue full (5)
[11:16:24] planet 30: building queue full (5)
[11:16:24] planet 30: building queue full (5)
[11:16:24] research: already in progress
[2026-05-13 11:17:11] ==== loop 88/∞ | seed=630860493361450395 archetype=turbo personality=minero focus=tech actions_per_loop=4 ====
[11:17:14] planet 30: building queue full (5)
[11:17:14] planet 30: building queue full (5)
[11:17:14] planet 30: building queue full (5)
[11:17:14] planet 30: building queue full (5)
[11:17:14] research: already in progress
[2026-05-13 11:17:58] ==== loop 89/∞ | seed=630860493361450395 archetype=turbo personality=minero focus=tech actions_per_loop=4 ====
[11:18:02] planet 30: building queue full (5)
[11:18:02] planet 30: building queue full (5)
[11:18:02] planet 30: building queue full (5)
[11:18:02] planet 30: building queue full (5)
[2026-05-13 11:18:51] ==== loop 90/∞ | seed=630860493361450395 archetype=turbo personality=minero focus=tech actions_per_loop=4 ====
[11:18:53] planet 30: building queue full (5)
[11:18:53] planet 30: building queue full (5)
[11:18:53] planet 30: building queue full (5)
[11:18:53] research: already in progress
[2026-05-13 11:19:36] ==== loop 91/∞ | seed=630860493361450395 archetype=turbo personality=minero focus=tech actions_per_loop=4 ====
[11:19:38] planet 30: building queue full (5)
[11:19:38] planet 30: building queue full (5)
[11:19:38] planet 30: building queue full (5)
[11:19:38] planet 30: building queue full (5)
[11:19:38] research: already in progress
[2026-05-13 11:20:23] ==== loop 92/∞ | seed=630860493361450395 archetype=turbo personality=minero focus=tech actions_per_loop=4 ====
[11:20:25] planet 30: building queue full (5)
[11:20:25] planet 30: building queue full (5)
[11:20:25] planet 30: building queue full (5)
[11:20:25] planet 30: building queue full (5)
[2026-05-13 11:21:10] ==== loop 93/∞ | seed=630860493361450395 archetype=turbo personality=minero focus=tech actions_per_loop=4 ====
[11:21:12] planet 30: building queue full (5)
[11:21:12] planet 30: building queue full (5)
[11:21:12] planet 30: building queue full (5)
[11:21:12] planet 30: building queue full (5)
[2026-05-13 11:21:57] ==== loop 94/∞ | seed=630860493361450395 archetype=turbo personality=minero focus=tech actions_per_loop=4 ====
[11:21:58] planet 30: queued building_metal_mine to 24
[2026-05-13 11:22:36] ==== loop 95/∞ | seed=630860493361450395 archetype=turbo personality=minero focus=tech actions_per_loop=4 ====
[11:22:39] planet 30: building queue full (5)
[11:22:39] planet 30: building queue full (5)
[11:22:39] planet 30: building queue full (5)
[11:22:39] planet 30: building queue full (5)
[2026-05-13 11:23:23] ==== loop 96/∞ | seed=630860493361450395 archetype=turbo personality=minero focus=tech actions_per_loop=4 ====
[11:23:26] planet 30: building queue full (5)
[11:23:26] planet 30: building queue full (5)
[11:23:26] planet 30: building queue full (5)
[11:23:26] planet 30: building queue full (5)
[11:23:26] research: already in progress
[2026-05-13 11:24:06] ==== loop 97/∞ | seed=630860493361450395 archetype=turbo personality=minero focus=tech actions_per_loop=4 ====
[11:24:09] planet 30: building queue full (5)
[11:24:09] planet 30: building queue full (5)
[11:24:09] planet 30: building queue full (5)
[11:24:09] planet 30: building queue full (5)
[11:24:09] research: already in progress
[2026-05-13 11:24:52] ==== loop 98/∞ | seed=630860493361450395 archetype=turbo personality=minero focus=tech actions_per_loop=4 ====
[11:24:54] planet 30: building queue full (5)
[11:24:54] planet 30: building queue full (5)
[11:24:54] planet 30: building queue full (5)
[11:24:54] planet 30: building queue full (5)
[11:24:54] research: already in progress
[2026-05-13 11:25:41] ==== loop 99/∞ | seed=630860493361450395 archetype=turbo personality=minero focus=tech actions_per_loop=4 ====
[11:25:44] planet 30: building queue full (5)
[11:25:44] planet 30: building queue full (5)
[11:25:44] planet 30: building queue full (5)
[11:25:44] planet 30: building queue full (5)
[11:25:44] research: already in progress
[2026-05-13 11:26:31] ==== loop 100/∞ | seed=630860493361450395 archetype=turbo personality=minero focus=tech actions_per_loop=4 ====
[11:26:33] planet 30: building queue full (5)
[11:26:33] planet 30: building queue full (5)
[11:26:33] planet 30: building queue full (5)
[11:26:33] planet 30: building queue full (5)
[2026-05-13 11:27:17] ==== loop 101/∞ | seed=630860493361450395 archetype=turbo personality=minero focus=tech actions_per_loop=4 ====
[11:27:20] planet 30: building queue full (5)
[11:27:20] planet 30: building queue full (5)
[11:27:20] planet 30: building queue full (5)
[11:27:20] planet 30: building queue full (5)
[2026-05-13 11:28:03] ==== loop 102/∞ | seed=630860493361450395 archetype=turbo personality=minero focus=tech actions_per_loop=4 ====
[11:28:06] planet 30: building queue full (5)
[11:28:06] planet 30: building queue full (5)
[11:28:06] planet 30: building queue full (5)
[11:28:06] research: already in progress
[2026-05-13 11:28:51] ==== loop 103/∞ | seed=630860493361450395 archetype=turbo personality=minero focus=tech actions_per_loop=4 ====
[11:28:53] planet 30: building queue full (5)
[11:28:53] planet 30: building queue full (5)
[11:28:53] planet 30: building queue full (5)
[11:28:53] planet 30: building queue full (5)
[11:28:53] research: already in progress
[2026-05-13 11:29:31] ==== loop 104/∞ | seed=630860493361450395 archetype=turbo personality=minero focus=tech actions_per_loop=4 ====
[11:29:33] planet 30: building queue full (5)
[11:29:33] planet 30: building queue full (5)
[11:29:33] planet 30: building queue full (5)
[11:29:33] planet 30: building queue full (5)
[2026-05-13 11:30:14] ==== loop 105/∞ | seed=630860493361450395 archetype=turbo personality=minero focus=tech actions_per_loop=4 ====
[11:30:15] planet 30: queued building_crystal_mine to 19
[11:30:15] research: already in progress
[2026-05-13 11:30:56] ==== loop 106/∞ | seed=630860493361450395 archetype=turbo personality=minero focus=tech actions_per_loop=4 ====
[11:30:59] planet 30: building queue full (5)
[11:30:59] planet 30: building queue full (5)
[11:30:59] planet 30: building queue full (5)
[11:30:59] research: already in progress
[2026-05-13 11:31:38] ==== loop 107/∞ | seed=630860493361450395 archetype=turbo personality=minero focus=tech actions_per_loop=4 ====
[11:31:41] planet 30: building queue full (5)
[11:31:41] planet 30: building queue full (5)
[11:31:41] planet 30: building queue full (5)
[11:31:41] planet 30: building queue full (5)
[2026-05-13 11:32:25] ==== loop 108/∞ | seed=630860493361450395 archetype=turbo personality=minero focus=tech actions_per_loop=4 ====
[11:32:28] planet 30: building queue full (5)
[11:32:28] planet 30: building queue full (5)
[11:32:28] planet 30: building queue full (5)
[11:32:28] planet 30: building queue full (5)
[11:32:28] research: already in progress
[2026-05-13 11:33:07] ==== loop 109/∞ | seed=630860493361450395 archetype=turbo personality=minero focus=tech actions_per_loop=4 ====
[11:33:09] planet 30: building queue full (5)
[11:33:09] planet 30: building queue full (5)
[11:33:09] planet 30: building queue full (5)
[11:33:09] planet 30: building queue full (5)
[11:33:09] research: already in progress
[2026-05-13 11:33:50] ==== loop 110/∞ | seed=630860493361450395 archetype=turbo personality=minero focus=tech actions_per_loop=4 ====
[11:33:53] planet 30: building queue full (5)
[11:33:53] planet 30: building queue full (5)
[11:33:53] planet 30: building queue full (5)
[11:33:53] planet 30: building queue full (5)
[11:33:53] research: already in progress
[2026-05-13 11:34:39] ==== loop 111/∞ | seed=630860493361450395 archetype=turbo personality=minero focus=tech actions_per_loop=4 ====
[11:34:40] planet 30: queued building_crystal_mine to 20
[11:34:40] research: already in progress
[2026-05-13 11:35:19] ==== loop 112/∞ | seed=630860493361450395 archetype=turbo personality=minero focus=tech actions_per_loop=4 ====
[11:35:21] planet 30: building queue full (5)
[11:35:21] planet 30: building queue full (5)
[11:35:21] planet 30: building queue full (5)
[11:35:21] planet 30: building queue full (5)
[2026-05-13 11:36:06] ==== loop 113/∞ | seed=630860493361450395 archetype=turbo personality=minero focus=tech actions_per_loop=4 ====
[11:36:08] planet 30: building queue full (5)
[11:36:08] planet 30: building queue full (5)
[11:36:08] planet 30: building queue full (5)
[11:36:08] planet 30: building queue full (5)
[11:36:08] research: already in progress
[2026-05-13 11:36:45] ==== loop 114/∞ | seed=630860493361450395 archetype=turbo personality=minero focus=tech actions_per_loop=4 ====
[11:36:48] planet 30: building queue full (5)
[11:36:48] planet 30: building queue full (5)
[11:36:48] planet 30: building queue full (5)
[11:36:48] planet 30: building queue full (5)
[2026-05-13 11:37:29] ==== loop 115/∞ | seed=630860493361450395 archetype=turbo personality=minero focus=tech actions_per_loop=4 ====
[11:37:32] planet 30: building queue full (5)
[11:37:32] planet 30: building queue full (5)
[11:37:32] planet 30: building queue full (5)
[11:37:32] planet 30: building queue full (5)
[2026-05-13 11:38:14] ==== loop 116/∞ | seed=630860493361450395 archetype=turbo personality=minero focus=tech actions_per_loop=4 ====
[11:38:16] planet 30: building queue full (5)
[11:38:16] planet 30: building queue full (5)
[11:38:16] planet 30: building queue full (5)
[11:38:16] planet 30: building queue full (5)
[11:38:16] research: already in progress
[2026-05-13 11:39:06] ==== loop 117/∞ | seed=630860493361450395 archetype=turbo personality=minero focus=tech actions_per_loop=4 ====
[11:39:09] planet 30: building queue full (5)
[11:39:09] planet 30: building queue full (5)
[11:39:09] planet 30: building queue full (5)
[11:39:09] planet 30: building queue full (5)
[11:39:09] research: already in progress
[2026-05-13 11:39:54] ==== loop 118/∞ | seed=630860493361450395 archetype=turbo personality=minero focus=tech actions_per_loop=4 ====
[11:39:57] planet 30: building queue full (5)
[11:39:57] planet 30: building queue full (5)
[11:39:57] planet 30: building queue full (5)
[11:39:57] planet 30: building queue full (5)
[11:39:57] research: already in progress
[2026-05-13 11:40:39] ==== loop 119/∞ | seed=630860493361450395 archetype=turbo personality=minero focus=tech actions_per_loop=4 ====
[11:40:40] planet 30: queued building_metal_mine to 25
[11:40:40] research: already in progress
[2026-05-13 11:41:24] ==== loop 120/∞ | seed=630860493361450395 archetype=turbo personality=minero focus=tech actions_per_loop=4 ====
[11:41:25] planet 30: building queue full (5)
[11:41:25] planet 30: building queue full (5)
[11:41:25] planet 30: building queue full (5)
[11:41:25] planet 30: building queue full (5)
[11:41:25] research: already in progress
[2026-05-13 11:42:13] ==== loop 121/∞ | seed=630860493361450395 archetype=turbo personality=minero focus=tech actions_per_loop=4 ====
[11:42:15] planet 30: building queue full (5)
[11:42:15] planet 30: building queue full (5)
[11:42:15] planet 30: building queue full (5)
[11:42:15] planet 30: building queue full (5)
[2026-05-13 11:43:04] ==== loop 122/∞ | seed=630860493361450395 archetype=turbo personality=minero focus=tech actions_per_loop=4 ====
[11:43:06] planet 30: building queue full (5)
[11:43:06] planet 30: building queue full (5)
[11:43:06] planet 30: building queue full (5)
[11:43:06] planet 30: building queue full (5)
[11:43:06] research: already in progress
[2026-05-13 11:43:52] ==== loop 123/∞ | seed=630860493361450395 archetype=turbo personality=minero focus=tech actions_per_loop=4 ====
[11:43:54] planet 30: building queue full (5)
[11:43:54] planet 30: building queue full (5)
[11:43:54] planet 30: building queue full (5)
[11:43:54] planet 30: building queue full (5)
[11:43:54] research: already in progress
[2026-05-13 11:44:39] ==== loop 124/∞ | seed=630860493361450395 archetype=turbo personality=minero focus=tech actions_per_loop=4 ====
[11:44:40] planet 30: building queue full (5)
[11:44:40] planet 30: building queue full (5)
[11:44:40] planet 30: building queue full (5)
[11:44:40] planet 30: building queue full (5)
[11:44:40] research: already in progress
[2026-05-13 11:45:26] ==== loop 125/∞ | seed=630860493361450395 archetype=turbo personality=minero focus=tech actions_per_loop=4 ====
[11:45:28] planet 30: building queue full (5)
[11:45:28] planet 30: building queue full (5)
[11:45:28] planet 30: building queue full (5)
[11:45:28] planet 30: building queue full (5)
[11:45:28] research: already in progress
[2026-05-13 11:46:10] ==== loop 126/∞ | seed=630860493361450395 archetype=turbo personality=minero focus=tech actions_per_loop=4 ====
[11:46:14] planet 30: building queue full (5)
[11:46:14] planet 30: building queue full (5)
[11:46:14] planet 30: building queue full (5)
[11:46:14] planet 30: building queue full (5)
[2026-05-13 11:46:55] ==== loop 127/∞ | seed=630860493361450395 archetype=turbo personality=minero focus=tech actions_per_loop=4 ====
[11:46:58] planet 30: building queue full (5)
[11:46:58] planet 30: building queue full (5)
[11:46:58] planet 30: building queue full (5)
[11:46:58] planet 30: building queue full (5)
[11:46:58] research: already in progress
[2026-05-13 11:47:46] ==== loop 128/∞ | seed=630860493361450395 archetype=turbo personality=minero focus=tech actions_per_loop=4 ====
[11:47:47] planet 30: building queue full (5)
[11:47:47] planet 30: building queue full (5)
[11:47:47] planet 30: building queue full (5)
[11:47:47] research: already in progress
[2026-05-13 11:48:31] ==== loop 129/∞ | seed=630860493361450395 archetype=turbo personality=minero focus=tech actions_per_loop=4 ====
[11:48:34] planet 30: building queue full (5)
[11:48:34] planet 30: building queue full (5)
[11:48:34] planet 30: building queue full (5)
[11:48:34] planet 30: building queue full (5)
[11:48:34] research: already in progress
[2026-05-13 11:49:20] ==== loop 130/∞ | seed=630860493361450395 archetype=turbo personality=minero focus=tech actions_per_loop=4 ====
[11:49:24] planet 30: building queue full (5)
[11:49:24] planet 30: building queue full (5)
[11:49:24] planet 30: building queue full (5)
[11:49:24] planet 30: building queue full (5)
[11:49:24] research: already in progress
[2026-05-13 11:50:11] ==== loop 131/∞ | seed=630860493361450395 archetype=turbo personality=minero focus=tech actions_per_loop=4 ====
[11:50:12] planet 30: queued building_crystal_mine to 21
[2026-05-13 11:50:59] ==== loop 132/∞ | seed=630860493361450395 archetype=turbo personality=minero focus=tech actions_per_loop=4 ====
[11:51:01] planet 30: building queue full (5)
[11:51:01] planet 30: building queue full (5)
[11:51:01] planet 30: building queue full (5)
[11:51:01] planet 30: building queue full (5)
[2026-05-13 11:51:48] ==== loop 133/∞ | seed=630860493361450395 archetype=turbo personality=minero focus=tech actions_per_loop=4 ====
[11:51:51] planet 30: building queue full (5)
[11:51:51] planet 30: building queue full (5)
[11:51:51] planet 30: building queue full (5)
[11:51:51] planet 30: building queue full (5)
[11:51:51] research: already in progress
[2026-05-13 11:52:35] ==== loop 134/∞ | seed=630860493361450395 archetype=turbo personality=minero focus=tech actions_per_loop=4 ====
[11:52:38] planet 30: building queue full (5)
[11:52:38] planet 30: building queue full (5)
[11:52:38] planet 30: building queue full (5)
[11:52:38] planet 30: building queue full (5)
[11:52:38] research: already in progress
[2026-05-13 11:53:21] ==== loop 135/∞ | seed=630860493361450395 archetype=turbo personality=minero focus=tech actions_per_loop=4 ====
[11:53:23] planet 30: building queue full (5)
[11:53:23] planet 30: building queue full (5)
[11:53:23] planet 30: building queue full (5)
[11:53:23] planet 30: building queue full (5)
[2026-05-13 11:54:02] ==== loop 136/∞ | seed=630860493361450395 archetype=turbo personality=minero focus=tech actions_per_loop=4 ====
[11:54:03] planet 30: queued building_solar_plant to 27
[11:54:03] research: already in progress
[2026-05-13 11:54:43] ==== loop 137/∞ | seed=630860493361450395 archetype=turbo personality=minero focus=tech actions_per_loop=4 ====
[11:54:45] planet 30: building queue full (5)
[11:54:45] planet 30: building queue full (5)
[11:54:45] planet 30: building queue full (5)
[11:54:45] planet 30: building queue full (5)
[11:54:45] research: already in progress
[2026-05-13 11:55:26] ==== loop 138/∞ | seed=630860493361450395 archetype=turbo personality=minero focus=tech actions_per_loop=4 ====
[11:55:30] planet 30: building queue full (5)
[11:55:30] planet 30: building queue full (5)
[11:55:30] planet 30: building queue full (5)
[11:55:30] planet 30: building queue full (5)
[11:55:30] research: already in progress
[2026-05-13 11:56:17] ==== loop 139/∞ | seed=630860493361450395 archetype=turbo personality=minero focus=tech actions_per_loop=4 ====
[11:56:21] planet 30: building queue full (5)
[11:56:21] planet 30: building queue full (5)
[11:56:21] planet 30: building queue full (5)
[11:56:21] planet 30: building queue full (5)
[11:56:21] research: already in progress
[2026-05-13 11:57:02] ==== loop 140/∞ | seed=630860493361450395 archetype=turbo personality=minero focus=tech actions_per_loop=4 ====
[11:57:04] planet 30: building queue full (5)
[11:57:04] planet 30: building queue full (5)
[11:57:04] planet 30: building queue full (5)
[11:57:04] planet 30: building queue full (5)
[11:57:04] research: already in progress
[2026-05-13 11:57:52] ==== loop 141/∞ | seed=630860493361450395 archetype=turbo personality=minero focus=tech actions_per_loop=4 ====
[11:57:54] planet 30: building queue full (5)
[11:57:54] planet 30: building queue full (5)
[11:57:54] planet 30: building queue full (5)
[11:57:54] research: already in progress
[2026-05-13 11:58:33] ==== loop 142/∞ | seed=630860493361450395 archetype=turbo personality=minero focus=tech actions_per_loop=4 ====
[11:58:34] planet 30: building queue full (5)
[11:58:34] planet 30: building queue full (5)
[11:58:34] planet 30: building queue full (5)
[11:58:34] planet 30: building queue full (5)
[2026-05-13 11:59:16] ==== loop 143/∞ | seed=630860493361450395 archetype=turbo personality=minero focus=tech actions_per_loop=4 ====
[11:59:18] planet 30: building queue full (5)
[11:59:18] planet 30: building queue full (5)
[11:59:18] planet 30: building queue full (5)
[11:59:18] planet 30: building queue full (5)
[11:59:18] research: already in progress
[2026-05-13 11:59:56] ==== loop 144/∞ | seed=630860493361450395 archetype=turbo personality=minero focus=tech actions_per_loop=4 ====
[11:59:59] planet 30: building queue full (5)
[11:59:59] planet 30: building queue full (5)
[11:59:59] planet 30: building queue full (5)
[11:59:59] planet 30: building queue full (5)
[11:59:59] research: already in progress
[2026-05-13 12:00:43] ==== loop 145/∞ | seed=630860493361450395 archetype=turbo personality=minero focus=tech actions_per_loop=4 ====
[12:00:46] planet 30: building queue full (5)
[12:00:46] planet 30: building queue full (5)
[12:00:46] planet 30: building queue full (5)
[12:00:46] research: already in progress
[2026-05-13 12:01:31] ==== loop 146/∞ | seed=630860493361450395 archetype=turbo personality=minero focus=tech actions_per_loop=4 ====
[12:01:35] planet 30: building queue full (5)
[12:01:35] planet 30: building queue full (5)
[12:01:35] planet 30: building queue full (5)
[12:01:35] planet 30: building queue full (5)
[12:01:35] research: already in progress
[2026-05-13 12:02:19] ==== loop 147/∞ | seed=630860493361450395 archetype=turbo personality=minero focus=tech actions_per_loop=4 ====
[12:02:21] planet 30: building queue full (5)
[12:02:21] planet 30: building queue full (5)
[12:02:21] planet 30: building queue full (5)
[12:02:21] research: already in progress
[2026-05-13 12:03:05] ==== loop 148/∞ | seed=630860493361450395 archetype=turbo personality=minero focus=tech actions_per_loop=4 ====
[12:03:08] planet 30: building queue full (5)
[12:03:08] planet 30: building queue full (5)
[12:03:08] planet 30: building queue full (5)
[12:03:08] planet 30: building queue full (5)
[12:03:08] research: already in progress
[2026-05-13 12:03:53] ==== loop 149/∞ | seed=630860493361450395 archetype=turbo personality=minero focus=tech actions_per_loop=4 ====
[12:03:56] planet 30: building queue full (5)
[12:03:56] planet 30: building queue full (5)
[12:03:56] planet 30: building queue full (5)
[12:03:56] planet 30: building queue full (5)
[2026-05-13 12:04:40] ==== loop 150/∞ | seed=630860493361450395 archetype=turbo personality=minero focus=tech actions_per_loop=4 ====
[12:04:42] planet 30: building queue full (5)
[12:04:42] planet 30: building queue full (5)
[12:04:42] planet 30: building queue full (5)
[12:04:42] planet 30: building queue full (5)
[12:04:42] research: already in progress
[2026-05-13 12:05:27] ==== loop 151/∞ | seed=630860493361450395 archetype=turbo personality=minero focus=tech actions_per_loop=4 ====
[12:05:30] planet 30: building queue full (5)
[12:05:30] planet 30: building queue full (5)
[12:05:30] planet 30: building queue full (5)
[12:05:30] planet 30: building queue full (5)
[12:05:30] research: already in progress
[2026-05-13 12:06:18] ==== loop 152/∞ | seed=630860493361450395 archetype=turbo personality=minero focus=tech actions_per_loop=4 ====
[12:06:20] planet 30: building queue full (5)
[12:06:20] planet 30: building queue full (5)
[12:06:20] planet 30: building queue full (5)
[12:06:20] planet 30: building queue full (5)
[2026-05-13 12:07:05] ==== loop 153/∞ | seed=630860493361450395 archetype=turbo personality=minero focus=tech actions_per_loop=4 ====
[12:07:06] planet 30: building queue full (5)
[12:07:06] planet 30: building queue full (5)
[12:07:06] planet 30: building queue full (5)
[12:07:06] research: already in progress
[2026-05-13 12:07:56] ==== loop 154/∞ | seed=630860493361450395 archetype=turbo personality=minero focus=tech actions_per_loop=4 ====
[12:08:00] planet 30: building queue full (5)
[12:08:00] planet 30: building queue full (5)
[12:08:00] planet 30: building queue full (5)
[12:08:00] planet 30: building queue full (5)
[12:08:00] research: already in progress
[2026-05-13 12:08:51] ==== loop 155/∞ | seed=630860493361450395 archetype=turbo personality=minero focus=tech actions_per_loop=4 ====
[12:08:55] planet 30: building queue full (5)
[12:08:55] planet 30: building queue full (5)
[12:08:55] planet 30: building queue full (5)
[12:08:55] planet 30: building queue full (5)
[12:08:55] research: already in progress
[2026-05-13 12:09:39] ==== loop 156/∞ | seed=630860493361450395 archetype=turbo personality=minero focus=tech actions_per_loop=4 ====
[12:09:41] planet 30: building queue full (5)
[12:09:41] planet 30: building queue full (5)
[12:09:41] planet 30: building queue full (5)
[12:09:41] planet 30: building queue full (5)
[12:09:41] research: already in progress
[2026-05-13 12:10:22] ==== loop 157/∞ | seed=630860493361450395 archetype=turbo personality=minero focus=tech actions_per_loop=4 ====
[12:10:26] planet 30: building queue full (5)
[12:10:26] planet 30: building queue full (5)
[12:10:26] planet 30: building queue full (5)
[12:10:26] planet 30: building queue full (5)
[12:10:26] research: already in progress
[2026-05-13 12:11:09] ==== loop 158/∞ | seed=630860493361450395 archetype=turbo personality=minero focus=tech actions_per_loop=4 ====
[12:11:13] planet 30: building queue full (5)
[12:11:13] planet 30: building queue full (5)
[12:11:13] planet 30: building queue full (5)
[12:11:13] planet 30: building queue full (5)
