[2026-05-13 10:11:38] ==== loop 1/∞ | seed=1088130647731202695 archetype=turbo personality=tecnologico focus=tech actions_per_loop=3 ====
[10:11:39] planet 33: queued building_deuterium_sintetizer to 12
[2026-05-13 10:12:17] ==== loop 2/∞ | seed=1088130647731202695 archetype=turbo personality=tecnologico focus=tech actions_per_loop=3 ====
[10:12:18] planet 33: queued building_deuterium_sintetizer to 13
[10:12:18] research: already in progress
[2026-05-13 10:12:56] ==== loop 3/∞ | seed=1088130647731202695 archetype=turbo personality=tecnologico focus=tech actions_per_loop=3 ====
[10:12:57] planet 33: queued building_deuterium_sintetizer to 14
[10:12:57] research: already in progress
[2026-05-13 10:13:38] ==== loop 4/∞ | seed=1088130647731202695 archetype=turbo personality=tecnologico focus=tech actions_per_loop=3 ====
[10:13:39] planet 33: queued building_solar_plant to 26
[10:13:39] research: already in progress
[2026-05-13 10:14:17] ==== loop 5/∞ | seed=1088130647731202695 archetype=turbo personality=tecnologico focus=tech actions_per_loop=3 ====
[10:14:20] planet 33: building queue full (5)
[10:14:20] planet 33: building queue full (5)
[10:14:20] planet 33: building queue full (5)
[10:14:20] research: already in progress
[2026-05-13 10:14:57] ==== loop 6/∞ | seed=1088130647731202695 archetype=turbo personality=tecnologico focus=tech actions_per_loop=3 ====
[10:14:59] planet 33: building queue full (5)
[10:14:59] planet 33: building queue full (5)
[10:14:59] planet 33: building queue full (5)
[2026-05-13 10:15:41] ==== loop 7/∞ | seed=1088130647731202695 archetype=turbo personality=tecnologico focus=tech actions_per_loop=3 ====
[10:15:42] planet 33: building queue full (5)
[10:15:42] planet 33: building queue full (5)
[10:15:42] planet 33: building queue full (5)
[10:15:42] research: already in progress
[2026-05-13 10:16:25] ==== loop 8/∞ | seed=1088130647731202695 archetype=turbo personality=tecnologico focus=tech actions_per_loop=3 ====
[10:16:27] planet 33: building queue full (5)
[10:16:27] planet 33: building queue full (5)
[10:16:27] research: already in progress
[2026-05-13 10:17:09] ==== loop 9/∞ | seed=1088130647731202695 archetype=turbo personality=tecnologico focus=tech actions_per_loop=3 ====
[10:17:12] planet 33: building queue full (5)
[10:17:12] planet 33: building queue full (5)
[10:17:12] planet 33: building queue full (5)
[10:17:12] research: already in progress
[2026-05-13 10:17:51] ==== loop 10/∞ | seed=1088130647731202695 archetype=turbo personality=tecnologico focus=tech actions_per_loop=3 ====
[10:17:54] planet 33: building queue full (5)
[10:17:54] planet 33: building queue full (5)
[10:17:54] planet 33: building queue full (5)
[10:17:54] research: already in progress
[2026-05-13 10:18:36] ==== loop 11/∞ | seed=1088130647731202695 archetype=turbo personality=tecnologico focus=tech actions_per_loop=3 ====
[10:18:37] planet 33: building queue full (5)
[10:18:37] planet 33: building queue full (5)
[10:18:37] planet 33: building queue full (5)
[10:18:37] research: already in progress
[2026-05-13 10:19:23] ==== loop 12/∞ | seed=1088130647731202695 archetype=turbo personality=tecnologico focus=tech actions_per_loop=3 ====
[10:19:25] planet 33: building queue full (5)
[10:19:25] planet 33: building queue full (5)
[10:19:25] planet 33: building queue full (5)
[10:19:25] research: already in progress
[2026-05-13 10:20:06] ==== loop 13/∞ | seed=1088130647731202695 archetype=turbo personality=tecnologico focus=tech actions_per_loop=3 ====
[10:20:08] planet 33: building queue full (5)
[10:20:08] planet 33: building queue full (5)
[10:20:08] planet 33: building queue full (5)
[2026-05-13 10:20:47] ==== loop 14/∞ | seed=1088130647731202695 archetype=turbo personality=tecnologico focus=tech actions_per_loop=3 ====
[10:20:49] planet 33: building queue full (5)
[10:20:49] planet 33: building queue full (5)
[10:20:49] planet 33: building queue full (5)
[10:20:49] research: queued research_energy_technology on planet 33 (7s)
[2026-05-13 10:21:35] ==== loop 15/∞ | seed=1088130647731202695 archetype=turbo personality=tecnologico focus=tech actions_per_loop=3 ====
[10:21:36] planet 33: building queue full (5)
[10:21:36] planet 33: building queue full (5)
[10:21:36] research: already in progress
[2026-05-13 10:22:19] ==== loop 16/∞ | seed=1088130647731202695 archetype=turbo personality=tecnologico focus=tech actions_per_loop=3 ====
[10:22:21] planet 33: building queue full (5)
[10:22:21] planet 33: building queue full (5)
[10:22:21] planet 33: building queue full (5)
[10:22:21] research: already in progress
[2026-05-13 10:23:06] ==== loop 17/∞ | seed=1088130647731202695 archetype=turbo personality=tecnologico focus=tech actions_per_loop=3 ====
[10:23:07] planet 33: building queue full (5)
[10:23:07] planet 33: building queue full (5)
[10:23:07] research: already in progress
[2026-05-13 10:23:52] ==== loop 18/∞ | seed=1088130647731202695 archetype=turbo personality=tecnologico focus=tech actions_per_loop=3 ====
[10:23:54] planet 33: building queue full (5)
[10:23:54] planet 33: building queue full (5)
[10:23:54] planet 33: building queue full (5)
[10:23:54] research: already in progress
[2026-05-13 10:24:40] ==== loop 19/∞ | seed=1088130647731202695 archetype=turbo personality=tecnologico focus=tech actions_per_loop=3 ====
[10:24:42] planet 33: building queue full (5)
[10:24:42] planet 33: building queue full (5)
[10:24:42] planet 33: building queue full (5)
[10:24:42] research: already in progress
[2026-05-13 10:25:30] ==== loop 20/∞ | seed=1088130647731202695 archetype=turbo personality=tecnologico focus=tech actions_per_loop=3 ====
[10:25:32] planet 33: building queue full (5)
[10:25:32] planet 33: building queue full (5)
[10:25:32] planet 33: building queue full (5)
[10:25:32] research: already in progress
[2026-05-13 10:26:13] ==== loop 21/∞ | seed=1088130647731202695 archetype=turbo personality=tecnologico focus=tech actions_per_loop=3 ====
[10:26:15] planet 33: building queue full (5)
[10:26:15] planet 33: building queue full (5)
[10:26:15] planet 33: building queue full (5)
[2026-05-13 10:27:01] ==== loop 22/∞ | seed=1088130647731202695 archetype=turbo personality=tecnologico focus=tech actions_per_loop=3 ====
[10:27:03] planet 33: building queue full (5)
[10:27:03] planet 33: building queue full (5)
[10:27:03] planet 33: building queue full (5)
[10:27:03] research: already in progress
[2026-05-13 10:27:45] ==== loop 23/∞ | seed=1088130647731202695 archetype=turbo personality=tecnologico focus=tech actions_per_loop=3 ====
[10:27:47] planet 33: building queue full (5)
[10:27:47] planet 33: building queue full (5)
[10:27:47] planet 33: building queue full (5)
[2026-05-13 10:28:34] ==== loop 24/∞ | seed=1088130647731202695 archetype=turbo personality=tecnologico focus=tech actions_per_loop=3 ====
[10:28:35] planet 33: building queue full (5)
[10:28:35] planet 33: building queue full (5)
[10:28:35] planet 33: building queue full (5)
[2026-05-13 10:29:20] ==== loop 25/∞ | seed=1088130647731202695 archetype=turbo personality=tecnologico focus=tech actions_per_loop=3 ====
[10:29:23] planet 33: building queue full (5)
[10:29:23] planet 33: building queue full (5)
[10:29:23] planet 33: building queue full (5)
[10:29:23] research: already in progress
[2026-05-13 10:30:05] ==== loop 26/∞ | seed=1088130647731202695 archetype=turbo personality=tecnologico focus=tech actions_per_loop=3 ====
[10:30:06] planet 33: building queue full (5)
[10:30:06] planet 33: building queue full (5)
[10:30:06] research: already in progress
[2026-05-13 10:30:47] ==== loop 27/∞ | seed=1088130647731202695 archetype=turbo personality=tecnologico focus=tech actions_per_loop=3 ====
[10:30:49] planet 33: building queue full (5)
[10:30:49] planet 33: building queue full (5)
[10:30:49] planet 33: building queue full (5)
[10:30:49] research: already in progress
[2026-05-13 10:31:28] ==== loop 28/∞ | seed=1088130647731202695 archetype=turbo personality=tecnologico focus=tech actions_per_loop=3 ====
[10:31:30] planet 33: building queue full (5)
[10:31:30] planet 33: building queue full (5)
[10:31:30] research: already in progress
[2026-05-13 10:32:10] ==== loop 29/∞ | seed=1088130647731202695 archetype=turbo personality=tecnologico focus=tech actions_per_loop=3 ====
[10:32:13] planet 33: building queue full (5)
[10:32:13] planet 33: building queue full (5)
[10:32:13] planet 33: building queue full (5)
[2026-05-13 10:32:53] ==== loop 30/∞ | seed=1088130647731202695 archetype=turbo personality=tecnologico focus=tech actions_per_loop=3 ====
[10:32:56] planet 33: building queue full (5)
[10:32:56] planet 33: building queue full (5)
[10:32:56] planet 33: building queue full (5)
[2026-05-13 10:33:39] ==== loop 31/∞ | seed=1088130647731202695 archetype=turbo personality=tecnologico focus=tech actions_per_loop=3 ====
[10:33:41] planet 33: building queue full (5)
[10:33:41] planet 33: building queue full (5)
[10:33:41] planet 33: building queue full (5)
[2026-05-13 10:34:22] ==== loop 32/∞ | seed=1088130647731202695 archetype=turbo personality=tecnologico focus=tech actions_per_loop=3 ====
[10:34:23] planet 33: building queue full (5)
[10:34:23] planet 33: building queue full (5)
[10:34:23] research: already in progress
[2026-05-13 10:35:05] ==== loop 33/∞ | seed=1088130647731202695 archetype=turbo personality=tecnologico focus=tech actions_per_loop=3 ====
[10:35:07] planet 33: building queue full (5)
[10:35:07] planet 33: building queue full (5)
[10:35:07] planet 33: building queue full (5)
[10:35:07] research: already in progress
[2026-05-13 10:35:50] ==== loop 34/∞ | seed=1088130647731202695 archetype=turbo personality=tecnologico focus=tech actions_per_loop=3 ====
[10:35:52] planet 33: building queue full (5)
[10:35:52] planet 33: building queue full (5)
[10:35:52] planet 33: building queue full (5)
[10:35:52] research: queued research_energy_technology on planet 33 (14s)
[2026-05-13 10:36:34] ==== loop 35/∞ | seed=1088130647731202695 archetype=turbo personality=tecnologico focus=tech actions_per_loop=3 ====
[10:36:36] planet 33: building queue full (5)
[10:36:36] planet 33: building queue full (5)
[10:36:36] planet 33: building queue full (5)
[2026-05-13 10:37:12] ==== loop 36/∞ | seed=1088130647731202695 archetype=turbo personality=tecnologico focus=tech actions_per_loop=3 ====
[10:37:13] planet 33: building queue full (5)
[10:37:13] planet 33: building queue full (5)
[10:37:13] planet 33: building queue full (5)
[10:37:13] research: already in progress
[2026-05-13 10:37:52] ==== loop 37/∞ | seed=1088130647731202695 archetype=turbo personality=tecnologico focus=tech actions_per_loop=3 ====
[10:37:53] planet 33: building queue full (5)
[10:37:53] planet 33: building queue full (5)
[10:37:53] planet 33: building queue full (5)
[10:37:53] research: already in progress
[2026-05-13 10:38:34] ==== loop 38/∞ | seed=1088130647731202695 archetype=turbo personality=tecnologico focus=tech actions_per_loop=3 ====
[10:38:36] planet 33: building queue full (5)
[10:38:36] planet 33: building queue full (5)
[10:38:36] planet 33: building queue full (5)
[10:38:36] research: already in progress
[2026-05-13 10:39:14] ==== loop 39/∞ | seed=1088130647731202695 archetype=turbo personality=tecnologico focus=tech actions_per_loop=3 ====
[10:39:16] planet 33: building queue full (5)
[10:39:16] planet 33: building queue full (5)
[10:39:16] planet 33: building queue full (5)
[10:39:16] research: already in progress
[2026-05-13 10:40:00] ==== loop 40/∞ | seed=1088130647731202695 archetype=turbo personality=tecnologico focus=tech actions_per_loop=3 ====
[10:40:00] planet 33: building queue full (5)
[10:40:00] planet 33: building queue full (5)
[2026-05-13 10:40:36] ==== loop 41/∞ | seed=1088130647731202695 archetype=turbo personality=tecnologico focus=tech actions_per_loop=3 ====
[10:40:38] planet 33: building queue full (5)
[10:40:38] planet 33: building queue full (5)
[10:40:38] planet 33: building queue full (5)
[10:40:38] research: already in progress
[2026-05-13 10:41:24] ==== loop 42/∞ | seed=1088130647731202695 archetype=turbo personality=tecnologico focus=tech actions_per_loop=3 ====
[10:41:25] planet 33: queued building_deuterium_tank to 7
[2026-05-13 10:42:11] ==== loop 43/∞ | seed=1088130647731202695 archetype=turbo personality=tecnologico focus=tech actions_per_loop=3 ====
[10:42:12] planet 33: building queue full (5)
[10:42:12] planet 33: building queue full (5)
[10:42:12] planet 33: building queue full (5)
[10:42:12] research: already in progress
[2026-05-13 10:42:55] ==== loop 44/∞ | seed=1088130647731202695 archetype=turbo personality=tecnologico focus=tech actions_per_loop=3 ====
[10:42:55] planet 33: queued building_deuterium_tank to 8
[10:42:55] research: already in progress
[2026-05-13 10:43:40] ==== loop 45/∞ | seed=1088130647731202695 archetype=turbo personality=tecnologico focus=tech actions_per_loop=3 ====
[10:43:41] planet 33: building queue full (5)
[10:43:41] planet 33: building queue full (5)
[10:43:41] planet 33: building queue full (5)
[2026-05-13 10:44:26] ==== loop 46/∞ | seed=1088130647731202695 archetype=turbo personality=tecnologico focus=tech actions_per_loop=3 ====
[10:44:28] planet 33: building queue full (5)
[10:44:28] planet 33: building queue full (5)
[10:44:28] planet 33: building queue full (5)
[10:44:28] research: already in progress
[2026-05-13 10:45:06] ==== loop 47/∞ | seed=1088130647731202695 archetype=turbo personality=tecnologico focus=tech actions_per_loop=3 ====
[10:45:08] planet 33: building queue full (5)
[10:45:08] planet 33: building queue full (5)
[10:45:08] planet 33: building queue full (5)
[10:45:08] research: already in progress
[2026-05-13 10:45:55] ==== loop 48/∞ | seed=1088130647731202695 archetype=turbo personality=tecnologico focus=tech actions_per_loop=3 ====
[10:45:56] planet 33: queued building_deuterium_tank to 9
[10:45:56] research: already in progress
[2026-05-13 10:46:40] ==== loop 49/∞ | seed=1088130647731202695 archetype=turbo personality=tecnologico focus=tech actions_per_loop=3 ====
[10:46:43] planet 33: building queue full (5)
[10:46:43] planet 33: building queue full (5)
[10:46:43] planet 33: building queue full (5)
[2026-05-13 10:47:32] ==== loop 50/∞ | seed=1088130647731202695 archetype=turbo personality=tecnologico focus=tech actions_per_loop=3 ====
[10:47:34] planet 33: building queue full (5)
[10:47:34] planet 33: building queue full (5)
[10:47:34] planet 33: building queue full (5)
[2026-05-13 10:48:22] ==== loop 51/∞ | seed=1088130647731202695 archetype=turbo personality=tecnologico focus=tech actions_per_loop=3 ====
[10:48:24] planet 33: building queue full (5)
[10:48:24] planet 33: building queue full (5)
[10:48:24] planet 33: building queue full (5)
[10:48:24] research: already in progress
[2026-05-13 10:49:09] ==== loop 52/∞ | seed=1088130647731202695 archetype=turbo personality=tecnologico focus=tech actions_per_loop=3 ====
[10:49:11] planet 33: building queue full (5)
[10:49:11] planet 33: building queue full (5)
[10:49:11] planet 33: building queue full (5)
[10:49:11] research: already in progress
[2026-05-13 10:50:03] ==== loop 53/∞ | seed=1088130647731202695 archetype=turbo personality=tecnologico focus=tech actions_per_loop=3 ====
[10:50:03] planet 33: queued building_crystal_store to 12
[2026-05-13 10:50:51] ==== loop 54/∞ | seed=1088130647731202695 archetype=turbo personality=tecnologico focus=tech actions_per_loop=3 ====
[10:50:53] planet 33: building queue full (5)
[10:50:53] planet 33: building queue full (5)
[10:50:53] planet 33: building queue full (5)
[10:50:53] research: already in progress
[2026-05-13 10:51:42] ==== loop 55/∞ | seed=1088130647731202695 archetype=turbo personality=tecnologico focus=tech actions_per_loop=3 ====
[10:51:43] planet 33: building queue full (5)
[10:51:43] planet 33: building queue full (5)
[10:51:43] planet 33: building queue full (5)
[10:51:43] ally: transport: 1:3:10 -> 1:282:9 [ally_bot] m=0 c=0 d=58167 ships=0B+12S eta=179s fuel=408
[10:51:43] attack: idle no_fleet_slots (used=1 max=1)
[2026-05-13 10:52:30] ==== loop 56/∞ | seed=1088130647731202695 archetype=turbo personality=tecnologico focus=tech actions_per_loop=3 ====
[10:52:31] planet 33: building queue full (5)
[10:52:31] planet 33: building queue full (5)
[10:52:31] planet 33: building queue full (5)
[10:52:31] attack: idle no_fleet_slots (used=1 max=1)
[10:52:31] research: already in progress
[2026-05-13 10:53:14] ==== loop 57/∞ | seed=1088130647731202695 archetype=turbo personality=tecnologico focus=tech actions_per_loop=3 ====
[10:53:16] planet 33: building queue full (5)
[10:53:16] planet 33: building queue full (5)
[10:53:16] planet 33: building queue full (5)
[10:53:16] attack: idle no_fleet_slots (used=1 max=1)
[10:53:16] research: already in progress
[2026-05-13 10:54:00] ==== loop 58/∞ | seed=1088130647731202695 archetype=turbo personality=tecnologico focus=tech actions_per_loop=3 ====
[10:54:03] planet 33: building queue full (5)
[10:54:03] planet 33: building queue full (5)
[10:54:03] planet 33: building queue full (5)
[10:54:03] attack: idle no_fleet_slots (used=1 max=1)
[10:54:03] research: queued research_energy_technology on planet 33 (28s)
[2026-05-13 10:54:49] ==== loop 59/∞ | seed=1088130647731202695 archetype=turbo personality=tecnologico focus=tech actions_per_loop=3 ====
[10:54:50] planet 33: building queue full (5)
[10:54:50] planet 33: building queue full (5)
[10:54:50] planet 33: building queue full (5)
[10:54:50] attack: idle no_fleet_slots (used=1 max=1)
[10:54:50] research: already in progress
[2026-05-13 10:55:38] ==== loop 60/∞ | seed=1088130647731202695 archetype=turbo personality=tecnologico focus=tech actions_per_loop=3 ====
[10:55:39] planet 33: building queue full (5)
[10:55:39] planet 33: building queue full (5)
[10:55:39] planet 33: building queue full (5)
[10:55:39] attack: idle no_fleet_slots (used=1 max=1)
[2026-05-13 10:56:22] ==== loop 61/∞ | seed=1088130647731202695 archetype=turbo personality=tecnologico focus=tech actions_per_loop=3 ====
[10:56:25] planet 33: building queue full (5)
[10:56:25] planet 33: building queue full (5)
[10:56:25] planet 33: building queue full (5)
[10:56:25] attack: idle no_fleet_slots (used=1 max=1)
[10:56:25] research: already in progress
[2026-05-13 10:57:08] ==== loop 62/∞ | seed=1088130647731202695 archetype=turbo personality=tecnologico focus=tech actions_per_loop=3 ====
[10:57:10] planet 33: building queue full (5)
[10:57:10] planet 33: building queue full (5)
[10:57:10] attack: idle no_fleet_slots (used=1 max=1)
[10:57:10] research: already in progress
[2026-05-13 10:57:55] ==== loop 63/∞ | seed=1088130647731202695 archetype=turbo personality=tecnologico focus=tech actions_per_loop=3 ====
[10:57:57] planet 33: building queue full (5)
[10:57:57] planet 33: building queue full (5)
[10:57:57] planet 33: building queue full (5)
[10:57:57] attack: idle no_fleet_slots (used=1 max=1)
[10:57:57] research: already in progress
[2026-05-13 10:58:37] ==== loop 64/∞ | seed=1088130647731202695 archetype=turbo personality=tecnologico focus=tech actions_per_loop=3 ====
[10:58:39] planet 33: building queue full (5)
[10:58:39] planet 33: building queue full (5)
[10:58:39] attack: idle no_fleet_slots (used=1 max=1)
[2026-05-13 10:59:25] ==== loop 65/∞ | seed=1088130647731202695 archetype=turbo personality=tecnologico focus=tech actions_per_loop=3 ====
[10:59:26] planet 33: building queue full (5)
[10:59:26] planet 33: building queue full (5)
[10:59:26] planet 33: building queue full (5)
[10:59:26] attack: idle no_fleet_slots (used=1 max=1)
[2026-05-13 11:00:15] ==== loop 66/∞ | seed=1088130647731202695 archetype=turbo personality=tecnologico focus=tech actions_per_loop=3 ====
[11:00:17] planet 33: building queue full (5)
[11:00:17] planet 33: building queue full (5)
[11:00:17] planet 33: building queue full (5)
[11:00:17] attack: idle no_fleet_slots (used=1 max=1)
[11:00:17] research: already in progress
[2026-05-13 11:01:07] ==== loop 67/∞ | seed=1088130647731202695 archetype=turbo personality=tecnologico focus=tech actions_per_loop=3 ====
[11:01:10] planet 33: building queue full (5)
[11:01:10] planet 33: building queue full (5)
[11:01:10] planet 33: building queue full (5)
[2026-05-13 11:01:53] ==== loop 68/∞ | seed=1088130647731202695 archetype=turbo personality=tecnologico focus=tech actions_per_loop=3 ====
[11:01:55] planet 33: building queue full (5)
[11:01:55] planet 33: building queue full (5)
[11:01:55] planet 33: building queue full (5)
[2026-05-13 11:02:43] ==== loop 69/∞ | seed=1088130647731202695 archetype=turbo personality=tecnologico focus=tech actions_per_loop=3 ====
[11:02:45] planet 33: building queue full (5)
[11:02:45] planet 33: building queue full (5)
[11:02:45] planet 33: building queue full (5)
[2026-05-13 11:03:31] ==== loop 70/∞ | seed=1088130647731202695 archetype=turbo personality=tecnologico focus=tech actions_per_loop=3 ====
[11:03:34] planet 33: building queue full (5)
[11:03:34] planet 33: building queue full (5)
[11:03:34] planet 33: building queue full (5)
[11:03:34] research: queued research_energy_technology on planet 33 (57s)
[2026-05-13 11:04:22] ==== loop 71/∞ | seed=1088130647731202695 archetype=turbo personality=tecnologico focus=tech actions_per_loop=3 ====
[11:04:24] planet 33: building queue full (5)
[11:04:24] planet 33: building queue full (5)
[11:04:24] planet 33: building queue full (5)
[11:04:24] research: already in progress
[2026-05-13 11:05:08] ==== loop 72/∞ | seed=1088130647731202695 archetype=turbo personality=tecnologico focus=tech actions_per_loop=3 ====
[11:05:10] planet 33: building queue full (5)
[11:05:10] planet 33: building queue full (5)
[11:05:10] planet 33: building queue full (5)
[11:05:10] research: already in progress
[2026-05-13 11:05:58] ==== loop 73/∞ | seed=1088130647731202695 archetype=turbo personality=tecnologico focus=tech actions_per_loop=3 ====
[11:06:00] planet 33: building queue full (5)
[11:06:00] planet 33: building queue full (5)
[11:06:00] planet 33: building queue full (5)
[2026-05-13 11:06:42] ==== loop 74/∞ | seed=1088130647731202695 archetype=turbo personality=tecnologico focus=tech actions_per_loop=3 ====
[11:06:43] planet 33: building queue full (5)
[11:06:43] planet 33: building queue full (5)
[11:06:43] planet 33: building queue full (5)
[11:06:43] research: already in progress
[2026-05-13 11:07:30] ==== loop 75/∞ | seed=1088130647731202695 archetype=turbo personality=tecnologico focus=tech actions_per_loop=3 ====
[11:07:32] planet 33: building queue full (5)
[11:07:32] planet 33: building queue full (5)
[11:07:32] planet 33: building queue full (5)
[11:07:32] research: already in progress
[2026-05-13 11:08:18] ==== loop 76/∞ | seed=1088130647731202695 archetype=turbo personality=tecnologico focus=tech actions_per_loop=3 ====
[11:08:21] planet 33: building queue full (5)
[11:08:21] planet 33: building queue full (5)
[11:08:21] planet 33: building queue full (5)
[2026-05-13 11:09:06] ==== loop 77/∞ | seed=1088130647731202695 archetype=turbo personality=tecnologico focus=tech actions_per_loop=3 ====
[11:09:09] planet 33: building queue full (5)
[11:09:09] planet 33: building queue full (5)
[11:09:09] planet 33: building queue full (5)
[11:09:09] research: already in progress
[2026-05-13 11:09:53] ==== loop 78/∞ | seed=1088130647731202695 archetype=turbo personality=tecnologico focus=tech actions_per_loop=3 ====
[11:09:54] planet 33: building queue full (5)
[11:09:54] planet 33: building queue full (5)
[11:09:54] research: already in progress
[2026-05-13 11:10:36] ==== loop 79/∞ | seed=1088130647731202695 archetype=turbo personality=tecnologico focus=tech actions_per_loop=3 ====
[11:10:37] planet 33: building queue full (5)
[11:10:37] planet 33: building queue full (5)
[11:10:37] planet 33: building queue full (5)
[11:10:37] research: already in progress
[2026-05-13 11:11:23] ==== loop 80/∞ | seed=1088130647731202695 archetype=turbo personality=tecnologico focus=tech actions_per_loop=3 ====
[11:11:25] planet 33: building queue full (5)
[11:11:25] planet 33: building queue full (5)
[11:11:25] planet 33: building queue full (5)
[11:11:25] research: already in progress
[2026-05-13 11:12:06] ==== loop 81/∞ | seed=1088130647731202695 archetype=turbo personality=tecnologico focus=tech actions_per_loop=3 ====
[11:12:08] planet 33: building queue full (5)
[11:12:08] planet 33: building queue full (5)
[11:12:08] planet 33: building queue full (5)
[11:12:08] research: already in progress
[2026-05-13 11:12:48] ==== loop 82/∞ | seed=1088130647731202695 archetype=turbo personality=tecnologico focus=tech actions_per_loop=3 ====
[11:12:50] planet 33: building queue full (5)
[11:12:50] planet 33: building queue full (5)
[11:12:50] planet 33: building queue full (5)
[11:12:50] research: already in progress
[2026-05-13 11:13:35] ==== loop 83/∞ | seed=1088130647731202695 archetype=turbo personality=tecnologico focus=tech actions_per_loop=3 ====
[11:13:36] planet 33: building queue full (5)
[11:13:36] planet 33: building queue full (5)
[11:13:36] planet 33: building queue full (5)
[11:13:36] research: already in progress
[2026-05-13 11:14:16] ==== loop 84/∞ | seed=1088130647731202695 archetype=turbo personality=tecnologico focus=tech actions_per_loop=3 ====
[11:14:17] planet 33: building queue full (5)
[11:14:17] planet 33: building queue full (5)
[11:14:17] planet 33: building queue full (5)
[2026-05-13 11:14:59] ==== loop 85/∞ | seed=1088130647731202695 archetype=turbo personality=tecnologico focus=tech actions_per_loop=3 ====
[11:15:00] planet 33: building queue full (5)
[11:15:00] planet 33: building queue full (5)
[11:15:00] planet 33: building queue full (5)
[11:15:00] research: already in progress
[2026-05-13 11:15:43] ==== loop 86/∞ | seed=1088130647731202695 archetype=turbo personality=tecnologico focus=tech actions_per_loop=3 ====
[11:15:45] planet 33: building queue full (5)
[11:15:45] planet 33: building queue full (5)
[11:15:45] planet 33: building queue full (5)
[11:15:45] research: already in progress
[2026-05-13 11:16:25] ==== loop 87/∞ | seed=1088130647731202695 archetype=turbo personality=tecnologico focus=tech actions_per_loop=3 ====
[11:16:27] planet 33: building queue full (5)
[11:16:27] planet 33: building queue full (5)
[11:16:27] planet 33: building queue full (5)
[11:16:27] research: already in progress
[2026-05-13 11:17:18] ==== loop 88/∞ | seed=1088130647731202695 archetype=turbo personality=tecnologico focus=tech actions_per_loop=3 ====
[11:17:20] planet 33: building queue full (5)
[11:17:20] planet 33: building queue full (5)
[11:17:20] planet 33: building queue full (5)
[2026-05-13 11:18:06] ==== loop 89/∞ | seed=1088130647731202695 archetype=turbo personality=tecnologico focus=tech actions_per_loop=3 ====
[11:18:08] planet 33: building queue full (5)
[11:18:08] planet 33: building queue full (5)
[11:18:08] planet 33: building queue full (5)
[11:18:08] research: already in progress
[2026-05-13 11:18:54] ==== loop 90/∞ | seed=1088130647731202695 archetype=turbo personality=tecnologico focus=tech actions_per_loop=3 ====
[11:18:56] planet 33: building queue full (5)
[11:18:56] planet 33: building queue full (5)
[11:18:56] research: already in progress
[2026-05-13 11:19:41] ==== loop 91/∞ | seed=1088130647731202695 archetype=turbo personality=tecnologico focus=tech actions_per_loop=3 ====
[11:19:43] planet 33: building queue full (5)
[11:19:43] planet 33: building queue full (5)
[11:19:43] ally: transport: 1:3:10 -> 1:179:5 [ally_bot] m=45001 c=0 d=0 ships=0B+10S eta=146s fuel=228
[11:19:43] attack: idle no_fleet_slots (used=1 max=1)
[11:19:43] research: already in progress
[2026-05-13 11:20:27] ==== loop 92/∞ | seed=1088130647731202695 archetype=turbo personality=tecnologico focus=tech actions_per_loop=3 ====
[11:20:28] planet 33: queued building_hangar to 1
[11:20:28] attack: idle no_fleet_slots (used=1 max=1)
[11:20:28] research: already in progress
[2026-05-13 11:21:14] ==== loop 93/∞ | seed=1088130647731202695 archetype=turbo personality=tecnologico focus=tech actions_per_loop=3 ====
[11:21:15] planet 33: building queue full (5)
[11:21:15] planet 33: building queue full (5)
[11:21:15] planet 33: building queue full (5)
[11:21:15] attack: idle no_fleet_slots (used=1 max=1)
[11:21:15] research: already in progress
[2026-05-13 11:21:58] ==== loop 94/∞ | seed=1088130647731202695 archetype=turbo personality=tecnologico focus=tech actions_per_loop=3 ====
[11:22:00] planet 33: building queue full (5)
[11:22:00] planet 33: building queue full (5)
[11:22:00] planet 33: building queue full (5)
[11:22:00] attack: idle no_fleet_slots (used=1 max=1)
[11:22:00] research: already in progress
[2026-05-13 11:22:41] ==== loop 95/∞ | seed=1088130647731202695 archetype=turbo personality=tecnologico focus=tech actions_per_loop=3 ====
[11:22:43] planet 33: building queue full (5)
[11:22:43] planet 33: building queue full (5)
[11:22:43] planet 33: building queue full (5)
[11:22:43] attack: idle no_fleet_slots (used=1 max=1)
[11:22:43] research: already in progress
[2026-05-13 11:23:28] ==== loop 96/∞ | seed=1088130647731202695 archetype=turbo personality=tecnologico focus=tech actions_per_loop=3 ====
[11:23:29] planet 33: queued ship_heavy_fighter +5
[11:23:29] planet 33: skipped duplicate ship_heavy_fighter this loop
[11:23:29] planet 33: skipped duplicate ship_heavy_fighter this loop
[11:23:29] attack: idle no_fleet_slots (used=1 max=1)
[11:23:29] research: already in progress
[2026-05-13 11:24:10] ==== loop 97/∞ | seed=1088130647731202695 archetype=turbo personality=tecnologico focus=tech actions_per_loop=3 ====
[11:24:11] planet 33: queued ship_heavy_fighter +5
[11:24:11] planet 33: skipped duplicate ship_heavy_fighter this loop
[11:24:11] planet 33: skipped duplicate ship_heavy_fighter this loop
[11:24:11] attack: idle no_fleet_slots (used=1 max=1)
[11:24:11] research: already in progress
[2026-05-13 11:24:55] ==== loop 98/∞ | seed=1088130647731202695 archetype=turbo personality=tecnologico focus=tech actions_per_loop=3 ====
[11:24:55] planet 33: queued ship_heavy_fighter +5
[11:24:55] planet 33: skipped duplicate ship_heavy_fighter this loop
[11:24:55] planet 33: skipped duplicate ship_heavy_fighter this loop
[11:24:55] research: queued research_energy_technology on planet 33 (115s)
[2026-05-13 11:25:46] ==== loop 99/∞ | seed=1088130647731202695 archetype=turbo personality=tecnologico focus=tech actions_per_loop=3 ====
[11:25:46] planet 33: queued ship_heavy_fighter +5
[11:25:46] planet 33: skipped duplicate ship_heavy_fighter this loop
[11:25:46] planet 33: skipped duplicate ship_heavy_fighter this loop
[11:25:46] research: already in progress
[2026-05-13 11:26:35] ==== loop 100/∞ | seed=1088130647731202695 archetype=turbo personality=tecnologico focus=tech actions_per_loop=3 ====
[11:26:36] planet 33: queued ship_heavy_fighter +5
[11:26:36] planet 33: skipped duplicate ship_heavy_fighter this loop
[11:26:36] planet 33: skipped duplicate ship_heavy_fighter this loop
[11:26:36] research: already in progress
[2026-05-13 11:27:21] ==== loop 101/∞ | seed=1088130647731202695 archetype=turbo personality=tecnologico focus=tech actions_per_loop=3 ====
[11:27:22] planet 33: queued ship_heavy_fighter +5
[11:27:22] planet 33: skipped duplicate ship_heavy_fighter this loop
[11:27:22] planet 33: skipped duplicate ship_heavy_fighter this loop
[11:27:22] research: already in progress
[2026-05-13 11:28:08] ==== loop 102/∞ | seed=1088130647731202695 archetype=turbo personality=tecnologico focus=tech actions_per_loop=3 ====
[11:28:08] planet 33: queued ship_heavy_fighter +5
[11:28:08] planet 33: skipped duplicate ship_heavy_fighter this loop
[11:28:08] planet 33: skipped duplicate ship_heavy_fighter this loop
[11:28:08] research: already in progress
[2026-05-13 11:28:54] ==== loop 103/∞ | seed=1088130647731202695 archetype=turbo personality=tecnologico focus=tech actions_per_loop=3 ====
[11:28:55] planet 33: queued ship_heavy_fighter +5
[11:28:55] planet 33: skipped duplicate ship_heavy_fighter this loop
[11:28:55] planet 33: skipped duplicate ship_heavy_fighter this loop
[11:28:55] research: already in progress
[2026-05-13 11:29:35] ==== loop 104/∞ | seed=1088130647731202695 archetype=turbo personality=tecnologico focus=tech actions_per_loop=3 ====
[11:29:36] planet 33: queued ship_heavy_fighter +5
[11:29:36] planet 33: skipped duplicate ship_heavy_fighter this loop
[11:29:36] planet 33: skipped duplicate ship_heavy_fighter this loop
[11:29:36] research: already in progress
[2026-05-13 11:30:15] ==== loop 105/∞ | seed=1088130647731202695 archetype=turbo personality=tecnologico focus=tech actions_per_loop=3 ====
[11:30:16] planet 33: queued building_crystal_store to 13
[11:30:16] research: already in progress
[2026-05-13 11:30:59] ==== loop 106/∞ | seed=1088130647731202695 archetype=turbo personality=tecnologico focus=tech actions_per_loop=3 ====
[11:31:00] planet 33: queued building_robot_factory to 8
[11:31:00] research: already in progress
[2026-05-13 11:31:42] ==== loop 107/∞ | seed=1088130647731202695 archetype=turbo personality=tecnologico focus=tech actions_per_loop=3 ====
[11:31:43] planet 33: building queue full (5)
[11:31:43] planet 33: building queue full (5)
[11:31:43] planet 33: building queue full (5)
[2026-05-13 11:32:29] ==== loop 108/∞ | seed=1088130647731202695 archetype=turbo personality=tecnologico focus=tech actions_per_loop=3 ====
[11:32:30] planet 33: building queue full (5)
[11:32:30] planet 33: building queue full (5)
[11:32:30] research: already in progress
[2026-05-13 11:33:10] ==== loop 109/∞ | seed=1088130647731202695 archetype=turbo personality=tecnologico focus=tech actions_per_loop=3 ====
[11:33:12] planet 33: building queue full (5)
[11:33:12] planet 33: building queue full (5)
[11:33:12] planet 33: building queue full (5)
[11:33:12] research: already in progress
[2026-05-13 11:33:54] ==== loop 110/∞ | seed=1088130647731202695 archetype=turbo personality=tecnologico focus=tech actions_per_loop=3 ====
[11:33:56] planet 33: building queue full (5)
[11:33:56] planet 33: building queue full (5)
[11:33:56] planet 33: building queue full (5)
[11:33:56] research: already in progress
[2026-05-13 11:34:42] ==== loop 111/∞ | seed=1088130647731202695 archetype=turbo personality=tecnologico focus=tech actions_per_loop=3 ====
[11:34:43] planet 33: building queue full (5)
[11:34:43] planet 33: building queue full (5)
[11:34:43] research: already in progress
[2026-05-13 11:35:23] ==== loop 112/∞ | seed=1088130647731202695 archetype=turbo personality=tecnologico focus=tech actions_per_loop=3 ====
[11:35:24] planet 33: building queue full (5)
[11:35:24] planet 33: building queue full (5)
[11:35:24] planet 33: building queue full (5)
[11:35:24] research: already in progress
[2026-05-13 11:36:09] ==== loop 113/∞ | seed=1088130647731202695 archetype=turbo personality=tecnologico focus=tech actions_per_loop=3 ====
[11:36:11] planet 33: building queue full (5)
[11:36:11] planet 33: building queue full (5)
[11:36:11] planet 33: building queue full (5)
[11:36:11] research: already in progress
[2026-05-13 11:36:49] ==== loop 114/∞ | seed=1088130647731202695 archetype=turbo personality=tecnologico focus=tech actions_per_loop=3 ====
[11:36:51] planet 33: building queue full (5)
[11:36:51] planet 33: building queue full (5)
[11:36:51] planet 33: building queue full (5)
[11:36:51] research: already in progress
[2026-05-13 11:37:33] ==== loop 115/∞ | seed=1088130647731202695 archetype=turbo personality=tecnologico focus=tech actions_per_loop=3 ====
[11:37:34] planet 33: building queue full (5)
[11:37:34] planet 33: building queue full (5)
[11:37:34] research: already in progress
[2026-05-13 11:38:17] ==== loop 116/∞ | seed=1088130647731202695 archetype=turbo personality=tecnologico focus=tech actions_per_loop=3 ====
[11:38:19] planet 33: building queue full (5)
[11:38:19] planet 33: building queue full (5)
[11:38:19] planet 33: building queue full (5)
[11:38:19] research: already in progress
[2026-05-13 11:39:10] ==== loop 117/∞ | seed=1088130647731202695 archetype=turbo personality=tecnologico focus=tech actions_per_loop=3 ====
[11:39:11] planet 33: building queue full (5)
[11:39:11] planet 33: building queue full (5)
[2026-05-13 11:39:58] ==== loop 118/∞ | seed=1088130647731202695 archetype=turbo personality=tecnologico focus=tech actions_per_loop=3 ====
[11:40:00] planet 33: building queue full (5)
[11:40:00] planet 33: building queue full (5)
[2026-05-13 11:40:41] ==== loop 119/∞ | seed=1088130647731202695 archetype=turbo personality=tecnologico focus=tech actions_per_loop=3 ====
[11:40:42] planet 33: queued building_solar_plant to 27
[11:40:42] research: already in progress
[2026-05-13 11:41:26] ==== loop 120/∞ | seed=1088130647731202695 archetype=turbo personality=tecnologico focus=tech actions_per_loop=3 ====
[11:41:26] planet 33: queue busy, throttled building_robot_factory
[11:41:26] planet 33: queue busy, throttled building_robot_factory
[11:41:26] planet 33: queue busy, throttled building_robot_factory
[11:41:26] research: already in progress
[2026-05-13 11:42:17] ==== loop 121/∞ | seed=1088130647731202695 archetype=turbo personality=tecnologico focus=tech actions_per_loop=3 ====
[11:42:17] planet 33: queue busy, throttled building_robot_factory
[11:42:17] planet 33: queue busy, throttled building_robot_factory
[11:42:17] planet 33: queue busy, throttled building_robot_factory
[11:42:17] ally: transport: 1:3:10 -> 1:33:9 [ally_bot] m=0 c=34429 d=2306 ships=0B+8S eta=78s fuel=53
[11:42:17] attack: idle no_fleet_slots (used=1 max=1)
[11:42:17] research: already in progress
[2026-05-13 11:43:08] ==== loop 122/∞ | seed=1088130647731202695 archetype=turbo personality=tecnologico focus=tech actions_per_loop=3 ====
[11:43:08] planet 33: queue busy, throttled building_robot_factory
[11:43:08] planet 33: queue busy, throttled building_robot_factory
[11:43:08] planet 33: queue busy, throttled building_robot_factory
[11:43:08] attack: idle no_fleet_slots (used=1 max=1)
[11:43:08] research: already in progress
[2026-05-13 11:43:57] ==== loop 123/∞ | seed=1088130647731202695 archetype=turbo personality=tecnologico focus=tech actions_per_loop=3 ====
[11:43:57] planet 33: queue busy, throttled building_robot_factory
[11:43:57] planet 33: queue busy, throttled building_robot_factory
[11:43:57] planet 33: queue busy, throttled building_robot_factory
[11:43:57] research: queued research_energy_technology on planet 33 (230s)
[2026-05-13 11:44:42] ==== loop 124/∞ | seed=1088130647731202695 archetype=turbo personality=tecnologico focus=tech actions_per_loop=3 ====
[11:44:42] planet 33: queue busy, throttled building_robot_factory
[11:44:42] planet 33: queue busy, throttled building_robot_factory
[11:44:42] planet 33: queue busy, throttled building_robot_factory
[2026-05-13 11:45:30] ==== loop 125/∞ | seed=1088130647731202695 archetype=turbo personality=tecnologico focus=tech actions_per_loop=3 ====
[11:45:30] planet 33: queue busy, throttled building_robot_factory
[11:45:30] planet 33: queue busy, throttled building_robot_factory
[11:45:30] planet 33: queue busy, throttled building_robot_factory
[11:45:30] research: already in progress
[2026-05-13 11:46:15] ==== loop 126/∞ | seed=1088130647731202695 archetype=turbo personality=tecnologico focus=tech actions_per_loop=3 ====
[11:46:15] planet 33: queue busy, throttled building_robot_factory
[11:46:15] planet 33: queue busy, throttled building_robot_factory
[11:46:15] planet 33: queue busy, throttled building_robot_factory
[11:46:15] research: already in progress
[2026-05-13 11:46:59] ==== loop 127/∞ | seed=1088130647731202695 archetype=turbo personality=tecnologico focus=tech actions_per_loop=3 ====
[11:46:59] planet 33: queue busy, throttled building_robot_factory
[11:46:59] planet 33: queue busy, throttled building_robot_factory
[11:46:59] planet 33: queue busy, throttled building_robot_factory
[11:46:59] research: already in progress
[2026-05-13 11:47:48] ==== loop 128/∞ | seed=1088130647731202695 archetype=turbo personality=tecnologico focus=tech actions_per_loop=3 ====
[11:47:48] planet 33: queue busy, throttled building_robot_factory
[11:47:48] planet 33: queue busy, throttled building_robot_factory
[11:47:48] planet 33: queue busy, throttled building_robot_factory
[11:47:48] research: already in progress
[2026-05-13 11:48:34] ==== loop 129/∞ | seed=1088130647731202695 archetype=turbo personality=tecnologico focus=tech actions_per_loop=3 ====
[11:48:35] planet 33: queue busy, throttled building_robot_factory
[11:48:35] planet 33: queue busy, throttled building_robot_factory
[11:48:35] planet 33: queue busy, throttled building_robot_factory
[2026-05-13 11:49:25] ==== loop 130/∞ | seed=1088130647731202695 archetype=turbo personality=tecnologico focus=tech actions_per_loop=3 ====
[11:49:25] planet 33: queue busy, throttled building_robot_factory
[11:49:25] planet 33: queue busy, throttled building_robot_factory
[11:49:25] planet 33: queue busy, throttled building_robot_factory
[2026-05-13 11:50:13] ==== loop 131/∞ | seed=1088130647731202695 archetype=turbo personality=tecnologico focus=tech actions_per_loop=3 ====
[11:50:13] planet 33: queue busy, throttled building_robot_factory
[11:50:13] planet 33: queue busy, throttled building_robot_factory
[11:50:13] planet 33: queue busy, throttled building_robot_factory
[11:50:13] research: already in progress
[2026-05-13 11:51:01] ==== loop 132/∞ | seed=1088130647731202695 archetype=turbo personality=tecnologico focus=tech actions_per_loop=3 ====
[11:51:01] planet 33: queue busy, throttled building_robot_factory
[11:51:01] planet 33: queue busy, throttled building_robot_factory
[11:51:01] planet 33: queue busy, throttled building_robot_factory
[2026-05-13 11:51:52] ==== loop 133/∞ | seed=1088130647731202695 archetype=turbo personality=tecnologico focus=tech actions_per_loop=3 ====
[11:51:52] planet 33: queue busy, throttled building_robot_factory
[11:51:52] planet 33: queue busy, throttled building_robot_factory
[11:51:52] planet 33: queue busy, throttled building_robot_factory
[11:51:52] research: already in progress
[2026-05-13 11:52:40] ==== loop 134/∞ | seed=1088130647731202695 archetype=turbo personality=tecnologico focus=tech actions_per_loop=3 ====
[11:52:40] planet 33: queue busy, throttled building_robot_factory
[11:52:40] planet 33: queue busy, throttled building_robot_factory
[11:52:40] planet 33: queue busy, throttled building_robot_factory
[11:52:40] research: already in progress
[2026-05-13 11:53:24] ==== loop 135/∞ | seed=1088130647731202695 archetype=turbo personality=tecnologico focus=tech actions_per_loop=3 ====
[11:53:24] planet 33: queue busy, throttled building_robot_factory
[11:53:24] planet 33: queue busy, throttled building_robot_factory
[11:53:24] planet 33: queue busy, throttled building_robot_factory
[2026-05-13 11:54:04] ==== loop 136/∞ | seed=1088130647731202695 archetype=turbo personality=tecnologico focus=tech actions_per_loop=3 ====
[11:54:04] planet 33: queue busy, throttled building_robot_factory
[11:54:04] planet 33: queue busy, throttled building_robot_factory
[11:54:04] planet 33: queue busy, throttled building_robot_factory
[11:54:04] research: already in progress
[2026-05-13 11:54:45] ==== loop 137/∞ | seed=1088130647731202695 archetype=turbo personality=tecnologico focus=tech actions_per_loop=3 ====
[11:54:46] planet 33: queue busy, throttled building_robot_factory
[11:54:46] planet 33: queue busy, throttled building_robot_factory
[11:54:46] planet 33: queue busy, throttled building_robot_factory
[11:54:46] research: already in progress
[2026-05-13 11:55:32] ==== loop 138/∞ | seed=1088130647731202695 archetype=turbo personality=tecnologico focus=tech actions_per_loop=3 ====
[11:55:32] planet 33: queue busy, throttled building_robot_factory
[11:55:32] planet 33: queue busy, throttled building_robot_factory
[11:55:32] planet 33: queue busy, throttled building_robot_factory
[11:55:32] research: already in progress
[2026-05-13 11:56:22] ==== loop 139/∞ | seed=1088130647731202695 archetype=turbo personality=tecnologico focus=tech actions_per_loop=3 ====
[11:56:22] planet 33: queue busy, throttled building_robot_factory
[11:56:22] planet 33: queue busy, throttled building_robot_factory
[11:56:22] planet 33: queue busy, throttled building_robot_factory
[11:56:22] research: already in progress
[2026-05-13 11:57:06] ==== loop 140/∞ | seed=1088130647731202695 archetype=turbo personality=tecnologico focus=tech actions_per_loop=3 ====
[11:57:06] planet 33: queue busy, throttled building_robot_factory
[11:57:06] planet 33: queue busy, throttled building_robot_factory
[11:57:06] planet 33: queue busy, throttled building_robot_factory
[11:57:06] research: already in progress
[2026-05-13 11:57:55] ==== loop 141/∞ | seed=1088130647731202695 archetype=turbo personality=tecnologico focus=tech actions_per_loop=3 ====
[11:57:55] planet 33: queue busy, throttled building_robot_factory
[11:57:55] planet 33: queue busy, throttled building_robot_factory
[11:57:55] planet 33: queue busy, throttled building_robot_factory
[11:57:55] research: already in progress
[2026-05-13 11:58:35] ==== loop 142/∞ | seed=1088130647731202695 archetype=turbo personality=tecnologico focus=tech actions_per_loop=3 ====
[11:58:35] planet 33: queue busy, throttled building_robot_factory
[11:58:35] planet 33: queue busy, throttled building_robot_factory
[11:58:35] planet 33: queue busy, throttled building_robot_factory
[2026-05-13 11:59:19] ==== loop 143/∞ | seed=1088130647731202695 archetype=turbo personality=tecnologico focus=tech actions_per_loop=3 ====
[11:59:19] planet 33: queue busy, throttled building_robot_factory
[11:59:19] planet 33: queue busy, throttled building_robot_factory
[11:59:19] planet 33: queue busy, throttled building_robot_factory
[11:59:19] research: already in progress
[2026-05-13 12:00:02] ==== loop 144/∞ | seed=1088130647731202695 archetype=turbo personality=tecnologico focus=tech actions_per_loop=3 ====
[12:00:02] planet 33: queue busy, throttled building_robot_factory
[12:00:02] planet 33: queue busy, throttled building_robot_factory
[12:00:02] planet 33: queue busy, throttled building_robot_factory
[12:00:02] research: already in progress
[2026-05-13 12:00:47] ==== loop 145/∞ | seed=1088130647731202695 archetype=turbo personality=tecnologico focus=tech actions_per_loop=3 ====
[12:00:47] planet 33: queue busy, throttled building_robot_factory
[12:00:47] planet 33: queue busy, throttled building_robot_factory
[12:00:47] planet 33: queue busy, throttled building_robot_factory
[12:00:47] research: already in progress
[2026-05-13 12:01:35] ==== loop 146/∞ | seed=1088130647731202695 archetype=turbo personality=tecnologico focus=tech actions_per_loop=3 ====
[12:01:35] planet 33: queue busy, throttled building_robot_factory
[12:01:35] planet 33: queue busy, throttled building_robot_factory
[12:01:35] planet 33: queue busy, throttled building_robot_factory
[12:01:35] research: already in progress
[2026-05-13 12:02:22] ==== loop 147/∞ | seed=1088130647731202695 archetype=turbo personality=tecnologico focus=tech actions_per_loop=3 ====
[12:02:22] planet 33: queue busy, throttled building_robot_factory
[12:02:22] planet 33: queue busy, throttled building_robot_factory
[12:02:22] planet 33: queue busy, throttled building_robot_factory
[12:02:22] research: already in progress
[2026-05-13 12:03:10] ==== loop 148/∞ | seed=1088130647731202695 archetype=turbo personality=tecnologico focus=tech actions_per_loop=3 ====
[12:03:10] planet 33: queue busy, throttled building_robot_factory
[12:03:10] planet 33: queue busy, throttled building_robot_factory
[12:03:10] planet 33: queue busy, throttled building_robot_factory
[12:03:10] research: already in progress
[2026-05-13 12:03:57] ==== loop 149/∞ | seed=1088130647731202695 archetype=turbo personality=tecnologico focus=tech actions_per_loop=3 ====
[12:03:57] planet 33: queue busy, throttled building_robot_factory
[12:03:57] planet 33: queue busy, throttled building_robot_factory
[12:03:57] planet 33: queue busy, throttled building_robot_factory
[12:03:57] research: already in progress
[2026-05-13 12:04:43] ==== loop 150/∞ | seed=1088130647731202695 archetype=turbo personality=tecnologico focus=tech actions_per_loop=3 ====
[12:04:43] planet 33: queue busy, throttled building_robot_factory
[12:04:43] planet 33: queue busy, throttled building_robot_factory
[12:04:43] planet 33: queue busy, throttled building_robot_factory
[12:04:43] research: already in progress
[2026-05-13 12:05:32] ==== loop 151/∞ | seed=1088130647731202695 archetype=turbo personality=tecnologico focus=tech actions_per_loop=3 ====
[12:05:32] planet 33: queue busy, throttled building_robot_factory
[12:05:32] planet 33: queue busy, throttled building_robot_factory
[12:05:32] planet 33: queue busy, throttled building_robot_factory
[2026-05-13 12:06:21] ==== loop 152/∞ | seed=1088130647731202695 archetype=turbo personality=tecnologico focus=tech actions_per_loop=3 ====
[12:06:21] planet 33: queue busy, throttled building_robot_factory
[12:06:21] planet 33: queue busy, throttled building_robot_factory
[12:06:21] planet 33: queue busy, throttled building_robot_factory
[2026-05-13 12:07:08] ==== loop 153/∞ | seed=1088130647731202695 archetype=turbo personality=tecnologico focus=tech actions_per_loop=3 ====
[12:07:08] planet 33: queue busy, throttled building_robot_factory
[12:07:08] planet 33: queue busy, throttled building_robot_factory
[12:07:08] planet 33: queue busy, throttled building_robot_factory
[12:07:08] research: already in progress
[2026-05-13 12:08:00] ==== loop 154/∞ | seed=1088130647731202695 archetype=turbo personality=tecnologico focus=tech actions_per_loop=3 ====
[12:08:00] planet 33: queue busy, throttled building_robot_factory
[12:08:00] planet 33: queue busy, throttled building_robot_factory
[12:08:00] planet 33: queue busy, throttled building_robot_factory
[12:08:00] research: already in progress
[2026-05-13 12:08:56] ==== loop 155/∞ | seed=1088130647731202695 archetype=turbo personality=tecnologico focus=tech actions_per_loop=3 ====
[12:08:56] planet 33: queue busy, throttled building_robot_factory
[12:08:56] planet 33: queue busy, throttled building_robot_factory
[12:08:56] planet 33: queue busy, throttled building_robot_factory
[12:08:56] research: already in progress
[2026-05-13 12:09:42] ==== loop 156/∞ | seed=1088130647731202695 archetype=turbo personality=tecnologico focus=tech actions_per_loop=3 ====
[12:09:42] planet 33: queue busy, throttled building_robot_factory
[12:09:42] planet 33: queue busy, throttled building_robot_factory
[12:09:42] planet 33: queue busy, throttled building_robot_factory
[12:09:42] research: already in progress
[2026-05-13 12:10:28] ==== loop 157/∞ | seed=1088130647731202695 archetype=turbo personality=tecnologico focus=tech actions_per_loop=3 ====
[12:10:28] planet 33: queue busy, throttled building_robot_factory
[12:10:28] planet 33: queue busy, throttled building_robot_factory
[12:10:28] planet 33: queue busy, throttled building_robot_factory
[12:10:28] research: already in progress
[2026-05-13 12:11:14] ==== loop 158/∞ | seed=1088130647731202695 archetype=turbo personality=tecnologico focus=tech actions_per_loop=3 ====
[12:11:14] planet 33: queue busy, throttled building_robot_factory
[12:11:14] planet 33: queue busy, throttled building_robot_factory
[12:11:14] planet 33: queue busy, throttled building_robot_factory
