[2026-05-13 10:11:39] ==== loop 1/∞ | seed=718373215410738739 archetype=opportunist personality=minero focus=eco actions_per_loop=2 ====
[10:11:40] planet 34: queued ship_solar_satellite +5
[10:11:40] planet 34: skipped duplicate ship_solar_satellite this loop
[2026-05-13 10:12:18] ==== loop 2/∞ | seed=718373215410738739 archetype=opportunist personality=minero focus=eco actions_per_loop=2 ====
[10:12:19] planet 34: queued ship_solar_satellite +5
[10:12:19] planet 34: skipped duplicate ship_solar_satellite this loop
[10:12:19] research: already in progress
[2026-05-13 10:12:57] ==== loop 3/∞ | seed=718373215410738739 archetype=opportunist personality=minero focus=eco actions_per_loop=2 ====
[10:12:58] planet 34: queued ship_solar_satellite +1
[10:12:58] planet 34: queued building_solar_plant to 21
[10:12:58] research: already in progress
[2026-05-13 10:13:39] ==== loop 4/∞ | seed=718373215410738739 archetype=opportunist personality=minero focus=eco actions_per_loop=2 ====
[10:13:39] planet 34: building queue full (5)
[10:13:39] research: already in progress
[2026-05-13 10:14:20] ==== loop 5/∞ | seed=718373215410738739 archetype=opportunist personality=minero focus=eco actions_per_loop=2 ====
[10:14:21] planet 34: building queue full (5)
[10:14:21] planet 34: building queue full (5)
[2026-05-13 10:14:59] ==== loop 6/∞ | seed=718373215410738739 archetype=opportunist personality=minero focus=eco actions_per_loop=2 ====
[10:15:01] planet 34: building queue full (5)
[10:15:01] planet 34: building queue full (5)
[10:15:01] research: already in progress
[2026-05-13 10:15:42] ==== loop 7/∞ | seed=718373215410738739 archetype=opportunist personality=minero focus=eco actions_per_loop=2 ====
[10:15:43] planet 34: queued building_deuterium_tank to 5
[2026-05-13 10:16:27] ==== loop 8/∞ | seed=718373215410738739 archetype=opportunist personality=minero focus=eco actions_per_loop=2 ====
[10:16:27] planet 34: queued building_deuterium_tank to 6
[10:16:27] research: already in progress
[2026-05-13 10:17:12] ==== loop 9/∞ | seed=718373215410738739 archetype=opportunist personality=minero focus=eco actions_per_loop=2 ====
[10:17:12] planet 34: queued building_deuterium_tank to 7
[10:17:12] research: already in progress
[2026-05-13 10:17:54] ==== loop 10/∞ | seed=718373215410738739 archetype=opportunist personality=minero focus=eco actions_per_loop=2 ====
[10:17:55] planet 34: building queue full (5)
[10:17:55] research: already in progress
[2026-05-13 10:18:37] ==== loop 11/∞ | seed=718373215410738739 archetype=opportunist personality=minero focus=eco actions_per_loop=2 ====
[10:18:37] planet 34: queued building_deuterium_tank to 8
[2026-05-13 10:19:25] ==== loop 12/∞ | seed=718373215410738739 archetype=opportunist personality=minero focus=eco actions_per_loop=2 ====
[10:19:26] planet 34: building queue full (5)
[10:19:26] research: already in progress
[2026-05-13 10:20:08] ==== loop 13/∞ | seed=718373215410738739 archetype=opportunist personality=minero focus=eco actions_per_loop=2 ====
[10:20:08] planet 34: queued building_crystal_mine to 26
[2026-05-13 10:20:49] ==== loop 14/∞ | seed=718373215410738739 archetype=opportunist personality=minero focus=eco actions_per_loop=2 ====
[10:20:50] planet 34: queued building_robot_factory to 10
[10:20:50] research: already in progress
[2026-05-13 10:21:36] ==== loop 15/∞ | seed=718373215410738739 archetype=opportunist personality=minero focus=eco actions_per_loop=2 ====
[10:21:37] planet 34: building queue full (5)
[10:21:37] planet 34: building queue full (5)
[10:21:37] research: already in progress
[2026-05-13 10:22:21] ==== loop 16/∞ | seed=718373215410738739 archetype=opportunist personality=minero focus=eco actions_per_loop=2 ====
[10:22:23] planet 34: building queue full (5)
[10:22:23] planet 34: building queue full (5)
[10:22:23] research: queued research_energy_technology on planet 34 (7s)
[2026-05-13 10:23:07] ==== loop 17/∞ | seed=718373215410738739 archetype=opportunist personality=minero focus=eco actions_per_loop=2 ====
[10:23:08] planet 34: building queue full (5)
[10:23:08] planet 34: building queue full (5)
[10:23:08] research: already in progress
[2026-05-13 10:23:54] ==== loop 18/∞ | seed=718373215410738739 archetype=opportunist personality=minero focus=eco actions_per_loop=2 ====
[10:23:55] planet 34: building queue full (5)
[10:23:55] planet 34: building queue full (5)
[10:23:55] research: already in progress
[2026-05-13 10:24:42] ==== loop 19/∞ | seed=718373215410738739 archetype=opportunist personality=minero focus=eco actions_per_loop=2 ====
[10:24:43] planet 34: building queue full (5)
[10:24:43] planet 34: building queue full (5)
[10:24:43] research: already in progress
[2026-05-13 10:25:32] ==== loop 20/∞ | seed=718373215410738739 archetype=opportunist personality=minero focus=eco actions_per_loop=2 ====
[10:25:34] planet 34: building queue full (5)
[10:25:34] planet 34: building queue full (5)
[10:25:34] research: already in progress
[2026-05-13 10:26:15] ==== loop 21/∞ | seed=718373215410738739 archetype=opportunist personality=minero focus=eco actions_per_loop=2 ====
[10:26:17] planet 34: building queue full (5)
[10:26:17] planet 34: building queue full (5)
[10:26:17] research: already in progress
[2026-05-13 10:27:03] ==== loop 22/∞ | seed=718373215410738739 archetype=opportunist personality=minero focus=eco actions_per_loop=2 ====
[10:27:04] planet 34: building queue full (5)
[10:27:04] planet 34: building queue full (5)
[10:27:04] research: already in progress
[2026-05-13 10:27:47] ==== loop 23/∞ | seed=718373215410738739 archetype=opportunist personality=minero focus=eco actions_per_loop=2 ====
[10:27:48] planet 34: building queue full (5)
[10:27:48] planet 34: building queue full (5)
[10:27:48] research: already in progress
[2026-05-13 10:28:35] ==== loop 24/∞ | seed=718373215410738739 archetype=opportunist personality=minero focus=eco actions_per_loop=2 ====
[10:28:36] planet 34: building queue full (5)
[2026-05-13 10:29:23] ==== loop 25/∞ | seed=718373215410738739 archetype=opportunist personality=minero focus=eco actions_per_loop=2 ====
[10:29:24] planet 34: building queue full (5)
[10:29:24] planet 34: building queue full (5)
[10:29:24] research: already in progress
[2026-05-13 10:30:06] ==== loop 26/∞ | seed=718373215410738739 archetype=opportunist personality=minero focus=eco actions_per_loop=2 ====
[10:30:07] planet 34: queued building_metal_store to 14
[10:30:07] research: already in progress
[2026-05-13 10:30:49] ==== loop 27/∞ | seed=718373215410738739 archetype=opportunist personality=minero focus=eco actions_per_loop=2 ====
[10:30:49] planet 34: queue busy, throttled building_robot_factory
[2026-05-13 10:31:30] ==== loop 28/∞ | seed=718373215410738739 archetype=opportunist personality=minero focus=eco actions_per_loop=2 ====
[10:31:30] planet 34: queue busy, throttled building_robot_factory
[10:31:30] planet 34: queue busy, throttled building_robot_factory
[2026-05-13 10:32:13] ==== loop 29/∞ | seed=718373215410738739 archetype=opportunist personality=minero focus=eco actions_per_loop=2 ====
[10:32:13] planet 34: queue busy, throttled building_robot_factory
[10:32:13] planet 34: queue busy, throttled building_robot_factory
[10:32:13] research: already in progress
[2026-05-13 10:32:56] ==== loop 30/∞ | seed=718373215410738739 archetype=opportunist personality=minero focus=eco actions_per_loop=2 ====
[10:32:56] planet 34: queue busy, throttled building_robot_factory
[10:32:56] planet 34: queue busy, throttled building_robot_factory
[2026-05-13 10:33:41] ==== loop 31/∞ | seed=718373215410738739 archetype=opportunist personality=minero focus=eco actions_per_loop=2 ====
[10:33:41] planet 34: queue busy, throttled building_robot_factory
[10:33:41] planet 34: queue busy, throttled building_robot_factory
[10:33:41] research: already in progress
[2026-05-13 10:34:23] ==== loop 32/∞ | seed=718373215410738739 archetype=opportunist personality=minero focus=eco actions_per_loop=2 ====
[10:34:23] planet 34: queue busy, throttled building_robot_factory
[10:34:23] planet 34: queue busy, throttled building_robot_factory
[10:34:23] research: already in progress
[2026-05-13 10:35:07] ==== loop 33/∞ | seed=718373215410738739 archetype=opportunist personality=minero focus=eco actions_per_loop=2 ====
[10:35:07] planet 34: queue busy, throttled building_robot_factory
[10:35:07] planet 34: queue busy, throttled building_robot_factory
[2026-05-13 10:35:52] ==== loop 34/∞ | seed=718373215410738739 archetype=opportunist personality=minero focus=eco actions_per_loop=2 ====
[10:35:52] planet 34: queue busy, throttled building_robot_factory
[10:35:52] research: already in progress
[2026-05-13 10:36:36] ==== loop 35/∞ | seed=718373215410738739 archetype=opportunist personality=minero focus=eco actions_per_loop=2 ====
[10:36:36] planet 34: queue busy, throttled building_robot_factory
[10:36:36] research: already in progress
[2026-05-13 10:37:13] ==== loop 36/∞ | seed=718373215410738739 archetype=opportunist personality=minero focus=eco actions_per_loop=2 ====
[10:37:13] planet 34: queue busy, throttled building_robot_factory
[10:37:13] planet 34: queue busy, throttled building_robot_factory
[10:37:13] research: already in progress
[2026-05-13 10:37:53] ==== loop 37/∞ | seed=718373215410738739 archetype=opportunist personality=minero focus=eco actions_per_loop=2 ====
[10:37:53] planet 34: queue busy, throttled building_robot_factory
[10:37:53] planet 34: queue busy, throttled building_robot_factory
[10:37:53] research: already in progress
[2026-05-13 10:38:36] ==== loop 38/∞ | seed=718373215410738739 archetype=opportunist personality=minero focus=eco actions_per_loop=2 ====
[10:38:36] planet 34: queue busy, throttled building_robot_factory
[10:38:36] planet 34: queue busy, throttled building_robot_factory
[10:38:36] research: queued research_energy_technology on planet 34 (14s)
[2026-05-13 10:39:16] ==== loop 39/∞ | seed=718373215410738739 archetype=opportunist personality=minero focus=eco actions_per_loop=2 ====
[10:39:16] planet 34: queue busy, throttled building_robot_factory
[10:39:16] planet 34: queue busy, throttled building_robot_factory
[2026-05-13 10:40:00] ==== loop 40/∞ | seed=718373215410738739 archetype=opportunist personality=minero focus=eco actions_per_loop=2 ====
[10:40:00] planet 34: queue busy, throttled building_robot_factory
[10:40:00] planet 34: queue busy, throttled building_robot_factory
[10:40:00] research: already in progress
[2026-05-13 10:40:38] ==== loop 41/∞ | seed=718373215410738739 archetype=opportunist personality=minero focus=eco actions_per_loop=2 ====
[10:40:38] planet 34: queue busy, throttled building_robot_factory
[10:40:38] planet 34: queue busy, throttled building_robot_factory
[10:40:38] research: already in progress
[2026-05-13 10:41:25] ==== loop 42/∞ | seed=718373215410738739 archetype=opportunist personality=minero focus=eco actions_per_loop=2 ====
[10:41:25] planet 34: queue busy, throttled building_robot_factory
[10:41:25] planet 34: queue busy, throttled building_robot_factory
[10:41:25] research: already in progress
[2026-05-13 10:42:12] ==== loop 43/∞ | seed=718373215410738739 archetype=opportunist personality=minero focus=eco actions_per_loop=2 ====
[10:42:12] planet 34: queue busy, throttled building_robot_factory
[10:42:12] planet 34: queue busy, throttled building_robot_factory
[10:42:12] research: already in progress
[2026-05-13 10:42:55] ==== loop 44/∞ | seed=718373215410738739 archetype=opportunist personality=minero focus=eco actions_per_loop=2 ====
[10:42:55] planet 34: queue busy, throttled building_robot_factory
[2026-05-13 10:43:41] ==== loop 45/∞ | seed=718373215410738739 archetype=opportunist personality=minero focus=eco actions_per_loop=2 ====
[10:43:41] planet 34: queue busy, throttled building_robot_factory
[10:43:41] planet 34: queue busy, throttled building_robot_factory
[10:43:41] research: already in progress
[2026-05-13 10:44:28] ==== loop 46/∞ | seed=718373215410738739 archetype=opportunist personality=minero focus=eco actions_per_loop=2 ====
[10:44:28] planet 34: queue busy, throttled building_robot_factory
[10:44:28] planet 34: queue busy, throttled building_robot_factory
[10:44:28] research: already in progress
[2026-05-13 10:45:08] ==== loop 47/∞ | seed=718373215410738739 archetype=opportunist personality=minero focus=eco actions_per_loop=2 ====
[10:45:08] planet 34: queue busy, throttled building_robot_factory
[10:45:08] planet 34: queue busy, throttled building_robot_factory
[2026-05-13 10:45:56] ==== loop 48/∞ | seed=718373215410738739 archetype=opportunist personality=minero focus=eco actions_per_loop=2 ====
[10:45:56] planet 34: queue busy, throttled building_robot_factory
[10:45:56] planet 34: queue busy, throttled building_robot_factory
[10:45:56] research: already in progress
[2026-05-13 10:46:43] ==== loop 49/∞ | seed=718373215410738739 archetype=opportunist personality=minero focus=eco actions_per_loop=2 ====
[10:46:43] planet 34: queue busy, throttled building_robot_factory
[10:46:43] planet 34: queue busy, throttled building_robot_factory
[10:46:43] research: already in progress
[2026-05-13 10:47:34] ==== loop 50/∞ | seed=718373215410738739 archetype=opportunist personality=minero focus=eco actions_per_loop=2 ====
[10:47:34] planet 34: queue busy, throttled building_robot_factory
[10:47:34] planet 34: queue busy, throttled building_robot_factory
[2026-05-13 10:48:24] ==== loop 51/∞ | seed=718373215410738739 archetype=opportunist personality=minero focus=eco actions_per_loop=2 ====
[10:48:24] planet 34: queue busy, throttled building_robot_factory
[10:48:24] planet 34: queue busy, throttled building_robot_factory
[2026-05-13 10:49:11] ==== loop 52/∞ | seed=718373215410738739 archetype=opportunist personality=minero focus=eco actions_per_loop=2 ====
[10:49:11] planet 34: queue busy, throttled building_robot_factory
[2026-05-13 10:50:03] ==== loop 53/∞ | seed=718373215410738739 archetype=opportunist personality=minero focus=eco actions_per_loop=2 ====
[10:50:03] planet 34: queue busy, throttled building_robot_factory
[10:50:03] planet 34: queue busy, throttled building_robot_factory
[10:50:03] research: already in progress
[2026-05-13 10:50:53] ==== loop 54/∞ | seed=718373215410738739 archetype=opportunist personality=minero focus=eco actions_per_loop=2 ====
[10:50:53] planet 34: queue busy, throttled building_robot_factory
[10:50:53] planet 34: queue busy, throttled building_robot_factory
[2026-05-13 10:51:43] ==== loop 55/∞ | seed=718373215410738739 archetype=opportunist personality=minero focus=eco actions_per_loop=2 ====
[10:51:43] planet 34: queue busy, throttled building_robot_factory
[10:51:43] planet 34: queue busy, throttled building_robot_factory
[10:51:43] research: already in progress
[2026-05-13 10:52:31] ==== loop 56/∞ | seed=718373215410738739 archetype=opportunist personality=minero focus=eco actions_per_loop=2 ====
[10:52:31] planet 34: queue busy, throttled building_robot_factory
[10:52:31] planet 34: queue busy, throttled building_robot_factory
[2026-05-13 10:53:16] ==== loop 57/∞ | seed=718373215410738739 archetype=opportunist personality=minero focus=eco actions_per_loop=2 ====
[10:53:16] planet 34: queue busy, throttled building_robot_factory
[10:53:16] planet 34: queue busy, throttled building_robot_factory
[10:53:16] research: already in progress
[2026-05-13 10:54:03] ==== loop 58/∞ | seed=718373215410738739 archetype=opportunist personality=minero focus=eco actions_per_loop=2 ====
[10:54:03] planet 34: queue busy, throttled building_robot_factory
[10:54:03] planet 34: queue busy, throttled building_robot_factory
[10:54:03] research: queued research_energy_technology on planet 34 (28s)
[2026-05-13 10:54:50] ==== loop 59/∞ | seed=718373215410738739 archetype=opportunist personality=minero focus=eco actions_per_loop=2 ====
[10:54:50] planet 34: queue busy, throttled building_robot_factory
[10:54:50] planet 34: queue busy, throttled building_robot_factory
[10:54:50] research: already in progress
[2026-05-13 10:55:39] ==== loop 60/∞ | seed=718373215410738739 archetype=opportunist personality=minero focus=eco actions_per_loop=2 ====
[10:55:39] planet 34: queue busy, throttled building_robot_factory
[10:55:39] planet 34: queue busy, throttled building_robot_factory
[2026-05-13 10:56:25] ==== loop 61/∞ | seed=718373215410738739 archetype=opportunist personality=minero focus=eco actions_per_loop=2 ====
[10:56:25] planet 34: queue busy, throttled building_robot_factory
[10:56:25] planet 34: queue busy, throttled building_robot_factory
[10:56:25] research: already in progress
[2026-05-13 10:57:10] ==== loop 62/∞ | seed=718373215410738739 archetype=opportunist personality=minero focus=eco actions_per_loop=2 ====
[10:57:10] planet 34: queue busy, throttled building_robot_factory
[10:57:10] planet 34: queue busy, throttled building_robot_factory
[10:57:10] research: already in progress
[2026-05-13 10:57:57] ==== loop 63/∞ | seed=718373215410738739 archetype=opportunist personality=minero focus=eco actions_per_loop=2 ====
[10:57:57] planet 34: queue busy, throttled building_robot_factory
[10:57:57] planet 34: queue busy, throttled building_robot_factory
[10:57:57] research: already in progress
[2026-05-13 10:58:39] ==== loop 64/∞ | seed=718373215410738739 archetype=opportunist personality=minero focus=eco actions_per_loop=2 ====
[10:58:39] planet 34: queue busy, throttled building_robot_factory
[10:58:39] planet 34: queue busy, throttled building_robot_factory
[2026-05-13 10:59:26] ==== loop 65/∞ | seed=718373215410738739 archetype=opportunist personality=minero focus=eco actions_per_loop=2 ====
[10:59:26] planet 34: queue busy, throttled building_robot_factory
[10:59:26] planet 34: queue busy, throttled building_robot_factory
[10:59:26] research: already in progress
[2026-05-13 11:00:17] ==== loop 66/∞ | seed=718373215410738739 archetype=opportunist personality=minero focus=eco actions_per_loop=2 ====
[11:00:17] planet 34: queue busy, throttled building_robot_factory
[11:00:17] planet 34: queue busy, throttled building_robot_factory
[11:00:17] research: already in progress
[2026-05-13 11:01:10] ==== loop 67/∞ | seed=718373215410738739 archetype=opportunist personality=minero focus=eco actions_per_loop=2 ====
[11:01:10] planet 34: queue busy, throttled building_robot_factory
[11:01:10] planet 34: queue busy, throttled building_robot_factory
[2026-05-13 11:01:55] ==== loop 68/∞ | seed=718373215410738739 archetype=opportunist personality=minero focus=eco actions_per_loop=2 ====
[11:01:55] planet 34: queue busy, throttled building_robot_factory
[11:01:55] planet 34: queue busy, throttled building_robot_factory
[11:01:55] research: already in progress
[2026-05-13 11:02:45] ==== loop 69/∞ | seed=718373215410738739 archetype=opportunist personality=minero focus=eco actions_per_loop=2 ====
[11:02:45] planet 34: queue busy, throttled building_robot_factory
[11:02:45] research: already in progress
[2026-05-13 11:03:34] ==== loop 70/∞ | seed=718373215410738739 archetype=opportunist personality=minero focus=eco actions_per_loop=2 ====
[11:03:34] planet 34: queue busy, throttled building_robot_factory
[11:03:34] planet 34: queue busy, throttled building_robot_factory
[11:03:34] research: already in progress
[2026-05-13 11:04:24] ==== loop 71/∞ | seed=718373215410738739 archetype=opportunist personality=minero focus=eco actions_per_loop=2 ====
[11:04:24] planet 34: queue busy, throttled building_robot_factory
[11:04:24] research: already in progress
[2026-05-13 11:05:10] ==== loop 72/∞ | seed=718373215410738739 archetype=opportunist personality=minero focus=eco actions_per_loop=2 ====
[11:05:10] planet 34: queue busy, throttled building_robot_factory
[11:05:10] planet 34: queue busy, throttled building_robot_factory
[2026-05-13 11:06:00] ==== loop 73/∞ | seed=718373215410738739 archetype=opportunist personality=minero focus=eco actions_per_loop=2 ====
[11:06:00] planet 34: queue busy, throttled building_robot_factory
[11:06:00] planet 34: queue busy, throttled building_robot_factory
[11:06:00] research: already in progress
[2026-05-13 11:06:43] ==== loop 74/∞ | seed=718373215410738739 archetype=opportunist personality=minero focus=eco actions_per_loop=2 ====
[11:06:43] planet 34: queue busy, throttled building_robot_factory
[11:06:43] research: already in progress
[2026-05-13 11:07:32] ==== loop 75/∞ | seed=718373215410738739 archetype=opportunist personality=minero focus=eco actions_per_loop=2 ====
[11:07:32] planet 34: queue busy, throttled building_robot_factory
[11:07:32] research: already in progress
[2026-05-13 11:08:21] ==== loop 76/∞ | seed=718373215410738739 archetype=opportunist personality=minero focus=eco actions_per_loop=2 ====
[11:08:21] planet 34: queue busy, throttled building_robot_factory
[11:08:21] research: already in progress
[2026-05-13 11:09:09] ==== loop 77/∞ | seed=718373215410738739 archetype=opportunist personality=minero focus=eco actions_per_loop=2 ====
[11:09:09] planet 34: queue busy, throttled building_robot_factory
[11:09:09] planet 34: queue busy, throttled building_robot_factory
[11:09:09] research: already in progress
[2026-05-13 11:09:54] ==== loop 78/∞ | seed=718373215410738739 archetype=opportunist personality=minero focus=eco actions_per_loop=2 ====
[11:09:54] planet 34: queue busy, throttled building_robot_factory
[11:09:54] planet 34: queue busy, throttled building_robot_factory
[2026-05-13 11:10:37] ==== loop 79/∞ | seed=718373215410738739 archetype=opportunist personality=minero focus=eco actions_per_loop=2 ====
[11:10:37] planet 34: queue busy, throttled building_robot_factory
[11:10:37] planet 34: queue busy, throttled building_robot_factory
[2026-05-13 11:11:25] ==== loop 80/∞ | seed=718373215410738739 archetype=opportunist personality=minero focus=eco actions_per_loop=2 ====
[11:11:25] planet 34: queue busy, throttled building_robot_factory
[11:11:25] research: already in progress
[2026-05-13 11:12:08] ==== loop 81/∞ | seed=718373215410738739 archetype=opportunist personality=minero focus=eco actions_per_loop=2 ====
[11:12:08] planet 34: queue busy, throttled building_robot_factory
[11:12:08] planet 34: queue busy, throttled building_robot_factory
[2026-05-13 11:12:50] ==== loop 82/∞ | seed=718373215410738739 archetype=opportunist personality=minero focus=eco actions_per_loop=2 ====
[11:12:50] planet 34: queue busy, throttled building_robot_factory
[11:12:50] planet 34: queue busy, throttled building_robot_factory
[11:12:50] research: already in progress
[2026-05-13 11:13:36] ==== loop 83/∞ | seed=718373215410738739 archetype=opportunist personality=minero focus=eco actions_per_loop=2 ====
[11:13:36] planet 34: queue busy, throttled building_robot_factory
[2026-05-13 11:14:17] ==== loop 84/∞ | seed=718373215410738739 archetype=opportunist personality=minero focus=eco actions_per_loop=2 ====
[11:14:17] planet 34: queue busy, throttled building_robot_factory
[11:14:17] planet 34: queue busy, throttled building_robot_factory
[11:14:17] research: already in progress
[2026-05-13 11:15:00] ==== loop 85/∞ | seed=718373215410738739 archetype=opportunist personality=minero focus=eco actions_per_loop=2 ====
[11:15:00] planet 34: queue busy, throttled building_robot_factory
[11:15:00] planet 34: queue busy, throttled building_robot_factory
[2026-05-13 11:15:45] ==== loop 86/∞ | seed=718373215410738739 archetype=opportunist personality=minero focus=eco actions_per_loop=2 ====
[11:15:45] planet 34: queue busy, throttled building_robot_factory
[11:15:45] planet 34: queue busy, throttled building_robot_factory
[11:15:45] research: already in progress
[2026-05-13 11:16:27] ==== loop 87/∞ | seed=718373215410738739 archetype=opportunist personality=minero focus=eco actions_per_loop=2 ====
[11:16:27] planet 34: queue busy, throttled building_robot_factory
[11:16:27] planet 34: queue busy, throttled building_robot_factory
[2026-05-13 11:17:20] ==== loop 88/∞ | seed=718373215410738739 archetype=opportunist personality=minero focus=eco actions_per_loop=2 ====
[11:17:20] planet 34: queue busy, throttled building_robot_factory
[11:17:20] planet 34: queue busy, throttled building_robot_factory
[11:17:20] research: already in progress
[2026-05-13 11:18:08] ==== loop 89/∞ | seed=718373215410738739 archetype=opportunist personality=minero focus=eco actions_per_loop=2 ====
[11:18:08] planet 34: queue busy, throttled building_robot_factory
[11:18:08] planet 34: queue busy, throttled building_robot_factory
[11:18:08] research: already in progress
[2026-05-13 11:18:56] ==== loop 90/∞ | seed=718373215410738739 archetype=opportunist personality=minero focus=eco actions_per_loop=2 ====
[11:18:56] planet 34: queue busy, throttled building_robot_factory
[11:18:56] planet 34: queue busy, throttled building_robot_factory
[11:18:56] research: already in progress
[2026-05-13 11:19:43] ==== loop 91/∞ | seed=718373215410738739 archetype=opportunist personality=minero focus=eco actions_per_loop=2 ====
[11:19:44] planet 34: building queue full (5)
[11:19:44] planet 34: building queue full (5)
[11:19:44] research: already in progress
[2026-05-13 11:20:28] ==== loop 92/∞ | seed=718373215410738739 archetype=opportunist personality=minero focus=eco actions_per_loop=2 ====
[11:20:28] planet 34: queue busy, throttled building_laboratory
[11:20:28] research: already in progress
[2026-05-13 11:21:15] ==== loop 93/∞ | seed=718373215410738739 archetype=opportunist personality=minero focus=eco actions_per_loop=2 ====
[11:21:15] planet 34: queue busy, throttled building_laboratory
[11:21:15] planet 34: queue busy, throttled building_laboratory
[11:21:15] research: already in progress
[2026-05-13 11:22:00] ==== loop 94/∞ | seed=718373215410738739 archetype=opportunist personality=minero focus=eco actions_per_loop=2 ====
[11:22:00] planet 34: queue busy, throttled building_laboratory
[11:22:00] planet 34: queue busy, throttled building_laboratory
[2026-05-13 11:22:43] ==== loop 95/∞ | seed=718373215410738739 archetype=opportunist personality=minero focus=eco actions_per_loop=2 ====
[11:22:43] planet 34: queued building_laboratory to 4
[2026-05-13 11:23:29] ==== loop 96/∞ | seed=718373215410738739 archetype=opportunist personality=minero focus=eco actions_per_loop=2 ====
[11:23:30] planet 34: queue busy, throttled building_laboratory
[11:23:30] research: already in progress
[2026-05-13 11:24:11] ==== loop 97/∞ | seed=718373215410738739 archetype=opportunist personality=minero focus=eco actions_per_loop=2 ====
[11:24:12] planet 34: queued ship_espionage_probe +5
[11:24:12] planet 34: skipped duplicate ship_espionage_probe this loop
[11:24:12] research: already in progress
[2026-05-13 11:24:55] ==== loop 98/∞ | seed=718373215410738739 archetype=opportunist personality=minero focus=eco actions_per_loop=2 ====
[11:24:56] planet 34: queued ship_espionage_probe +5
[11:24:56] attack: spy 1:7:8 probes=4 eta=1s
[2026-05-13 11:25:46] ==== loop 99/∞ | seed=718373215410738739 archetype=opportunist personality=minero focus=eco actions_per_loop=2 ====
[11:25:47] planet 34: queued ship_espionage_probe +5
[11:25:47] planet 34: skipped duplicate ship_espionage_probe this loop
[11:25:47] attack: intel 1:7:8 ships=151 defs=200 res=111879655
[11:25:47] attack: spy 1:4:10 probes=4 eta=1s
[11:25:47] research: already in progress
[2026-05-13 11:26:36] ==== loop 100/∞ | seed=718373215410738739 archetype=opportunist personality=minero focus=eco actions_per_loop=2 ====
[11:26:36] planet 34: queued ship_espionage_probe +5
[11:26:36] planet 34: skipped duplicate ship_espionage_probe this loop
[11:26:36] attack: intel 1:4:10 ships=194 defs=2 res=398413312
[11:26:36] attack: spy 1:6:4 probes=4 eta=1s
[2026-05-13 11:27:22] ==== loop 101/∞ | seed=718373215410738739 archetype=opportunist personality=minero focus=eco actions_per_loop=2 ====
[11:27:23] planet 34: queued ship_espionage_probe +5
[11:27:23] planet 34: skipped duplicate ship_espionage_probe this loop
[11:27:23] attack: intel 1:6:4 ships=755 defs=183 res=333542025
[11:27:23] attack: spy 1:6:8 probes=4 eta=1s
[11:27:23] research: queued research_energy_technology on planet 34 (41s)
[2026-05-13 11:28:08] ==== loop 102/∞ | seed=718373215410738739 archetype=opportunist personality=minero focus=eco actions_per_loop=2 ====
[11:28:10] planet 34: queued ship_espionage_probe +5
[11:28:10] planet 34: skipped duplicate ship_espionage_probe this loop
[11:28:10] attack: intel 1:6:8 ships=689 defs=262 res=394751979
[11:28:10] attack: spy 1:7:10 probes=4 eta=1s
[2026-05-13 11:28:55] ==== loop 103/∞ | seed=718373215410738739 archetype=opportunist personality=minero focus=eco actions_per_loop=2 ====
[11:28:56] planet 34: queued ship_espionage_probe +5
[11:28:56] planet 34: skipped duplicate ship_espionage_probe this loop
[11:28:56] attack: intel 1:7:10 ships=468 defs=210 res=116907627
[11:28:56] attack: spy 1:56:9 probes=4 eta=1s
[11:28:56] research: queued research_energy_technology on planet 34 (83s)
[2026-05-13 11:29:36] ==== loop 104/∞ | seed=718373215410738739 archetype=opportunist personality=minero focus=eco actions_per_loop=2 ====
[11:29:36] planet 34: queued ship_espionage_probe +5
[11:29:36] planet 34: skipped duplicate ship_espionage_probe this loop
[11:29:36] attack: intel 1:56:9 ships=15 defs=0 res=149013
[11:29:36] attack: spy 1:57:9 probes=4 eta=1s
[11:29:36] research: already in progress
[2026-05-13 11:30:16] ==== loop 105/∞ | seed=718373215410738739 archetype=opportunist personality=minero focus=eco actions_per_loop=2 ====
[11:30:17] planet 34: queued building_crystal_mine to 27
[11:30:17] attack: intel 1:57:9 ships=5 defs=5 res=104141
[11:30:17] attack: idle no_fleet_slots (used=1 max=1)
[11:30:17] research: already in progress
[2026-05-13 11:31:00] ==== loop 106/∞ | seed=718373215410738739 archetype=opportunist personality=minero focus=eco actions_per_loop=2 ====
[11:31:00] planet 34: queue busy, throttled building_nano_factory
[11:31:00] planet 34: queue busy, throttled building_nano_factory
[11:31:00] attack: idle no_fleet_slots (used=1 max=1)
[11:31:00] research: already in progress
[2026-05-13 11:31:43] ==== loop 107/∞ | seed=718373215410738739 archetype=opportunist personality=minero focus=eco actions_per_loop=2 ====
[11:31:43] planet 34: queue busy, throttled building_nano_factory
[11:31:43] planet 34: queue busy, throttled building_nano_factory
[11:31:43] attack: idle no_fleet_slots (used=1 max=1)
[2026-05-13 11:32:30] ==== loop 108/∞ | seed=718373215410738739 archetype=opportunist personality=minero focus=eco actions_per_loop=2 ====
[11:32:30] planet 34: queue busy, throttled building_nano_factory
[11:32:30] planet 34: queue busy, throttled building_nano_factory
[11:32:30] attack: spy 1:58:9 probes=4 eta=1s
[2026-05-13 11:33:12] ==== loop 109/∞ | seed=718373215410738739 archetype=opportunist personality=minero focus=eco actions_per_loop=2 ====
[11:33:12] planet 34: queue busy, throttled building_nano_factory
[11:33:12] attack: intel 1:58:9 ships=0 defs=0 res=54812
[11:33:12] attack: spy 1:2:1 probes=4 eta=1s
[2026-05-13 11:33:56] ==== loop 110/∞ | seed=718373215410738739 archetype=opportunist personality=minero focus=eco actions_per_loop=2 ====
[11:33:56] planet 34: queue busy, throttled building_nano_factory
[11:33:56] attack: intel 1:2:1 ships=5 defs=0 res=8721838314
[11:33:56] attack: spy 1:2:2 probes=4 eta=1s
[2026-05-13 11:34:43] ==== loop 111/∞ | seed=718373215410738739 archetype=opportunist personality=minero focus=eco actions_per_loop=2 ====
[11:34:43] planet 34: queue busy, throttled building_nano_factory
[11:34:43] planet 34: queue busy, throttled building_nano_factory
[11:34:43] attack: intel 1:2:2 ships=5 defs=0 res=8618514049
[11:34:43] attack: idle no_fleet_slots (used=1 max=1)
[11:34:43] research: queued research_energy_technology on planet 34 (167s)
[2026-05-13 11:35:24] ==== loop 112/∞ | seed=718373215410738739 archetype=opportunist personality=minero focus=eco actions_per_loop=2 ====
[11:35:24] planet 34: queue busy, throttled building_nano_factory
[11:35:24] planet 34: queue busy, throttled building_nano_factory
[11:35:24] attack: idle no_fleet_slots (used=1 max=1)
[11:35:24] research: already in progress
[2026-05-13 11:36:11] ==== loop 113/∞ | seed=718373215410738739 archetype=opportunist personality=minero focus=eco actions_per_loop=2 ====
[11:36:11] planet 34: queue busy, throttled building_nano_factory
[11:36:11] planet 34: queue busy, throttled building_nano_factory
[11:36:11] attack: idle no_fleet_slots (used=1 max=1)
[11:36:11] research: already in progress
[2026-05-13 11:36:51] ==== loop 114/∞ | seed=718373215410738739 archetype=opportunist personality=minero focus=eco actions_per_loop=2 ====
[11:36:51] planet 34: queue busy, throttled building_nano_factory
[11:36:51] attack: spy 1:7:8 probes=4 eta=1s
[2026-05-13 11:37:34] ==== loop 115/∞ | seed=718373215410738739 archetype=opportunist personality=minero focus=eco actions_per_loop=2 ====
[11:37:34] planet 34: queue busy, throttled building_nano_factory
[11:37:34] planet 34: queue busy, throttled building_nano_factory
[11:37:34] attack: intel 1:7:8 ships=151 defs=200 res=112300143
[11:37:34] attack: spy 1:4:10 probes=4 eta=1s
[11:37:34] research: already in progress
[2026-05-13 11:38:19] ==== loop 116/∞ | seed=718373215410738739 archetype=opportunist personality=minero focus=eco actions_per_loop=2 ====
[11:38:19] planet 34: queue busy, throttled building_nano_factory
[11:38:19] planet 34: queue busy, throttled building_nano_factory
[11:38:19] attack: intel 1:4:10 ships=194 defs=2 res=399881372
[11:38:19] attack: spy 1:6:4 probes=4 eta=1s
[11:38:19] research: queued research_energy_technology on planet 34 (335s)
[2026-05-13 11:39:11] ==== loop 117/∞ | seed=718373215410738739 archetype=opportunist personality=minero focus=eco actions_per_loop=2 ====
[11:39:11] planet 34: queue busy, throttled building_nano_factory
[11:39:11] planet 34: queue busy, throttled building_nano_factory
[11:39:11] attack: intel 1:6:4 ships=755 defs=183 res=334446638
[11:39:11] attack: spy 1:6:8 probes=4 eta=1s
[11:39:11] research: already in progress
[2026-05-13 11:40:00] ==== loop 118/∞ | seed=718373215410738739 archetype=opportunist personality=minero focus=eco actions_per_loop=2 ====
[11:40:00] planet 34: queue busy, throttled building_nano_factory
[11:40:00] planet 34: queue busy, throttled building_nano_factory
[11:40:00] attack: intel 1:6:8 ships=689 defs=262 res=396093701
[11:40:00] attack: spy 1:7:10 probes=4 eta=1s
[11:40:00] research: already in progress
[2026-05-13 11:40:42] ==== loop 119/∞ | seed=718373215410738739 archetype=opportunist personality=minero focus=eco actions_per_loop=2 ====
[11:40:42] planet 34: queue busy, throttled building_nano_factory
[11:40:42] planet 34: queue busy, throttled building_nano_factory
[11:40:42] attack: intel 1:7:10 ships=468 defs=210 res=117396425
[11:40:42] attack: spy 1:56:9 probes=4 eta=1s
[11:40:42] research: already in progress
[2026-05-13 11:41:27] ==== loop 120/∞ | seed=718373215410738739 archetype=opportunist personality=minero focus=eco actions_per_loop=2 ====
[11:41:27] planet 34: queue busy, throttled building_nano_factory
[11:41:27] attack: intel 1:56:9 ships=15 defs=0 res=153093
[11:41:27] attack: idle no_fleet_slots (used=1 max=1)
[2026-05-13 11:42:17] ==== loop 121/∞ | seed=718373215410738739 archetype=opportunist personality=minero focus=eco actions_per_loop=2 ====
[11:42:17] planet 34: queue busy, throttled building_nano_factory
[11:42:17] planet 34: queue busy, throttled building_nano_factory
[11:42:17] attack: idle no_fleet_slots (used=1 max=1)
[2026-05-13 11:43:08] ==== loop 122/∞ | seed=718373215410738739 archetype=opportunist personality=minero focus=eco actions_per_loop=2 ====
[11:43:08] planet 34: queue busy, throttled building_nano_factory
[11:43:08] planet 34: queue busy, throttled building_nano_factory
[11:43:08] attack: idle no_fleet_slots (used=1 max=1)
[11:43:08] research: already in progress
[2026-05-13 11:43:57] ==== loop 123/∞ | seed=718373215410738739 archetype=opportunist personality=minero focus=eco actions_per_loop=2 ====
[11:43:57] planet 34: queue busy, throttled building_nano_factory
[11:43:57] planet 34: queue busy, throttled building_nano_factory
[11:43:57] attack: spy 1:57:9 probes=4 eta=1s
[11:43:57] research: already in progress
[2026-05-13 11:44:42] ==== loop 124/∞ | seed=718373215410738739 archetype=opportunist personality=minero focus=eco actions_per_loop=2 ====
[11:44:42] planet 34: queue busy, throttled building_nano_factory
[11:44:42] planet 34: queue busy, throttled building_nano_factory
[11:44:42] attack: intel 1:57:9 ships=5 defs=5 res=126263
[11:44:42] attack: spy 1:58:9 probes=4 eta=1s
[11:44:42] research: queued research_computer_technology on planet 34 (1s)
[2026-05-13 11:45:30] ==== loop 125/∞ | seed=718373215410738739 archetype=opportunist personality=minero focus=eco actions_per_loop=2 ====
[11:45:30] planet 34: queue busy, throttled building_nano_factory
[11:45:30] attack: intel 1:58:9 ships=0 defs=0 res=63982
[11:45:30] attack: spy 1:2:1 probes=4 eta=1s
[11:45:30] attack: spy 1:2:2 probes=4 eta=1s
[11:45:30] research: queued research_computer_technology on planet 34 (2s)
[2026-05-13 11:46:15] ==== loop 126/∞ | seed=718373215410738739 archetype=opportunist personality=minero focus=eco actions_per_loop=2 ====
[11:46:15] planet 34: queue busy, throttled building_nano_factory
[11:46:15] planet 34: queue busy, throttled building_nano_factory
[11:46:15] attack: intel 1:2:1 ships=5 defs=0 res=8721838314
[11:46:15] attack: intel 1:2:2 ships=5 defs=0 res=8650207923
[11:46:15] attack: idle no_fleet_slots (used=2 max=2)
[11:46:15] research: already in progress
[2026-05-13 11:46:59] ==== loop 127/∞ | seed=718373215410738739 archetype=opportunist personality=minero focus=eco actions_per_loop=2 ====
[11:46:59] planet 34: queue busy, throttled building_nano_factory
[11:46:59] planet 34: queue busy, throttled building_nano_factory
[11:46:59] attack: spy 1:7:8 probes=4 eta=1s
[11:46:59] attack: spy 1:2:3 probes=4 eta=1s
[11:46:59] attack: spy 1:2:4 probes=4 eta=1s
[2026-05-13 11:47:48] ==== loop 128/∞ | seed=718373215410738739 archetype=opportunist personality=minero focus=eco actions_per_loop=2 ====
[11:47:48] planet 34: queue busy, throttled building_nano_factory
[11:47:48] attack: intel 1:7:8 ships=151 defs=200 res=112657229
[11:47:48] attack: intel 1:2:3 ships=10 defs=0 res=8622983428
[11:47:48] attack: intel 1:2:4 ships=0 defs=0 res=8622727862
[11:47:48] attack: idle no_fleet_slots (used=3 max=3)
[11:47:48] research: queued research_computer_technology on planet 34 (5s)
[2026-05-13 11:48:35] ==== loop 129/∞ | seed=718373215410738739 archetype=opportunist personality=minero focus=eco actions_per_loop=2 ====
[11:48:35] planet 34: queue busy, throttled building_nano_factory
[11:48:35] planet 34: queue busy, throttled building_nano_factory
[11:48:35] attack: idle no_fleet_slots (used=3 max=3)
[11:48:35] research: already in progress
[2026-05-13 11:49:25] ==== loop 130/∞ | seed=718373215410738739 archetype=opportunist personality=minero focus=eco actions_per_loop=2 ====
[11:49:25] planet 34: queue busy, throttled building_nano_factory
[11:49:25] planet 34: queue busy, throttled building_nano_factory
[11:49:25] attack: idle no_fleet_slots (used=3 max=3)
[11:49:25] research: already in progress
[2026-05-13 11:50:13] ==== loop 131/∞ | seed=718373215410738739 archetype=opportunist personality=minero focus=eco actions_per_loop=2 ====
[11:50:13] planet 34: queue busy, throttled building_nano_factory
[11:50:13] planet 34: queue busy, throttled building_nano_factory
[11:50:13] attack: spy 1:4:10 probes=4 eta=1s
[11:50:13] attack: spy 1:6:4 probes=4 eta=1s
[11:50:13] attack: spy 1:6:8 probes=4 eta=1s
[11:50:13] attack: spy 1:7:10 probes=4 eta=1s
[11:50:13] research: queued research_computer_technology on planet 34 (10s)
[2026-05-13 11:51:01] ==== loop 132/∞ | seed=718373215410738739 archetype=opportunist personality=minero focus=eco actions_per_loop=2 ====
[11:51:01] planet 34: queue busy, throttled building_nano_factory
[11:51:01] planet 34: queue busy, throttled building_nano_factory
[11:51:01] attack: intel 1:4:10 ships=194 defs=2 res=401392822
[11:51:01] attack: intel 1:6:4 ships=755 defs=183 res=335503830
[11:51:01] attack: intel 1:6:8 ships=689 defs=262 res=397338811
[11:51:01] attack: intel 1:7:10 ships=468 defs=210 res=117826802
[11:51:01] attack: idle no_fleet_slots (used=4 max=4)
[11:51:01] research: already in progress
[2026-05-13 11:51:52] ==== loop 133/∞ | seed=718373215410738739 archetype=opportunist personality=minero focus=eco actions_per_loop=2 ====
[11:51:52] planet 34: queue busy, throttled building_nano_factory
[11:51:52] planet 34: queue busy, throttled building_nano_factory
[11:51:52] attack: idle no_fleet_slots (used=4 max=4)
[11:51:52] research: already in progress
[2026-05-13 11:52:40] ==== loop 134/∞ | seed=718373215410738739 archetype=opportunist personality=minero focus=eco actions_per_loop=2 ====
[11:52:40] planet 34: queue busy, throttled building_nano_factory
[11:52:40] planet 34: queue busy, throttled building_nano_factory
[11:52:40] attack: idle no_fleet_slots (used=4 max=4)
[11:52:40] research: already in progress
[2026-05-13 11:53:24] ==== loop 135/∞ | seed=718373215410738739 archetype=opportunist personality=minero focus=eco actions_per_loop=2 ====
[11:53:25] planet 34: queue busy, throttled building_nano_factory
[11:53:25] planet 34: queue busy, throttled building_nano_factory
[11:53:25] attack: spy 1:56:9 probes=4 eta=1s
[11:53:25] attack: spy 1:2:5 probes=4 eta=1s
[11:53:25] attack: spy 1:2:6 probes=4 eta=1s
[11:53:25] attack: spy 1:2:7 probes=4 eta=1s
[2026-05-13 11:54:04] ==== loop 136/∞ | seed=718373215410738739 archetype=opportunist personality=minero focus=eco actions_per_loop=2 ====
[11:54:04] planet 34: queue busy, throttled building_nano_factory
[11:54:04] planet 34: queue busy, throttled building_nano_factory
[11:54:04] attack: intel 1:56:9 ships=15 defs=0 res=157637
[11:54:04] attack: intel 1:2:5 ships=0 defs=0 res=8534324942
[11:54:04] attack: intel 1:2:6 ships=16 defs=0 res=8658577951
[11:54:04] attack: intel 1:2:7 ships=8 defs=0 res=8653232694
[11:54:04] attack: spy 1:57:9 probes=4 eta=1s
[11:54:04] attack: spy 1:2:8 probes=4 eta=1s
[11:54:04] attack: spy 1:2:9 probes=4 eta=1s
[11:54:04] attack: spy 1:2:10 probes=4 eta=1s
[2026-05-13 11:54:46] ==== loop 137/∞ | seed=718373215410738739 archetype=opportunist personality=minero focus=eco actions_per_loop=2 ====
[11:54:46] planet 34: queue busy, throttled building_nano_factory
[11:54:46] planet 34: queue busy, throttled building_nano_factory
[11:54:46] attack: intel 1:57:9 ships=5 defs=5 res=141825
[11:54:46] attack: intel 1:2:8 ships=0 defs=0 res=8509446211
[11:54:46] attack: intel 1:2:9 ships=0 defs=0 res=9017017052
[11:54:46] attack: intel 1:2:10 ships=0 defs=0 res=10215614754
[11:54:46] attack: spy 1:58:9 probes=4 eta=1s
[11:54:46] attack: spy 1:2:11 probes=4 eta=1s
[11:54:46] attack: spy 1:2:12 probes=4 eta=1s
[11:54:46] attack: spy 1:2:13 probes=4 eta=1s
[11:54:46] research: queued research_computer_technology on planet 34 (20s)
[2026-05-13 11:55:32] ==== loop 138/∞ | seed=718373215410738739 archetype=opportunist personality=minero focus=eco actions_per_loop=2 ====
[11:55:32] planet 34: queue busy, throttled building_nano_factory
[11:55:32] planet 34: queue busy, throttled building_nano_factory
[11:55:32] attack: intel 1:58:9 ships=0 defs=0 res=72040
[11:55:32] attack: intel 1:2:11 ships=0 defs=0 res=10217091054
[11:55:32] attack: intel 1:2:12 ships=0 defs=0 res=10218141907
[11:55:32] attack: intel 1:2:13 ships=0 defs=0 res=8673366903
[11:55:32] attack: spy 1:2:1 probes=4 eta=1s
[11:55:32] attack: spy 1:2:2 probes=4 eta=1s
[11:55:32] attack: spy 1:2:14 probes=4 eta=1s
[11:55:32] attack: spy 1:2:15 probes=4 eta=1s
[11:55:32] research: queued research_computer_technology on planet 34 (41s)
[2026-05-13 11:56:22] ==== loop 139/∞ | seed=718373215410738739 archetype=opportunist personality=minero focus=eco actions_per_loop=2 ====
[11:56:22] planet 34: queue busy, throttled building_nano_factory
[11:56:22] planet 34: queue busy, throttled building_nano_factory
[11:56:22] attack: intel 1:2:1 ships=5 defs=0 res=8746076550
[11:56:22] attack: intel 1:2:2 ships=5 defs=0 res=8669707887
[11:56:22] attack: intel 1:2:14 ships=0 defs=0 res=8891682030
[11:56:22] attack: intel 1:2:15 ships=0 defs=0 res=8929818031
[11:56:22] attack: spy 1:3:1 probes=4 eta=1s
[11:56:22] attack: spy 1:3:2 probes=4 eta=1s
[11:56:22] attack: spy 1:3:3 probes=4 eta=1s
[11:56:22] attack: spy 1:3:4 probes=4 eta=1s
[11:56:22] research: already in progress
[2026-05-13 11:57:06] ==== loop 140/∞ | seed=718373215410738739 archetype=opportunist personality=minero focus=eco actions_per_loop=2 ====
[11:57:06] planet 34: queue busy, throttled building_nano_factory
[11:57:06] planet 34: queue busy, throttled building_nano_factory
[11:57:06] attack: intel 1:3:1 ships=0 defs=0 res=8948083301
[11:57:06] attack: intel 1:3:2 ships=0 defs=0 res=8943750482
[11:57:06] attack: intel 1:3:3 ships=0 defs=0 res=8942568929
[11:57:06] attack: intel 1:3:4 ships=10 defs=0 res=8591775259
[11:57:06] research: already in progress
[2026-05-13 11:57:55] ==== loop 141/∞ | seed=718373215410738739 archetype=opportunist personality=minero focus=eco actions_per_loop=2 ====
[11:57:55] planet 34: queue busy, throttled building_nano_factory
[11:57:55] research: already in progress
[2026-05-13 11:58:35] ==== loop 142/∞ | seed=718373215410738739 archetype=opportunist personality=minero focus=eco actions_per_loop=2 ====
[11:58:35] planet 34: queue busy, throttled building_nano_factory
[11:58:35] planet 34: queue busy, throttled building_nano_factory
[11:58:35] attack: spy 1:7:8 probes=4 eta=1s
[11:58:35] attack: spy 1:2:3 probes=4 eta=1s
[11:58:35] attack: spy 1:2:4 probes=4 eta=1s
[11:58:35] attack: spy 1:3:5 probes=4 eta=1s
[2026-05-13 11:59:19] ==== loop 143/∞ | seed=718373215410738739 archetype=opportunist personality=minero focus=eco actions_per_loop=2 ====
[11:59:19] planet 34: queue busy, throttled building_nano_factory
[11:59:19] planet 34: queue busy, throttled building_nano_factory
[11:59:19] attack: intel 1:7:8 ships=151 defs=200 res=112933885
[11:59:19] attack: intel 1:2:3 ships=10 defs=0 res=8673799958
[11:59:19] attack: intel 1:2:4 ships=0 defs=0 res=8673544393
[11:59:19] attack: intel 1:3:5 ships=0 defs=0 res=8540522884
[11:59:19] attack: spy 1:3:11 probes=4 eta=1s
[11:59:19] attack: spy 1:3:12 probes=4 eta=1s
[11:59:19] attack: spy 1:3:13 probes=4 eta=1s
[11:59:19] attack: spy 1:4:3 probes=4 eta=1s
[11:59:19] research: queued research_espionage_technology on planet 34 (3s)
[2026-05-13 12:00:02] ==== loop 144/∞ | seed=718373215410738739 archetype=opportunist personality=minero focus=eco actions_per_loop=2 ====
[12:00:02] planet 34: queue busy, throttled building_nano_factory
[12:00:02] planet 34: queue busy, throttled building_nano_factory
[12:00:02] attack: intel 1:3:11 ships=0 defs=0 res=8809301154
[12:00:02] attack: intel 1:3:12 ships=0 defs=16 res=8462131842
[12:00:02] attack: intel 1:3:13 ships=0 defs=0 res=8599720299
[12:00:02] attack: intel 1:4:3 ships=0 defs=0 res=7273442914
[2026-05-13 12:00:47] ==== loop 145/∞ | seed=718373215410738739 archetype=opportunist personality=minero focus=eco actions_per_loop=2 ====
[12:00:47] planet 34: queue busy, throttled building_nano_factory
[12:00:47] attack: spy 1:4:10 probes=4 eta=1s
[12:00:47] attack: spy 1:6:4 probes=4 eta=1s
[12:00:47] attack: spy 1:6:8 probes=4 eta=1s
[12:00:47] attack: spy 1:7:10 probes=4 eta=1s
[12:00:47] research: queued research_espionage_technology on planet 34 (7s)
[2026-05-13 12:01:35] ==== loop 146/∞ | seed=718373215410738739 archetype=opportunist personality=minero focus=eco actions_per_loop=2 ====
[12:01:35] planet 34: queue busy, throttled building_nano_factory
[12:01:35] planet 34: queue busy, throttled building_nano_factory
[12:01:35] attack: intel 1:4:10 ships=194 defs=2 res=402677291
[12:01:35] attack: intel 1:6:4 ships=755 defs=183 res=336443971
[12:01:35] attack: intel 1:6:8 ships=689 defs=262 res=398529074
[12:01:35] attack: intel 1:7:10 ships=468 defs=210 res=118267746
[12:01:35] attack: spy 1:3:8 probes=4 eta=1s
[12:01:35] attack: spy 1:4:8 probes=4 eta=1s
[12:01:35] attack: spy 1:6:10 probes=4 eta=1s
[12:01:35] research: already in progress
[2026-05-13 12:02:22] ==== loop 147/∞ | seed=718373215410738739 archetype=opportunist personality=minero focus=eco actions_per_loop=2 ====
[12:02:22] planet 34: queue busy, throttled building_nano_factory
[12:02:22] planet 34: queue busy, throttled building_nano_factory
[12:02:22] attack: intel 1:3:8 ships=113 defs=274 res=124182967
[12:02:22] attack: intel 1:4:8 ships=2148 defs=3439 res=1507245935
[12:02:22] attack: intel 1:6:10 ships=0 defs=0 res=2830141
[12:02:22] attack: spy 1:7:4 probes=4 eta=1s
[2026-05-13 12:03:10] ==== loop 148/∞ | seed=718373215410738739 archetype=opportunist personality=minero focus=eco actions_per_loop=2 ====
[12:03:10] planet 34: queue busy, throttled building_nano_factory
[12:03:10] planet 34: queue busy, throttled building_nano_factory
[12:03:10] attack: intel 1:7:4 ships=6 defs=171 res=106823068
[12:03:10] attack: spy 1:3:9 probes=4 eta=1s
[12:03:10] research: queued research_espionage_technology on planet 34 (15s)
[2026-05-13 12:03:57] ==== loop 149/∞ | seed=718373215410738739 archetype=opportunist personality=minero focus=eco actions_per_loop=2 ====
[12:03:57] planet 34: queue busy, throttled building_nano_factory
[12:03:57] planet 34: queue busy, throttled building_nano_factory
[12:03:57] attack: intel 1:3:9 ships=2215 defs=2122 res=1479750000
[12:03:57] attack: spy 1:56:9 probes=4 eta=1s
[12:03:57] research: queued research_espionage_technology on planet 34 (31s)
[2026-05-13 12:04:43] ==== loop 150/∞ | seed=718373215410738739 archetype=opportunist personality=minero focus=eco actions_per_loop=2 ====
[12:04:43] planet 34: queue busy, throttled building_nano_factory
[12:04:43] planet 34: queue busy, throttled building_nano_factory
[12:04:43] attack: intel 1:56:9 ships=15 defs=0 res=161377
[12:04:43] attack: spy 1:57:9 probes=4 eta=1s
[2026-05-13 12:05:32] ==== loop 151/∞ | seed=718373215410738739 archetype=opportunist personality=minero focus=eco actions_per_loop=2 ====
[12:05:32] planet 34: queue busy, throttled building_nano_factory
[12:05:32] planet 34: queue busy, throttled building_nano_factory
[12:05:32] attack: intel 1:57:9 ships=5 defs=5 res=158234
[12:05:32] attack: spy 1:58:9 probes=4 eta=1s
[2026-05-13 12:06:21] ==== loop 152/∞ | seed=718373215410738739 archetype=opportunist personality=minero focus=eco actions_per_loop=2 ====
[12:06:21] planet 34: queue busy, throttled building_nano_factory
[12:06:21] planet 34: queue busy, throttled building_nano_factory
[12:06:21] attack: intel 1:58:9 ships=0 defs=0 res=80381
[12:06:21] attack: spy 1:2:1 probes=4 eta=1s
[12:06:21] research: queued research_combustion_drive on planet 34 (1s)
[2026-05-13 12:07:08] ==== loop 153/∞ | seed=718373215410738739 archetype=opportunist personality=minero focus=eco actions_per_loop=2 ====
[12:07:08] planet 34: queue busy, throttled building_nano_factory
[12:07:08] planet 34: queue busy, throttled building_nano_factory
[12:07:08] attack: intel 1:2:1 ships=5 defs=0 res=8757745478
[12:07:08] attack: spy 1:2:2 probes=4 eta=1s
[12:07:08] research: queued research_combustion_drive on planet 34 (2s)
[2026-05-13 12:08:00] ==== loop 154/∞ | seed=718373215410738739 archetype=opportunist personality=minero focus=eco actions_per_loop=2 ====
[12:08:01] planet 34: queue busy, throttled building_nano_factory
[12:08:01] planet 34: queue busy, throttled building_nano_factory
[12:08:01] attack: intel 1:2:2 ships=5 defs=0 res=8681901796
[12:08:01] research: already in progress
[2026-05-13 12:08:56] ==== loop 155/∞ | seed=718373215410738739 archetype=opportunist personality=minero focus=eco actions_per_loop=2 ====
[12:08:56] planet 34: queue busy, throttled building_nano_factory
[12:08:56] research: already in progress
[2026-05-13 12:09:42] ==== loop 156/∞ | seed=718373215410738739 archetype=opportunist personality=minero focus=eco actions_per_loop=2 ====
[12:09:42] planet 34: queue busy, throttled building_nano_factory
[12:09:42] planet 34: queue busy, throttled building_nano_factory
[12:09:42] research: already in progress
[2026-05-13 12:10:28] ==== loop 157/∞ | seed=718373215410738739 archetype=opportunist personality=minero focus=eco actions_per_loop=2 ====
[12:10:28] planet 34: queue busy, throttled building_nano_factory
[12:10:28] planet 34: queue busy, throttled building_nano_factory
[12:10:28] research: already in progress
[2026-05-13 12:11:14] ==== loop 158/∞ | seed=718373215410738739 archetype=opportunist personality=minero focus=eco actions_per_loop=2 ====
[12:11:14] planet 34: queue busy, throttled building_nano_factory
[12:11:14] planet 34: queue busy, throttled building_nano_factory
[12:11:14] research: already in progress
